============================= test session starts =============================
platform win32 -- Python 3.12.0, pytest-9.0.2, pluggy-1.6.0 -- C:\Users\tmmfa\AppData\Local\Programs\Python\Python312\python.exe
cachedir: .pytest_cache
rootdir: C:\DSA ICT\Internship\ai-intelligent-evaluation-model
plugins: anyio-4.13.0
collecting ... collected 2 items

tests/test_benchmark.py::test_accuracy_benchmark_cases FAILED            [ 50%]
tests/test_regressions.py::test_regression_cases_hold FAILED             [100%]

================================== FAILURES ===================================
________________________ test_accuracy_benchmark_cases ________________________
tests\test_benchmark.py:12: in test_accuracy_benchmark_cases
    assert not summary["failures"], f"Benchmark failures found: {summary['failures']}"
E   AssertionError: Benchmark failures found: [{'id': 'py_context_enter_exit_wrong', 'language': 'python', 'category': 'basics', 'score': 100, 'expected': [0, 10], 'feedback': 'The context manager correctly implements `__enter__` and `__exit__`.'}]
E   assert not [{'category': 'basics', 'expected': [0, 10], 'feedback': 'The context manager correctly implements `__enter__` and `__exit__`.', 'id': 'py_context_enter_exit_wrong', ...}]
---------------------------- Captured stdout call -----------------------------
[Parser] Raw LLM output:
{"score": 50, "feedback": "The solution was evaluated with a safe fallback because the primary review could not be completed reliably.", "improvements": "Retry the evaluation or rely on rule-based checks for common question types.", "concepts": {"logic": "Unknown", "edge_cases": "Unknown", "completeness": "Unknown", "efficiency": "Unknown", "readability": "Unknown"}, "rubric": {"correctness": 0, "efficiency": 0, "readability": 0, "structure": 0}}
[Parser] Successfully parsed JSON at position 0
[Parser] Raw LLM output:
{"score": 50, "feedback": "The solution was evaluated with a safe fallback because the primary review could not be completed reliably.", "improvements": "Retry the evaluation or rely on rule-based checks for common question types.", "concepts": {"logic": "Unknown", "edge_cases": "Unknown", "completeness": "Unknown", "efficiency": "Unknown", "readability": "Unknown"}, "rubric": {"correctness": 0, "efficiency": 0, "readability": 0, "structure": 0}}
[Parser] Successfully parsed JSON at position 0
[Parser] Raw LLM output:
{"score": 50, "feedback": "The solution was evaluated with a safe fallback because the primary review could not be completed reliably.", "improvements": "Retry the evaluation or rely on rule-based checks for common question types.", "concepts": {"logic": "Unknown", "edge_cases": "Unknown", "completeness": "Unknown", "efficiency": "Unknown", "readability": "Unknown"}, "rubric": {"correctness": 0, "efficiency": 0, "readability": 0, "structure": 0}}
[Parser] Successfully parsed JSON at position 0
[Parser] Raw LLM output:
{"score": 50, "feedback": "The solution was evaluated with a safe fallback because the primary review could not be completed reliably.", "improvements": "Retry the evaluation or rely on rule-based checks for common question types.", "concepts": {"logic": "Unknown", "edge_cases": "Unknown", "completeness": "Unknown", "efficiency": "Unknown", "readability": "Unknown"}, "rubric": {"correctness": 0, "efficiency": 0, "readability": 0, "structure": 0}}
[Parser] Successfully parsed JSON at position 0
[Parser] Raw LLM output:
{"score": 50, "feedback": "The solution was evaluated with a safe fallback because the primary review could not be completed reliably.", "improvements": "Retry the evaluation or rely on rule-based checks for common question types.", "concepts": {"logic": "Unknown", "edge_cases": "Unknown", "completeness": "Unknown", "efficiency": "Unknown", "readability": "Unknown"}, "rubric": {"correctness": 0, "efficiency": 0, "readability": 0, "structure": 0}}
[Parser] Successfully parsed JSON at position 0
[Parser] Raw LLM output:
{"score": 50, "feedback": "The solution was evaluated with a safe fallback because the primary review could not be completed reliably.", "improvements": "Retry the evaluation or rely on rule-based checks for common question types.", "concepts": {"logic": "Unknown", "edge_cases": "Unknown", "completeness": "Unknown", "efficiency": "Unknown", "readability": "Unknown"}, "rubric": {"correctness": 0, "efficiency": 0, "readability": 0, "structure": 0}}
[Parser] Successfully parsed JSON at position 0
[Parser] Raw LLM output:
{"score": 50, "feedback": "The solution was evaluated with a safe fallback because the primary review could not be completed reliably.", "improvements": "Retry the evaluation or rely on rule-based checks for common question types.", "concepts": {"logic": "Unknown", "edge_cases": "Unknown", "completeness": "Unknown", "efficiency": "Unknown", "readability": "Unknown"}, "rubric": {"correctness": 0, "efficiency": 0, "readability": 0, "structure": 0}}
[Parser] Successfully parsed JSON at position 0

=== Accuracy Benchmark ===
Overall: 239/240 passed (99.6%)

By language:
- css: 2/2 (100.0%)
- html: 2/2 (100.0%)
- java: 39/39 (100.0%)
- javascript: 3/3 (100.0%)
- mongodb: 2/2 (100.0%)
- mysql: 2/2 (100.0%)
- python: 187/188 (99.5%)
- react: 2/2 (100.0%)

By category:
- arrays: 16/16 (100.0%)
- basics: 123/124 (99.2%)
- collections: 1/1 (100.0%)
- database_query: 4/4 (100.0%)
- dicts: 6/6 (100.0%)
- exceptions: 3/3 (100.0%)
- files: 9/9 (100.0%)
- frontend_component: 2/2 (100.0%)
- frontend_markup: 2/2 (100.0%)
- frontend_style: 2/2 (100.0%)
- lists: 16/16 (100.0%)
- modules: 2/2 (100.0%)
- recursion: 1/1 (100.0%)
- sets: 2/2 (100.0%)
- strings: 50/50 (100.0%)

Failures:
- py_context_enter_exit_wrong | python | basics | score=100 expected=[0, 10] | The context manager correctly implements `__enter__` and `__exit__`.
---------------------------- Captured stderr call -----------------------------
2026-04-12 14:06:57 | INFO | Request received | Student ID: cache | Question: Write a function to filter even numbers from list
2026-04-12 14:06:57 | INFO | Processing evaluation | Student: cache | Language: python
2026-04-12 14:06:57 | INFO | Question profile | Student: cache | Language: python | Category: arrays_lists | Task: data_processing | Risk: medium
2026-04-12 14:06:57 | INFO | Evaluation path | Student: cache | Language: python | Mode: deterministic_shortcut | Type: full_pass
2026-04-12 14:06:57 | INFO | Evaluation confidence | Student: cache | Language: python | Confidence: high
2026-04-12 14:06:57 | INFO | Evaluation completed | Student ID: cache | Score: 100
2026-04-12 14:06:57 | INFO | Request received | Student ID: cache | Question: Write a function to check if string is numeric
2026-04-12 14:06:57 | INFO | Processing evaluation | Student: cache | Language: python
2026-04-12 14:06:57 | INFO | Question profile | Student: cache | Language: python | Category: strings | Task: string_processing | Risk: low
2026-04-12 14:06:57 | INFO | Evaluation path | Student: cache | Language: python | Mode: deterministic_shortcut | Type: zero_pass
2026-04-12 14:06:57 | INFO | Evaluation confidence | Student: cache | Language: python | Confidence: high
2026-04-12 14:06:57 | INFO | Evaluation completed | Student ID: cache | Score: 0
2026-04-12 14:06:57 | INFO | Request received | Student ID: cache | Question: Write a function to remove duplicates while preser
2026-04-12 14:06:57 | INFO | Processing evaluation | Student: cache | Language: python
2026-04-12 14:06:57 | INFO | Question profile | Student: cache | Language: python | Category: arrays_lists | Task: data_processing | Risk: medium
2026-04-12 14:06:57 | INFO | Evaluation path | Student: cache | Language: python | Mode: deterministic_shortcut | Type: full_pass
2026-04-12 14:06:57 | INFO | Evaluation confidence | Student: cache | Language: python | Confidence: high
2026-04-12 14:06:57 | INFO | Evaluation completed | Student ID: cache | Score: 12
2026-04-12 14:06:57 | INFO | Request received | Student ID: cache | Question: Write a method to check if number is even
2026-04-12 14:06:57 | INFO | Processing evaluation | Student: cache | Language: java
2026-04-12 14:06:57 | INFO | Question profile | Student: cache | Language: java | Category: basics_math | Task: basic_logic | Risk: low
2026-04-12 14:06:58 | INFO | Evaluation path | Student: cache | Language: java | Mode: deterministic_shortcut | Type: zero_pass
2026-04-12 14:06:58 | INFO | Evaluation confidence | Student: cache | Language: java | Confidence: high
2026-04-12 14:06:58 | INFO | Evaluation completed | Student ID: cache | Score: 0
2026-04-12 14:06:58 | INFO | Request received | Student ID: cache | Question: Write a method to add two numbers
2026-04-12 14:06:58 | INFO | Processing evaluation | Student: cache | Language: java
2026-04-12 14:06:58 | INFO | Question profile | Student: cache | Language: java | Category: basics_math | Task: basic_logic | Risk: low
2026-04-12 14:06:58 | INFO | Evaluation path | Student: cache | Language: java | Mode: deterministic_shortcut | Type: zero_pass
2026-04-12 14:06:58 | INFO | Evaluation confidence | Student: cache | Language: java | Confidence: high
2026-04-12 14:06:58 | INFO | Evaluation completed | Student ID: cache | Score: 0
2026-04-12 14:06:58 | INFO | Request received | Student ID: cache | Question: Write a method to find minimum element in array
2026-04-12 14:06:58 | INFO | Processing evaluation | Student: cache | Language: java
2026-04-12 14:06:58 | INFO | Question profile | Student: cache | Language: java | Category: arrays_search_sort | Task: search_sort | Risk: medium
2026-04-12 14:06:58 | INFO | Evaluation path | Student: cache | Language: java | Mode: deterministic_shortcut | Type: correct_but_inefficient
2026-04-12 14:06:58 | INFO | Evaluation confidence | Student: cache | Language: java | Confidence: high
2026-04-12 14:06:58 | INFO | Evaluation completed | Student ID: cache | Score: 87
2026-04-12 14:06:58 | INFO | Request received | Student ID: cache | Question: Write a method to count vowels in string
2026-04-12 14:06:58 | INFO | Processing evaluation | Student: cache | Language: java
2026-04-12 14:06:58 | INFO | Question profile | Student: cache | Language: java | Category: strings | Task: string_processing | Risk: low
2026-04-12 14:06:58 | INFO | Evaluation path | Student: cache | Language: java | Mode: deterministic_shortcut | Type: mostly_correct
2026-04-12 14:06:58 | INFO | Evaluation confidence | Student: cache | Language: java | Confidence: high
2026-04-12 14:06:58 | INFO | Evaluation completed | Student ID: cache | Score: 84
2026-04-12 14:06:58 | INFO | Request received | Student ID: cache | Question: Write a method to check if string is empty
2026-04-12 14:06:58 | INFO | Processing evaluation | Student: cache | Language: java
2026-04-12 14:06:58 | INFO | Question profile | Student: cache | Language: java | Category: strings | Task: string_processing | Risk: low
2026-04-12 14:06:58 | INFO | Evaluation path | Student: cache | Language: java | Mode: deterministic_shortcut | Type: full_pass
2026-04-12 14:06:58 | INFO | Evaluation confidence | Student: cache | Language: java | Confidence: high
2026-04-12 14:06:58 | INFO | Evaluation completed | Student ID: cache | Score: 100
2026-04-12 14:06:58 | INFO | Request received | Student ID: cache | Question: Write a method to find average of array
2026-04-12 14:06:58 | INFO | Processing evaluation | Student: cache | Language: java
2026-04-12 14:06:58 | INFO | Question profile | Student: cache | Language: java | Category: arrays_lists | Task: data_processing | Risk: medium
2026-04-12 14:06:58 | INFO | Evaluation path | Student: cache | Language: java | Mode: deterministic_shortcut | Type: zero_pass
2026-04-12 14:06:58 | INFO | Evaluation confidence | Student: cache | Language: java | Confidence: high
2026-04-12 14:06:58 | INFO | Evaluation completed | Student ID: cache | Score: 0
2026-04-12 14:06:58 | INFO | Request received | Student ID: cache | Question: Write a function to find factorial using recursion
2026-04-12 14:06:58 | INFO | Processing evaluation | Student: cache | Language: python
2026-04-12 14:06:58 | INFO | Question profile | Student: cache | Language: python | Category: basics_math | Task: basic_logic | Risk: low
2026-04-12 14:06:58 | INFO | Evaluation path | Student: cache | Language: python | Mode: deterministic_shortcut | Type: zero_pass
2026-04-12 14:06:58 | INFO | Evaluation confidence | Student: cache | Language: python | Confidence: high
2026-04-12 14:06:58 | INFO | Evaluation completed | Student ID: cache | Score: 0
2026-04-12 14:06:58 | INFO | Request received | Student ID: cache | Question: Write a function to add two numbers
2026-04-12 14:06:58 | INFO | Processing evaluation | Student: cache | Language: python
2026-04-12 14:06:58 | INFO | Question profile | Student: cache | Language: python | Category: basics_math | Task: basic_logic | Risk: low
2026-04-12 14:06:58 | INFO | Evaluation path | Student: cache | Language: python | Mode: deterministic_shortcut | Type: zero_pass
2026-04-12 14:06:58 | INFO | Evaluation confidence | Student: cache | Language: python | Confidence: high
2026-04-12 14:06:58 | INFO | Evaluation completed | Student ID: cache | Score: 0
2026-04-12 14:06:58 | INFO | Request received | Student ID: cache | Question: Write a function to add two numbers
2026-04-12 14:06:58 | INFO | Processing evaluation | Student: cache | Language: python
2026-04-12 14:06:58 | INFO | Question profile | Student: cache | Language: python | Category: basics_math | Task: basic_logic | Risk: low
2026-04-12 14:06:58 | INFO | Evaluation path | Student: cache | Language: python | Mode: deterministic_shortcut | Type: zero_pass
2026-04-12 14:06:58 | INFO | Evaluation confidence | Student: cache | Language: python | Confidence: high
2026-04-12 14:06:58 | INFO | Evaluation completed | Student ID: cache | Score: 0
2026-04-12 14:06:58 | INFO | Request received | Student ID: cache | Question: Write CSS to make all h1 elements red
2026-04-12 14:06:58 | INFO | Processing evaluation | Student: cache | Language: css
2026-04-12 14:06:58 | INFO | Question profile | Student: cache | Language: css | Category: frontend_style | Task: styling | Risk: medium
2026-04-12 14:06:58 | INFO | Evaluation path | Student: cache | Language: css | Mode: exact_match
2026-04-12 14:06:58 | INFO | Evaluation completed | Student ID: cache | Score: 100
2026-04-12 14:06:58 | INFO | Request received | Student ID: cache | Question: Write CSS to make all h1 elements red
2026-04-12 14:06:58 | INFO | Processing evaluation | Student: cache | Language: css
2026-04-12 14:06:58 | INFO | Question profile | Student: cache | Language: css | Category: frontend_style | Task: styling | Risk: medium
2026-04-12 14:06:58 | INFO | Evaluation path | Student: cache | Language: css | Mode: deterministic_rule_shortcut
2026-04-12 14:06:58 | INFO | Evaluation confidence | Student: cache | Language: css | Confidence: medium
2026-04-12 14:06:58 | INFO | Evaluation completed | Student ID: cache | Score: 0
2026-04-12 14:06:58 | INFO | Request received | Student ID: cache | Question: Create a React component that renders a heading He
2026-04-12 14:06:58 | INFO | Processing evaluation | Student: cache | Language: react
2026-04-12 14:06:58 | INFO | Question profile | Student: cache | Language: react | Category: frontend_component | Task: react_component | Risk: high
2026-04-12 14:06:58 | INFO | Evaluation path | Student: cache | Language: react | Mode: exact_match
2026-04-12 14:06:58 | INFO | Evaluation completed | Student ID: cache | Score: 100
2026-04-12 14:06:58 | INFO | Request received | Student ID: cache | Question: Create a React component that renders a heading He
2026-04-12 14:06:58 | INFO | Processing evaluation | Student: cache | Language: react
2026-04-12 14:06:58 | INFO | Question profile | Student: cache | Language: react | Category: frontend_component | Task: react_component | Risk: high
2026-04-12 14:06:58 | INFO | Evaluation path | Student: cache | Language: react | Mode: deterministic_rule_shortcut
2026-04-12 14:06:58 | INFO | Evaluation confidence | Student: cache | Language: react | Confidence: low
2026-04-12 14:06:58 | INFO | Evaluation completed | Student ID: cache | Score: 0
2026-04-12 14:06:58 | INFO | Request received | Student ID: cache | Question: Write a MySQL query to select all rows from studen
2026-04-12 14:06:58 | INFO | Processing evaluation | Student: cache | Language: mysql
2026-04-12 14:06:58 | INFO | Question profile | Student: cache | Language: mysql | Category: database_query | Task: sql_query | Risk: high
2026-04-12 14:06:58 | INFO | Evaluation path | Student: cache | Language: mysql | Mode: exact_match
2026-04-12 14:06:58 | INFO | Evaluation completed | Student ID: cache | Score: 100
2026-04-12 14:06:58 | INFO | Request received | Student ID: cache | Question: Write a MySQL query to select all rows from studen
2026-04-12 14:06:58 | INFO | Processing evaluation | Student: cache | Language: mysql
2026-04-12 14:06:58 | INFO | Question profile | Student: cache | Language: mysql | Category: database_query | Task: sql_query | Risk: high
2026-04-12 14:06:58 | INFO | Evaluation path | Student: cache | Language: mysql | Mode: deterministic_rule_shortcut
2026-04-12 14:06:58 | INFO | Evaluation confidence | Student: cache | Language: mysql | Confidence: low
2026-04-12 14:06:58 | INFO | Evaluation completed | Student ID: cache | Score: 0
2026-04-12 14:06:58 | INFO | Request received | Student ID: cache | Question: Write a MongoDB query to find all active students
2026-04-12 14:06:58 | INFO | Processing evaluation | Student: cache | Language: mongodb
2026-04-12 14:06:58 | INFO | Question profile | Student: cache | Language: mongodb | Category: database_query | Task: document_query | Risk: high
2026-04-12 14:06:58 | INFO | Evaluation path | Student: cache | Language: mongodb | Mode: exact_match
2026-04-12 14:06:58 | INFO | Evaluation completed | Student ID: cache | Score: 100
2026-04-12 14:06:58 | INFO | Request received | Student ID: cache | Question: Write a MongoDB query to find all active students
2026-04-12 14:06:58 | INFO | Processing evaluation | Student: cache | Language: mongodb
2026-04-12 14:06:58 | INFO | Question profile | Student: cache | Language: mongodb | Category: database_query | Task: document_query | Risk: high
2026-04-12 14:06:58 | INFO | Evaluation path | Student: cache | Language: mongodb | Mode: deterministic_rule_shortcut
2026-04-12 14:06:58 | INFO | Evaluation confidence | Student: cache | Language: mongodb | Confidence: low
2026-04-12 14:06:58 | INFO | Evaluation completed | Student ID: cache | Score: 0
2026-04-12 14:06:58 | INFO | Request received | Student ID: cache | Question: Write a function to remove spaces from a string
2026-04-12 14:06:58 | INFO | Processing evaluation | Student: cache | Language: python
2026-04-12 14:06:58 | INFO | Question profile | Student: cache | Language: python | Category: general_code | Task: function_logic | Risk: medium
2026-04-12 14:06:58 | INFO | Evaluation path | Student: cache | Language: python | Mode: deterministic_shortcut | Type: full_pass
2026-04-12 14:06:58 | INFO | Evaluation confidence | Student: cache | Language: python | Confidence: high
2026-04-12 14:06:58 | INFO | Evaluation completed | Student ID: cache | Score: 100
2026-04-12 14:06:58 | INFO | Request received | Student ID: cache | Question: Write a function to count vowels in a string
2026-04-12 14:06:58 | INFO | Processing evaluation | Student: cache | Language: python
2026-04-12 14:06:58 | INFO | Question profile | Student: cache | Language: python | Category: strings | Task: string_processing | Risk: low
2026-04-12 14:06:58 | INFO | Evaluation path | Student: cache | Language: python | Mode: deterministic_shortcut | Type: mostly_correct
2026-04-12 14:06:58 | INFO | Evaluation confidence | Student: cache | Language: python | Confidence: high
2026-04-12 14:06:58 | INFO | Evaluation completed | Student ID: cache | Score: 75
2026-04-12 14:06:58 | INFO | Request received | Student ID: cache | Question: Write a function to check if a string is a palindr
2026-04-12 14:06:58 | INFO | Processing evaluation | Student: cache | Language: python
2026-04-12 14:06:58 | INFO | Question profile | Student: cache | Language: python | Category: strings | Task: string_processing | Risk: low
2026-04-12 14:06:58 | INFO | Evaluation path | Student: cache | Language: python | Mode: deterministic_shortcut | Type: zero_pass
2026-04-12 14:06:58 | INFO | Evaluation confidence | Student: cache | Language: python | Confidence: high
2026-04-12 14:06:58 | INFO | Evaluation completed | Student ID: cache | Score: 0
2026-04-12 14:06:58 | INFO | Request received | Student ID: cache | Question: Write a function to check if number is positive
2026-04-12 14:06:58 | INFO | Processing evaluation | Student: cache | Language: python
2026-04-12 14:06:58 | INFO | Question profile | Student: cache | Language: python | Category: basics_math | Task: basic_logic | Risk: low
2026-04-12 14:06:58 | INFO | Evaluation path | Student: cache | Language: python | Mode: deterministic_shortcut | Type: mostly_correct
2026-04-12 14:06:58 | INFO | Evaluation confidence | Student: cache | Language: python | Confidence: high
2026-04-12 14:06:58 | INFO | Evaluation completed | Student ID: cache | Score: 70
2026-04-12 14:06:58 | INFO | Request received | Student ID: cache | Question: Write a function to find longest word in a sentenc
2026-04-12 14:06:58 | INFO | Processing evaluation | Student: cache | Language: python
2026-04-12 14:06:58 | INFO | Question profile | Student: cache | Language: python | Category: general_code | Task: function_logic | Risk: medium
2026-04-12 14:06:58 | INFO | Evaluation path | Student: cache | Language: python | Mode: deterministic_shortcut | Type: full_pass
2026-04-12 14:06:58 | INFO | Evaluation confidence | Student: cache | Language: python | Confidence: high
2026-04-12 14:06:58 | INFO | Evaluation completed | Student ID: cache | Score: 91
2026-04-12 14:06:58 | INFO | Request received | Student ID: cache | Question: Write a function to rotate list by k steps
2026-04-12 14:06:58 | INFO | Processing evaluation | Student: cache | Language: python
2026-04-12 14:06:58 | INFO | Question profile | Student: cache | Language: python | Category: arrays_lists | Task: data_processing | Risk: medium
2026-04-12 14:06:58 | INFO | Evaluation path | Student: cache | Language: python | Mode: deterministic_shortcut | Type: partial_pass
2026-04-12 14:06:58 | INFO | Evaluation confidence | Student: cache | Language: python | Confidence: high
2026-04-12 14:06:58 | INFO | Evaluation completed | Student ID: cache | Score: 12
2026-04-12 14:06:58 | INFO | Request received | Student ID: cache | Question: Write a function to find common elements in two li
2026-04-12 14:06:58 | INFO | Processing evaluation | Student: cache | Language: python
2026-04-12 14:06:58 | INFO | Question profile | Student: cache | Language: python | Category: arrays_lists | Task: data_processing | Risk: medium
2026-04-12 14:06:58 | INFO | Evaluation path | Student: cache | Language: python | Mode: deterministic_shortcut | Type: mostly_correct
2026-04-12 14:06:58 | INFO | Evaluation confidence | Student: cache | Language: python | Confidence: high
2026-04-12 14:06:58 | INFO | Evaluation completed | Student ID: cache | Score: 70
2026-04-12 14:06:58 | INFO | Request received | Student ID: cache | Question: Write a method to implement binary search
2026-04-12 14:06:58 | INFO | Processing evaluation | Student: cache | Language: java
2026-04-12 14:06:58 | INFO | Question profile | Student: cache | Language: java | Category: arrays_search_sort | Task: search_sort | Risk: medium
2026-04-12 14:06:58 | INFO | Evaluation path | Student: cache | Language: java | Mode: deterministic_shortcut | Type: correct_but_inefficient
2026-04-12 14:06:58 | INFO | Evaluation confidence | Student: cache | Language: java | Confidence: high
2026-04-12 14:06:58 | INFO | Evaluation completed | Student ID: cache | Score: 87
2026-04-12 14:06:58 | INFO | Request received | Student ID: cache | Question: Write a method to remove duplicates using Set
2026-04-12 14:06:58 | INFO | Processing evaluation | Student: cache | Language: java
2026-04-12 14:06:58 | INFO | Question profile | Student: cache | Language: java | Category: collections | Task: required_technique | Risk: high
2026-04-12 14:06:58 | INFO | Evaluation path | Student: cache | Language: java | Mode: hybrid | Reason: guarded llm review
2026-04-12 14:06:58 | INFO | Calling LLM...
2026-04-12 14:06:58 | INFO | Evaluation confidence | Student: cache | Language: java | Confidence: low
2026-04-12 14:06:58 | INFO | Evaluation completed | Student ID: cache | Score: 2
2026-04-12 14:06:58 | INFO | Request received | Student ID: cache | Question: Write a JavaScript function to check if a number i
2026-04-12 14:06:58 | INFO | Processing evaluation | Student: cache | Language: javascript
2026-04-12 14:06:58 | INFO | Question profile | Student: cache | Language: javascript | Category: basics_math | Task: basic_logic | Risk: low
2026-04-12 14:06:58 | INFO | Evaluation path | Student: cache | Language: javascript | Mode: exact_match
2026-04-12 14:06:58 | INFO | Evaluation completed | Student ID: cache | Score: 100
2026-04-12 14:06:58 | INFO | Request received | Student ID: cache | Question: Write a JavaScript function to add two numbers
2026-04-12 14:06:58 | INFO | Processing evaluation | Student: cache | Language: javascript
2026-04-12 14:06:58 | INFO | Question profile | Student: cache | Language: javascript | Category: basics_math | Task: basic_logic | Risk: low
2026-04-12 14:06:58 | INFO | Evaluation path | Student: cache | Language: javascript | Mode: deterministic_rule_shortcut
2026-04-12 14:06:58 | INFO | Evaluation confidence | Student: cache | Language: javascript | Confidence: medium
2026-04-12 14:06:58 | INFO | Evaluation completed | Student ID: cache | Score: 0
2026-04-12 14:06:58 | INFO | Request received | Student ID: cache | Question: Write a JavaScript function to check if a number i
2026-04-12 14:06:58 | INFO | Processing evaluation | Student: cache | Language: javascript
2026-04-12 14:06:58 | INFO | Question profile | Student: cache | Language: javascript | Category: basics_math | Task: basic_logic | Risk: low
2026-04-12 14:06:58 | INFO | Evaluation path | Student: cache | Language: javascript | Mode: deterministic_rule_shortcut
2026-04-12 14:06:58 | INFO | Evaluation confidence | Student: cache | Language: javascript | Confidence: medium
2026-04-12 14:06:58 | INFO | Evaluation completed | Student ID: cache | Score: 0
2026-04-12 14:06:58 | INFO | Request received | Student ID: cache | Question: Write HTML to display a heading Hello
2026-04-12 14:06:58 | INFO | Processing evaluation | Student: cache | Language: html
2026-04-12 14:06:58 | INFO | Question profile | Student: cache | Language: html | Category: general | Task: unknown | Risk: medium
2026-04-12 14:06:58 | INFO | Evaluation path | Student: cache | Language: html | Mode: exact_match
2026-04-12 14:06:58 | INFO | Evaluation completed | Student ID: cache | Score: 100
2026-04-12 14:06:58 | INFO | Request received | Student ID: cache | Question: Write HTML to display a heading Hello
2026-04-12 14:06:58 | INFO | Processing evaluation | Student: cache | Language: html
2026-04-12 14:06:58 | INFO | Question profile | Student: cache | Language: html | Category: general | Task: unknown | Risk: medium
2026-04-12 14:06:58 | INFO | Evaluation path | Student: cache | Language: html | Mode: deterministic_rule_shortcut
2026-04-12 14:06:58 | INFO | Evaluation confidence | Student: cache | Language: html | Confidence: medium
2026-04-12 14:06:58 | INFO | Evaluation completed | Student ID: cache | Score: 0
2026-04-12 14:06:58 | INFO | Request received | Student ID: cache | Question: Write a function to calculate average from CSV fil
2026-04-12 14:06:58 | INFO | Processing evaluation | Student: cache | Language: python
2026-04-12 14:06:58 | INFO | Question profile | Student: cache | Language: python | Category: io_parsing | Task: parsing | Risk: high
2026-04-12 14:06:58 | INFO | Evaluation path | Student: cache | Language: python | Mode: deterministic_shortcut | Type: zero_pass
2026-04-12 14:06:58 | INFO | Evaluation confidence | Student: cache | Language: python | Confidence: high
2026-04-12 14:06:58 | INFO | Evaluation completed | Student ID: cache | Score: 0
2026-04-12 14:06:58 | INFO | Request received | Student ID: cache | Question: Write a function to safely divide two numbers usin
2026-04-12 14:06:58 | INFO | Processing evaluation | Student: cache | Language: python
2026-04-12 14:06:58 | INFO | Question profile | Student: cache | Language: python | Category: error_handling | Task: safety | Risk: high
2026-04-12 14:06:58 | INFO | Evaluation path | Student: cache | Language: python | Mode: deterministic_shortcut | Type: full_pass
2026-04-12 14:06:58 | INFO | Evaluation confidence | Student: cache | Language: python | Confidence: high
2026-04-12 14:06:58 | INFO | Evaluation completed | Student ID: cache | Score: 12
2026-04-12 14:06:58 | INFO | Request received | Student ID: cache | Question: Write a function to count frequency of words in te
2026-04-12 14:06:58 | INFO | Processing evaluation | Student: cache | Language: python
2026-04-12 14:06:58 | INFO | Question profile | Student: cache | Language: python | Category: arrays_lists | Task: data_processing | Risk: medium
2026-04-12 14:06:58 | INFO | Evaluation path | Student: cache | Language: python | Mode: deterministic_shortcut | Type: zero_pass
2026-04-12 14:06:58 | INFO | Evaluation confidence | Student: cache | Language: python | Confidence: high
2026-04-12 14:06:58 | INFO | Evaluation completed | Student ID: cache | Score: 0
2026-04-12 14:06:58 | INFO | Request received | Student ID: cache | Question: Write a function to validate email (basic check)
2026-04-12 14:06:58 | INFO | Processing evaluation | Student: cache | Language: python
2026-04-12 14:06:58 | INFO | Question profile | Student: cache | Language: python | Category: strings | Task: string_processing | Risk: low
2026-04-12 14:06:58 | INFO | Evaluation path | Student: cache | Language: python | Mode: deterministic_shortcut | Type: partial_pass
2026-04-12 14:06:58 | INFO | Evaluation confidence | Student: cache | Language: python | Confidence: high
2026-04-12 14:06:58 | INFO | Evaluation completed | Student ID: cache | Score: 12
2026-04-12 14:06:58 | INFO | Request received | Student ID: cache | Question: Write a method to check if number is positive
2026-04-12 14:06:58 | INFO | Processing evaluation | Student: cache | Language: java
2026-04-12 14:06:58 | INFO | Question profile | Student: cache | Language: java | Category: basics_math | Task: basic_logic | Risk: low
2026-04-12 14:06:58 | INFO | Evaluation path | Student: cache | Language: java | Mode: deterministic_shortcut | Type: mostly_correct
2026-04-12 14:06:58 | INFO | Evaluation confidence | Student: cache | Language: java | Confidence: high
2026-04-12 14:06:58 | INFO | Evaluation completed | Student ID: cache | Score: 70
2026-04-12 14:06:58 | INFO | Request received | Student ID: cache | Question: Write a method to reverse array
2026-04-12 14:06:58 | INFO | Processing evaluation | Student: cache | Language: java
2026-04-12 14:06:58 | INFO | Question profile | Student: cache | Language: java | Category: arrays_lists | Task: data_processing | Risk: medium
2026-04-12 14:06:58 | INFO | Evaluation path | Student: cache | Language: java | Mode: deterministic_shortcut | Type: zero_pass
2026-04-12 14:06:58 | INFO | Evaluation confidence | Student: cache | Language: java | Confidence: high
2026-04-12 14:06:58 | INFO | Evaluation completed | Student ID: cache | Score: 0
2026-04-12 14:06:58 | INFO | Request received | Student ID: cache | Question: Write a method to check if string contains only di
2026-04-12 14:06:58 | INFO | Processing evaluation | Student: cache | Language: java
2026-04-12 14:06:58 | INFO | Question profile | Student: cache | Language: java | Category: strings | Task: string_processing | Risk: low
2026-04-12 14:06:58 | INFO | Evaluation path | Student: cache | Language: java | Mode: deterministic_shortcut | Type: zero_pass
2026-04-12 14:06:58 | INFO | Evaluation confidence | Student: cache | Language: java | Confidence: high
2026-04-12 14:06:58 | INFO | Evaluation completed | Student ID: cache | Score: 0
2026-04-12 14:06:58 | INFO | Request received | Student ID: cache | Question: Write a method to reverse words in a sentence
2026-04-12 14:06:58 | INFO | Processing evaluation | Student: cache | Language: java
2026-04-12 14:06:58 | INFO | Question profile | Student: cache | Language: java | Category: strings | Task: string_processing | Risk: low
2026-04-12 14:06:58 | INFO | Evaluation path | Student: cache | Language: java | Mode: deterministic_shortcut | Type: correct_but_inefficient
2026-04-12 14:06:58 | INFO | Evaluation confidence | Student: cache | Language: java | Confidence: high
2026-04-12 14:06:58 | INFO | Evaluation completed | Student ID: cache | Score: 87
2026-04-12 14:06:58 | INFO | Request received | Student ID: cache | Question: Write a method to find GCD of two numbers
2026-04-12 14:06:58 | INFO | Processing evaluation | Student: cache | Language: java
2026-04-12 14:06:58 | INFO | Question profile | Student: cache | Language: java | Category: general_code | Task: function_logic | Risk: medium
2026-04-12 14:06:58 | INFO | Evaluation path | Student: cache | Language: java | Mode: deterministic_shortcut | Type: zero_pass
2026-04-12 14:06:58 | INFO | Evaluation confidence | Student: cache | Language: java | Confidence: high
2026-04-12 14:06:58 | INFO | Evaluation completed | Student ID: cache | Score: 0
2026-04-12 14:06:58 | INFO | Request received | Student ID: cache | Question: Write a method to check Armstrong number
2026-04-12 14:06:58 | INFO | Processing evaluation | Student: cache | Language: java
2026-04-12 14:06:58 | INFO | Question profile | Student: cache | Language: java | Category: general_code | Task: function_logic | Risk: medium
2026-04-12 14:06:58 | INFO | Evaluation path | Student: cache | Language: java | Mode: deterministic_shortcut | Type: zero_pass
2026-04-12 14:06:58 | INFO | Evaluation confidence | Student: cache | Language: java | Confidence: high
2026-04-12 14:06:58 | INFO | Evaluation completed | Student ID: cache | Score: 0
2026-04-12 14:06:58 | INFO | Request received | Student ID: cache | Question: Write a method to sort array
2026-04-12 14:06:58 | INFO | Processing evaluation | Student: cache | Language: java
2026-04-12 14:06:58 | INFO | Question profile | Student: cache | Language: java | Category: arrays_search_sort | Task: search_sort | Risk: medium
2026-04-12 14:06:58 | INFO | Evaluation path | Student: cache | Language: java | Mode: deterministic_shortcut | Type: zero_pass
2026-04-12 14:06:58 | INFO | Evaluation confidence | Student: cache | Language: java | Confidence: high
2026-04-12 14:06:58 | INFO | Evaluation completed | Student ID: cache | Score: 0
2026-04-12 14:06:58 | INFO | Request received | Student ID: cache | Question: Write a method to find second largest
2026-04-12 14:06:58 | INFO | Processing evaluation | Student: cache | Language: java
2026-04-12 14:06:58 | INFO | Question profile | Student: cache | Language: java | Category: arrays_search_sort | Task: search_sort | Risk: medium
2026-04-12 14:06:58 | INFO | Evaluation path | Student: cache | Language: java | Mode: deterministic_shortcut | Type: zero_pass
2026-04-12 14:06:58 | INFO | Evaluation confidence | Student: cache | Language: java | Confidence: high
2026-04-12 14:06:58 | INFO | Evaluation completed | Student ID: cache | Score: 0
2026-04-12 14:06:58 | INFO | Request received | Student ID: cache | Question: Write a method to check if string is numeric
2026-04-12 14:06:58 | INFO | Processing evaluation | Student: cache | Language: java
2026-04-12 14:06:58 | INFO | Question profile | Student: cache | Language: java | Category: strings | Task: string_processing | Risk: low
2026-04-12 14:06:58 | INFO | Evaluation path | Student: cache | Language: java | Mode: deterministic_shortcut | Type: full_pass
2026-04-12 14:06:58 | INFO | Evaluation confidence | Student: cache | Language: java | Confidence: high
2026-04-12 14:06:58 | INFO | Evaluation completed | Student ID: cache | Score: 100
2026-04-12 14:06:58 | INFO | Request received | Student ID: cache | Question: Write a method to find power (a^b)
2026-04-12 14:06:58 | INFO | Processing evaluation | Student: cache | Language: java
2026-04-12 14:06:58 | INFO | Question profile | Student: cache | Language: java | Category: general_code | Task: function_logic | Risk: medium
2026-04-12 14:06:58 | INFO | Evaluation path | Student: cache | Language: java | Mode: deterministic_shortcut | Type: full_pass
2026-04-12 14:06:58 | INFO | Evaluation confidence | Student: cache | Language: java | Confidence: high
2026-04-12 14:06:58 | INFO | Evaluation completed | Student ID: cache | Score: 100
2026-04-12 14:06:58 | INFO | Request received | Student ID: cache | Question: Write a method to remove spaces from a string
2026-04-12 14:06:58 | INFO | Processing evaluation | Student: cache | Language: java
2026-04-12 14:06:58 | INFO | Question profile | Student: cache | Language: java | Category: general_code | Task: function_logic | Risk: medium
2026-04-12 14:06:58 | INFO | Evaluation path | Student: cache | Language: java | Mode: deterministic_shortcut | Type: full_pass
2026-04-12 14:06:58 | INFO | Evaluation confidence | Student: cache | Language: java | Confidence: high
2026-04-12 14:06:58 | INFO | Evaluation completed | Student ID: cache | Score: 100
2026-04-12 14:06:58 | INFO | Request received | Student ID: cache | Question: Write a method to find average of array
2026-04-12 14:06:58 | INFO | Processing evaluation | Student: cache | Language: java
2026-04-12 14:06:58 | INFO | Question profile | Student: cache | Language: java | Category: arrays_lists | Task: data_processing | Risk: medium
2026-04-12 14:06:58 | INFO | Evaluation path | Student: cache | Language: java | Mode: deterministic_shortcut | Type: mostly_correct
2026-04-12 14:06:58 | INFO | Evaluation confidence | Student: cache | Language: java | Confidence: high
2026-04-12 14:06:58 | INFO | Evaluation completed | Student ID: cache | Score: 70
2026-04-12 14:06:58 | INFO | Request received | Student ID: cache | Question: Write a method to check if a number is prime
2026-04-12 14:06:58 | INFO | Processing evaluation | Student: cache | Language: java
2026-04-12 14:06:58 | INFO | Question profile | Student: cache | Language: java | Category: basics_math | Task: basic_logic | Risk: low
2026-04-12 14:06:58 | INFO | Evaluation path | Student: cache | Language: java | Mode: deterministic_shortcut | Type: mostly_correct
2026-04-12 14:06:58 | INFO | Evaluation confidence | Student: cache | Language: java | Confidence: high
2026-04-12 14:06:58 | INFO | Evaluation completed | Student ID: cache | Score: 48
2026-04-12 14:06:58 | INFO | Request received | Student ID: cache | Question: Write a method to count words
2026-04-12 14:06:58 | INFO | Processing evaluation | Student: cache | Language: java
2026-04-12 14:06:58 | INFO | Question profile | Student: cache | Language: java | Category: general_code | Task: function_logic | Risk: medium
2026-04-12 14:06:58 | INFO | Evaluation path | Student: cache | Language: java | Mode: deterministic_shortcut | Type: mostly_correct
2026-04-12 14:06:58 | INFO | Evaluation confidence | Student: cache | Language: java | Confidence: high
2026-04-12 14:06:58 | INFO | Evaluation completed | Student ID: cache | Score: 70
2026-04-12 14:06:58 | INFO | Request received | Student ID: cache | Question: Write a method to count vowels
2026-04-12 14:06:58 | INFO | Processing evaluation | Student: cache | Language: java
2026-04-12 14:06:58 | INFO | Question profile | Student: cache | Language: java | Category: strings | Task: string_processing | Risk: low
2026-04-12 14:06:58 | INFO | Evaluation path | Student: cache | Language: java | Mode: deterministic_shortcut | Type: mostly_correct
2026-04-12 14:06:58 | INFO | Evaluation confidence | Student: cache | Language: java | Confidence: high
2026-04-12 14:06:58 | INFO | Evaluation completed | Student ID: cache | Score: 84
2026-04-12 14:06:58 | INFO | Request received | Student ID: cache | Question: Find frequency of characters in a string
2026-04-12 14:06:58 | INFO | Processing evaluation | Student: cache | Language: java
2026-04-12 14:06:58 | INFO | Question profile | Student: cache | Language: java | Category: arrays_lists | Task: data_processing | Risk: medium
2026-04-12 14:06:58 | INFO | Evaluation path | Student: cache | Language: java | Mode: deterministic_shortcut | Type: full_pass
2026-04-12 14:06:58 | INFO | Evaluation confidence | Student: cache | Language: java | Confidence: high
2026-04-12 14:06:58 | INFO | Evaluation completed | Student ID: cache | Score: 100
2026-04-12 14:06:58 | INFO | Request received | Student ID: cache | Question: Check balanced parentheses
2026-04-12 14:06:58 | INFO | Processing evaluation | Student: cache | Language: java
2026-04-12 14:06:58 | INFO | Question profile | Student: cache | Language: java | Category: general | Task: unknown | Risk: medium
2026-04-12 14:06:58 | INFO | Evaluation path | Student: cache | Language: java | Mode: deterministic_shortcut | Type: full_pass
2026-04-12 14:06:58 | INFO | Evaluation confidence | Student: cache | Language: java | Confidence: high
2026-04-12 14:06:58 | INFO | Evaluation completed | Student ID: cache | Score: 100
2026-04-12 14:06:58 | INFO | Request received | Student ID: cache | Question: Find first non-repeating character
2026-04-12 14:06:58 | INFO | Processing evaluation | Student: cache | Language: java
2026-04-12 14:06:58 | INFO | Question profile | Student: cache | Language: java | Category: general | Task: unknown | Risk: medium
2026-04-12 14:06:58 | INFO | Evaluation path | Student: cache | Language: java | Mode: deterministic_shortcut | Type: correct_but_inefficient
2026-04-12 14:06:58 | INFO | Evaluation confidence | Student: cache | Language: java | Confidence: high
2026-04-12 14:06:58 | INFO | Evaluation completed | Student ID: cache | Score: 87
2026-04-12 14:06:58 | INFO | Request received | Student ID: cache | Question: Check if array is sorted
2026-04-12 14:06:58 | INFO | Processing evaluation | Student: cache | Language: java
2026-04-12 14:06:58 | INFO | Question profile | Student: cache | Language: java | Category: arrays_search_sort | Task: search_sort | Risk: medium
2026-04-12 14:06:58 | INFO | Evaluation path | Student: cache | Language: java | Mode: deterministic_shortcut | Type: zero_pass
2026-04-12 14:06:58 | INFO | Evaluation confidence | Student: cache | Language: java | Confidence: high
2026-04-12 14:06:58 | INFO | Evaluation completed | Student ID: cache | Score: 0
2026-04-12 14:06:58 | INFO | Request received | Student ID: cache | Question: Find sum of even numbers in array
2026-04-12 14:06:58 | INFO | Processing evaluation | Student: cache | Language: java
2026-04-12 14:06:58 | INFO | Question profile | Student: cache | Language: java | Category: arrays_lists | Task: data_processing | Risk: medium
2026-04-12 14:06:58 | INFO | Evaluation path | Student: cache | Language: java | Mode: deterministic_shortcut | Type: zero_pass
2026-04-12 14:06:58 | INFO | Evaluation confidence | Student: cache | Language: java | Confidence: high
2026-04-12 14:06:58 | INFO | Evaluation completed | Student ID: cache | Score: 0
2026-04-12 14:06:58 | INFO | Request received | Student ID: cache | Question: Merge two arrays
2026-04-12 14:06:58 | INFO | Processing evaluation | Student: cache | Language: java
2026-04-12 14:06:58 | INFO | Question profile | Student: cache | Language: java | Category: arrays_lists | Task: data_processing | Risk: medium
2026-04-12 14:06:58 | INFO | Evaluation path | Student: cache | Language: java | Mode: deterministic_shortcut | Type: full_pass
2026-04-12 14:06:58 | INFO | Evaluation confidence | Student: cache | Language: java | Confidence: high
2026-04-12 14:06:58 | INFO | Evaluation completed | Student ID: cache | Score: 100
2026-04-12 14:06:58 | INFO | Request received | Student ID: cache | Question: Find duplicates in array
2026-04-12 14:06:58 | INFO | Processing evaluation | Student: cache | Language: java
2026-04-12 14:06:58 | INFO | Question profile | Student: cache | Language: java | Category: arrays_lists | Task: data_processing | Risk: medium
2026-04-12 14:06:58 | INFO | Evaluation path | Student: cache | Language: java | Mode: deterministic_shortcut | Type: zero_pass
2026-04-12 14:06:58 | INFO | Evaluation confidence | Student: cache | Language: java | Confidence: high
2026-04-12 14:06:58 | INFO | Evaluation completed | Student ID: cache | Score: 0
2026-04-12 14:06:58 | INFO | Request received | Student ID: cache | Question: Convert string to integer
2026-04-12 14:06:58 | INFO | Processing evaluation | Student: cache | Language: java
2026-04-12 14:06:58 | INFO | Question profile | Student: cache | Language: java | Category: general | Task: unknown | Risk: medium
2026-04-12 14:06:58 | INFO | Evaluation path | Student: cache | Language: java | Mode: deterministic_shortcut | Type: zero_pass
2026-04-12 14:06:58 | INFO | Evaluation confidence | Student: cache | Language: java | Confidence: high
2026-04-12 14:06:58 | INFO | Evaluation completed | Student ID: cache | Score: 0
2026-04-12 14:06:58 | INFO | Request received | Student ID: cache | Question: Check if a string is a valid IPv4 address
2026-04-12 14:06:58 | INFO | Processing evaluation | Student: cache | Language: java
2026-04-12 14:06:58 | INFO | Question profile | Student: cache | Language: java | Category: general | Task: unknown | Risk: medium
2026-04-12 14:06:58 | INFO | Evaluation path | Student: cache | Language: java | Mode: deterministic_shortcut | Type: full_pass
2026-04-12 14:06:58 | INFO | Evaluation confidence | Student: cache | Language: java | Confidence: high
2026-04-12 14:06:58 | INFO | Evaluation completed | Student ID: cache | Score: 100
2026-04-12 14:06:58 | INFO | Request received | Student ID: cache | Question: Find first missing positive number
2026-04-12 14:06:58 | INFO | Processing evaluation | Student: cache | Language: java
2026-04-12 14:06:58 | INFO | Question profile | Student: cache | Language: java | Category: basics_math | Task: basic_logic | Risk: low
2026-04-12 14:06:58 | INFO | Evaluation path | Student: cache | Language: java | Mode: deterministic_shortcut | Type: correct_but_inefficient
2026-04-12 14:06:58 | INFO | Evaluation confidence | Student: cache | Language: java | Confidence: high
2026-04-12 14:06:58 | INFO | Evaluation completed | Student ID: cache | Score: 87
2026-04-12 14:06:58 | INFO | Request received | Student ID: cache | Question: Find factorial of large number (avoid overflow)
2026-04-12 14:06:58 | INFO | Processing evaluation | Student: cache | Language: java
2026-04-12 14:06:58 | INFO | Question profile | Student: cache | Language: java | Category: basics_math | Task: basic_logic | Risk: low
2026-04-12 14:06:58 | INFO | Evaluation path | Student: cache | Language: java | Mode: deterministic_shortcut | Type: mostly_correct
2026-04-12 14:06:58 | INFO | Evaluation confidence | Student: cache | Language: java | Confidence: high
2026-04-12 14:06:58 | INFO | Evaluation completed | Student ID: cache | Score: 70
2026-04-12 14:06:58 | INFO | Request received | Student ID: cache | Question: Check if string has all unique characters
2026-04-12 14:06:58 | INFO | Processing evaluation | Student: cache | Language: java
2026-04-12 14:06:58 | INFO | Question profile | Student: cache | Language: java | Category: general | Task: unknown | Risk: medium
2026-04-12 14:06:58 | INFO | Evaluation path | Student: cache | Language: java | Mode: deterministic_shortcut | Type: correct_but_inefficient
2026-04-12 14:06:58 | INFO | Evaluation confidence | Student: cache | Language: java | Confidence: high
2026-04-12 14:06:58 | INFO | Evaluation completed | Student ID: cache | Score: 87
2026-04-12 14:06:58 | INFO | Request received | Student ID: cache | Question: Check if number is even
2026-04-12 14:06:58 | INFO | Processing evaluation | Student: cache | Language: java
2026-04-12 14:06:58 | INFO | Question profile | Student: cache | Language: java | Category: basics_math | Task: basic_logic | Risk: low
2026-04-12 14:06:58 | INFO | Evaluation path | Student: cache | Language: java | Mode: deterministic_shortcut | Type: full_pass
2026-04-12 14:06:58 | INFO | Evaluation confidence | Student: cache | Language: java | Confidence: high
2026-04-12 14:06:58 | INFO | Evaluation completed | Student ID: cache | Score: 100
2026-04-12 14:06:58 | INFO | Request received | Student ID: cache | Question: Validate a password (min 8 chars, at least 1 digit
2026-04-12 14:06:58 | INFO | Processing evaluation | Student: cache | Language: java
2026-04-12 14:06:58 | INFO | Question profile | Student: cache | Language: java | Category: arrays_search_sort | Task: search_sort | Risk: medium
2026-04-12 14:06:58 | INFO | Evaluation path | Student: cache | Language: java | Mode: deterministic_shortcut | Type: full_pass
2026-04-12 14:06:58 | INFO | Evaluation confidence | Student: cache | Language: java | Confidence: high
2026-04-12 14:06:58 | INFO | Evaluation completed | Student ID: cache | Score: 100
2026-04-12 14:06:58 | INFO | Request received | Student ID: cache | Question: Find the longest common prefix among strings
2026-04-12 14:06:58 | INFO | Processing evaluation | Student: cache | Language: java
2026-04-12 14:06:58 | INFO | Question profile | Student: cache | Language: java | Category: general | Task: unknown | Risk: medium
2026-04-12 14:06:58 | INFO | Evaluation path | Student: cache | Language: java | Mode: deterministic_shortcut | Type: correct_but_inefficient
2026-04-12 14:06:58 | INFO | Evaluation confidence | Student: cache | Language: java | Confidence: high
2026-04-12 14:06:58 | INFO | Evaluation completed | Student ID: cache | Score: 87
2026-04-12 14:06:58 | INFO | Request received | Student ID: cache | Question: Check if a number is Armstrong
2026-04-12 14:06:58 | INFO | Processing evaluation | Student: cache | Language: java
2026-04-12 14:06:58 | INFO | Question profile | Student: cache | Language: java | Category: general | Task: unknown | Risk: medium
2026-04-12 14:06:58 | INFO | Evaluation path | Student: cache | Language: java | Mode: deterministic_shortcut | Type: mostly_correct
2026-04-12 14:06:58 | INFO | Evaluation confidence | Student: cache | Language: java | Confidence: high
2026-04-12 14:06:58 | INFO | Evaluation completed | Student ID: cache | Score: 70
2026-04-12 14:06:58 | INFO | Request received | Student ID: cache | Question: Check if number is positive
2026-04-12 14:06:58 | INFO | Processing evaluation | Student: cache | Language: python
2026-04-12 14:06:58 | INFO | Question profile | Student: cache | Language: python | Category: basics_math | Task: basic_logic | Risk: low
2026-04-12 14:06:58 | INFO | Evaluation path | Student: cache | Language: python | Mode: deterministic_shortcut | Type: mostly_correct
2026-04-12 14:06:58 | INFO | Evaluation confidence | Student: cache | Language: python | Confidence: high
2026-04-12 14:06:58 | INFO | Evaluation completed | Student ID: cache | Score: 70
2026-04-12 14:06:58 | INFO | Request received | Student ID: cache | Question: Check if number is odd
2026-04-12 14:06:58 | INFO | Processing evaluation | Student: cache | Language: python
2026-04-12 14:06:58 | INFO | Question profile | Student: cache | Language: python | Category: general | Task: unknown | Risk: medium
2026-04-12 14:06:58 | INFO | Evaluation path | Student: cache | Language: python | Mode: exact_match
2026-04-12 14:06:58 | INFO | Evaluation completed | Student ID: cache | Score: 100
2026-04-12 14:06:58 | INFO | Request received | Student ID: cache | Question: Check if number is odd
2026-04-12 14:06:58 | INFO | Processing evaluation | Student: cache | Language: python
2026-04-12 14:06:58 | INFO | Question profile | Student: cache | Language: python | Category: general | Task: unknown | Risk: medium
2026-04-12 14:06:58 | INFO | Evaluation path | Student: cache | Language: python | Mode: deterministic_shortcut | Type: zero_pass
2026-04-12 14:06:58 | INFO | Evaluation confidence | Student: cache | Language: python | Confidence: high
2026-04-12 14:06:58 | INFO | Evaluation completed | Student ID: cache | Score: 0
2026-04-12 14:06:58 | INFO | Request received | Student ID: cache | Question: Find average of list
2026-04-12 14:06:58 | INFO | Processing evaluation | Student: cache | Language: python
2026-04-12 14:06:58 | INFO | Question profile | Student: cache | Language: python | Category: arrays_lists | Task: data_processing | Risk: medium
2026-04-12 14:06:58 | INFO | Evaluation path | Student: cache | Language: python | Mode: exact_match
2026-04-12 14:06:58 | INFO | Evaluation completed | Student ID: cache | Score: 100
2026-04-12 14:06:58 | INFO | Request received | Student ID: cache | Question: Find average of list
2026-04-12 14:06:58 | INFO | Processing evaluation | Student: cache | Language: python
2026-04-12 14:06:58 | INFO | Question profile | Student: cache | Language: python | Category: arrays_lists | Task: data_processing | Risk: medium
2026-04-12 14:06:58 | INFO | Evaluation path | Student: cache | Language: python | Mode: deterministic_shortcut | Type: zero_pass
2026-04-12 14:06:58 | INFO | Evaluation confidence | Student: cache | Language: python | Confidence: high
2026-04-12 14:06:58 | INFO | Evaluation completed | Student ID: cache | Score: 0
2026-04-12 14:06:58 | INFO | Request received | Student ID: cache | Question: Check if list is empty
2026-04-12 14:06:58 | INFO | Processing evaluation | Student: cache | Language: python
2026-04-12 14:06:58 | INFO | Question profile | Student: cache | Language: python | Category: arrays_lists | Task: data_processing | Risk: medium
2026-04-12 14:06:58 | INFO | Evaluation path | Student: cache | Language: python | Mode: deterministic_shortcut | Type: full_pass
2026-04-12 14:06:58 | INFO | Evaluation confidence | Student: cache | Language: python | Confidence: high
2026-04-12 14:06:58 | INFO | Evaluation completed | Student ID: cache | Score: 100
2026-04-12 14:06:58 | INFO | Request received | Student ID: cache | Question: Check if list is empty
2026-04-12 14:06:58 | INFO | Processing evaluation | Student: cache | Language: python
2026-04-12 14:06:58 | INFO | Question profile | Student: cache | Language: python | Category: arrays_lists | Task: data_processing | Risk: medium
2026-04-12 14:06:58 | INFO | Evaluation path | Student: cache | Language: python | Mode: deterministic_shortcut | Type: zero_pass
2026-04-12 14:06:58 | INFO | Evaluation confidence | Student: cache | Language: python | Confidence: high
2026-04-12 14:06:58 | INFO | Evaluation completed | Student ID: cache | Score: 0
2026-04-12 14:06:58 | INFO | Request received | Student ID: cache | Question: Subtract two numbers
2026-04-12 14:06:58 | INFO | Processing evaluation | Student: cache | Language: python
2026-04-12 14:06:58 | INFO | Question profile | Student: cache | Language: python | Category: general | Task: unknown | Risk: medium
2026-04-12 14:06:58 | INFO | Evaluation path | Student: cache | Language: python | Mode: exact_match
2026-04-12 14:06:58 | INFO | Evaluation completed | Student ID: cache | Score: 100
2026-04-12 14:06:58 | INFO | Request received | Student ID: cache | Question: Subtract two numbers
2026-04-12 14:06:58 | INFO | Processing evaluation | Student: cache | Language: python
2026-04-12 14:06:58 | INFO | Question profile | Student: cache | Language: python | Category: general | Task: unknown | Risk: medium
2026-04-12 14:06:58 | INFO | Evaluation path | Student: cache | Language: python | Mode: deterministic_shortcut | Type: zero_pass
2026-04-12 14:06:58 | INFO | Evaluation confidence | Student: cache | Language: python | Confidence: high
2026-04-12 14:06:58 | INFO | Evaluation completed | Student ID: cache | Score: 0
2026-04-12 14:06:58 | INFO | Request received | Student ID: cache | Question: Multiply two numbers
2026-04-12 14:06:58 | INFO | Processing evaluation | Student: cache | Language: python
2026-04-12 14:06:58 | INFO | Question profile | Student: cache | Language: python | Category: general | Task: unknown | Risk: medium
2026-04-12 14:06:58 | INFO | Evaluation path | Student: cache | Language: python | Mode: exact_match
2026-04-12 14:06:58 | INFO | Evaluation completed | Student ID: cache | Score: 100
2026-04-12 14:06:58 | INFO | Request received | Student ID: cache | Question: Divide two numbers
2026-04-12 14:06:58 | INFO | Processing evaluation | Student: cache | Language: python
2026-04-12 14:06:58 | INFO | Question profile | Student: cache | Language: python | Category: general | Task: unknown | Risk: medium
2026-04-12 14:06:58 | INFO | Evaluation path | Student: cache | Language: python | Mode: exact_match
2026-04-12 14:06:58 | INFO | Evaluation completed | Student ID: cache | Score: 100
2026-04-12 14:06:58 | INFO | Request received | Student ID: cache | Question: Convert string to uppercase
2026-04-12 14:06:58 | INFO | Processing evaluation | Student: cache | Language: python
2026-04-12 14:06:58 | INFO | Question profile | Student: cache | Language: python | Category: strings | Task: string_processing | Risk: low
2026-04-12 14:06:58 | INFO | Evaluation path | Student: cache | Language: python | Mode: exact_match
2026-04-12 14:06:58 | INFO | Evaluation completed | Student ID: cache | Score: 100
2026-04-12 14:06:58 | INFO | Request received | Student ID: cache | Question: Convert string to lowercase
2026-04-12 14:06:58 | INFO | Processing evaluation | Student: cache | Language: python
2026-04-12 14:06:58 | INFO | Question profile | Student: cache | Language: python | Category: strings | Task: string_processing | Risk: low
2026-04-12 14:06:58 | INFO | Evaluation path | Student: cache | Language: python | Mode: exact_match
2026-04-12 14:06:58 | INFO | Evaluation completed | Student ID: cache | Score: 100
2026-04-12 14:06:58 | INFO | Request received | Student ID: cache | Question: Reverse a string
2026-04-12 14:06:58 | INFO | Processing evaluation | Student: cache | Language: python
2026-04-12 14:06:58 | INFO | Question profile | Student: cache | Language: python | Category: strings | Task: string_processing | Risk: low
2026-04-12 14:06:58 | INFO | Evaluation path | Student: cache | Language: python | Mode: exact_match
2026-04-12 14:06:58 | INFO | Evaluation completed | Student ID: cache | Score: 100
2026-04-12 14:06:58 | INFO | Request received | Student ID: cache | Question: Find length of list
2026-04-12 14:06:58 | INFO | Processing evaluation | Student: cache | Language: python
2026-04-12 14:06:58 | INFO | Question profile | Student: cache | Language: python | Category: arrays_lists | Task: data_processing | Risk: medium
2026-04-12 14:06:58 | INFO | Evaluation path | Student: cache | Language: python | Mode: exact_match
2026-04-12 14:06:58 | INFO | Evaluation completed | Student ID: cache | Score: 100
2026-04-12 14:06:58 | INFO | Request received | Student ID: cache | Question: Find first element in list
2026-04-12 14:06:58 | INFO | Processing evaluation | Student: cache | Language: python
2026-04-12 14:06:58 | INFO | Question profile | Student: cache | Language: python | Category: arrays_lists | Task: data_processing | Risk: medium
2026-04-12 14:06:58 | INFO | Evaluation path | Student: cache | Language: python | Mode: exact_match
2026-04-12 14:06:58 | INFO | Evaluation completed | Student ID: cache | Score: 100
2026-04-12 14:06:58 | INFO | Request received | Student ID: cache | Question: Find last element in list
2026-04-12 14:06:58 | INFO | Processing evaluation | Student: cache | Language: python
2026-04-12 14:06:58 | INFO | Question profile | Student: cache | Language: python | Category: arrays_lists | Task: data_processing | Risk: medium
2026-04-12 14:06:58 | INFO | Evaluation path | Student: cache | Language: python | Mode: exact_match
2026-04-12 14:06:58 | INFO | Evaluation completed | Student ID: cache | Score: 100
2026-04-12 14:06:58 | INFO | Request received | Student ID: cache | Question: Find sum of list
2026-04-12 14:06:58 | INFO | Processing evaluation | Student: cache | Language: python
2026-04-12 14:06:58 | INFO | Question profile | Student: cache | Language: python | Category: arrays_lists | Task: data_processing | Risk: medium
2026-04-12 14:06:58 | INFO | Evaluation path | Student: cache | Language: python | Mode: exact_match
2026-04-12 14:06:58 | INFO | Evaluation completed | Student ID: cache | Score: 100
2026-04-12 14:06:58 | INFO | Request received | Student ID: cache | Question: Check if two variables reference the same object (
2026-04-12 14:06:58 | INFO | Processing evaluation | Student: cache | Language: python
2026-04-12 14:06:58 | INFO | Question profile | Student: cache | Language: python | Category: general | Task: unknown | Risk: medium
2026-04-12 14:06:58 | INFO | Evaluation path | Student: cache | Language: python | Mode: exact_match
2026-04-12 14:06:58 | INFO | Evaluation completed | Student ID: cache | Score: 100
2026-04-12 14:06:58 | INFO | Request received | Student ID: cache | Question: Type check using isinstance
2026-04-12 14:06:58 | INFO | Processing evaluation | Student: cache | Language: python
2026-04-12 14:06:58 | INFO | Question profile | Student: cache | Language: python | Category: general | Task: unknown | Risk: medium
2026-04-12 14:06:58 | INFO | Evaluation path | Student: cache | Language: python | Mode: exact_match
2026-04-12 14:06:58 | INFO | Evaluation completed | Student ID: cache | Score: 100
2026-04-12 14:06:58 | INFO | Request received | Student ID: cache | Question: Check if element is in list
2026-04-12 14:06:58 | INFO | Processing evaluation | Student: cache | Language: python
2026-04-12 14:06:58 | INFO | Question profile | Student: cache | Language: python | Category: arrays_lists | Task: data_processing | Risk: medium
2026-04-12 14:06:58 | INFO | Evaluation path | Student: cache | Language: python | Mode: exact_match
2026-04-12 14:06:58 | INFO | Evaluation completed | Student ID: cache | Score: 100
2026-04-12 14:06:58 | INFO | Request received | Student ID: cache | Question: Write an async function
2026-04-12 14:06:58 | INFO | Processing evaluation | Student: cache | Language: python
2026-04-12 14:06:58 | INFO | Question profile | Student: cache | Language: python | Category: general_code | Task: function_logic | Risk: medium
2026-04-12 14:06:58 | INFO | Evaluation path | Student: cache | Language: python | Mode: exact_match
2026-04-12 14:06:58 | INFO | Evaluation completed | Student ID: cache | Score: 100
2026-04-12 14:06:58 | INFO | Request received | Student ID: cache | Question: Make an HTTP GET request using requests
2026-04-12 14:06:58 | INFO | Processing evaluation | Student: cache | Language: python
2026-04-12 14:06:58 | INFO | Question profile | Student: cache | Language: python | Category: general | Task: unknown | Risk: medium
2026-04-12 14:06:58 | INFO | Evaluation path | Student: cache | Language: python | Mode: exact_match
2026-04-12 14:06:58 | INFO | Evaluation completed | Student ID: cache | Score: 100
2026-04-12 14:06:58 | INFO | Request received | Student ID: cache | Question: Connect to SQLite using sqlite3
2026-04-12 14:06:58 | INFO | Processing evaluation | Student: cache | Language: python
2026-04-12 14:06:58 | INFO | Question profile | Student: cache | Language: python | Category: general | Task: unknown | Risk: medium
2026-04-12 14:06:58 | INFO | Evaluation path | Student: cache | Language: python | Mode: exact_match
2026-04-12 14:06:58 | INFO | Evaluation completed | Student ID: cache | Score: 100
2026-04-12 14:06:58 | INFO | Request received | Student ID: cache | Question: Create a NumPy array
2026-04-12 14:06:58 | INFO | Processing evaluation | Student: cache | Language: python
2026-04-12 14:06:58 | INFO | Question profile | Student: cache | Language: python | Category: arrays_lists | Task: data_processing | Risk: medium
2026-04-12 14:06:58 | INFO | Evaluation path | Student: cache | Language: python | Mode: exact_match
2026-04-12 14:06:58 | INFO | Evaluation completed | Student ID: cache | Score: 100
2026-04-12 14:06:58 | INFO | Request received | Student ID: cache | Question: Create a pandas DataFrame
2026-04-12 14:06:58 | INFO | Processing evaluation | Student: cache | Language: python
2026-04-12 14:06:58 | INFO | Question profile | Student: cache | Language: python | Category: general | Task: unknown | Risk: medium
2026-04-12 14:06:58 | INFO | Evaluation path | Student: cache | Language: python | Mode: exact_match
2026-04-12 14:06:58 | INFO | Evaluation completed | Student ID: cache | Score: 100
2026-04-12 14:06:58 | INFO | Request received | Student ID: cache | Question: Plot a line using matplotlib
2026-04-12 14:06:58 | INFO | Processing evaluation | Student: cache | Language: python
2026-04-12 14:06:58 | INFO | Question profile | Student: cache | Language: python | Category: general | Task: unknown | Risk: medium
2026-04-12 14:06:58 | INFO | Evaluation path | Student: cache | Language: python | Mode: exact_match
2026-04-12 14:06:58 | INFO | Evaluation completed | Student ID: cache | Score: 100
2026-04-12 14:06:58 | INFO | Request received | Student ID: cache | Question: Create a Flask app
2026-04-12 14:06:58 | INFO | Processing evaluation | Student: cache | Language: python
2026-04-12 14:06:58 | INFO | Question profile | Student: cache | Language: python | Category: general | Task: unknown | Risk: medium
2026-04-12 14:06:58 | INFO | Evaluation path | Student: cache | Language: python | Mode: exact_match
2026-04-12 14:06:58 | INFO | Evaluation completed | Student ID: cache | Score: 100
2026-04-12 14:06:58 | INFO | Request received | Student ID: cache | Question: Use a decorator in Python
2026-04-12 14:06:58 | INFO | Processing evaluation | Student: cache | Language: python
2026-04-12 14:06:58 | INFO | Question profile | Student: cache | Language: python | Category: general | Task: unknown | Risk: medium
2026-04-12 14:06:58 | INFO | Evaluation path | Student: cache | Language: python | Mode: exact_match
2026-04-12 14:06:58 | INFO | Evaluation completed | Student ID: cache | Score: 100
2026-04-12 14:06:58 | INFO | Request received | Student ID: cache | Question: Use a context manager
2026-04-12 14:06:58 | INFO | Processing evaluation | Student: cache | Language: python
2026-04-12 14:06:58 | INFO | Question profile | Student: cache | Language: python | Category: general | Task: unknown | Risk: medium
2026-04-12 14:06:58 | INFO | Evaluation path | Student: cache | Language: python | Mode: exact_match
2026-04-12 14:06:58 | INFO | Evaluation completed | Student ID: cache | Score: 100
2026-04-12 14:06:58 | INFO | Request received | Student ID: cache | Question: Check if two variables reference the same object (
2026-04-12 14:06:58 | INFO | Processing evaluation | Student: cache | Language: python
2026-04-12 14:06:58 | INFO | Question profile | Student: cache | Language: python | Category: general | Task: unknown | Risk: medium
2026-04-12 14:06:58 | INFO | Evaluation path | Student: cache | Language: python | Mode: deterministic_shortcut | Type: zero_pass
2026-04-12 14:06:58 | INFO | Evaluation confidence | Student: cache | Language: python | Confidence: high
2026-04-12 14:06:58 | INFO | Evaluation completed | Student ID: cache | Score: 0
2026-04-12 14:06:58 | INFO | Request received | Student ID: cache | Question: Type check using isinstance
2026-04-12 14:06:58 | INFO | Processing evaluation | Student: cache | Language: python
2026-04-12 14:06:58 | INFO | Question profile | Student: cache | Language: python | Category: general | Task: unknown | Risk: medium
2026-04-12 14:06:58 | INFO | Evaluation path | Student: cache | Language: python | Mode: deterministic_shortcut | Type: zero_pass
2026-04-12 14:06:58 | INFO | Evaluation confidence | Student: cache | Language: python | Confidence: high
2026-04-12 14:06:58 | INFO | Evaluation completed | Student ID: cache | Score: 0
2026-04-12 14:06:58 | INFO | Request received | Student ID: cache | Question: Check if element is in list
2026-04-12 14:06:58 | INFO | Processing evaluation | Student: cache | Language: python
2026-04-12 14:06:58 | INFO | Question profile | Student: cache | Language: python | Category: arrays_lists | Task: data_processing | Risk: medium
2026-04-12 14:06:58 | INFO | Evaluation path | Student: cache | Language: python | Mode: deterministic_shortcut | Type: zero_pass
2026-04-12 14:06:58 | INFO | Evaluation confidence | Student: cache | Language: python | Confidence: high
2026-04-12 14:06:58 | INFO | Evaluation completed | Student ID: cache | Score: 0
2026-04-12 14:06:58 | INFO | Request received | Student ID: cache | Question: Write an async function
2026-04-12 14:06:58 | INFO | Processing evaluation | Student: cache | Language: python
2026-04-12 14:06:58 | INFO | Question profile | Student: cache | Language: python | Category: general_code | Task: function_logic | Risk: medium
2026-04-12 14:06:58 | INFO | Evaluation path | Student: cache | Language: python | Mode: deterministic_shortcut | Type: zero_pass
2026-04-12 14:06:58 | INFO | Evaluation confidence | Student: cache | Language: python | Confidence: high
2026-04-12 14:06:58 | INFO | Evaluation completed | Student ID: cache | Score: 0
2026-04-12 14:06:58 | INFO | Request received | Student ID: cache | Question: Make an HTTP GET request using requests
2026-04-12 14:06:58 | INFO | Processing evaluation | Student: cache | Language: python
2026-04-12 14:06:58 | INFO | Question profile | Student: cache | Language: python | Category: general | Task: unknown | Risk: medium
2026-04-12 14:06:58 | INFO | Evaluation path | Student: cache | Language: python | Mode: deterministic_shortcut | Type: zero_pass
2026-04-12 14:06:58 | INFO | Evaluation confidence | Student: cache | Language: python | Confidence: high
2026-04-12 14:06:58 | INFO | Evaluation completed | Student ID: cache | Score: 0
2026-04-12 14:06:58 | INFO | Request received | Student ID: cache | Question: Connect to SQLite using sqlite3
2026-04-12 14:06:58 | INFO | Processing evaluation | Student: cache | Language: python
2026-04-12 14:06:58 | INFO | Question profile | Student: cache | Language: python | Category: general | Task: unknown | Risk: medium
2026-04-12 14:06:58 | INFO | Evaluation path | Student: cache | Language: python | Mode: deterministic_shortcut | Type: zero_pass
2026-04-12 14:06:58 | INFO | Evaluation confidence | Student: cache | Language: python | Confidence: high
2026-04-12 14:06:58 | INFO | Evaluation completed | Student ID: cache | Score: 0
2026-04-12 14:06:58 | INFO | Request received | Student ID: cache | Question: Create a NumPy array
2026-04-12 14:06:58 | INFO | Processing evaluation | Student: cache | Language: python
2026-04-12 14:06:58 | INFO | Question profile | Student: cache | Language: python | Category: arrays_lists | Task: data_processing | Risk: medium
2026-04-12 14:06:58 | INFO | Evaluation path | Student: cache | Language: python | Mode: deterministic_shortcut | Type: mostly_correct
2026-04-12 14:06:58 | INFO | Evaluation confidence | Student: cache | Language: python | Confidence: high
2026-04-12 14:06:58 | INFO | Evaluation completed | Student ID: cache | Score: 48
2026-04-12 14:06:58 | INFO | Request received | Student ID: cache | Question: Create a pandas DataFrame
2026-04-12 14:06:58 | INFO | Processing evaluation | Student: cache | Language: python
2026-04-12 14:06:58 | INFO | Question profile | Student: cache | Language: python | Category: general | Task: unknown | Risk: medium
2026-04-12 14:06:58 | INFO | Evaluation path | Student: cache | Language: python | Mode: deterministic_shortcut | Type: mostly_correct
2026-04-12 14:06:58 | INFO | Evaluation confidence | Student: cache | Language: python | Confidence: high
2026-04-12 14:06:58 | INFO | Evaluation completed | Student ID: cache | Score: 48
2026-04-12 14:06:58 | INFO | Request received | Student ID: cache | Question: Plot a line using matplotlib
2026-04-12 14:06:58 | INFO | Processing evaluation | Student: cache | Language: python
2026-04-12 14:06:58 | INFO | Question profile | Student: cache | Language: python | Category: general | Task: unknown | Risk: medium
2026-04-12 14:06:58 | INFO | Evaluation path | Student: cache | Language: python | Mode: deterministic_shortcut | Type: mostly_correct
2026-04-12 14:06:58 | INFO | Evaluation confidence | Student: cache | Language: python | Confidence: high
2026-04-12 14:06:58 | INFO | Evaluation completed | Student ID: cache | Score: 48
2026-04-12 14:06:58 | INFO | Request received | Student ID: cache | Question: Create a Flask app
2026-04-12 14:06:58 | INFO | Processing evaluation | Student: cache | Language: python
2026-04-12 14:06:58 | INFO | Question profile | Student: cache | Language: python | Category: general | Task: unknown | Risk: medium
2026-04-12 14:06:58 | INFO | Evaluation path | Student: cache | Language: python | Mode: deterministic_shortcut | Type: zero_pass
2026-04-12 14:06:58 | INFO | Evaluation confidence | Student: cache | Language: python | Confidence: high
2026-04-12 14:06:58 | INFO | Evaluation completed | Student ID: cache | Score: 0
2026-04-12 14:06:58 | INFO | Request received | Student ID: cache | Question: Use a decorator in Python
2026-04-12 14:06:58 | INFO | Processing evaluation | Student: cache | Language: python
2026-04-12 14:06:58 | INFO | Question profile | Student: cache | Language: python | Category: general | Task: unknown | Risk: medium
2026-04-12 14:06:58 | INFO | Evaluation path | Student: cache | Language: python | Mode: deterministic_shortcut | Type: zero_pass
2026-04-12 14:06:58 | INFO | Evaluation confidence | Student: cache | Language: python | Confidence: high
2026-04-12 14:06:58 | INFO | Evaluation completed | Student ID: cache | Score: 0
2026-04-12 14:06:58 | INFO | Request received | Student ID: cache | Question: Use a context manager
2026-04-12 14:06:58 | INFO | Processing evaluation | Student: cache | Language: python
2026-04-12 14:06:58 | INFO | Question profile | Student: cache | Language: python | Category: general | Task: unknown | Risk: medium
2026-04-12 14:06:58 | INFO | Evaluation path | Student: cache | Language: python | Mode: deterministic_shortcut | Type: zero_pass
2026-04-12 14:06:58 | INFO | Evaluation confidence | Student: cache | Language: python | Confidence: high
2026-04-12 14:06:58 | INFO | Evaluation completed | Student ID: cache | Score: 0
2026-04-12 14:06:58 | INFO | Request received | Student ID: cache | Question: Use multithreading with threading
2026-04-12 14:06:58 | INFO | Processing evaluation | Student: cache | Language: python
2026-04-12 14:06:58 | INFO | Question profile | Student: cache | Language: python | Category: general | Task: unknown | Risk: medium
2026-04-12 14:06:58 | INFO | Evaluation path | Student: cache | Language: python | Mode: deterministic_shortcut | Type: zero_pass
2026-04-12 14:06:58 | INFO | Evaluation confidence | Student: cache | Language: python | Confidence: high
2026-04-12 14:06:58 | INFO | Evaluation completed | Student ID: cache | Score: 0
2026-04-12 14:06:58 | INFO | Request received | Student ID: cache | Question: Use multiprocessing to run a task
2026-04-12 14:06:58 | INFO | Processing evaluation | Student: cache | Language: python
2026-04-12 14:06:58 | INFO | Question profile | Student: cache | Language: python | Category: general | Task: unknown | Risk: medium
2026-04-12 14:06:58 | INFO | Evaluation path | Student: cache | Language: python | Mode: deterministic_shortcut | Type: zero_pass
2026-04-12 14:06:58 | INFO | Evaluation confidence | Student: cache | Language: python | Confidence: high
2026-04-12 14:06:58 | INFO | Evaluation completed | Student ID: cache | Score: 0
2026-04-12 14:06:58 | INFO | Request received | Student ID: cache | Question: Log a message using logging
2026-04-12 14:06:58 | INFO | Processing evaluation | Student: cache | Language: python
2026-04-12 14:06:58 | INFO | Question profile | Student: cache | Language: python | Category: general | Task: unknown | Risk: medium
2026-04-12 14:06:58 | INFO | Evaluation path | Student: cache | Language: python | Mode: deterministic_shortcut | Type: mostly_correct
2026-04-12 14:06:58 | INFO | Evaluation confidence | Student: cache | Language: python | Confidence: high
2026-04-12 14:06:58 | INFO | Evaluation completed | Student ID: cache | Score: 48
2026-04-12 14:06:58 | INFO | Request received | Student ID: cache | Question: Write a pytest test case
2026-04-12 14:06:58 | INFO | Processing evaluation | Student: cache | Language: python
2026-04-12 14:06:58 | INFO | Question profile | Student: cache | Language: python | Category: general | Task: unknown | Risk: medium
2026-04-12 14:06:58 | INFO | Evaluation path | Student: cache | Language: python | Mode: deterministic_shortcut | Type: zero_pass
2026-04-12 14:06:58 | INFO | Evaluation confidence | Student: cache | Language: python | Confidence: high
2026-04-12 14:06:58 | INFO | Evaluation completed | Student ID: cache | Score: 0
2026-04-12 14:06:58 | INFO | Request received | Student ID: cache | Question: Write a unittest TestCase
2026-04-12 14:06:58 | INFO | Processing evaluation | Student: cache | Language: python
2026-04-12 14:06:58 | INFO | Question profile | Student: cache | Language: python | Category: general | Task: unknown | Risk: medium
2026-04-12 14:06:58 | INFO | Evaluation path | Student: cache | Language: python | Mode: deterministic_shortcut | Type: mostly_correct
2026-04-12 14:06:58 | INFO | Evaluation confidence | Student: cache | Language: python | Confidence: high
2026-04-12 14:06:58 | INFO | Evaluation completed | Student ID: cache | Score: 48
2026-04-12 14:06:58 | INFO | Request received | Student ID: cache | Question: Create a Django view
2026-04-12 14:06:58 | INFO | Processing evaluation | Student: cache | Language: python
2026-04-12 14:06:58 | INFO | Question profile | Student: cache | Language: python | Category: general | Task: unknown | Risk: medium
2026-04-12 14:06:58 | INFO | Evaluation path | Student: cache | Language: python | Mode: deterministic_shortcut | Type: mostly_correct
2026-04-12 14:06:58 | INFO | Evaluation confidence | Student: cache | Language: python | Confidence: high
2026-04-12 14:06:58 | INFO | Evaluation completed | Student ID: cache | Score: 48
2026-04-12 14:06:58 | INFO | Request received | Student ID: cache | Question: Create a FastAPI app
2026-04-12 14:06:58 | INFO | Processing evaluation | Student: cache | Language: python
2026-04-12 14:06:58 | INFO | Question profile | Student: cache | Language: python | Category: general | Task: unknown | Risk: medium
2026-04-12 14:06:58 | INFO | Evaluation path | Student: cache | Language: python | Mode: deterministic_shortcut | Type: mostly_correct
2026-04-12 14:06:58 | INFO | Evaluation confidence | Student: cache | Language: python | Confidence: high
2026-04-12 14:06:58 | INFO | Evaluation completed | Student ID: cache | Score: 48
2026-04-12 14:06:58 | INFO | Request received | Student ID: cache | Question: Create a Tkinter window
2026-04-12 14:06:58 | INFO | Processing evaluation | Student: cache | Language: python
2026-04-12 14:06:58 | INFO | Question profile | Student: cache | Language: python | Category: general | Task: unknown | Risk: medium
2026-04-12 14:06:58 | INFO | Evaluation path | Student: cache | Language: python | Mode: deterministic_shortcut | Type: zero_pass
2026-04-12 14:06:58 | INFO | Evaluation confidence | Student: cache | Language: python | Confidence: high
2026-04-12 14:06:58 | INFO | Evaluation completed | Student ID: cache | Score: 0
2026-04-12 14:06:58 | INFO | Request received | Student ID: cache | Question: Create a PyQt application
2026-04-12 14:06:58 | INFO | Processing evaluation | Student: cache | Language: python
2026-04-12 14:06:58 | INFO | Question profile | Student: cache | Language: python | Category: general | Task: unknown | Risk: medium
2026-04-12 14:06:58 | INFO | Evaluation path | Student: cache | Language: python | Mode: deterministic_shortcut | Type: zero_pass
2026-04-12 14:06:58 | INFO | Evaluation confidence | Student: cache | Language: python | Confidence: high
2026-04-12 14:06:58 | INFO | Evaluation completed | Student ID: cache | Score: 0
2026-04-12 14:06:58 | INFO | Request received | Student ID: cache | Question: Train a model using scikit-learn
2026-04-12 14:06:58 | INFO | Processing evaluation | Student: cache | Language: python
2026-04-12 14:06:58 | INFO | Question profile | Student: cache | Language: python | Category: general | Task: unknown | Risk: medium
2026-04-12 14:06:58 | INFO | Evaluation path | Student: cache | Language: python | Mode: deterministic_shortcut | Type: zero_pass
2026-04-12 14:06:58 | INFO | Evaluation confidence | Student: cache | Language: python | Confidence: high
2026-04-12 14:06:58 | INFO | Evaluation completed | Student ID: cache | Score: 0
2026-04-12 14:06:58 | INFO | Request received | Student ID: cache | Question: Use a lambda function
2026-04-12 14:06:58 | INFO | Processing evaluation | Student: cache | Language: python
2026-04-12 14:06:58 | INFO | Question profile | Student: cache | Language: python | Category: general_code | Task: function_logic | Risk: medium
2026-04-12 14:06:58 | INFO | Evaluation path | Student: cache | Language: python | Mode: exact_match
2026-04-12 14:06:58 | INFO | Evaluation completed | Student ID: cache | Score: 100
2026-04-12 14:06:58 | INFO | Request received | Student ID: cache | Question: Use a lambda function
2026-04-12 14:06:58 | INFO | Processing evaluation | Student: cache | Language: python
2026-04-12 14:06:58 | INFO | Question profile | Student: cache | Language: python | Category: general_code | Task: function_logic | Risk: medium
2026-04-12 14:06:58 | INFO | Evaluation path | Student: cache | Language: python | Mode: deterministic_shortcut | Type: zero_pass
2026-04-12 14:06:58 | INFO | Evaluation confidence | Student: cache | Language: python | Confidence: high
2026-04-12 14:06:58 | INFO | Evaluation completed | Student ID: cache | Score: 0
2026-04-12 14:06:58 | INFO | Request received | Student ID: cache | Question: Validate input using regular expression
2026-04-12 14:06:58 | INFO | Processing evaluation | Student: cache | Language: python
2026-04-12 14:06:58 | INFO | Question profile | Student: cache | Language: python | Category: general | Task: unknown | Risk: medium
2026-04-12 14:06:58 | INFO | Evaluation path | Student: cache | Language: python | Mode: exact_match
2026-04-12 14:06:58 | INFO | Evaluation completed | Student ID: cache | Score: 100
2026-04-12 14:06:58 | INFO | Request received | Student ID: cache | Question: Validate input using regular expression
2026-04-12 14:06:58 | INFO | Processing evaluation | Student: cache | Language: python
2026-04-12 14:06:58 | INFO | Question profile | Student: cache | Language: python | Category: general | Task: unknown | Risk: medium
2026-04-12 14:06:58 | INFO | Evaluation path | Student: cache | Language: python | Mode: deterministic_shortcut | Type: zero_pass
2026-04-12 14:06:58 | INFO | Evaluation confidence | Student: cache | Language: python | Confidence: high
2026-04-12 14:06:58 | INFO | Evaluation completed | Student ID: cache | Score: 0
2026-04-12 14:06:58 | INFO | Request received | Student ID: cache | Question: Parse a JSON string
2026-04-12 14:06:58 | INFO | Processing evaluation | Student: cache | Language: python
2026-04-12 14:06:58 | INFO | Question profile | Student: cache | Language: python | Category: io_parsing | Task: parsing | Risk: high
2026-04-12 14:06:58 | INFO | Evaluation path | Student: cache | Language: python | Mode: exact_match
2026-04-12 14:06:58 | INFO | Evaluation completed | Student ID: cache | Score: 100
2026-04-12 14:06:58 | INFO | Request received | Student ID: cache | Question: Parse a JSON string
2026-04-12 14:06:58 | INFO | Processing evaluation | Student: cache | Language: python
2026-04-12 14:06:58 | INFO | Question profile | Student: cache | Language: python | Category: io_parsing | Task: parsing | Risk: high
2026-04-12 14:06:58 | INFO | Evaluation path | Student: cache | Language: python | Mode: deterministic_shortcut | Type: zero_pass
2026-04-12 14:06:58 | INFO | Evaluation confidence | Student: cache | Language: python | Confidence: high
2026-04-12 14:06:58 | INFO | Evaluation completed | Student ID: cache | Score: 0
2026-04-12 14:06:58 | INFO | Request received | Student ID: cache | Question: Serialize data to JSON
2026-04-12 14:06:58 | INFO | Processing evaluation | Student: cache | Language: python
2026-04-12 14:06:58 | INFO | Question profile | Student: cache | Language: python | Category: io_parsing | Task: parsing | Risk: high
2026-04-12 14:06:58 | INFO | Evaluation path | Student: cache | Language: python | Mode: exact_match
2026-04-12 14:06:58 | INFO | Evaluation completed | Student ID: cache | Score: 100
2026-04-12 14:06:58 | INFO | Request received | Student ID: cache | Question: Serialize data to JSON
2026-04-12 14:06:58 | INFO | Processing evaluation | Student: cache | Language: python
2026-04-12 14:06:58 | INFO | Question profile | Student: cache | Language: python | Category: io_parsing | Task: parsing | Risk: high
2026-04-12 14:06:58 | INFO | Evaluation path | Student: cache | Language: python | Mode: deterministic_shortcut | Type: zero_pass
2026-04-12 14:06:58 | INFO | Evaluation confidence | Student: cache | Language: python | Confidence: high
2026-04-12 14:06:58 | INFO | Evaluation completed | Student ID: cache | Score: 0
2026-04-12 14:06:58 | INFO | Request received | Student ID: cache | Question: Read a CSV file using the csv module
2026-04-12 14:06:58 | INFO | Processing evaluation | Student: cache | Language: python
2026-04-12 14:06:58 | INFO | Question profile | Student: cache | Language: python | Category: io_parsing | Task: parsing | Risk: high
2026-04-12 14:06:58 | INFO | Evaluation path | Student: cache | Language: python | Mode: exact_match
2026-04-12 14:06:58 | INFO | Evaluation completed | Student ID: cache | Score: 100
2026-04-12 14:06:58 | INFO | Request received | Student ID: cache | Question: Read a CSV file using the csv module
2026-04-12 14:06:58 | INFO | Processing evaluation | Student: cache | Language: python
2026-04-12 14:06:58 | INFO | Question profile | Student: cache | Language: python | Category: io_parsing | Task: parsing | Risk: high
2026-04-12 14:06:58 | INFO | Evaluation path | Student: cache | Language: python | Mode: deterministic_shortcut | Type: zero_pass
2026-04-12 14:06:58 | INFO | Evaluation confidence | Student: cache | Language: python | Confidence: high
2026-04-12 14:06:58 | INFO | Evaluation completed | Student ID: cache | Score: 0
2026-04-12 14:06:58 | INFO | Request received | Student ID: cache | Question: Get the current datetime using datetime module
2026-04-12 14:06:58 | INFO | Processing evaluation | Student: cache | Language: python
2026-04-12 14:06:58 | INFO | Question profile | Student: cache | Language: python | Category: general | Task: unknown | Risk: medium
2026-04-12 14:06:58 | INFO | Evaluation path | Student: cache | Language: python | Mode: exact_match
2026-04-12 14:06:58 | INFO | Evaluation completed | Student ID: cache | Score: 100
2026-04-12 14:06:58 | INFO | Request received | Student ID: cache | Question: Get the current datetime using datetime module
2026-04-12 14:06:58 | INFO | Processing evaluation | Student: cache | Language: python
2026-04-12 14:06:58 | INFO | Question profile | Student: cache | Language: python | Category: general | Task: unknown | Risk: medium
2026-04-12 14:06:58 | INFO | Evaluation path | Student: cache | Language: python | Mode: deterministic_shortcut | Type: zero_pass
2026-04-12 14:06:58 | INFO | Evaluation confidence | Student: cache | Language: python | Confidence: high
2026-04-12 14:06:58 | INFO | Evaluation completed | Student ID: cache | Score: 0
2026-04-12 14:06:58 | INFO | Request received | Student ID: cache | Question: Generate a random number using random module
2026-04-12 14:06:58 | INFO | Processing evaluation | Student: cache | Language: python
2026-04-12 14:06:58 | INFO | Question profile | Student: cache | Language: python | Category: general | Task: unknown | Risk: medium
2026-04-12 14:06:58 | INFO | Evaluation path | Student: cache | Language: python | Mode: exact_match
2026-04-12 14:06:58 | INFO | Evaluation completed | Student ID: cache | Score: 100
2026-04-12 14:06:58 | INFO | Request received | Student ID: cache | Question: Generate a random number using random module
2026-04-12 14:06:58 | INFO | Processing evaluation | Student: cache | Language: python
2026-04-12 14:06:58 | INFO | Question profile | Student: cache | Language: python | Category: general | Task: unknown | Risk: medium
2026-04-12 14:06:58 | INFO | Evaluation path | Student: cache | Language: python | Mode: deterministic_shortcut | Type: zero_pass
2026-04-12 14:06:58 | INFO | Evaluation confidence | Student: cache | Language: python | Confidence: high
2026-04-12 14:06:58 | INFO | Evaluation completed | Student ID: cache | Score: 0
2026-04-12 14:06:58 | INFO | Request received | Student ID: cache | Question: List files using os module
2026-04-12 14:06:58 | INFO | Processing evaluation | Student: cache | Language: python
2026-04-12 14:06:58 | INFO | Question profile | Student: cache | Language: python | Category: arrays_lists | Task: data_processing | Risk: medium
2026-04-12 14:06:58 | INFO | Evaluation path | Student: cache | Language: python | Mode: exact_match
2026-04-12 14:06:58 | INFO | Evaluation completed | Student ID: cache | Score: 100
2026-04-12 14:06:58 | INFO | Request received | Student ID: cache | Question: List files using os module
2026-04-12 14:06:58 | INFO | Processing evaluation | Student: cache | Language: python
2026-04-12 14:06:58 | INFO | Question profile | Student: cache | Language: python | Category: arrays_lists | Task: data_processing | Risk: medium
2026-04-12 14:06:58 | INFO | Evaluation path | Student: cache | Language: python | Mode: deterministic_shortcut | Type: zero_pass
2026-04-12 14:06:58 | INFO | Evaluation confidence | Student: cache | Language: python | Confidence: high
2026-04-12 14:06:58 | INFO | Evaluation completed | Student ID: cache | Score: 0
2026-04-12 14:06:58 | INFO | Request received | Student ID: cache | Question: Read command-line args using sys module
2026-04-12 14:06:58 | INFO | Processing evaluation | Student: cache | Language: python
2026-04-12 14:06:58 | INFO | Question profile | Student: cache | Language: python | Category: general | Task: unknown | Risk: medium
2026-04-12 14:06:58 | INFO | Evaluation path | Student: cache | Language: python | Mode: exact_match
2026-04-12 14:06:58 | INFO | Evaluation completed | Student ID: cache | Score: 100
2026-04-12 14:06:58 | INFO | Request received | Student ID: cache | Question: Read command-line args using sys module
2026-04-12 14:06:58 | INFO | Processing evaluation | Student: cache | Language: python
2026-04-12 14:06:58 | INFO | Question profile | Student: cache | Language: python | Category: general | Task: unknown | Risk: medium
2026-04-12 14:06:58 | INFO | Evaluation path | Student: cache | Language: python | Mode: deterministic_shortcut | Type: zero_pass
2026-04-12 14:06:58 | INFO | Evaluation confidence | Student: cache | Language: python | Confidence: high
2026-04-12 14:06:58 | INFO | Evaluation completed | Student ID: cache | Score: 0
2026-04-12 14:06:58 | INFO | Request received | Student ID: cache | Question: Use bitwise AND operation
2026-04-12 14:06:58 | INFO | Processing evaluation | Student: cache | Language: python
2026-04-12 14:06:58 | INFO | Question profile | Student: cache | Language: python | Category: general | Task: unknown | Risk: medium
2026-04-12 14:06:58 | INFO | Evaluation path | Student: cache | Language: python | Mode: exact_match
2026-04-12 14:06:58 | INFO | Evaluation completed | Student ID: cache | Score: 100
2026-04-12 14:06:58 | INFO | Request received | Student ID: cache | Question: Use bitwise AND operation
2026-04-12 14:06:58 | INFO | Processing evaluation | Student: cache | Language: python
2026-04-12 14:06:58 | INFO | Question profile | Student: cache | Language: python | Category: general | Task: unknown | Risk: medium
2026-04-12 14:06:58 | INFO | Evaluation path | Student: cache | Language: python | Mode: deterministic_shortcut | Type: zero_pass
2026-04-12 14:06:58 | INFO | Evaluation confidence | Student: cache | Language: python | Confidence: high
2026-04-12 14:06:58 | INFO | Evaluation completed | Student ID: cache | Score: 0
2026-04-12 14:06:58 | INFO | Request received | Student ID: cache | Question: Define a class in Python
2026-04-12 14:06:58 | INFO | Processing evaluation | Student: cache | Language: python
2026-04-12 14:06:58 | INFO | Question profile | Student: cache | Language: python | Category: general | Task: unknown | Risk: medium
2026-04-12 14:06:58 | INFO | Evaluation path | Student: cache | Language: python | Mode: exact_match
2026-04-12 14:06:58 | INFO | Evaluation completed | Student ID: cache | Score: 100
2026-04-12 14:06:58 | INFO | Request received | Student ID: cache | Question: Define a class in Python
2026-04-12 14:06:58 | INFO | Processing evaluation | Student: cache | Language: python
2026-04-12 14:06:58 | INFO | Question profile | Student: cache | Language: python | Category: general | Task: unknown | Risk: medium
2026-04-12 14:06:58 | INFO | Evaluation path | Student: cache | Language: python | Mode: deterministic_shortcut | Type: zero_pass
2026-04-12 14:06:58 | INFO | Evaluation confidence | Student: cache | Language: python | Confidence: high
2026-04-12 14:06:58 | INFO | Evaluation completed | Student ID: cache | Score: 0
2026-04-12 14:06:58 | INFO | Request received | Student ID: cache | Question: Show inheritance in Python
2026-04-12 14:06:58 | INFO | Processing evaluation | Student: cache | Language: python
2026-04-12 14:06:58 | INFO | Question profile | Student: cache | Language: python | Category: general | Task: unknown | Risk: medium
2026-04-12 14:06:58 | INFO | Evaluation path | Student: cache | Language: python | Mode: exact_match
2026-04-12 14:06:58 | INFO | Evaluation completed | Student ID: cache | Score: 100
2026-04-12 14:06:58 | INFO | Request received | Student ID: cache | Question: Show inheritance in Python
2026-04-12 14:06:58 | INFO | Processing evaluation | Student: cache | Language: python
2026-04-12 14:06:58 | INFO | Question profile | Student: cache | Language: python | Category: general | Task: unknown | Risk: medium
2026-04-12 14:06:58 | INFO | Evaluation path | Student: cache | Language: python | Mode: deterministic_shortcut | Type: zero_pass
2026-04-12 14:06:58 | INFO | Evaluation confidence | Student: cache | Language: python | Confidence: high
2026-04-12 14:06:58 | INFO | Evaluation completed | Student ID: cache | Score: 0
2026-04-12 14:06:58 | INFO | Request received | Student ID: cache | Question: Use recursion to compute factorial
2026-04-12 14:06:58 | INFO | Processing evaluation | Student: cache | Language: python
2026-04-12 14:06:58 | INFO | Question profile | Student: cache | Language: python | Category: basics_math | Task: basic_logic | Risk: low
2026-04-12 14:06:58 | INFO | Evaluation path | Student: cache | Language: python | Mode: exact_match
2026-04-12 14:06:58 | INFO | Evaluation completed | Student ID: cache | Score: 100
2026-04-12 14:06:58 | INFO | Request received | Student ID: cache | Question: Use recursion to compute factorial
2026-04-12 14:06:58 | INFO | Processing evaluation | Student: cache | Language: python
2026-04-12 14:06:58 | INFO | Question profile | Student: cache | Language: python | Category: basics_math | Task: basic_logic | Risk: low
2026-04-12 14:06:58 | INFO | Evaluation path | Student: cache | Language: python | Mode: deterministic_shortcut | Type: zero_pass
2026-04-12 14:06:58 | INFO | Evaluation confidence | Student: cache | Language: python | Confidence: high
2026-04-12 14:06:58 | INFO | Evaluation completed | Student ID: cache | Score: 0
2026-04-12 14:06:58 | INFO | Request received | Student ID: cache | Question: Use a for loop to iterate
2026-04-12 14:06:58 | INFO | Processing evaluation | Student: cache | Language: python
2026-04-12 14:06:58 | INFO | Question profile | Student: cache | Language: python | Category: general | Task: unknown | Risk: medium
2026-04-12 14:06:58 | INFO | Evaluation path | Student: cache | Language: python | Mode: exact_match
2026-04-12 14:06:58 | INFO | Evaluation completed | Student ID: cache | Score: 100
2026-04-12 14:06:58 | INFO | Request received | Student ID: cache | Question: Use a for loop to iterate
2026-04-12 14:06:58 | INFO | Processing evaluation | Student: cache | Language: python
2026-04-12 14:06:58 | INFO | Question profile | Student: cache | Language: python | Category: general | Task: unknown | Risk: medium
2026-04-12 14:06:58 | INFO | Evaluation path | Student: cache | Language: python | Mode: deterministic_shortcut | Type: zero_pass
2026-04-12 14:06:58 | INFO | Evaluation confidence | Student: cache | Language: python | Confidence: high
2026-04-12 14:06:58 | INFO | Evaluation completed | Student ID: cache | Score: 0
2026-04-12 14:06:58 | INFO | Request received | Student ID: cache | Question: Use a while loop to iterate
2026-04-12 14:06:58 | INFO | Processing evaluation | Student: cache | Language: python
2026-04-12 14:06:58 | INFO | Question profile | Student: cache | Language: python | Category: general | Task: unknown | Risk: medium
2026-04-12 14:06:58 | INFO | Evaluation path | Student: cache | Language: python | Mode: exact_match
2026-04-12 14:06:58 | INFO | Evaluation completed | Student ID: cache | Score: 100
2026-04-12 14:06:58 | INFO | Request received | Student ID: cache | Question: Use a while loop to iterate
2026-04-12 14:06:58 | INFO | Processing evaluation | Student: cache | Language: python
2026-04-12 14:06:58 | INFO | Question profile | Student: cache | Language: python | Category: general | Task: unknown | Risk: medium
2026-04-12 14:06:58 | INFO | Evaluation path | Student: cache | Language: python | Mode: deterministic_shortcut | Type: zero_pass
2026-04-12 14:06:58 | INFO | Evaluation confidence | Student: cache | Language: python | Confidence: high
2026-04-12 14:06:58 | INFO | Evaluation completed | Student ID: cache | Score: 0
2026-04-12 14:06:58 | INFO | Request received | Student ID: cache | Question: Create a list
2026-04-12 14:06:58 | INFO | Processing evaluation | Student: cache | Language: python
2026-04-12 14:06:58 | INFO | Question profile | Student: cache | Language: python | Category: arrays_lists | Task: data_processing | Risk: medium
2026-04-12 14:06:58 | INFO | Evaluation path | Student: cache | Language: python | Mode: exact_match
2026-04-12 14:06:58 | INFO | Evaluation completed | Student ID: cache | Score: 100
2026-04-12 14:06:58 | INFO | Request received | Student ID: cache | Question: Create a list
2026-04-12 14:06:58 | INFO | Processing evaluation | Student: cache | Language: python
2026-04-12 14:06:58 | INFO | Question profile | Student: cache | Language: python | Category: arrays_lists | Task: data_processing | Risk: medium
2026-04-12 14:06:58 | INFO | Evaluation path | Student: cache | Language: python | Mode: deterministic_shortcut | Type: zero_pass
2026-04-12 14:06:58 | INFO | Evaluation confidence | Student: cache | Language: python | Confidence: high
2026-04-12 14:06:58 | INFO | Evaluation completed | Student ID: cache | Score: 0
2026-04-12 14:06:58 | INFO | Request received | Student ID: cache | Question: Create a tuple
2026-04-12 14:06:58 | INFO | Processing evaluation | Student: cache | Language: python
2026-04-12 14:06:58 | INFO | Question profile | Student: cache | Language: python | Category: general | Task: unknown | Risk: medium
2026-04-12 14:06:58 | INFO | Evaluation path | Student: cache | Language: python | Mode: exact_match
2026-04-12 14:06:58 | INFO | Evaluation completed | Student ID: cache | Score: 100
2026-04-12 14:06:58 | INFO | Request received | Student ID: cache | Question: Create a set
2026-04-12 14:06:58 | INFO | Processing evaluation | Student: cache | Language: python
2026-04-12 14:06:58 | INFO | Question profile | Student: cache | Language: python | Category: collections | Task: required_technique | Risk: high
2026-04-12 14:06:58 | INFO | Evaluation path | Student: cache | Language: python | Mode: exact_match
2026-04-12 14:06:58 | INFO | Evaluation completed | Student ID: cache | Score: 100
2026-04-12 14:06:58 | INFO | Request received | Student ID: cache | Question: Create a dictionary
2026-04-12 14:06:58 | INFO | Processing evaluation | Student: cache | Language: python
2026-04-12 14:06:58 | INFO | Question profile | Student: cache | Language: python | Category: collections | Task: required_technique | Risk: high
2026-04-12 14:06:58 | INFO | Evaluation path | Student: cache | Language: python | Mode: exact_match
2026-04-12 14:06:58 | INFO | Evaluation completed | Student ID: cache | Score: 100
2026-04-12 14:06:58 | INFO | Request received | Student ID: cache | Question: Use slicing to get a substring
2026-04-12 14:06:58 | INFO | Processing evaluation | Student: cache | Language: python
2026-04-12 14:06:58 | INFO | Question profile | Student: cache | Language: python | Category: general | Task: unknown | Risk: medium
2026-04-12 14:06:58 | INFO | Evaluation path | Student: cache | Language: python | Mode: exact_match
2026-04-12 14:06:58 | INFO | Evaluation completed | Student ID: cache | Score: 100
2026-04-12 14:06:58 | INFO | Request received | Student ID: cache | Question: Use slicing to get a substring
2026-04-12 14:06:58 | INFO | Processing evaluation | Student: cache | Language: python
2026-04-12 14:06:58 | INFO | Question profile | Student: cache | Language: python | Category: general | Task: unknown | Risk: medium
2026-04-12 14:06:58 | INFO | Evaluation path | Student: cache | Language: python | Mode: deterministic_shortcut | Type: zero_pass
2026-04-12 14:06:58 | INFO | Evaluation confidence | Student: cache | Language: python | Confidence: high
2026-04-12 14:06:58 | INFO | Evaluation completed | Student ID: cache | Score: 0
2026-04-12 14:06:58 | INFO | Request received | Student ID: cache | Question: Use list methods to add an item
2026-04-12 14:06:58 | INFO | Processing evaluation | Student: cache | Language: python
2026-04-12 14:06:58 | INFO | Question profile | Student: cache | Language: python | Category: arrays_lists | Task: data_processing | Risk: medium
2026-04-12 14:06:58 | INFO | Evaluation path | Student: cache | Language: python | Mode: exact_match
2026-04-12 14:06:58 | INFO | Evaluation completed | Student ID: cache | Score: 100
2026-04-12 14:06:58 | INFO | Request received | Student ID: cache | Question: Use list methods to add an item
2026-04-12 14:06:58 | INFO | Processing evaluation | Student: cache | Language: python
2026-04-12 14:06:58 | INFO | Question profile | Student: cache | Language: python | Category: arrays_lists | Task: data_processing | Risk: medium
2026-04-12 14:06:58 | INFO | Evaluation path | Student: cache | Language: python | Mode: deterministic_shortcut | Type: zero_pass
2026-04-12 14:06:58 | INFO | Evaluation confidence | Student: cache | Language: python | Confidence: high
2026-04-12 14:06:58 | INFO | Evaluation completed | Student ID: cache | Score: 0
2026-04-12 14:06:58 | INFO | Request received | Student ID: cache | Question: Use dict methods to access a value
2026-04-12 14:06:58 | INFO | Processing evaluation | Student: cache | Language: python
2026-04-12 14:06:58 | INFO | Question profile | Student: cache | Language: python | Category: general_code | Task: function_logic | Risk: medium
2026-04-12 14:06:58 | INFO | Evaluation path | Student: cache | Language: python | Mode: exact_match
2026-04-12 14:06:58 | INFO | Evaluation completed | Student ID: cache | Score: 100
2026-04-12 14:06:58 | INFO | Request received | Student ID: cache | Question: Use dict methods to access a value
2026-04-12 14:06:58 | INFO | Processing evaluation | Student: cache | Language: python
2026-04-12 14:06:58 | INFO | Question profile | Student: cache | Language: python | Category: general_code | Task: function_logic | Risk: medium
2026-04-12 14:06:58 | INFO | Evaluation path | Student: cache | Language: python | Mode: deterministic_shortcut | Type: zero_pass
2026-04-12 14:06:58 | INFO | Evaluation confidence | Student: cache | Language: python | Confidence: high
2026-04-12 14:06:58 | INFO | Evaluation completed | Student ID: cache | Score: 0
2026-04-12 14:06:58 | INFO | Request received | Student ID: cache | Question: Use set operations to find intersection
2026-04-12 14:06:58 | INFO | Processing evaluation | Student: cache | Language: python
2026-04-12 14:06:58 | INFO | Question profile | Student: cache | Language: python | Category: collections | Task: required_technique | Risk: high
2026-04-12 14:06:58 | INFO | Evaluation path | Student: cache | Language: python | Mode: exact_match
2026-04-12 14:06:58 | INFO | Evaluation completed | Student ID: cache | Score: 100
2026-04-12 14:06:58 | INFO | Request received | Student ID: cache | Question: Use set operations to find intersection
2026-04-12 14:06:58 | INFO | Processing evaluation | Student: cache | Language: python
2026-04-12 14:06:58 | INFO | Question profile | Student: cache | Language: python | Category: collections | Task: required_technique | Risk: high
2026-04-12 14:06:58 | INFO | Evaluation path | Student: cache | Language: python | Mode: deterministic_shortcut | Type: zero_pass
2026-04-12 14:06:58 | INFO | Evaluation confidence | Student: cache | Language: python | Confidence: high
2026-04-12 14:06:58 | INFO | Evaluation completed | Student ID: cache | Score: 0
2026-04-12 14:06:58 | INFO | Request received | Student ID: cache | Question: Define a custom exception
2026-04-12 14:06:58 | INFO | Processing evaluation | Student: cache | Language: python
2026-04-12 14:06:58 | INFO | Question profile | Student: cache | Language: python | Category: error_handling | Task: safety | Risk: high
2026-04-12 14:06:58 | INFO | Evaluation path | Student: cache | Language: python | Mode: exact_match
2026-04-12 14:06:58 | INFO | Evaluation completed | Student ID: cache | Score: 100
2026-04-12 14:06:58 | INFO | Request received | Student ID: cache | Question: Define a custom exception
2026-04-12 14:06:58 | INFO | Processing evaluation | Student: cache | Language: python
2026-04-12 14:06:58 | INFO | Question profile | Student: cache | Language: python | Category: error_handling | Task: safety | Risk: high
2026-04-12 14:06:58 | INFO | Evaluation path | Student: cache | Language: python | Mode: deterministic_shortcut | Type: zero_pass
2026-04-12 14:06:58 | INFO | Evaluation confidence | Student: cache | Language: python | Confidence: high
2026-04-12 14:06:58 | INFO | Evaluation completed | Student ID: cache | Score: 0
2026-04-12 14:06:58 | INFO | Request received | Student ID: cache | Question: Implement __enter__ and __exit__ for a context man
2026-04-12 14:06:58 | INFO | Processing evaluation | Student: cache | Language: python
2026-04-12 14:06:58 | INFO | Question profile | Student: cache | Language: python | Category: general | Task: unknown | Risk: medium
2026-04-12 14:06:58 | INFO | Evaluation path | Student: cache | Language: python | Mode: exact_match
2026-04-12 14:06:58 | INFO | Evaluation completed | Student ID: cache | Score: 100
2026-04-12 14:06:58 | INFO | Request received | Student ID: cache | Question: Implement __enter__ and __exit__ for a context man
2026-04-12 14:06:58 | INFO | Processing evaluation | Student: cache | Language: python
2026-04-12 14:06:58 | INFO | Question profile | Student: cache | Language: python | Category: general | Task: unknown | Risk: medium
2026-04-12 14:06:58 | INFO | Evaluation path | Student: cache | Language: python | Mode: deterministic_shortcut | Type: full_pass
2026-04-12 14:06:58 | INFO | Evaluation confidence | Student: cache | Language: python | Confidence: high
2026-04-12 14:06:58 | INFO | Evaluation completed | Student ID: cache | Score: 100
2026-04-12 14:06:58 | INFO | Request received | Student ID: cache | Question: Use an iterator to get the next item
2026-04-12 14:06:58 | INFO | Processing evaluation | Student: cache | Language: python
2026-04-12 14:06:58 | INFO | Question profile | Student: cache | Language: python | Category: general | Task: unknown | Risk: medium
2026-04-12 14:06:58 | INFO | Evaluation path | Student: cache | Language: python | Mode: exact_match
2026-04-12 14:06:58 | INFO | Evaluation completed | Student ID: cache | Score: 100
2026-04-12 14:06:58 | INFO | Request received | Student ID: cache | Question: Use an iterator to get the next item
2026-04-12 14:06:58 | INFO | Processing evaluation | Student: cache | Language: python
2026-04-12 14:06:58 | INFO | Question profile | Student: cache | Language: python | Category: general | Task: unknown | Risk: medium
2026-04-12 14:06:58 | INFO | Evaluation path | Student: cache | Language: python | Mode: deterministic_shortcut | Type: zero_pass
2026-04-12 14:06:58 | INFO | Evaluation confidence | Student: cache | Language: python | Confidence: high
2026-04-12 14:06:58 | INFO | Evaluation completed | Student ID: cache | Score: 0
2026-04-12 14:06:58 | INFO | Request received | Student ID: cache | Question: Create a generator
2026-04-12 14:06:58 | INFO | Processing evaluation | Student: cache | Language: python
2026-04-12 14:06:58 | INFO | Question profile | Student: cache | Language: python | Category: general | Task: unknown | Risk: medium
2026-04-12 14:06:58 | INFO | Evaluation path | Student: cache | Language: python | Mode: exact_match
2026-04-12 14:06:58 | INFO | Evaluation completed | Student ID: cache | Score: 100
2026-04-12 14:06:58 | INFO | Request received | Student ID: cache | Question: Create a generator
2026-04-12 14:06:58 | INFO | Processing evaluation | Student: cache | Language: python
2026-04-12 14:06:58 | INFO | Question profile | Student: cache | Language: python | Category: general | Task: unknown | Risk: medium
2026-04-12 14:06:58 | INFO | Evaluation path | Student: cache | Language: python | Mode: deterministic_shortcut | Type: zero_pass
2026-04-12 14:06:58 | INFO | Evaluation confidence | Student: cache | Language: python | Confidence: high
2026-04-12 14:06:58 | INFO | Evaluation completed | Student ID: cache | Score: 0
2026-04-12 14:06:58 | INFO | Request received | Student ID: cache | Question: Read a file
2026-04-12 14:06:58 | INFO | Processing evaluation | Student: cache | Language: python
2026-04-12 14:06:58 | INFO | Question profile | Student: cache | Language: python | Category: io_parsing | Task: file_io | Risk: high
2026-04-12 14:06:58 | INFO | Evaluation path | Student: cache | Language: python | Mode: exact_match
2026-04-12 14:06:58 | INFO | Evaluation completed | Student ID: cache | Score: 100
2026-04-12 14:06:58 | INFO | Request received | Student ID: cache | Question: Read a file
2026-04-12 14:06:58 | INFO | Processing evaluation | Student: cache | Language: python
2026-04-12 14:06:58 | INFO | Question profile | Student: cache | Language: python | Category: io_parsing | Task: file_io | Risk: high
2026-04-12 14:06:58 | INFO | Evaluation path | Student: cache | Language: python | Mode: deterministic_shortcut | Type: zero_pass
2026-04-12 14:06:58 | INFO | Evaluation confidence | Student: cache | Language: python | Confidence: high
2026-04-12 14:06:58 | INFO | Evaluation completed | Student ID: cache | Score: 0
2026-04-12 14:06:58 | INFO | Request received | Student ID: cache | Question: Write to a file
2026-04-12 14:06:58 | INFO | Processing evaluation | Student: cache | Language: python
2026-04-12 14:06:58 | INFO | Question profile | Student: cache | Language: python | Category: general | Task: unknown | Risk: medium
2026-04-12 14:06:58 | INFO | Evaluation path | Student: cache | Language: python | Mode: exact_match
2026-04-12 14:06:58 | INFO | Evaluation completed | Student ID: cache | Score: 100
2026-04-12 14:06:58 | INFO | Request received | Student ID: cache | Question: Write to a file
2026-04-12 14:06:58 | INFO | Processing evaluation | Student: cache | Language: python
2026-04-12 14:06:58 | INFO | Question profile | Student: cache | Language: python | Category: general | Task: unknown | Risk: medium
2026-04-12 14:06:58 | INFO | Evaluation path | Student: cache | Language: python | Mode: deterministic_shortcut | Type: zero_pass
2026-04-12 14:06:58 | INFO | Evaluation confidence | Student: cache | Language: python | Confidence: high
2026-04-12 14:06:58 | INFO | Evaluation completed | Student ID: cache | Score: 0
2026-04-12 14:06:58 | INFO | Request received | Student ID: cache | Question: Read a binary file
2026-04-12 14:06:58 | INFO | Processing evaluation | Student: cache | Language: python
2026-04-12 14:06:58 | INFO | Question profile | Student: cache | Language: python | Category: general | Task: unknown | Risk: medium
2026-04-12 14:06:58 | INFO | Evaluation path | Student: cache | Language: python | Mode: exact_match
2026-04-12 14:06:58 | INFO | Evaluation completed | Student ID: cache | Score: 100
2026-04-12 14:06:58 | INFO | Request received | Student ID: cache | Question: Read a binary file
2026-04-12 14:06:58 | INFO | Processing evaluation | Student: cache | Language: python
2026-04-12 14:06:58 | INFO | Question profile | Student: cache | Language: python | Category: general | Task: unknown | Risk: medium
2026-04-12 14:06:58 | INFO | Evaluation path | Student: cache | Language: python | Mode: deterministic_shortcut | Type: zero_pass
2026-04-12 14:06:58 | INFO | Evaluation confidence | Student: cache | Language: python | Confidence: high
2026-04-12 14:06:58 | INFO | Evaluation completed | Student ID: cache | Score: 0
2026-04-12 14:06:58 | INFO | Request received | Student ID: cache | Question: Use linear search to find an element
2026-04-12 14:06:58 | INFO | Processing evaluation | Student: cache | Language: python
2026-04-12 14:06:58 | INFO | Question profile | Student: cache | Language: python | Category: general | Task: unknown | Risk: medium
2026-04-12 14:06:58 | INFO | Evaluation path | Student: cache | Language: python | Mode: exact_match
2026-04-12 14:06:58 | INFO | Evaluation completed | Student ID: cache | Score: 100
2026-04-12 14:06:58 | INFO | Request received | Student ID: cache | Question: Sort a list
2026-04-12 14:06:58 | INFO | Processing evaluation | Student: cache | Language: python
2026-04-12 14:06:58 | INFO | Question profile | Student: cache | Language: python | Category: arrays_search_sort | Task: search_sort | Risk: medium
2026-04-12 14:06:58 | INFO | Evaluation path | Student: cache | Language: python | Mode: exact_match
2026-04-12 14:06:58 | INFO | Evaluation completed | Student ID: cache | Score: 100
2026-04-12 14:06:58 | INFO | Request received | Student ID: cache | Question: Sort a list
2026-04-12 14:06:58 | INFO | Processing evaluation | Student: cache | Language: python
2026-04-12 14:06:58 | INFO | Question profile | Student: cache | Language: python | Category: arrays_search_sort | Task: search_sort | Risk: medium
2026-04-12 14:06:58 | INFO | Evaluation path | Student: cache | Language: python | Mode: deterministic_shortcut | Type: zero_pass
2026-04-12 14:06:58 | INFO | Evaluation confidence | Student: cache | Language: python | Confidence: high
2026-04-12 14:06:58 | INFO | Evaluation completed | Student ID: cache | Score: 0
2026-04-12 14:06:58 | INFO | Request received | Student ID: cache | Question: Use linear search to find an element
2026-04-12 14:06:58 | INFO | Processing evaluation | Student: cache | Language: python
2026-04-12 14:06:58 | INFO | Question profile | Student: cache | Language: python | Category: general | Task: unknown | Risk: medium
2026-04-12 14:06:58 | INFO | Evaluation path | Student: cache | Language: python | Mode: deterministic_shortcut | Type: zero_pass
2026-04-12 14:06:58 | INFO | Evaluation confidence | Student: cache | Language: python | Confidence: high
2026-04-12 14:06:58 | INFO | Evaluation completed | Student ID: cache | Score: 0
2026-04-12 14:06:58 | INFO | Request received | Student ID: cache | Question: Use dynamic programming for Fibonacci
2026-04-12 14:06:58 | INFO | Processing evaluation | Student: cache | Language: python
2026-04-12 14:06:58 | INFO | Question profile | Student: cache | Language: python | Category: arrays_search_sort | Task: search_sort | Risk: medium
2026-04-12 14:06:58 | INFO | Evaluation path | Student: cache | Language: python | Mode: deterministic_shortcut | Type: zero_pass
2026-04-12 14:06:58 | INFO | Evaluation confidence | Student: cache | Language: python | Confidence: high
2026-04-12 14:06:58 | INFO | Evaluation completed | Student ID: cache | Score: 0
2026-04-12 14:06:58 | INFO | Request received | Student ID: cache | Question: Use dynamic programming for Fibonacci
2026-04-12 14:06:58 | INFO | Processing evaluation | Student: cache | Language: python
2026-04-12 14:06:58 | INFO | Question profile | Student: cache | Language: python | Category: arrays_search_sort | Task: search_sort | Risk: medium
2026-04-12 14:06:58 | INFO | Evaluation path | Student: cache | Language: python | Mode: exact_match
2026-04-12 14:06:58 | INFO | Evaluation completed | Student ID: cache | Score: 100
2026-04-12 14:06:58 | INFO | Request received | Student ID: cache | Question: Check if string starts with prefix
2026-04-12 14:06:58 | INFO | Processing evaluation | Student: cache | Language: python
2026-04-12 14:06:58 | INFO | Question profile | Student: cache | Language: python | Category: general | Task: unknown | Risk: medium
2026-04-12 14:06:58 | INFO | Evaluation path | Student: cache | Language: python | Mode: exact_match
2026-04-12 14:06:58 | INFO | Evaluation completed | Student ID: cache | Score: 100
2026-04-12 14:06:58 | INFO | Request received | Student ID: cache | Question: Check if string starts with prefix
2026-04-12 14:06:58 | INFO | Processing evaluation | Student: cache | Language: python
2026-04-12 14:06:58 | INFO | Question profile | Student: cache | Language: python | Category: general | Task: unknown | Risk: medium
2026-04-12 14:06:58 | INFO | Evaluation path | Student: cache | Language: python | Mode: deterministic_shortcut | Type: zero_pass
2026-04-12 14:06:58 | INFO | Evaluation confidence | Student: cache | Language: python | Confidence: high
2026-04-12 14:06:58 | INFO | Evaluation completed | Student ID: cache | Score: 0
2026-04-12 14:06:58 | INFO | Request received | Student ID: cache | Question: Check if string ends with suffix
2026-04-12 14:06:58 | INFO | Processing evaluation | Student: cache | Language: python
2026-04-12 14:06:58 | INFO | Question profile | Student: cache | Language: python | Category: general | Task: unknown | Risk: medium
2026-04-12 14:06:58 | INFO | Evaluation path | Student: cache | Language: python | Mode: exact_match
2026-04-12 14:06:58 | INFO | Evaluation completed | Student ID: cache | Score: 100
2026-04-12 14:06:58 | INFO | Request received | Student ID: cache | Question: Check if string ends with suffix
2026-04-12 14:06:58 | INFO | Processing evaluation | Student: cache | Language: python
2026-04-12 14:06:58 | INFO | Question profile | Student: cache | Language: python | Category: general | Task: unknown | Risk: medium
2026-04-12 14:06:58 | INFO | Evaluation path | Student: cache | Language: python | Mode: deterministic_shortcut | Type: zero_pass
2026-04-12 14:06:58 | INFO | Evaluation confidence | Student: cache | Language: python | Confidence: high
2026-04-12 14:06:58 | INFO | Evaluation completed | Student ID: cache | Score: 0
2026-04-12 14:06:58 | INFO | Request received | Student ID: cache | Question: Split string by comma
2026-04-12 14:06:58 | INFO | Processing evaluation | Student: cache | Language: python
2026-04-12 14:06:58 | INFO | Question profile | Student: cache | Language: python | Category: general | Task: unknown | Risk: medium
2026-04-12 14:06:58 | INFO | Evaluation path | Student: cache | Language: python | Mode: exact_match
2026-04-12 14:06:58 | INFO | Evaluation completed | Student ID: cache | Score: 100
2026-04-12 14:06:58 | INFO | Request received | Student ID: cache | Question: Split string by comma
2026-04-12 14:06:58 | INFO | Processing evaluation | Student: cache | Language: python
2026-04-12 14:06:58 | INFO | Question profile | Student: cache | Language: python | Category: general | Task: unknown | Risk: medium
2026-04-12 14:06:58 | INFO | Evaluation path | Student: cache | Language: python | Mode: deterministic_shortcut | Type: zero_pass
2026-04-12 14:06:58 | INFO | Evaluation confidence | Student: cache | Language: python | Confidence: high
2026-04-12 14:06:58 | INFO | Evaluation completed | Student ID: cache | Score: 0
2026-04-12 14:06:58 | INFO | Request received | Student ID: cache | Question: Join list of words into a string
2026-04-12 14:06:58 | INFO | Processing evaluation | Student: cache | Language: python
2026-04-12 14:06:58 | INFO | Question profile | Student: cache | Language: python | Category: arrays_lists | Task: data_processing | Risk: medium
2026-04-12 14:06:58 | INFO | Evaluation path | Student: cache | Language: python | Mode: exact_match
2026-04-12 14:06:58 | INFO | Evaluation completed | Student ID: cache | Score: 100
2026-04-12 14:06:58 | INFO | Request received | Student ID: cache | Question: Join list of words into a string
2026-04-12 14:06:58 | INFO | Processing evaluation | Student: cache | Language: python
2026-04-12 14:06:58 | INFO | Question profile | Student: cache | Language: python | Category: arrays_lists | Task: data_processing | Risk: medium
2026-04-12 14:06:58 | INFO | Evaluation path | Student: cache | Language: python | Mode: deterministic_shortcut | Type: zero_pass
2026-04-12 14:06:58 | INFO | Evaluation confidence | Student: cache | Language: python | Confidence: high
2026-04-12 14:06:58 | INFO | Evaluation completed | Student ID: cache | Score: 0
2026-04-12 14:06:58 | INFO | Request received | Student ID: cache | Question: Strip whitespace from a string
2026-04-12 14:06:58 | INFO | Processing evaluation | Student: cache | Language: python
2026-04-12 14:06:58 | INFO | Question profile | Student: cache | Language: python | Category: general | Task: unknown | Risk: medium
2026-04-12 14:06:58 | INFO | Evaluation path | Student: cache | Language: python | Mode: exact_match
2026-04-12 14:06:58 | INFO | Evaluation completed | Student ID: cache | Score: 100
2026-04-12 14:06:58 | INFO | Request received | Student ID: cache | Question: Strip whitespace from a string
2026-04-12 14:06:58 | INFO | Processing evaluation | Student: cache | Language: python
2026-04-12 14:06:58 | INFO | Question profile | Student: cache | Language: python | Category: general | Task: unknown | Risk: medium
2026-04-12 14:06:58 | INFO | Evaluation path | Student: cache | Language: python | Mode: deterministic_shortcut | Type: zero_pass
2026-04-12 14:06:58 | INFO | Evaluation confidence | Student: cache | Language: python | Confidence: high
2026-04-12 14:06:58 | INFO | Evaluation completed | Student ID: cache | Score: 0
2026-04-12 14:06:58 | INFO | Request received | Student ID: cache | Question: Replace substring in a string
2026-04-12 14:06:58 | INFO | Processing evaluation | Student: cache | Language: python
2026-04-12 14:06:58 | INFO | Question profile | Student: cache | Language: python | Category: general | Task: unknown | Risk: medium
2026-04-12 14:06:58 | INFO | Evaluation path | Student: cache | Language: python | Mode: exact_match
2026-04-12 14:06:58 | INFO | Evaluation completed | Student ID: cache | Score: 100
2026-04-12 14:06:58 | INFO | Request received | Student ID: cache | Question: Replace substring in a string
2026-04-12 14:06:58 | INFO | Processing evaluation | Student: cache | Language: python
2026-04-12 14:06:58 | INFO | Question profile | Student: cache | Language: python | Category: general | Task: unknown | Risk: medium
2026-04-12 14:06:58 | INFO | Evaluation path | Student: cache | Language: python | Mode: deterministic_shortcut | Type: zero_pass
2026-04-12 14:06:58 | INFO | Evaluation confidence | Student: cache | Language: python | Confidence: high
2026-04-12 14:06:58 | INFO | Evaluation completed | Student ID: cache | Score: 0
2026-04-12 14:06:58 | INFO | Request received | Student ID: cache | Question: Find substring position in a string
2026-04-12 14:06:58 | INFO | Processing evaluation | Student: cache | Language: python
2026-04-12 14:06:58 | INFO | Question profile | Student: cache | Language: python | Category: general | Task: unknown | Risk: medium
2026-04-12 14:06:58 | INFO | Evaluation path | Student: cache | Language: python | Mode: exact_match
2026-04-12 14:06:58 | INFO | Evaluation completed | Student ID: cache | Score: 100
2026-04-12 14:06:58 | INFO | Request received | Student ID: cache | Question: Find substring position in a string
2026-04-12 14:06:58 | INFO | Processing evaluation | Student: cache | Language: python
2026-04-12 14:06:58 | INFO | Question profile | Student: cache | Language: python | Category: general | Task: unknown | Risk: medium
2026-04-12 14:06:58 | INFO | Evaluation path | Student: cache | Language: python | Mode: deterministic_shortcut | Type: zero_pass
2026-04-12 14:06:58 | INFO | Evaluation confidence | Student: cache | Language: python | Confidence: high
2026-04-12 14:06:58 | INFO | Evaluation completed | Student ID: cache | Score: 0
2026-04-12 14:06:58 | INFO | Request received | Student ID: cache | Question: Find length of emoji string
2026-04-12 14:06:58 | INFO | Processing evaluation | Student: cache | Language: python
2026-04-12 14:06:58 | INFO | Question profile | Student: cache | Language: python | Category: general | Task: unknown | Risk: medium
2026-04-12 14:06:58 | INFO | Evaluation path | Student: cache | Language: python | Mode: exact_match
2026-04-12 14:06:58 | INFO | Evaluation completed | Student ID: cache | Score: 100
2026-04-12 14:06:58 | INFO | Request received | Student ID: cache | Question: Find length of emoji string
2026-04-12 14:06:58 | INFO | Processing evaluation | Student: cache | Language: python
2026-04-12 14:06:58 | INFO | Question profile | Student: cache | Language: python | Category: general | Task: unknown | Risk: medium
2026-04-12 14:06:58 | INFO | Evaluation path | Student: cache | Language: python | Mode: deterministic_shortcut | Type: zero_pass
2026-04-12 14:06:58 | INFO | Evaluation confidence | Student: cache | Language: python | Confidence: high
2026-04-12 14:06:58 | INFO | Evaluation completed | Student ID: cache | Score: 0
2026-04-12 14:06:58 | INFO | Request received | Student ID: cache | Question: Copy a list
2026-04-12 14:06:58 | INFO | Processing evaluation | Student: cache | Language: python
2026-04-12 14:06:58 | INFO | Question profile | Student: cache | Language: python | Category: arrays_lists | Task: data_processing | Risk: medium
2026-04-12 14:06:58 | INFO | Evaluation path | Student: cache | Language: python | Mode: exact_match
2026-04-12 14:06:58 | INFO | Evaluation completed | Student ID: cache | Score: 100
2026-04-12 14:06:58 | INFO | Request received | Student ID: cache | Question: Copy a list
2026-04-12 14:06:58 | INFO | Processing evaluation | Student: cache | Language: python
2026-04-12 14:06:58 | INFO | Question profile | Student: cache | Language: python | Category: arrays_lists | Task: data_processing | Risk: medium
2026-04-12 14:06:58 | INFO | Evaluation path | Student: cache | Language: python | Mode: deterministic_shortcut | Type: zero_pass
2026-04-12 14:06:58 | INFO | Evaluation confidence | Student: cache | Language: python | Confidence: high
2026-04-12 14:06:58 | INFO | Evaluation completed | Student ID: cache | Score: 0
2026-04-12 14:06:58 | INFO | Request received | Student ID: cache | Question: Sort list of tuples by second element using key
2026-04-12 14:06:58 | INFO | Processing evaluation | Student: cache | Language: python
2026-04-12 14:06:58 | INFO | Question profile | Student: cache | Language: python | Category: arrays_search_sort | Task: search_sort | Risk: medium
2026-04-12 14:06:58 | INFO | Evaluation path | Student: cache | Language: python | Mode: exact_match
2026-04-12 14:06:58 | INFO | Evaluation completed | Student ID: cache | Score: 100
2026-04-12 14:06:58 | INFO | Request received | Student ID: cache | Question: Sort list of tuples by second element using key
2026-04-12 14:06:58 | INFO | Processing evaluation | Student: cache | Language: python
2026-04-12 14:06:58 | INFO | Question profile | Student: cache | Language: python | Category: arrays_search_sort | Task: search_sort | Risk: medium
2026-04-12 14:06:58 | INFO | Evaluation path | Student: cache | Language: python | Mode: deterministic_shortcut | Type: zero_pass
2026-04-12 14:06:58 | INFO | Evaluation confidence | Student: cache | Language: python | Confidence: high
2026-04-12 14:06:58 | INFO | Evaluation completed | Student ID: cache | Score: 0
2026-04-12 14:06:58 | INFO | Request received | Student ID: cache | Question: Merge two dictionaries
2026-04-12 14:06:58 | INFO | Processing evaluation | Student: cache | Language: python
2026-04-12 14:06:58 | INFO | Question profile | Student: cache | Language: python | Category: general | Task: unknown | Risk: medium
2026-04-12 14:06:58 | INFO | Evaluation path | Student: cache | Language: python | Mode: exact_match
2026-04-12 14:06:58 | INFO | Evaluation completed | Student ID: cache | Score: 100
2026-04-12 14:06:58 | INFO | Request received | Student ID: cache | Question: Merge two dictionaries
2026-04-12 14:06:58 | INFO | Processing evaluation | Student: cache | Language: python
2026-04-12 14:06:58 | INFO | Question profile | Student: cache | Language: python | Category: general | Task: unknown | Risk: medium
2026-04-12 14:06:58 | INFO | Evaluation path | Student: cache | Language: python | Mode: deterministic_shortcut | Type: zero_pass
2026-04-12 14:06:58 | INFO | Evaluation confidence | Student: cache | Language: python | Confidence: high
2026-04-12 14:06:58 | INFO | Evaluation completed | Student ID: cache | Score: 0
2026-04-12 14:06:58 | INFO | Request received | Student ID: cache | Question: Use defaultdict to group items
2026-04-12 14:06:58 | INFO | Processing evaluation | Student: cache | Language: python
2026-04-12 14:06:58 | INFO | Question profile | Student: cache | Language: python | Category: general | Task: unknown | Risk: medium
2026-04-12 14:06:58 | INFO | Evaluation path | Student: cache | Language: python | Mode: exact_match
2026-04-12 14:06:58 | INFO | Evaluation completed | Student ID: cache | Score: 100
2026-04-12 14:06:58 | INFO | Request received | Student ID: cache | Question: Use defaultdict to group items
2026-04-12 14:06:58 | INFO | Processing evaluation | Student: cache | Language: python
2026-04-12 14:06:58 | INFO | Question profile | Student: cache | Language: python | Category: general | Task: unknown | Risk: medium
2026-04-12 14:06:58 | INFO | Evaluation path | Student: cache | Language: python | Mode: deterministic_shortcut | Type: zero_pass
2026-04-12 14:06:58 | INFO | Evaluation confidence | Student: cache | Language: python | Confidence: high
2026-04-12 14:06:58 | INFO | Evaluation completed | Student ID: cache | Score: 0
2026-04-12 14:06:58 | INFO | Request received | Student ID: cache | Question: Count frequency using Counter
2026-04-12 14:06:58 | INFO | Processing evaluation | Student: cache | Language: python
2026-04-12 14:06:58 | INFO | Question profile | Student: cache | Language: python | Category: arrays_lists | Task: data_processing | Risk: medium
2026-04-12 14:06:58 | INFO | Evaluation path | Student: cache | Language: python | Mode: exact_match
2026-04-12 14:06:58 | INFO | Evaluation completed | Student ID: cache | Score: 100
2026-04-12 14:06:58 | INFO | Request received | Student ID: cache | Question: Count frequency using Counter
2026-04-12 14:06:58 | INFO | Processing evaluation | Student: cache | Language: python
2026-04-12 14:06:58 | INFO | Question profile | Student: cache | Language: python | Category: arrays_lists | Task: data_processing | Risk: medium
2026-04-12 14:06:58 | INFO | Evaluation path | Student: cache | Language: python | Mode: deterministic_shortcut | Type: zero_pass
2026-04-12 14:06:58 | INFO | Evaluation confidence | Student: cache | Language: python | Confidence: high
2026-04-12 14:06:58 | INFO | Evaluation completed | Student ID: cache | Score: 0
2026-04-12 14:06:58 | INFO | Request received | Student ID: cache | Question: Check if set a is subset of set b
2026-04-12 14:06:58 | INFO | Processing evaluation | Student: cache | Language: python
2026-04-12 14:06:58 | INFO | Question profile | Student: cache | Language: python | Category: collections | Task: required_technique | Risk: high
2026-04-12 14:06:58 | INFO | Evaluation path | Student: cache | Language: python | Mode: exact_match
2026-04-12 14:06:58 | INFO | Evaluation completed | Student ID: cache | Score: 100
2026-04-12 14:06:58 | INFO | Request received | Student ID: cache | Question: Check if set a is subset of set b
2026-04-12 14:06:58 | INFO | Processing evaluation | Student: cache | Language: python
2026-04-12 14:06:58 | INFO | Question profile | Student: cache | Language: python | Category: collections | Task: required_technique | Risk: high
2026-04-12 14:06:58 | INFO | Evaluation path | Student: cache | Language: python | Mode: deterministic_shortcut | Type: zero_pass
2026-04-12 14:06:58 | INFO | Evaluation confidence | Student: cache | Language: python | Confidence: high
2026-04-12 14:06:58 | INFO | Evaluation completed | Student ID: cache | Score: 0
2026-04-12 14:06:58 | INFO | Request received | Student ID: cache | Question: Use range to loop from 0 to 4
2026-04-12 14:06:58 | INFO | Processing evaluation | Student: cache | Language: python
2026-04-12 14:06:58 | INFO | Question profile | Student: cache | Language: python | Category: general | Task: unknown | Risk: medium
2026-04-12 14:06:58 | INFO | Evaluation path | Student: cache | Language: python | Mode: exact_match
2026-04-12 14:06:58 | INFO | Evaluation completed | Student ID: cache | Score: 100
2026-04-12 14:06:58 | INFO | Request received | Student ID: cache | Question: Use range to loop from 0 to 4
2026-04-12 14:06:58 | INFO | Processing evaluation | Student: cache | Language: python
2026-04-12 14:06:58 | INFO | Question profile | Student: cache | Language: python | Category: general | Task: unknown | Risk: medium
2026-04-12 14:06:58 | INFO | Evaluation path | Student: cache | Language: python | Mode: deterministic_shortcut | Type: zero_pass
2026-04-12 14:06:58 | INFO | Evaluation confidence | Student: cache | Language: python | Confidence: high
2026-04-12 14:06:58 | INFO | Evaluation completed | Student ID: cache | Score: 0
2026-04-12 14:06:58 | INFO | Request received | Student ID: cache | Question: Use enumerate to loop with indexes
2026-04-12 14:06:58 | INFO | Processing evaluation | Student: cache | Language: python
2026-04-12 14:06:58 | INFO | Question profile | Student: cache | Language: python | Category: general | Task: unknown | Risk: medium
2026-04-12 14:06:58 | INFO | Evaluation path | Student: cache | Language: python | Mode: exact_match
2026-04-12 14:06:58 | INFO | Evaluation completed | Student ID: cache | Score: 100
2026-04-12 14:06:58 | INFO | Request received | Student ID: cache | Question: Use enumerate to loop with indexes
2026-04-12 14:06:58 | INFO | Processing evaluation | Student: cache | Language: python
2026-04-12 14:06:58 | INFO | Question profile | Student: cache | Language: python | Category: general | Task: unknown | Risk: medium
2026-04-12 14:06:58 | INFO | Evaluation path | Student: cache | Language: python | Mode: deterministic_shortcut | Type: zero_pass
2026-04-12 14:06:58 | INFO | Evaluation confidence | Student: cache | Language: python | Confidence: high
2026-04-12 14:06:58 | INFO | Evaluation completed | Student ID: cache | Score: 0
2026-04-12 14:06:58 | INFO | Request received | Student ID: cache | Question: Use zip to loop over two lists
2026-04-12 14:06:58 | INFO | Processing evaluation | Student: cache | Language: python
2026-04-12 14:06:58 | INFO | Question profile | Student: cache | Language: python | Category: arrays_lists | Task: data_processing | Risk: medium
2026-04-12 14:06:58 | INFO | Evaluation path | Student: cache | Language: python | Mode: exact_match
2026-04-12 14:06:58 | INFO | Evaluation completed | Student ID: cache | Score: 100
2026-04-12 14:06:58 | INFO | Request received | Student ID: cache | Question: Use zip to loop over two lists
2026-04-12 14:06:58 | INFO | Processing evaluation | Student: cache | Language: python
2026-04-12 14:06:58 | INFO | Question profile | Student: cache | Language: python | Category: arrays_lists | Task: data_processing | Risk: medium
2026-04-12 14:06:58 | INFO | Evaluation path | Student: cache | Language: python | Mode: deterministic_shortcut | Type: zero_pass
2026-04-12 14:06:58 | INFO | Evaluation confidence | Student: cache | Language: python | Confidence: high
2026-04-12 14:06:58 | INFO | Evaluation completed | Student ID: cache | Score: 0
2026-04-12 14:06:58 | INFO | Request received | Student ID: cache | Question: Use list comprehension to square numbers
2026-04-12 14:06:58 | INFO | Processing evaluation | Student: cache | Language: python
2026-04-12 14:06:58 | INFO | Question profile | Student: cache | Language: python | Category: arrays_lists | Task: data_processing | Risk: medium
2026-04-12 14:06:58 | INFO | Evaluation path | Student: cache | Language: python | Mode: exact_match
2026-04-12 14:06:58 | INFO | Evaluation completed | Student ID: cache | Score: 100
2026-04-12 14:06:58 | INFO | Request received | Student ID: cache | Question: Use list comprehension to square numbers
2026-04-12 14:06:58 | INFO | Processing evaluation | Student: cache | Language: python
2026-04-12 14:06:58 | INFO | Question profile | Student: cache | Language: python | Category: arrays_lists | Task: data_processing | Risk: medium
2026-04-12 14:06:58 | INFO | Evaluation path | Student: cache | Language: python | Mode: deterministic_shortcut | Type: zero_pass
2026-04-12 14:06:58 | INFO | Evaluation confidence | Student: cache | Language: python | Confidence: high
2026-04-12 14:06:58 | INFO | Evaluation completed | Student ID: cache | Score: 0
2026-04-12 14:06:58 | INFO | Request received | Student ID: cache | Question: Use dict comprehension to map to squares
2026-04-12 14:06:58 | INFO | Processing evaluation | Student: cache | Language: python
2026-04-12 14:06:58 | INFO | Question profile | Student: cache | Language: python | Category: collections | Task: required_technique | Risk: high
2026-04-12 14:06:58 | INFO | Evaluation path | Student: cache | Language: python | Mode: exact_match
2026-04-12 14:06:58 | INFO | Evaluation completed | Student ID: cache | Score: 100
2026-04-12 14:06:58 | INFO | Request received | Student ID: cache | Question: Use dict comprehension to map to squares
2026-04-12 14:06:58 | INFO | Processing evaluation | Student: cache | Language: python
2026-04-12 14:06:58 | INFO | Question profile | Student: cache | Language: python | Category: collections | Task: required_technique | Risk: high
2026-04-12 14:06:58 | INFO | Evaluation path | Student: cache | Language: python | Mode: deterministic_shortcut | Type: zero_pass
2026-04-12 14:06:58 | INFO | Evaluation confidence | Student: cache | Language: python | Confidence: high
2026-04-12 14:06:58 | INFO | Evaluation completed | Student ID: cache | Score: 0
2026-04-12 14:06:58 | INFO | Request received | Student ID: cache | Question: Use set comprehension to deduplicate
2026-04-12 14:06:58 | INFO | Processing evaluation | Student: cache | Language: python
2026-04-12 14:06:58 | INFO | Question profile | Student: cache | Language: python | Category: collections | Task: required_technique | Risk: high
2026-04-12 14:06:58 | INFO | Evaluation path | Student: cache | Language: python | Mode: exact_match
2026-04-12 14:06:58 | INFO | Evaluation completed | Student ID: cache | Score: 100
2026-04-12 14:06:58 | INFO | Request received | Student ID: cache | Question: Use set comprehension to deduplicate
2026-04-12 14:06:58 | INFO | Processing evaluation | Student: cache | Language: python
2026-04-12 14:06:58 | INFO | Question profile | Student: cache | Language: python | Category: collections | Task: required_technique | Risk: high
2026-04-12 14:06:58 | INFO | Evaluation path | Student: cache | Language: python | Mode: deterministic_shortcut | Type: zero_pass
2026-04-12 14:06:58 | INFO | Evaluation confidence | Student: cache | Language: python | Confidence: high
2026-04-12 14:06:58 | INFO | Evaluation completed | Student ID: cache | Score: 0
2026-04-12 14:06:58 | INFO | Request received | Student ID: cache | Question: Use lambda to add two numbers
2026-04-12 14:06:58 | INFO | Processing evaluation | Student: cache | Language: python
2026-04-12 14:06:58 | INFO | Question profile | Student: cache | Language: python | Category: basics_math | Task: basic_logic | Risk: low
2026-04-12 14:06:58 | INFO | Evaluation path | Student: cache | Language: python | Mode: exact_match
2026-04-12 14:06:58 | INFO | Evaluation completed | Student ID: cache | Score: 100
2026-04-12 14:06:58 | INFO | Request received | Student ID: cache | Question: Use lambda to add two numbers
2026-04-12 14:06:58 | INFO | Processing evaluation | Student: cache | Language: python
2026-04-12 14:06:58 | INFO | Question profile | Student: cache | Language: python | Category: basics_math | Task: basic_logic | Risk: low
2026-04-12 14:06:58 | INFO | Evaluation path | Student: cache | Language: python | Mode: deterministic_shortcut | Type: zero_pass
2026-04-12 14:06:58 | INFO | Evaluation confidence | Student: cache | Language: python | Confidence: high
2026-04-12 14:06:58 | INFO | Evaluation completed | Student ID: cache | Score: 0
2026-04-12 14:06:58 | INFO | Request received | Student ID: cache | Question: Use a default argument in a function
2026-04-12 14:06:58 | INFO | Processing evaluation | Student: cache | Language: python
2026-04-12 14:06:58 | INFO | Question profile | Student: cache | Language: python | Category: general_code | Task: function_logic | Risk: medium
2026-04-12 14:06:58 | INFO | Evaluation path | Student: cache | Language: python | Mode: exact_match
2026-04-12 14:06:58 | INFO | Evaluation completed | Student ID: cache | Score: 100
2026-04-12 14:06:58 | INFO | Request received | Student ID: cache | Question: Use a default argument in a function
2026-04-12 14:06:58 | INFO | Processing evaluation | Student: cache | Language: python
2026-04-12 14:06:58 | INFO | Question profile | Student: cache | Language: python | Category: general_code | Task: function_logic | Risk: medium
2026-04-12 14:06:58 | INFO | Evaluation path | Student: cache | Language: python | Mode: deterministic_shortcut | Type: zero_pass
2026-04-12 14:06:58 | INFO | Evaluation confidence | Student: cache | Language: python | Confidence: high
2026-04-12 14:06:58 | INFO | Evaluation completed | Student ID: cache | Score: 0
2026-04-12 14:06:58 | INFO | Request received | Student ID: cache | Question: Use *args to accept variable arguments
2026-04-12 14:06:58 | INFO | Processing evaluation | Student: cache | Language: python
2026-04-12 14:06:58 | INFO | Question profile | Student: cache | Language: python | Category: general | Task: unknown | Risk: medium
2026-04-12 14:06:58 | INFO | Evaluation path | Student: cache | Language: python | Mode: exact_match
2026-04-12 14:06:58 | INFO | Evaluation completed | Student ID: cache | Score: 100
2026-04-12 14:06:58 | INFO | Request received | Student ID: cache | Question: Use *args to accept variable arguments
2026-04-12 14:06:58 | INFO | Processing evaluation | Student: cache | Language: python
2026-04-12 14:06:58 | INFO | Question profile | Student: cache | Language: python | Category: general | Task: unknown | Risk: medium
2026-04-12 14:06:58 | INFO | Evaluation path | Student: cache | Language: python | Mode: deterministic_shortcut | Type: zero_pass
2026-04-12 14:06:58 | INFO | Evaluation confidence | Student: cache | Language: python | Confidence: high
2026-04-12 14:06:58 | INFO | Evaluation completed | Student ID: cache | Score: 0
2026-04-12 14:06:58 | INFO | Request received | Student ID: cache | Question: Use **kwargs to accept keyword arguments
2026-04-12 14:06:58 | INFO | Processing evaluation | Student: cache | Language: python
2026-04-12 14:06:58 | INFO | Question profile | Student: cache | Language: python | Category: general | Task: unknown | Risk: medium
2026-04-12 14:06:58 | INFO | Evaluation path | Student: cache | Language: python | Mode: exact_match
2026-04-12 14:06:58 | INFO | Evaluation completed | Student ID: cache | Score: 100
2026-04-12 14:06:58 | INFO | Request received | Student ID: cache | Question: Use **kwargs to accept keyword arguments
2026-04-12 14:06:58 | INFO | Processing evaluation | Student: cache | Language: python
2026-04-12 14:06:58 | INFO | Question profile | Student: cache | Language: python | Category: general | Task: unknown | Risk: medium
2026-04-12 14:06:58 | INFO | Evaluation path | Student: cache | Language: python | Mode: deterministic_shortcut | Type: zero_pass
2026-04-12 14:06:58 | INFO | Evaluation confidence | Student: cache | Language: python | Confidence: high
2026-04-12 14:06:58 | INFO | Evaluation completed | Student ID: cache | Score: 0
2026-04-12 14:06:58 | INFO | Request received | Student ID: cache | Question: Use f-string to format output
2026-04-12 14:06:58 | INFO | Processing evaluation | Student: cache | Language: python
2026-04-12 14:06:58 | INFO | Question profile | Student: cache | Language: python | Category: general | Task: unknown | Risk: medium
2026-04-12 14:06:58 | INFO | Evaluation path | Student: cache | Language: python | Mode: exact_match
2026-04-12 14:06:58 | INFO | Evaluation completed | Student ID: cache | Score: 100
2026-04-12 14:06:58 | INFO | Request received | Student ID: cache | Question: Use f-string to format output
2026-04-12 14:06:58 | INFO | Processing evaluation | Student: cache | Language: python
2026-04-12 14:06:58 | INFO | Question profile | Student: cache | Language: python | Category: general | Task: unknown | Risk: medium
2026-04-12 14:06:58 | INFO | Evaluation path | Student: cache | Language: python | Mode: deterministic_shortcut | Type: zero_pass
2026-04-12 14:06:58 | INFO | Evaluation confidence | Student: cache | Language: python | Confidence: high
2026-04-12 14:06:58 | INFO | Evaluation completed | Student ID: cache | Score: 0
2026-04-12 14:06:58 | INFO | Request received | Student ID: cache | Question: Use str.format to format output
2026-04-12 14:06:58 | INFO | Processing evaluation | Student: cache | Language: python
2026-04-12 14:06:58 | INFO | Question profile | Student: cache | Language: python | Category: general | Task: unknown | Risk: medium
2026-04-12 14:06:58 | INFO | Evaluation path | Student: cache | Language: python | Mode: exact_match
2026-04-12 14:06:58 | INFO | Evaluation completed | Student ID: cache | Score: 100
2026-04-12 14:06:58 | INFO | Request received | Student ID: cache | Question: Use str.format to format output
2026-04-12 14:06:58 | INFO | Processing evaluation | Student: cache | Language: python
2026-04-12 14:06:58 | INFO | Question profile | Student: cache | Language: python | Category: general | Task: unknown | Risk: medium
2026-04-12 14:06:58 | INFO | Evaluation path | Student: cache | Language: python | Mode: deterministic_shortcut | Type: zero_pass
2026-04-12 14:06:58 | INFO | Evaluation confidence | Student: cache | Language: python | Confidence: high
2026-04-12 14:06:58 | INFO | Evaluation completed | Student ID: cache | Score: 0
2026-04-12 14:06:58 | INFO | Request received | Student ID: cache | Question: Raise a ValueError if input is invalid
2026-04-12 14:06:58 | INFO | Processing evaluation | Student: cache | Language: python
2026-04-12 14:06:58 | INFO | Question profile | Student: cache | Language: python | Category: general | Task: unknown | Risk: medium
2026-04-12 14:06:58 | INFO | Evaluation path | Student: cache | Language: python | Mode: exact_match
2026-04-12 14:06:58 | INFO | Evaluation completed | Student ID: cache | Score: 100
2026-04-12 14:06:58 | INFO | Request received | Student ID: cache | Question: Raise a ValueError if input is invalid
2026-04-12 14:06:58 | INFO | Processing evaluation | Student: cache | Language: python
2026-04-12 14:06:58 | INFO | Question profile | Student: cache | Language: python | Category: general | Task: unknown | Risk: medium
2026-04-12 14:06:58 | INFO | Evaluation path | Student: cache | Language: python | Mode: deterministic_shortcut | Type: zero_pass
2026-04-12 14:06:58 | INFO | Evaluation confidence | Student: cache | Language: python | Confidence: high
2026-04-12 14:06:58 | INFO | Evaluation completed | Student ID: cache | Score: 0
2026-04-12 14:06:58 | INFO | Request received | Student ID: cache | Question: Import a module named math
2026-04-12 14:06:58 | INFO | Processing evaluation | Student: cache | Language: python
2026-04-12 14:06:58 | INFO | Question profile | Student: cache | Language: python | Category: general | Task: unknown | Risk: medium
2026-04-12 14:06:58 | INFO | Evaluation path | Student: cache | Language: python | Mode: exact_match
2026-04-12 14:06:58 | INFO | Evaluation completed | Student ID: cache | Score: 100
2026-04-12 14:06:58 | INFO | Request received | Student ID: cache | Question: Import a module named math
2026-04-12 14:06:58 | INFO | Processing evaluation | Student: cache | Language: python
2026-04-12 14:06:58 | INFO | Question profile | Student: cache | Language: python | Category: general | Task: unknown | Risk: medium
2026-04-12 14:06:58 | INFO | Evaluation path | Student: cache | Language: python | Mode: deterministic_shortcut | Type: zero_pass
2026-04-12 14:06:58 | INFO | Evaluation confidence | Student: cache | Language: python | Confidence: high
2026-04-12 14:06:58 | INFO | Evaluation completed | Student ID: cache | Score: 0
------------------------------ Captured log call ------------------------------
INFO     AI_Evaluator:logger.py:79 Request received | Student ID: cache | Question: Write a function to filter even numbers from list
INFO     AI_Evaluator:logger.py:59 Processing evaluation | Student: cache | Language: python
INFO     AI_Evaluator:logger.py:59 Question profile | Student: cache | Language: python | Category: arrays_lists | Task: data_processing | Risk: medium
INFO     AI_Evaluator:logger.py:59 Evaluation path | Student: cache | Language: python | Mode: deterministic_shortcut | Type: full_pass
INFO     AI_Evaluator:logger.py:59 Evaluation confidence | Student: cache | Language: python | Confidence: high
INFO     AI_Evaluator:logger.py:83 Evaluation completed | Student ID: cache | Score: 100
INFO     AI_Evaluator:logger.py:79 Request received | Student ID: cache | Question: Write a function to check if string is numeric
INFO     AI_Evaluator:logger.py:59 Processing evaluation | Student: cache | Language: python
INFO     AI_Evaluator:logger.py:59 Question profile | Student: cache | Language: python | Category: strings | Task: string_processing | Risk: low
INFO     AI_Evaluator:logger.py:59 Evaluation path | Student: cache | Language: python | Mode: deterministic_shortcut | Type: zero_pass
INFO     AI_Evaluator:logger.py:59 Evaluation confidence | Student: cache | Language: python | Confidence: high
INFO     AI_Evaluator:logger.py:83 Evaluation completed | Student ID: cache | Score: 0
INFO     AI_Evaluator:logger.py:79 Request received | Student ID: cache | Question: Write a function to remove duplicates while preser
INFO     AI_Evaluator:logger.py:59 Processing evaluation | Student: cache | Language: python
INFO     AI_Evaluator:logger.py:59 Question profile | Student: cache | Language: python | Category: arrays_lists | Task: data_processing | Risk: medium
INFO     AI_Evaluator:logger.py:59 Evaluation path | Student: cache | Language: python | Mode: deterministic_shortcut | Type: full_pass
INFO     AI_Evaluator:logger.py:59 Evaluation confidence | Student: cache | Language: python | Confidence: high
INFO     AI_Evaluator:logger.py:83 Evaluation completed | Student ID: cache | Score: 12
INFO     AI_Evaluator:logger.py:79 Request received | Student ID: cache | Question: Write a method to check if number is even
INFO     AI_Evaluator:logger.py:59 Processing evaluation | Student: cache | Language: java
INFO     AI_Evaluator:logger.py:59 Question profile | Student: cache | Language: java | Category: basics_math | Task: basic_logic | Risk: low
INFO     AI_Evaluator:logger.py:59 Evaluation path | Student: cache | Language: java | Mode: deterministic_shortcut | Type: zero_pass
INFO     AI_Evaluator:logger.py:59 Evaluation confidence | Student: cache | Language: java | Confidence: high
INFO     AI_Evaluator:logger.py:83 Evaluation completed | Student ID: cache | Score: 0
INFO     AI_Evaluator:logger.py:79 Request received | Student ID: cache | Question: Write a method to add two numbers
INFO     AI_Evaluator:logger.py:59 Processing evaluation | Student: cache | Language: java
INFO     AI_Evaluator:logger.py:59 Question profile | Student: cache | Language: java | Category: basics_math | Task: basic_logic | Risk: low
INFO     AI_Evaluator:logger.py:59 Evaluation path | Student: cache | Language: java | Mode: deterministic_shortcut | Type: zero_pass
INFO     AI_Evaluator:logger.py:59 Evaluation confidence | Student: cache | Language: java | Confidence: high
INFO     AI_Evaluator:logger.py:83 Evaluation completed | Student ID: cache | Score: 0
INFO     AI_Evaluator:logger.py:79 Request received | Student ID: cache | Question: Write a method to find minimum element in array
INFO     AI_Evaluator:logger.py:59 Processing evaluation | Student: cache | Language: java
INFO     AI_Evaluator:logger.py:59 Question profile | Student: cache | Language: java | Category: arrays_search_sort | Task: search_sort | Risk: medium
INFO     AI_Evaluator:logger.py:59 Evaluation path | Student: cache | Language: java | Mode: deterministic_shortcut | Type: correct_but_inefficient
INFO     AI_Evaluator:logger.py:59 Evaluation confidence | Student: cache | Language: java | Confidence: high
INFO     AI_Evaluator:logger.py:83 Evaluation completed | Student ID: cache | Score: 87
INFO     AI_Evaluator:logger.py:79 Request received | Student ID: cache | Question: Write a method to count vowels in string
INFO     AI_Evaluator:logger.py:59 Processing evaluation | Student: cache | Language: java
INFO     AI_Evaluator:logger.py:59 Question profile | Student: cache | Language: java | Category: strings | Task: string_processing | Risk: low
INFO     AI_Evaluator:logger.py:59 Evaluation path | Student: cache | Language: java | Mode: deterministic_shortcut | Type: mostly_correct
INFO     AI_Evaluator:logger.py:59 Evaluation confidence | Student: cache | Language: java | Confidence: high
INFO     AI_Evaluator:logger.py:83 Evaluation completed | Student ID: cache | Score: 84
INFO     AI_Evaluator:logger.py:79 Request received | Student ID: cache | Question: Write a method to check if string is empty
INFO     AI_Evaluator:logger.py:59 Processing evaluation | Student: cache | Language: java
INFO     AI_Evaluator:logger.py:59 Question profile | Student: cache | Language: java | Category: strings | Task: string_processing | Risk: low
INFO     AI_Evaluator:logger.py:59 Evaluation path | Student: cache | Language: java | Mode: deterministic_shortcut | Type: full_pass
INFO     AI_Evaluator:logger.py:59 Evaluation confidence | Student: cache | Language: java | Confidence: high
INFO     AI_Evaluator:logger.py:83 Evaluation completed | Student ID: cache | Score: 100
INFO     AI_Evaluator:logger.py:79 Request received | Student ID: cache | Question: Write a method to find average of array
INFO     AI_Evaluator:logger.py:59 Processing evaluation | Student: cache | Language: java
INFO     AI_Evaluator:logger.py:59 Question profile | Student: cache | Language: java | Category: arrays_lists | Task: data_processing | Risk: medium
INFO     AI_Evaluator:logger.py:59 Evaluation path | Student: cache | Language: java | Mode: deterministic_shortcut | Type: zero_pass
INFO     AI_Evaluator:logger.py:59 Evaluation confidence | Student: cache | Language: java | Confidence: high
INFO     AI_Evaluator:logger.py:83 Evaluation completed | Student ID: cache | Score: 0
INFO     AI_Evaluator:logger.py:79 Request received | Student ID: cache | Question: Write a function to find factorial using recursion
INFO     AI_Evaluator:logger.py:59 Processing evaluation | Student: cache | Language: python
INFO     AI_Evaluator:logger.py:59 Question profile | Student: cache | Language: python | Category: basics_math | Task: basic_logic | Risk: low
INFO     AI_Evaluator:logger.py:59 Evaluation path | Student: cache | Language: python | Mode: deterministic_shortcut | Type: zero_pass
INFO     AI_Evaluator:logger.py:59 Evaluation confidence | Student: cache | Language: python | Confidence: high
INFO     AI_Evaluator:logger.py:83 Evaluation completed | Student ID: cache | Score: 0
INFO     AI_Evaluator:logger.py:79 Request received | Student ID: cache | Question: Write a function to add two numbers
INFO     AI_Evaluator:logger.py:59 Processing evaluation | Student: cache | Language: python
INFO     AI_Evaluator:logger.py:59 Question profile | Student: cache | Language: python | Category: basics_math | Task: basic_logic | Risk: low
INFO     AI_Evaluator:logger.py:59 Evaluation path | Student: cache | Language: python | Mode: deterministic_shortcut | Type: zero_pass
INFO     AI_Evaluator:logger.py:59 Evaluation confidence | Student: cache | Language: python | Confidence: high
INFO     AI_Evaluator:logger.py:83 Evaluation completed | Student ID: cache | Score: 0
INFO     AI_Evaluator:logger.py:79 Request received | Student ID: cache | Question: Write a function to add two numbers
INFO     AI_Evaluator:logger.py:59 Processing evaluation | Student: cache | Language: python
INFO     AI_Evaluator:logger.py:59 Question profile | Student: cache | Language: python | Category: basics_math | Task: basic_logic | Risk: low
INFO     AI_Evaluator:logger.py:59 Evaluation path | Student: cache | Language: python | Mode: deterministic_shortcut | Type: zero_pass
INFO     AI_Evaluator:logger.py:59 Evaluation confidence | Student: cache | Language: python | Confidence: high
INFO     AI_Evaluator:logger.py:83 Evaluation completed | Student ID: cache | Score: 0
INFO     AI_Evaluator:logger.py:79 Request received | Student ID: cache | Question: Write CSS to make all h1 elements red
INFO     AI_Evaluator:logger.py:59 Processing evaluation | Student: cache | Language: css
INFO     AI_Evaluator:logger.py:59 Question profile | Student: cache | Language: css | Category: frontend_style | Task: styling | Risk: medium
INFO     AI_Evaluator:logger.py:59 Evaluation path | Student: cache | Language: css | Mode: exact_match
INFO     AI_Evaluator:logger.py:83 Evaluation completed | Student ID: cache | Score: 100
INFO     AI_Evaluator:logger.py:79 Request received | Student ID: cache | Question: Write CSS to make all h1 elements red
INFO     AI_Evaluator:logger.py:59 Processing evaluation | Student: cache | Language: css
INFO     AI_Evaluator:logger.py:59 Question profile | Student: cache | Language: css | Category: frontend_style | Task: styling | Risk: medium
INFO     AI_Evaluator:logger.py:59 Evaluation path | Student: cache | Language: css | Mode: deterministic_rule_shortcut
INFO     AI_Evaluator:logger.py:59 Evaluation confidence | Student: cache | Language: css | Confidence: medium
INFO     AI_Evaluator:logger.py:83 Evaluation completed | Student ID: cache | Score: 0
INFO     AI_Evaluator:logger.py:79 Request received | Student ID: cache | Question: Create a React component that renders a heading He
INFO     AI_Evaluator:logger.py:59 Processing evaluation | Student: cache | Language: react
INFO     AI_Evaluator:logger.py:59 Question profile | Student: cache | Language: react | Category: frontend_component | Task: react_component | Risk: high
INFO     AI_Evaluator:logger.py:59 Evaluation path | Student: cache | Language: react | Mode: exact_match
INFO     AI_Evaluator:logger.py:83 Evaluation completed | Student ID: cache | Score: 100
INFO     AI_Evaluator:logger.py:79 Request received | Student ID: cache | Question: Create a React component that renders a heading He
INFO     AI_Evaluator:logger.py:59 Processing evaluation | Student: cache | Language: react
INFO     AI_Evaluator:logger.py:59 Question profile | Student: cache | Language: react | Category: frontend_component | Task: react_component | Risk: high
INFO     AI_Evaluator:logger.py:59 Evaluation path | Student: cache | Language: react | Mode: deterministic_rule_shortcut
INFO     AI_Evaluator:logger.py:59 Evaluation confidence | Student: cache | Language: react | Confidence: low
INFO     AI_Evaluator:logger.py:83 Evaluation completed | Student ID: cache | Score: 0
INFO     AI_Evaluator:logger.py:79 Request received | Student ID: cache | Question: Write a MySQL query to select all rows from studen
INFO     AI_Evaluator:logger.py:59 Processing evaluation | Student: cache | Language: mysql
INFO     AI_Evaluator:logger.py:59 Question profile | Student: cache | Language: mysql | Category: database_query | Task: sql_query | Risk: high
INFO     AI_Evaluator:logger.py:59 Evaluation path | Student: cache | Language: mysql | Mode: exact_match
INFO     AI_Evaluator:logger.py:83 Evaluation completed | Student ID: cache | Score: 100
INFO     AI_Evaluator:logger.py:79 Request received | Student ID: cache | Question: Write a MySQL query to select all rows from studen
INFO     AI_Evaluator:logger.py:59 Processing evaluation | Student: cache | Language: mysql
INFO     AI_Evaluator:logger.py:59 Question profile | Student: cache | Language: mysql | Category: database_query | Task: sql_query | Risk: high
INFO     AI_Evaluator:logger.py:59 Evaluation path | Student: cache | Language: mysql | Mode: deterministic_rule_shortcut
INFO     AI_Evaluator:logger.py:59 Evaluation confidence | Student: cache | Language: mysql | Confidence: low
INFO     AI_Evaluator:logger.py:83 Evaluation completed | Student ID: cache | Score: 0
INFO     AI_Evaluator:logger.py:79 Request received | Student ID: cache | Question: Write a MongoDB query to find all active students
INFO     AI_Evaluator:logger.py:59 Processing evaluation | Student: cache | Language: mongodb
INFO     AI_Evaluator:logger.py:59 Question profile | Student: cache | Language: mongodb | Category: database_query | Task: document_query | Risk: high
INFO     AI_Evaluator:logger.py:59 Evaluation path | Student: cache | Language: mongodb | Mode: exact_match
INFO     AI_Evaluator:logger.py:83 Evaluation completed | Student ID: cache | Score: 100
INFO     AI_Evaluator:logger.py:79 Request received | Student ID: cache | Question: Write a MongoDB query to find all active students
INFO     AI_Evaluator:logger.py:59 Processing evaluation | Student: cache | Language: mongodb
INFO     AI_Evaluator:logger.py:59 Question profile | Student: cache | Language: mongodb | Category: database_query | Task: document_query | Risk: high
INFO     AI_Evaluator:logger.py:59 Evaluation path | Student: cache | Language: mongodb | Mode: deterministic_rule_shortcut
INFO     AI_Evaluator:logger.py:59 Evaluation confidence | Student: cache | Language: mongodb | Confidence: low
INFO     AI_Evaluator:logger.py:83 Evaluation completed | Student ID: cache | Score: 0
INFO     AI_Evaluator:logger.py:79 Request received | Student ID: cache | Question: Write a function to remove spaces from a string
INFO     AI_Evaluator:logger.py:59 Processing evaluation | Student: cache | Language: python
INFO     AI_Evaluator:logger.py:59 Question profile | Student: cache | Language: python | Category: general_code | Task: function_logic | Risk: medium
INFO     AI_Evaluator:logger.py:59 Evaluation path | Student: cache | Language: python | Mode: deterministic_shortcut | Type: full_pass
INFO     AI_Evaluator:logger.py:59 Evaluation confidence | Student: cache | Language: python | Confidence: high
INFO     AI_Evaluator:logger.py:83 Evaluation completed | Student ID: cache | Score: 100
INFO     AI_Evaluator:logger.py:79 Request received | Student ID: cache | Question: Write a function to count vowels in a string
INFO     AI_Evaluator:logger.py:59 Processing evaluation | Student: cache | Language: python
INFO     AI_Evaluator:logger.py:59 Question profile | Student: cache | Language: python | Category: strings | Task: string_processing | Risk: low
INFO     AI_Evaluator:logger.py:59 Evaluation path | Student: cache | Language: python | Mode: deterministic_shortcut | Type: mostly_correct
INFO     AI_Evaluator:logger.py:59 Evaluation confidence | Student: cache | Language: python | Confidence: high
INFO     AI_Evaluator:logger.py:83 Evaluation completed | Student ID: cache | Score: 75
INFO     AI_Evaluator:logger.py:79 Request received | Student ID: cache | Question: Write a function to check if a string is a palindr
INFO     AI_Evaluator:logger.py:59 Processing evaluation | Student: cache | Language: python
INFO     AI_Evaluator:logger.py:59 Question profile | Student: cache | Language: python | Category: strings | Task: string_processing | Risk: low
INFO     AI_Evaluator:logger.py:59 Evaluation path | Student: cache | Language: python | Mode: deterministic_shortcut | Type: zero_pass
INFO     AI_Evaluator:logger.py:59 Evaluation confidence | Student: cache | Language: python | Confidence: high
INFO     AI_Evaluator:logger.py:83 Evaluation completed | Student ID: cache | Score: 0
INFO     AI_Evaluator:logger.py:79 Request received | Student ID: cache | Question: Write a function to check if number is positive
INFO     AI_Evaluator:logger.py:59 Processing evaluation | Student: cache | Language: python
INFO     AI_Evaluator:logger.py:59 Question profile | Student: cache | Language: python | Category: basics_math | Task: basic_logic | Risk: low
INFO     AI_Evaluator:logger.py:59 Evaluation path | Student: cache | Language: python | Mode: deterministic_shortcut | Type: mostly_correct
INFO     AI_Evaluator:logger.py:59 Evaluation confidence | Student: cache | Language: python | Confidence: high
INFO     AI_Evaluator:logger.py:83 Evaluation completed | Student ID: cache | Score: 70
INFO     AI_Evaluator:logger.py:79 Request received | Student ID: cache | Question: Write a function to find longest word in a sentenc
INFO     AI_Evaluator:logger.py:59 Processing evaluation | Student: cache | Language: python
INFO     AI_Evaluator:logger.py:59 Question profile | Student: cache | Language: python | Category: general_code | Task: function_logic | Risk: medium
INFO     AI_Evaluator:logger.py:59 Evaluation path | Student: cache | Language: python | Mode: deterministic_shortcut | Type: full_pass
INFO     AI_Evaluator:logger.py:59 Evaluation confidence | Student: cache | Language: python | Confidence: high
INFO     AI_Evaluator:logger.py:83 Evaluation completed | Student ID: cache | Score: 91
INFO     AI_Evaluator:logger.py:79 Request received | Student ID: cache | Question: Write a function to rotate list by k steps
INFO     AI_Evaluator:logger.py:59 Processing evaluation | Student: cache | Language: python
INFO     AI_Evaluator:logger.py:59 Question profile | Student: cache | Language: python | Category: arrays_lists | Task: data_processing | Risk: medium
INFO     AI_Evaluator:logger.py:59 Evaluation path | Student: cache | Language: python | Mode: deterministic_shortcut | Type: partial_pass
INFO     AI_Evaluator:logger.py:59 Evaluation confidence | Student: cache | Language: python | Confidence: high
INFO     AI_Evaluator:logger.py:83 Evaluation completed | Student ID: cache | Score: 12
INFO     AI_Evaluator:logger.py:79 Request received | Student ID: cache | Question: Write a function to find common elements in two li
INFO     AI_Evaluator:logger.py:59 Processing evaluation | Student: cache | Language: python
INFO     AI_Evaluator:logger.py:59 Question profile | Student: cache | Language: python | Category: arrays_lists | Task: data_processing | Risk: medium
INFO     AI_Evaluator:logger.py:59 Evaluation path | Student: cache | Language: python | Mode: deterministic_shortcut | Type: mostly_correct
INFO     AI_Evaluator:logger.py:59 Evaluation confidence | Student: cache | Language: python | Confidence: high
INFO     AI_Evaluator:logger.py:83 Evaluation completed | Student ID: cache | Score: 70
INFO     AI_Evaluator:logger.py:79 Request received | Student ID: cache | Question: Write a method to implement binary search
INFO     AI_Evaluator:logger.py:59 Processing evaluation | Student: cache | Language: java
INFO     AI_Evaluator:logger.py:59 Question profile | Student: cache | Language: java | Category: arrays_search_sort | Task: search_sort | Risk: medium
INFO     AI_Evaluator:logger.py:59 Evaluation path | Student: cache | Language: java | Mode: deterministic_shortcut | Type: correct_but_inefficient
INFO     AI_Evaluator:logger.py:59 Evaluation confidence | Student: cache | Language: java | Confidence: high
INFO     AI_Evaluator:logger.py:83 Evaluation completed | Student ID: cache | Score: 87
INFO     AI_Evaluator:logger.py:79 Request received | Student ID: cache | Question: Write a method to remove duplicates using Set
INFO     AI_Evaluator:logger.py:59 Processing evaluation | Student: cache | Language: java
INFO     AI_Evaluator:logger.py:59 Question profile | Student: cache | Language: java | Category: collections | Task: required_technique | Risk: high
INFO     AI_Evaluator:logger.py:59 Evaluation path | Student: cache | Language: java | Mode: hybrid | Reason: guarded llm review
INFO     AI_Evaluator:logger.py:59 Calling LLM...
INFO     AI_Evaluator:logger.py:59 Evaluation confidence | Student: cache | Language: java | Confidence: low
INFO     AI_Evaluator:logger.py:83 Evaluation completed | Student ID: cache | Score: 2
INFO     AI_Evaluator:logger.py:79 Request received | Student ID: cache | Question: Write a JavaScript function to check if a number i
INFO     AI_Evaluator:logger.py:59 Processing evaluation | Student: cache | Language: javascript
INFO     AI_Evaluator:logger.py:59 Question profile | Student: cache | Language: javascript | Category: basics_math | Task: basic_logic | Risk: low
INFO     AI_Evaluator:logger.py:59 Evaluation path | Student: cache | Language: javascript | Mode: exact_match
INFO     AI_Evaluator:logger.py:83 Evaluation completed | Student ID: cache | Score: 100
INFO     AI_Evaluator:logger.py:79 Request received | Student ID: cache | Question: Write a JavaScript function to add two numbers
INFO     AI_Evaluator:logger.py:59 Processing evaluation | Student: cache | Language: javascript
INFO     AI_Evaluator:logger.py:59 Question profile | Student: cache | Language: javascript | Category: basics_math | Task: basic_logic | Risk: low
INFO     AI_Evaluator:logger.py:59 Evaluation path | Student: cache | Language: javascript | Mode: deterministic_rule_shortcut
INFO     AI_Evaluator:logger.py:59 Evaluation confidence | Student: cache | Language: javascript | Confidence: medium
INFO     AI_Evaluator:logger.py:83 Evaluation completed | Student ID: cache | Score: 0
INFO     AI_Evaluator:logger.py:79 Request received | Student ID: cache | Question: Write a JavaScript function to check if a number i
INFO     AI_Evaluator:logger.py:59 Processing evaluation | Student: cache | Language: javascript
INFO     AI_Evaluator:logger.py:59 Question profile | Student: cache | Language: javascript | Category: basics_math | Task: basic_logic | Risk: low
INFO     AI_Evaluator:logger.py:59 Evaluation path | Student: cache | Language: javascript | Mode: deterministic_rule_shortcut
INFO     AI_Evaluator:logger.py:59 Evaluation confidence | Student: cache | Language: javascript | Confidence: medium
INFO     AI_Evaluator:logger.py:83 Evaluation completed | Student ID: cache | Score: 0
INFO     AI_Evaluator:logger.py:79 Request received | Student ID: cache | Question: Write HTML to display a heading Hello
INFO     AI_Evaluator:logger.py:59 Processing evaluation | Student: cache | Language: html
INFO     AI_Evaluator:logger.py:59 Question profile | Student: cache | Language: html | Category: general | Task: unknown | Risk: medium
INFO     AI_Evaluator:logger.py:59 Evaluation path | Student: cache | Language: html | Mode: exact_match
INFO     AI_Evaluator:logger.py:83 Evaluation completed | Student ID: cache | Score: 100
INFO     AI_Evaluator:logger.py:79 Request received | Student ID: cache | Question: Write HTML to display a heading Hello
INFO     AI_Evaluator:logger.py:59 Processing evaluation | Student: cache | Language: html
INFO     AI_Evaluator:logger.py:59 Question profile | Student: cache | Language: html | Category: general | Task: unknown | Risk: medium
INFO     AI_Evaluator:logger.py:59 Evaluation path | Student: cache | Language: html | Mode: deterministic_rule_shortcut
INFO     AI_Evaluator:logger.py:59 Evaluation confidence | Student: cache | Language: html | Confidence: medium
INFO     AI_Evaluator:logger.py:83 Evaluation completed | Student ID: cache | Score: 0
INFO     AI_Evaluator:logger.py:79 Request received | Student ID: cache | Question: Write a function to calculate average from CSV fil
INFO     AI_Evaluator:logger.py:59 Processing evaluation | Student: cache | Language: python
INFO     AI_Evaluator:logger.py:59 Question profile | Student: cache | Language: python | Category: io_parsing | Task: parsing | Risk: high
INFO     AI_Evaluator:logger.py:59 Evaluation path | Student: cache | Language: python | Mode: deterministic_shortcut | Type: zero_pass
INFO     AI_Evaluator:logger.py:59 Evaluation confidence | Student: cache | Language: python | Confidence: high
INFO     AI_Evaluator:logger.py:83 Evaluation completed | Student ID: cache | Score: 0
INFO     AI_Evaluator:logger.py:79 Request received | Student ID: cache | Question: Write a function to safely divide two numbers usin
INFO     AI_Evaluator:logger.py:59 Processing evaluation | Student: cache | Language: python
INFO     AI_Evaluator:logger.py:59 Question profile | Student: cache | Language: python | Category: error_handling | Task: safety | Risk: high
INFO     AI_Evaluator:logger.py:59 Evaluation path | Student: cache | Language: python | Mode: deterministic_shortcut | Type: full_pass
INFO     AI_Evaluator:logger.py:59 Evaluation confidence | Student: cache | Language: python | Confidence: high
INFO     AI_Evaluator:logger.py:83 Evaluation completed | Student ID: cache | Score: 12
INFO     AI_Evaluator:logger.py:79 Request received | Student ID: cache | Question: Write a function to count frequency of words in te
INFO     AI_Evaluator:logger.py:59 Processing evaluation | Student: cache | Language: python
INFO     AI_Evaluator:logger.py:59 Question profile | Student: cache | Language: python | Category: arrays_lists | Task: data_processing | Risk: medium
INFO     AI_Evaluator:logger.py:59 Evaluation path | Student: cache | Language: python | Mode: deterministic_shortcut | Type: zero_pass
INFO     AI_Evaluator:logger.py:59 Evaluation confidence | Student: cache | Language: python | Confidence: high
INFO     AI_Evaluator:logger.py:83 Evaluation completed | Student ID: cache | Score: 0
INFO     AI_Evaluator:logger.py:79 Request received | Student ID: cache | Question: Write a function to validate email (basic check)
INFO     AI_Evaluator:logger.py:59 Processing evaluation | Student: cache | Language: python
INFO     AI_Evaluator:logger.py:59 Question profile | Student: cache | Language: python | Category: strings | Task: string_processing | Risk: low
INFO     AI_Evaluator:logger.py:59 Evaluation path | Student: cache | Language: python | Mode: deterministic_shortcut | Type: partial_pass
INFO     AI_Evaluator:logger.py:59 Evaluation confidence | Student: cache | Language: python | Confidence: high
INFO     AI_Evaluator:logger.py:83 Evaluation completed | Student ID: cache | Score: 12
INFO     AI_Evaluator:logger.py:79 Request received | Student ID: cache | Question: Write a method to check if number is positive
INFO     AI_Evaluator:logger.py:59 Processing evaluation | Student: cache | Language: java
INFO     AI_Evaluator:logger.py:59 Question profile | Student: cache | Language: java | Category: basics_math | Task: basic_logic | Risk: low
INFO     AI_Evaluator:logger.py:59 Evaluation path | Student: cache | Language: java | Mode: deterministic_shortcut | Type: mostly_correct
INFO     AI_Evaluator:logger.py:59 Evaluation confidence | Student: cache | Language: java | Confidence: high
INFO     AI_Evaluator:logger.py:83 Evaluation completed | Student ID: cache | Score: 70
INFO     AI_Evaluator:logger.py:79 Request received | Student ID: cache | Question: Write a method to reverse array
INFO     AI_Evaluator:logger.py:59 Processing evaluation | Student: cache | Language: java
INFO     AI_Evaluator:logger.py:59 Question profile | Student: cache | Language: java | Category: arrays_lists | Task: data_processing | Risk: medium
INFO     AI_Evaluator:logger.py:59 Evaluation path | Student: cache | Language: java | Mode: deterministic_shortcut | Type: zero_pass
INFO     AI_Evaluator:logger.py:59 Evaluation confidence | Student: cache | Language: java | Confidence: high
INFO     AI_Evaluator:logger.py:83 Evaluation completed | Student ID: cache | Score: 0
INFO     AI_Evaluator:logger.py:79 Request received | Student ID: cache | Question: Write a method to check if string contains only di
INFO     AI_Evaluator:logger.py:59 Processing evaluation | Student: cache | Language: java
INFO     AI_Evaluator:logger.py:59 Question profile | Student: cache | Language: java | Category: strings | Task: string_processing | Risk: low
INFO     AI_Evaluator:logger.py:59 Evaluation path | Student: cache | Language: java | Mode: deterministic_shortcut | Type: zero_pass
INFO     AI_Evaluator:logger.py:59 Evaluation confidence | Student: cache | Language: java | Confidence: high
INFO     AI_Evaluator:logger.py:83 Evaluation completed | Student ID: cache | Score: 0
INFO     AI_Evaluator:logger.py:79 Request received | Student ID: cache | Question: Write a method to reverse words in a sentence
INFO     AI_Evaluator:logger.py:59 Processing evaluation | Student: cache | Language: java
INFO     AI_Evaluator:logger.py:59 Question profile | Student: cache | Language: java | Category: strings | Task: string_processing | Risk: low
INFO     AI_Evaluator:logger.py:59 Evaluation path | Student: cache | Language: java | Mode: deterministic_shortcut | Type: correct_but_inefficient
INFO     AI_Evaluator:logger.py:59 Evaluation confidence | Student: cache | Language: java | Confidence: high
INFO     AI_Evaluator:logger.py:83 Evaluation completed | Student ID: cache | Score: 87
INFO     AI_Evaluator:logger.py:79 Request received | Student ID: cache | Question: Write a method to find GCD of two numbers
INFO     AI_Evaluator:logger.py:59 Processing evaluation | Student: cache | Language: java
INFO     AI_Evaluator:logger.py:59 Question profile | Student: cache | Language: java | Category: general_code | Task: function_logic | Risk: medium
INFO     AI_Evaluator:logger.py:59 Evaluation path | Student: cache | Language: java | Mode: deterministic_shortcut | Type: zero_pass
INFO     AI_Evaluator:logger.py:59 Evaluation confidence | Student: cache | Language: java | Confidence: high
INFO     AI_Evaluator:logger.py:83 Evaluation completed | Student ID: cache | Score: 0
INFO     AI_Evaluator:logger.py:79 Request received | Student ID: cache | Question: Write a method to check Armstrong number
INFO     AI_Evaluator:logger.py:59 Processing evaluation | Student: cache | Language: java
INFO     AI_Evaluator:logger.py:59 Question profile | Student: cache | Language: java | Category: general_code | Task: function_logic | Risk: medium
INFO     AI_Evaluator:logger.py:59 Evaluation path | Student: cache | Language: java | Mode: deterministic_shortcut | Type: zero_pass
INFO     AI_Evaluator:logger.py:59 Evaluation confidence | Student: cache | Language: java | Confidence: high
INFO     AI_Evaluator:logger.py:83 Evaluation completed | Student ID: cache | Score: 0
INFO     AI_Evaluator:logger.py:79 Request received | Student ID: cache | Question: Write a method to sort array
INFO     AI_Evaluator:logger.py:59 Processing evaluation | Student: cache | Language: java
INFO     AI_Evaluator:logger.py:59 Question profile | Student: cache | Language: java | Category: arrays_search_sort | Task: search_sort | Risk: medium
INFO     AI_Evaluator:logger.py:59 Evaluation path | Student: cache | Language: java | Mode: deterministic_shortcut | Type: zero_pass
INFO     AI_Evaluator:logger.py:59 Evaluation confidence | Student: cache | Language: java | Confidence: high
INFO     AI_Evaluator:logger.py:83 Evaluation completed | Student ID: cache | Score: 0
INFO     AI_Evaluator:logger.py:79 Request received | Student ID: cache | Question: Write a method to find second largest
INFO     AI_Evaluator:logger.py:59 Processing evaluation | Student: cache | Language: java
INFO     AI_Evaluator:logger.py:59 Question profile | Student: cache | Language: java | Category: arrays_search_sort | Task: search_sort | Risk: medium
INFO     AI_Evaluator:logger.py:59 Evaluation path | Student: cache | Language: java | Mode: deterministic_shortcut | Type: zero_pass
INFO     AI_Evaluator:logger.py:59 Evaluation confidence | Student: cache | Language: java | Confidence: high
INFO     AI_Evaluator:logger.py:83 Evaluation completed | Student ID: cache | Score: 0
INFO     AI_Evaluator:logger.py:79 Request received | Student ID: cache | Question: Write a method to check if string is numeric
INFO     AI_Evaluator:logger.py:59 Processing evaluation | Student: cache | Language: java
INFO     AI_Evaluator:logger.py:59 Question profile | Student: cache | Language: java | Category: strings | Task: string_processing | Risk: low
INFO     AI_Evaluator:logger.py:59 Evaluation path | Student: cache | Language: java | Mode: deterministic_shortcut | Type: full_pass
INFO     AI_Evaluator:logger.py:59 Evaluation confidence | Student: cache | Language: java | Confidence: high
INFO     AI_Evaluator:logger.py:83 Evaluation completed | Student ID: cache | Score: 100
INFO     AI_Evaluator:logger.py:79 Request received | Student ID: cache | Question: Write a method to find power (a^b)
INFO     AI_Evaluator:logger.py:59 Processing evaluation | Student: cache | Language: java
INFO     AI_Evaluator:logger.py:59 Question profile | Student: cache | Language: java | Category: general_code | Task: function_logic | Risk: medium
INFO     AI_Evaluator:logger.py:59 Evaluation path | Student: cache | Language: java | Mode: deterministic_shortcut | Type: full_pass
INFO     AI_Evaluator:logger.py:59 Evaluation confidence | Student: cache | Language: java | Confidence: high
INFO     AI_Evaluator:logger.py:83 Evaluation completed | Student ID: cache | Score: 100
INFO     AI_Evaluator:logger.py:79 Request received | Student ID: cache | Question: Write a method to remove spaces from a string
INFO     AI_Evaluator:logger.py:59 Processing evaluation | Student: cache | Language: java
INFO     AI_Evaluator:logger.py:59 Question profile | Student: cache | Language: java | Category: general_code | Task: function_logic | Risk: medium
INFO     AI_Evaluator:logger.py:59 Evaluation path | Student: cache | Language: java | Mode: deterministic_shortcut | Type: full_pass
INFO     AI_Evaluator:logger.py:59 Evaluation confidence | Student: cache | Language: java | Confidence: high
INFO     AI_Evaluator:logger.py:83 Evaluation completed | Student ID: cache | Score: 100
INFO     AI_Evaluator:logger.py:79 Request received | Student ID: cache | Question: Write a method to find average of array
INFO     AI_Evaluator:logger.py:59 Processing evaluation | Student: cache | Language: java
INFO     AI_Evaluator:logger.py:59 Question profile | Student: cache | Language: java | Category: arrays_lists | Task: data_processing | Risk: medium
INFO     AI_Evaluator:logger.py:59 Evaluation path | Student: cache | Language: java | Mode: deterministic_shortcut | Type: mostly_correct
INFO     AI_Evaluator:logger.py:59 Evaluation confidence | Student: cache | Language: java | Confidence: high
INFO     AI_Evaluator:logger.py:83 Evaluation completed | Student ID: cache | Score: 70
INFO     AI_Evaluator:logger.py:79 Request received | Student ID: cache | Question: Write a method to check if a number is prime
INFO     AI_Evaluator:logger.py:59 Processing evaluation | Student: cache | Language: java
INFO     AI_Evaluator:logger.py:59 Question profile | Student: cache | Language: java | Category: basics_math | Task: basic_logic | Risk: low
INFO     AI_Evaluator:logger.py:59 Evaluation path | Student: cache | Language: java | Mode: deterministic_shortcut | Type: mostly_correct
INFO     AI_Evaluator:logger.py:59 Evaluation confidence | Student: cache | Language: java | Confidence: high
INFO     AI_Evaluator:logger.py:83 Evaluation completed | Student ID: cache | Score: 48
INFO     AI_Evaluator:logger.py:79 Request received | Student ID: cache | Question: Write a method to count words
INFO     AI_Evaluator:logger.py:59 Processing evaluation | Student: cache | Language: java
INFO     AI_Evaluator:logger.py:59 Question profile | Student: cache | Language: java | Category: general_code | Task: function_logic | Risk: medium
INFO     AI_Evaluator:logger.py:59 Evaluation path | Student: cache | Language: java | Mode: deterministic_shortcut | Type: mostly_correct
INFO     AI_Evaluator:logger.py:59 Evaluation confidence | Student: cache | Language: java | Confidence: high
INFO     AI_Evaluator:logger.py:83 Evaluation completed | Student ID: cache | Score: 70
INFO     AI_Evaluator:logger.py:79 Request received | Student ID: cache | Question: Write a method to count vowels
INFO     AI_Evaluator:logger.py:59 Processing evaluation | Student: cache | Language: java
INFO     AI_Evaluator:logger.py:59 Question profile | Student: cache | Language: java | Category: strings | Task: string_processing | Risk: low
INFO     AI_Evaluator:logger.py:59 Evaluation path | Student: cache | Language: java | Mode: deterministic_shortcut | Type: mostly_correct
INFO     AI_Evaluator:logger.py:59 Evaluation confidence | Student: cache | Language: java | Confidence: high
INFO     AI_Evaluator:logger.py:83 Evaluation completed | Student ID: cache | Score: 84
INFO     AI_Evaluator:logger.py:79 Request received | Student ID: cache | Question: Find frequency of characters in a string
INFO     AI_Evaluator:logger.py:59 Processing evaluation | Student: cache | Language: java
INFO     AI_Evaluator:logger.py:59 Question profile | Student: cache | Language: java | Category: arrays_lists | Task: data_processing | Risk: medium
INFO     AI_Evaluator:logger.py:59 Evaluation path | Student: cache | Language: java | Mode: deterministic_shortcut | Type: full_pass
INFO     AI_Evaluator:logger.py:59 Evaluation confidence | Student: cache | Language: java | Confidence: high
INFO     AI_Evaluator:logger.py:83 Evaluation completed | Student ID: cache | Score: 100
INFO     AI_Evaluator:logger.py:79 Request received | Student ID: cache | Question: Check balanced parentheses
INFO     AI_Evaluator:logger.py:59 Processing evaluation | Student: cache | Language: java
INFO     AI_Evaluator:logger.py:59 Question profile | Student: cache | Language: java | Category: general | Task: unknown | Risk: medium
INFO     AI_Evaluator:logger.py:59 Evaluation path | Student: cache | Language: java | Mode: deterministic_shortcut | Type: full_pass
INFO     AI_Evaluator:logger.py:59 Evaluation confidence | Student: cache | Language: java | Confidence: high
INFO     AI_Evaluator:logger.py:83 Evaluation completed | Student ID: cache | Score: 100
INFO     AI_Evaluator:logger.py:79 Request received | Student ID: cache | Question: Find first non-repeating character
INFO     AI_Evaluator:logger.py:59 Processing evaluation | Student: cache | Language: java
INFO     AI_Evaluator:logger.py:59 Question profile | Student: cache | Language: java | Category: general | Task: unknown | Risk: medium
INFO     AI_Evaluator:logger.py:59 Evaluation path | Student: cache | Language: java | Mode: deterministic_shortcut | Type: correct_but_inefficient
INFO     AI_Evaluator:logger.py:59 Evaluation confidence | Student: cache | Language: java | Confidence: high
INFO     AI_Evaluator:logger.py:83 Evaluation completed | Student ID: cache | Score: 87
INFO     AI_Evaluator:logger.py:79 Request received | Student ID: cache | Question: Check if array is sorted
INFO     AI_Evaluator:logger.py:59 Processing evaluation | Student: cache | Language: java
INFO     AI_Evaluator:logger.py:59 Question profile | Student: cache | Language: java | Category: arrays_search_sort | Task: search_sort | Risk: medium
INFO     AI_Evaluator:logger.py:59 Evaluation path | Student: cache | Language: java | Mode: deterministic_shortcut | Type: zero_pass
INFO     AI_Evaluator:logger.py:59 Evaluation confidence | Student: cache | Language: java | Confidence: high
INFO     AI_Evaluator:logger.py:83 Evaluation completed | Student ID: cache | Score: 0
INFO     AI_Evaluator:logger.py:79 Request received | Student ID: cache | Question: Find sum of even numbers in array
INFO     AI_Evaluator:logger.py:59 Processing evaluation | Student: cache | Language: java
INFO     AI_Evaluator:logger.py:59 Question profile | Student: cache | Language: java | Category: arrays_lists | Task: data_processing | Risk: medium
INFO     AI_Evaluator:logger.py:59 Evaluation path | Student: cache | Language: java | Mode: deterministic_shortcut | Type: zero_pass
INFO     AI_Evaluator:logger.py:59 Evaluation confidence | Student: cache | Language: java | Confidence: high
INFO     AI_Evaluator:logger.py:83 Evaluation completed | Student ID: cache | Score: 0
INFO     AI_Evaluator:logger.py:79 Request received | Student ID: cache | Question: Merge two arrays
INFO     AI_Evaluator:logger.py:59 Processing evaluation | Student: cache | Language: java
INFO     AI_Evaluator:logger.py:59 Question profile | Student: cache | Language: java | Category: arrays_lists | Task: data_processing | Risk: medium
INFO     AI_Evaluator:logger.py:59 Evaluation path | Student: cache | Language: java | Mode: deterministic_shortcut | Type: full_pass
INFO     AI_Evaluator:logger.py:59 Evaluation confidence | Student: cache | Language: java | Confidence: high
INFO     AI_Evaluator:logger.py:83 Evaluation completed | Student ID: cache | Score: 100
INFO     AI_Evaluator:logger.py:79 Request received | Student ID: cache | Question: Find duplicates in array
INFO     AI_Evaluator:logger.py:59 Processing evaluation | Student: cache | Language: java
INFO     AI_Evaluator:logger.py:59 Question profile | Student: cache | Language: java | Category: arrays_lists | Task: data_processing | Risk: medium
INFO     AI_Evaluator:logger.py:59 Evaluation path | Student: cache | Language: java | Mode: deterministic_shortcut | Type: zero_pass
INFO     AI_Evaluator:logger.py:59 Evaluation confidence | Student: cache | Language: java | Confidence: high
INFO     AI_Evaluator:logger.py:83 Evaluation completed | Student ID: cache | Score: 0
INFO     AI_Evaluator:logger.py:79 Request received | Student ID: cache | Question: Convert string to integer
INFO     AI_Evaluator:logger.py:59 Processing evaluation | Student: cache | Language: java
INFO     AI_Evaluator:logger.py:59 Question profile | Student: cache | Language: java | Category: general | Task: unknown | Risk: medium
INFO     AI_Evaluator:logger.py:59 Evaluation path | Student: cache | Language: java | Mode: deterministic_shortcut | Type: zero_pass
INFO     AI_Evaluator:logger.py:59 Evaluation confidence | Student: cache | Language: java | Confidence: high
INFO     AI_Evaluator:logger.py:83 Evaluation completed | Student ID: cache | Score: 0
INFO     AI_Evaluator:logger.py:79 Request received | Student ID: cache | Question: Check if a string is a valid IPv4 address
INFO     AI_Evaluator:logger.py:59 Processing evaluation | Student: cache | Language: java
INFO     AI_Evaluator:logger.py:59 Question profile | Student: cache | Language: java | Category: general | Task: unknown | Risk: medium
INFO     AI_Evaluator:logger.py:59 Evaluation path | Student: cache | Language: java | Mode: deterministic_shortcut | Type: full_pass
INFO     AI_Evaluator:logger.py:59 Evaluation confidence | Student: cache | Language: java | Confidence: high
INFO     AI_Evaluator:logger.py:83 Evaluation completed | Student ID: cache | Score: 100
INFO     AI_Evaluator:logger.py:79 Request received | Student ID: cache | Question: Find first missing positive number
INFO     AI_Evaluator:logger.py:59 Processing evaluation | Student: cache | Language: java
INFO     AI_Evaluator:logger.py:59 Question profile | Student: cache | Language: java | Category: basics_math | Task: basic_logic | Risk: low
INFO     AI_Evaluator:logger.py:59 Evaluation path | Student: cache | Language: java | Mode: deterministic_shortcut | Type: correct_but_inefficient
INFO     AI_Evaluator:logger.py:59 Evaluation confidence | Student: cache | Language: java | Confidence: high
INFO     AI_Evaluator:logger.py:83 Evaluation completed | Student ID: cache | Score: 87
INFO     AI_Evaluator:logger.py:79 Request received | Student ID: cache | Question: Find factorial of large number (avoid overflow)
INFO     AI_Evaluator:logger.py:59 Processing evaluation | Student: cache | Language: java
INFO     AI_Evaluator:logger.py:59 Question profile | Student: cache | Language: java | Category: basics_math | Task: basic_logic | Risk: low
INFO     AI_Evaluator:logger.py:59 Evaluation path | Student: cache | Language: java | Mode: deterministic_shortcut | Type: mostly_correct
INFO     AI_Evaluator:logger.py:59 Evaluation confidence | Student: cache | Language: java | Confidence: high
INFO     AI_Evaluator:logger.py:83 Evaluation completed | Student ID: cache | Score: 70
INFO     AI_Evaluator:logger.py:79 Request received | Student ID: cache | Question: Check if string has all unique characters
INFO     AI_Evaluator:logger.py:59 Processing evaluation | Student: cache | Language: java
INFO     AI_Evaluator:logger.py:59 Question profile | Student: cache | Language: java | Category: general | Task: unknown | Risk: medium
INFO     AI_Evaluator:logger.py:59 Evaluation path | Student: cache | Language: java | Mode: deterministic_shortcut | Type: correct_but_inefficient
INFO     AI_Evaluator:logger.py:59 Evaluation confidence | Student: cache | Language: java | Confidence: high
INFO     AI_Evaluator:logger.py:83 Evaluation completed | Student ID: cache | Score: 87
INFO     AI_Evaluator:logger.py:79 Request received | Student ID: cache | Question: Check if number is even
INFO     AI_Evaluator:logger.py:59 Processing evaluation | Student: cache | Language: java
INFO     AI_Evaluator:logger.py:59 Question profile | Student: cache | Language: java | Category: basics_math | Task: basic_logic | Risk: low
INFO     AI_Evaluator:logger.py:59 Evaluation path | Student: cache | Language: java | Mode: deterministic_shortcut | Type: full_pass
INFO     AI_Evaluator:logger.py:59 Evaluation confidence | Student: cache | Language: java | Confidence: high
INFO     AI_Evaluator:logger.py:83 Evaluation completed | Student ID: cache | Score: 100
INFO     AI_Evaluator:logger.py:79 Request received | Student ID: cache | Question: Validate a password (min 8 chars, at least 1 digit
INFO     AI_Evaluator:logger.py:59 Processing evaluation | Student: cache | Language: java
INFO     AI_Evaluator:logger.py:59 Question profile | Student: cache | Language: java | Category: arrays_search_sort | Task: search_sort | Risk: medium
INFO     AI_Evaluator:logger.py:59 Evaluation path | Student: cache | Language: java | Mode: deterministic_shortcut | Type: full_pass
INFO     AI_Evaluator:logger.py:59 Evaluation confidence | Student: cache | Language: java | Confidence: high
INFO     AI_Evaluator:logger.py:83 Evaluation completed | Student ID: cache | Score: 100
INFO     AI_Evaluator:logger.py:79 Request received | Student ID: cache | Question: Find the longest common prefix among strings
INFO     AI_Evaluator:logger.py:59 Processing evaluation | Student: cache | Language: java
INFO     AI_Evaluator:logger.py:59 Question profile | Student: cache | Language: java | Category: general | Task: unknown | Risk: medium
INFO     AI_Evaluator:logger.py:59 Evaluation path | Student: cache | Language: java | Mode: deterministic_shortcut | Type: correct_but_inefficient
INFO     AI_Evaluator:logger.py:59 Evaluation confidence | Student: cache | Language: java | Confidence: high
INFO     AI_Evaluator:logger.py:83 Evaluation completed | Student ID: cache | Score: 87
INFO     AI_Evaluator:logger.py:79 Request received | Student ID: cache | Question: Check if a number is Armstrong
INFO     AI_Evaluator:logger.py:59 Processing evaluation | Student: cache | Language: java
INFO     AI_Evaluator:logger.py:59 Question profile | Student: cache | Language: java | Category: general | Task: unknown | Risk: medium
INFO     AI_Evaluator:logger.py:59 Evaluation path | Student: cache | Language: java | Mode: deterministic_shortcut | Type: mostly_correct
INFO     AI_Evaluator:logger.py:59 Evaluation confidence | Student: cache | Language: java | Confidence: high
INFO     AI_Evaluator:logger.py:83 Evaluation completed | Student ID: cache | Score: 70
INFO     AI_Evaluator:logger.py:79 Request received | Student ID: cache | Question: Check if number is positive
INFO     AI_Evaluator:logger.py:59 Processing evaluation | Student: cache | Language: python
INFO     AI_Evaluator:logger.py:59 Question profile | Student: cache | Language: python | Category: basics_math | Task: basic_logic | Risk: low
INFO     AI_Evaluator:logger.py:59 Evaluation path | Student: cache | Language: python | Mode: deterministic_shortcut | Type: mostly_correct
INFO     AI_Evaluator:logger.py:59 Evaluation confidence | Student: cache | Language: python | Confidence: high
INFO     AI_Evaluator:logger.py:83 Evaluation completed | Student ID: cache | Score: 70
INFO     AI_Evaluator:logger.py:79 Request received | Student ID: cache | Question: Check if number is odd
INFO     AI_Evaluator:logger.py:59 Processing evaluation | Student: cache | Language: python
INFO     AI_Evaluator:logger.py:59 Question profile | Student: cache | Language: python | Category: general | Task: unknown | Risk: medium
INFO     AI_Evaluator:logger.py:59 Evaluation path | Student: cache | Language: python | Mode: exact_match
INFO     AI_Evaluator:logger.py:83 Evaluation completed | Student ID: cache | Score: 100
INFO     AI_Evaluator:logger.py:79 Request received | Student ID: cache | Question: Check if number is odd
INFO     AI_Evaluator:logger.py:59 Processing evaluation | Student: cache | Language: python
INFO     AI_Evaluator:logger.py:59 Question profile | Student: cache | Language: python | Category: general | Task: unknown | Risk: medium
INFO     AI_Evaluator:logger.py:59 Evaluation path | Student: cache | Language: python | Mode: deterministic_shortcut | Type: zero_pass
INFO     AI_Evaluator:logger.py:59 Evaluation confidence | Student: cache | Language: python | Confidence: high
INFO     AI_Evaluator:logger.py:83 Evaluation completed | Student ID: cache | Score: 0
INFO     AI_Evaluator:logger.py:79 Request received | Student ID: cache | Question: Find average of list
INFO     AI_Evaluator:logger.py:59 Processing evaluation | Student: cache | Language: python
INFO     AI_Evaluator:logger.py:59 Question profile | Student: cache | Language: python | Category: arrays_lists | Task: data_processing | Risk: medium
INFO     AI_Evaluator:logger.py:59 Evaluation path | Student: cache | Language: python | Mode: exact_match
INFO     AI_Evaluator:logger.py:83 Evaluation completed | Student ID: cache | Score: 100
INFO     AI_Evaluator:logger.py:79 Request received | Student ID: cache | Question: Find average of list
INFO     AI_Evaluator:logger.py:59 Processing evaluation | Student: cache | Language: python
INFO     AI_Evaluator:logger.py:59 Question profile | Student: cache | Language: python | Category: arrays_lists | Task: data_processing | Risk: medium
INFO     AI_Evaluator:logger.py:59 Evaluation path | Student: cache | Language: python | Mode: deterministic_shortcut | Type: zero_pass
INFO     AI_Evaluator:logger.py:59 Evaluation confidence | Student: cache | Language: python | Confidence: high
INFO     AI_Evaluator:logger.py:83 Evaluation completed | Student ID: cache | Score: 0
INFO     AI_Evaluator:logger.py:79 Request received | Student ID: cache | Question: Check if list is empty
INFO     AI_Evaluator:logger.py:59 Processing evaluation | Student: cache | Language: python
INFO     AI_Evaluator:logger.py:59 Question profile | Student: cache | Language: python | Category: arrays_lists | Task: data_processing | Risk: medium
INFO     AI_Evaluator:logger.py:59 Evaluation path | Student: cache | Language: python | Mode: deterministic_shortcut | Type: full_pass
INFO     AI_Evaluator:logger.py:59 Evaluation confidence | Student: cache | Language: python | Confidence: high
INFO     AI_Evaluator:logger.py:83 Evaluation completed | Student ID: cache | Score: 100
INFO     AI_Evaluator:logger.py:79 Request received | Student ID: cache | Question: Check if list is empty
INFO     AI_Evaluator:logger.py:59 Processing evaluation | Student: cache | Language: python
INFO     AI_Evaluator:logger.py:59 Question profile | Student: cache | Language: python | Category: arrays_lists | Task: data_processing | Risk: medium
INFO     AI_Evaluator:logger.py:59 Evaluation path | Student: cache | Language: python | Mode: deterministic_shortcut | Type: zero_pass
INFO     AI_Evaluator:logger.py:59 Evaluation confidence | Student: cache | Language: python | Confidence: high
INFO     AI_Evaluator:logger.py:83 Evaluation completed | Student ID: cache | Score: 0
INFO     AI_Evaluator:logger.py:79 Request received | Student ID: cache | Question: Subtract two numbers
INFO     AI_Evaluator:logger.py:59 Processing evaluation | Student: cache | Language: python
INFO     AI_Evaluator:logger.py:59 Question profile | Student: cache | Language: python | Category: general | Task: unknown | Risk: medium
INFO     AI_Evaluator:logger.py:59 Evaluation path | Student: cache | Language: python | Mode: exact_match
INFO     AI_Evaluator:logger.py:83 Evaluation completed | Student ID: cache | Score: 100
INFO     AI_Evaluator:logger.py:79 Request received | Student ID: cache | Question: Subtract two numbers
INFO     AI_Evaluator:logger.py:59 Processing evaluation | Student: cache | Language: python
INFO     AI_Evaluator:logger.py:59 Question profile | Student: cache | Language: python | Category: general | Task: unknown | Risk: medium
INFO     AI_Evaluator:logger.py:59 Evaluation path | Student: cache | Language: python | Mode: deterministic_shortcut | Type: zero_pass
INFO     AI_Evaluator:logger.py:59 Evaluation confidence | Student: cache | Language: python | Confidence: high
INFO     AI_Evaluator:logger.py:83 Evaluation completed | Student ID: cache | Score: 0
INFO     AI_Evaluator:logger.py:79 Request received | Student ID: cache | Question: Multiply two numbers
INFO     AI_Evaluator:logger.py:59 Processing evaluation | Student: cache | Language: python
INFO     AI_Evaluator:logger.py:59 Question profile | Student: cache | Language: python | Category: general | Task: unknown | Risk: medium
INFO     AI_Evaluator:logger.py:59 Evaluation path | Student: cache | Language: python | Mode: exact_match
INFO     AI_Evaluator:logger.py:83 Evaluation completed | Student ID: cache | Score: 100
INFO     AI_Evaluator:logger.py:79 Request received | Student ID: cache | Question: Divide two numbers
INFO     AI_Evaluator:logger.py:59 Processing evaluation | Student: cache | Language: python
INFO     AI_Evaluator:logger.py:59 Question profile | Student: cache | Language: python | Category: general | Task: unknown | Risk: medium
INFO     AI_Evaluator:logger.py:59 Evaluation path | Student: cache | Language: python | Mode: exact_match
INFO     AI_Evaluator:logger.py:83 Evaluation completed | Student ID: cache | Score: 100
INFO     AI_Evaluator:logger.py:79 Request received | Student ID: cache | Question: Convert string to uppercase
INFO     AI_Evaluator:logger.py:59 Processing evaluation | Student: cache | Language: python
INFO     AI_Evaluator:logger.py:59 Question profile | Student: cache | Language: python | Category: strings | Task: string_processing | Risk: low
INFO     AI_Evaluator:logger.py:59 Evaluation path | Student: cache | Language: python | Mode: exact_match
INFO     AI_Evaluator:logger.py:83 Evaluation completed | Student ID: cache | Score: 100
INFO     AI_Evaluator:logger.py:79 Request received | Student ID: cache | Question: Convert string to lowercase
INFO     AI_Evaluator:logger.py:59 Processing evaluation | Student: cache | Language: python
INFO     AI_Evaluator:logger.py:59 Question profile | Student: cache | Language: python | Category: strings | Task: string_processing | Risk: low
INFO     AI_Evaluator:logger.py:59 Evaluation path | Student: cache | Language: python | Mode: exact_match
INFO     AI_Evaluator:logger.py:83 Evaluation completed | Student ID: cache | Score: 100
INFO     AI_Evaluator:logger.py:79 Request received | Student ID: cache | Question: Reverse a string
INFO     AI_Evaluator:logger.py:59 Processing evaluation | Student: cache | Language: python
INFO     AI_Evaluator:logger.py:59 Question profile | Student: cache | Language: python | Category: strings | Task: string_processing | Risk: low
INFO     AI_Evaluator:logger.py:59 Evaluation path | Student: cache | Language: python | Mode: exact_match
INFO     AI_Evaluator:logger.py:83 Evaluation completed | Student ID: cache | Score: 100
INFO     AI_Evaluator:logger.py:79 Request received | Student ID: cache | Question: Find length of list
INFO     AI_Evaluator:logger.py:59 Processing evaluation | Student: cache | Language: python
INFO     AI_Evaluator:logger.py:59 Question profile | Student: cache | Language: python | Category: arrays_lists | Task: data_processing | Risk: medium
INFO     AI_Evaluator:logger.py:59 Evaluation path | Student: cache | Language: python | Mode: exact_match
INFO     AI_Evaluator:logger.py:83 Evaluation completed | Student ID: cache | Score: 100
INFO     AI_Evaluator:logger.py:79 Request received | Student ID: cache | Question: Find first element in list
INFO     AI_Evaluator:logger.py:59 Processing evaluation | Student: cache | Language: python
INFO     AI_Evaluator:logger.py:59 Question profile | Student: cache | Language: python | Category: arrays_lists | Task: data_processing | Risk: medium
INFO     AI_Evaluator:logger.py:59 Evaluation path | Student: cache | Language: python | Mode: exact_match
INFO     AI_Evaluator:logger.py:83 Evaluation completed | Student ID: cache | Score: 100
INFO     AI_Evaluator:logger.py:79 Request received | Student ID: cache | Question: Find last element in list
INFO     AI_Evaluator:logger.py:59 Processing evaluation | Student: cache | Language: python
INFO     AI_Evaluator:logger.py:59 Question profile | Student: cache | Language: python | Category: arrays_lists | Task: data_processing | Risk: medium
INFO     AI_Evaluator:logger.py:59 Evaluation path | Student: cache | Language: python | Mode: exact_match
INFO     AI_Evaluator:logger.py:83 Evaluation completed | Student ID: cache | Score: 100
INFO     AI_Evaluator:logger.py:79 Request received | Student ID: cache | Question: Find sum of list
INFO     AI_Evaluator:logger.py:59 Processing evaluation | Student: cache | Language: python
INFO     AI_Evaluator:logger.py:59 Question profile | Student: cache | Language: python | Category: arrays_lists | Task: data_processing | Risk: medium
INFO     AI_Evaluator:logger.py:59 Evaluation path | Student: cache | Language: python | Mode: exact_match
INFO     AI_Evaluator:logger.py:83 Evaluation completed | Student ID: cache | Score: 100
INFO     AI_Evaluator:logger.py:79 Request received | Student ID: cache | Question: Check if two variables reference the same object (
INFO     AI_Evaluator:logger.py:59 Processing evaluation | Student: cache | Language: python
INFO     AI_Evaluator:logger.py:59 Question profile | Student: cache | Language: python | Category: general | Task: unknown | Risk: medium
INFO     AI_Evaluator:logger.py:59 Evaluation path | Student: cache | Language: python | Mode: exact_match
INFO     AI_Evaluator:logger.py:83 Evaluation completed | Student ID: cache | Score: 100
INFO     AI_Evaluator:logger.py:79 Request received | Student ID: cache | Question: Type check using isinstance
INFO     AI_Evaluator:logger.py:59 Processing evaluation | Student: cache | Language: python
INFO     AI_Evaluator:logger.py:59 Question profile | Student: cache | Language: python | Category: general | Task: unknown | Risk: medium
INFO     AI_Evaluator:logger.py:59 Evaluation path | Student: cache | Language: python | Mode: exact_match
INFO     AI_Evaluator:logger.py:83 Evaluation completed | Student ID: cache | Score: 100
INFO     AI_Evaluator:logger.py:79 Request received | Student ID: cache | Question: Check if element is in list
INFO     AI_Evaluator:logger.py:59 Processing evaluation | Student: cache | Language: python
INFO     AI_Evaluator:logger.py:59 Question profile | Student: cache | Language: python | Category: arrays_lists | Task: data_processing | Risk: medium
INFO     AI_Evaluator:logger.py:59 Evaluation path | Student: cache | Language: python | Mode: exact_match
INFO     AI_Evaluator:logger.py:83 Evaluation completed | Student ID: cache | Score: 100
INFO     AI_Evaluator:logger.py:79 Request received | Student ID: cache | Question: Write an async function
INFO     AI_Evaluator:logger.py:59 Processing evaluation | Student: cache | Language: python
INFO     AI_Evaluator:logger.py:59 Question profile | Student: cache | Language: python | Category: general_code | Task: function_logic | Risk: medium
INFO     AI_Evaluator:logger.py:59 Evaluation path | Student: cache | Language: python | Mode: exact_match
INFO     AI_Evaluator:logger.py:83 Evaluation completed | Student ID: cache | Score: 100
INFO     AI_Evaluator:logger.py:79 Request received | Student ID: cache | Question: Make an HTTP GET request using requests
INFO     AI_Evaluator:logger.py:59 Processing evaluation | Student: cache | Language: python
INFO     AI_Evaluator:logger.py:59 Question profile | Student: cache | Language: python | Category: general | Task: unknown | Risk: medium
INFO     AI_Evaluator:logger.py:59 Evaluation path | Student: cache | Language: python | Mode: exact_match
INFO     AI_Evaluator:logger.py:83 Evaluation completed | Student ID: cache | Score: 100
INFO     AI_Evaluator:logger.py:79 Request received | Student ID: cache | Question: Connect to SQLite using sqlite3
INFO     AI_Evaluator:logger.py:59 Processing evaluation | Student: cache | Language: python
INFO     AI_Evaluator:logger.py:59 Question profile | Student: cache | Language: python | Category: general | Task: unknown | Risk: medium
INFO     AI_Evaluator:logger.py:59 Evaluation path | Student: cache | Language: python | Mode: exact_match
INFO     AI_Evaluator:logger.py:83 Evaluation completed | Student ID: cache | Score: 100
INFO     AI_Evaluator:logger.py:79 Request received | Student ID: cache | Question: Create a NumPy array
INFO     AI_Evaluator:logger.py:59 Processing evaluation | Student: cache | Language: python
INFO     AI_Evaluator:logger.py:59 Question profile | Student: cache | Language: python | Category: arrays_lists | Task: data_processing | Risk: medium
INFO     AI_Evaluator:logger.py:59 Evaluation path | Student: cache | Language: python | Mode: exact_match
INFO     AI_Evaluator:logger.py:83 Evaluation completed | Student ID: cache | Score: 100
INFO     AI_Evaluator:logger.py:79 Request received | Student ID: cache | Question: Create a pandas DataFrame
INFO     AI_Evaluator:logger.py:59 Processing evaluation | Student: cache | Language: python
INFO     AI_Evaluator:logger.py:59 Question profile | Student: cache | Language: python | Category: general | Task: unknown | Risk: medium
INFO     AI_Evaluator:logger.py:59 Evaluation path | Student: cache | Language: python | Mode: exact_match
INFO     AI_Evaluator:logger.py:83 Evaluation completed | Student ID: cache | Score: 100
INFO     AI_Evaluator:logger.py:79 Request received | Student ID: cache | Question: Plot a line using matplotlib
INFO     AI_Evaluator:logger.py:59 Processing evaluation | Student: cache | Language: python
INFO     AI_Evaluator:logger.py:59 Question profile | Student: cache | Language: python | Category: general | Task: unknown | Risk: medium
INFO     AI_Evaluator:logger.py:59 Evaluation path | Student: cache | Language: python | Mode: exact_match
INFO     AI_Evaluator:logger.py:83 Evaluation completed | Student ID: cache | Score: 100
INFO     AI_Evaluator:logger.py:79 Request received | Student ID: cache | Question: Create a Flask app
INFO     AI_Evaluator:logger.py:59 Processing evaluation | Student: cache | Language: python
INFO     AI_Evaluator:logger.py:59 Question profile | Student: cache | Language: python | Category: general | Task: unknown | Risk: medium
INFO     AI_Evaluator:logger.py:59 Evaluation path | Student: cache | Language: python | Mode: exact_match
INFO     AI_Evaluator:logger.py:83 Evaluation completed | Student ID: cache | Score: 100
INFO     AI_Evaluator:logger.py:79 Request received | Student ID: cache | Question: Use a decorator in Python
INFO     AI_Evaluator:logger.py:59 Processing evaluation | Student: cache | Language: python
INFO     AI_Evaluator:logger.py:59 Question profile | Student: cache | Language: python | Category: general | Task: unknown | Risk: medium
INFO     AI_Evaluator:logger.py:59 Evaluation path | Student: cache | Language: python | Mode: exact_match
INFO     AI_Evaluator:logger.py:83 Evaluation completed | Student ID: cache | Score: 100
INFO     AI_Evaluator:logger.py:79 Request received | Student ID: cache | Question: Use a context manager
INFO     AI_Evaluator:logger.py:59 Processing evaluation | Student: cache | Language: python
INFO     AI_Evaluator:logger.py:59 Question profile | Student: cache | Language: python | Category: general | Task: unknown | Risk: medium
INFO     AI_Evaluator:logger.py:59 Evaluation path | Student: cache | Language: python | Mode: exact_match
INFO     AI_Evaluator:logger.py:83 Evaluation completed | Student ID: cache | Score: 100
INFO     AI_Evaluator:logger.py:79 Request received | Student ID: cache | Question: Check if two variables reference the same object (
INFO     AI_Evaluator:logger.py:59 Processing evaluation | Student: cache | Language: python
INFO     AI_Evaluator:logger.py:59 Question profile | Student: cache | Language: python | Category: general | Task: unknown | Risk: medium
INFO     AI_Evaluator:logger.py:59 Evaluation path | Student: cache | Language: python | Mode: deterministic_shortcut | Type: zero_pass
INFO     AI_Evaluator:logger.py:59 Evaluation confidence | Student: cache | Language: python | Confidence: high
INFO     AI_Evaluator:logger.py:83 Evaluation completed | Student ID: cache | Score: 0
INFO     AI_Evaluator:logger.py:79 Request received | Student ID: cache | Question: Type check using isinstance
INFO     AI_Evaluator:logger.py:59 Processing evaluation | Student: cache | Language: python
INFO     AI_Evaluator:logger.py:59 Question profile | Student: cache | Language: python | Category: general | Task: unknown | Risk: medium
INFO     AI_Evaluator:logger.py:59 Evaluation path | Student: cache | Language: python | Mode: deterministic_shortcut | Type: zero_pass
INFO     AI_Evaluator:logger.py:59 Evaluation confidence | Student: cache | Language: python | Confidence: high
INFO     AI_Evaluator:logger.py:83 Evaluation completed | Student ID: cache | Score: 0
INFO     AI_Evaluator:logger.py:79 Request received | Student ID: cache | Question: Check if element is in list
INFO     AI_Evaluator:logger.py:59 Processing evaluation | Student: cache | Language: python
INFO     AI_Evaluator:logger.py:59 Question profile | Student: cache | Language: python | Category: arrays_lists | Task: data_processing | Risk: medium
INFO     AI_Evaluator:logger.py:59 Evaluation path | Student: cache | Language: python | Mode: deterministic_shortcut | Type: zero_pass
INFO     AI_Evaluator:logger.py:59 Evaluation confidence | Student: cache | Language: python | Confidence: high
INFO     AI_Evaluator:logger.py:83 Evaluation completed | Student ID: cache | Score: 0
INFO     AI_Evaluator:logger.py:79 Request received | Student ID: cache | Question: Write an async function
INFO     AI_Evaluator:logger.py:59 Processing evaluation | Student: cache | Language: python
INFO     AI_Evaluator:logger.py:59 Question profile | Student: cache | Language: python | Category: general_code | Task: function_logic | Risk: medium
INFO     AI_Evaluator:logger.py:59 Evaluation path | Student: cache | Language: python | Mode: deterministic_shortcut | Type: zero_pass
INFO     AI_Evaluator:logger.py:59 Evaluation confidence | Student: cache | Language: python | Confidence: high
INFO     AI_Evaluator:logger.py:83 Evaluation completed | Student ID: cache | Score: 0
INFO     AI_Evaluator:logger.py:79 Request received | Student ID: cache | Question: Make an HTTP GET request using requests
INFO     AI_Evaluator:logger.py:59 Processing evaluation | Student: cache | Language: python
INFO     AI_Evaluator:logger.py:59 Question profile | Student: cache | Language: python | Category: general | Task: unknown | Risk: medium
INFO     AI_Evaluator:logger.py:59 Evaluation path | Student: cache | Language: python | Mode: deterministic_shortcut | Type: zero_pass
INFO     AI_Evaluator:logger.py:59 Evaluation confidence | Student: cache | Language: python | Confidence: high
INFO     AI_Evaluator:logger.py:83 Evaluation completed | Student ID: cache | Score: 0
INFO     AI_Evaluator:logger.py:79 Request received | Student ID: cache | Question: Connect to SQLite using sqlite3
INFO     AI_Evaluator:logger.py:59 Processing evaluation | Student: cache | Language: python
INFO     AI_Evaluator:logger.py:59 Question profile | Student: cache | Language: python | Category: general | Task: unknown | Risk: medium
INFO     AI_Evaluator:logger.py:59 Evaluation path | Student: cache | Language: python | Mode: deterministic_shortcut | Type: zero_pass
INFO     AI_Evaluator:logger.py:59 Evaluation confidence | Student: cache | Language: python | Confidence: high
INFO     AI_Evaluator:logger.py:83 Evaluation completed | Student ID: cache | Score: 0
INFO     AI_Evaluator:logger.py:79 Request received | Student ID: cache | Question: Create a NumPy array
INFO     AI_Evaluator:logger.py:59 Processing evaluation | Student: cache | Language: python
INFO     AI_Evaluator:logger.py:59 Question profile | Student: cache | Language: python | Category: arrays_lists | Task: data_processing | Risk: medium
INFO     AI_Evaluator:logger.py:59 Evaluation path | Student: cache | Language: python | Mode: deterministic_shortcut | Type: mostly_correct
INFO     AI_Evaluator:logger.py:59 Evaluation confidence | Student: cache | Language: python | Confidence: high
INFO     AI_Evaluator:logger.py:83 Evaluation completed | Student ID: cache | Score: 48
INFO     AI_Evaluator:logger.py:79 Request received | Student ID: cache | Question: Create a pandas DataFrame
INFO     AI_Evaluator:logger.py:59 Processing evaluation | Student: cache | Language: python
INFO     AI_Evaluator:logger.py:59 Question profile | Student: cache | Language: python | Category: general | Task: unknown | Risk: medium
INFO     AI_Evaluator:logger.py:59 Evaluation path | Student: cache | Language: python | Mode: deterministic_shortcut | Type: mostly_correct
INFO     AI_Evaluator:logger.py:59 Evaluation confidence | Student: cache | Language: python | Confidence: high
INFO     AI_Evaluator:logger.py:83 Evaluation completed | Student ID: cache | Score: 48
INFO     AI_Evaluator:logger.py:79 Request received | Student ID: cache | Question: Plot a line using matplotlib
INFO     AI_Evaluator:logger.py:59 Processing evaluation | Student: cache | Language: python
INFO     AI_Evaluator:logger.py:59 Question profile | Student: cache | Language: python | Category: general | Task: unknown | Risk: medium
INFO     AI_Evaluator:logger.py:59 Evaluation path | Student: cache | Language: python | Mode: deterministic_shortcut | Type: mostly_correct
INFO     AI_Evaluator:logger.py:59 Evaluation confidence | Student: cache | Language: python | Confidence: high
INFO     AI_Evaluator:logger.py:83 Evaluation completed | Student ID: cache | Score: 48
INFO     AI_Evaluator:logger.py:79 Request received | Student ID: cache | Question: Create a Flask app
INFO     AI_Evaluator:logger.py:59 Processing evaluation | Student: cache | Language: python
INFO     AI_Evaluator:logger.py:59 Question profile | Student: cache | Language: python | Category: general | Task: unknown | Risk: medium
INFO     AI_Evaluator:logger.py:59 Evaluation path | Student: cache | Language: python | Mode: deterministic_shortcut | Type: zero_pass
INFO     AI_Evaluator:logger.py:59 Evaluation confidence | Student: cache | Language: python | Confidence: high
INFO     AI_Evaluator:logger.py:83 Evaluation completed | Student ID: cache | Score: 0
INFO     AI_Evaluator:logger.py:79 Request received | Student ID: cache | Question: Use a decorator in Python
INFO     AI_Evaluator:logger.py:59 Processing evaluation | Student: cache | Language: python
INFO     AI_Evaluator:logger.py:59 Question profile | Student: cache | Language: python | Category: general | Task: unknown | Risk: medium
INFO     AI_Evaluator:logger.py:59 Evaluation path | Student: cache | Language: python | Mode: deterministic_shortcut | Type: zero_pass
INFO     AI_Evaluator:logger.py:59 Evaluation confidence | Student: cache | Language: python | Confidence: high
INFO     AI_Evaluator:logger.py:83 Evaluation completed | Student ID: cache | Score: 0
INFO     AI_Evaluator:logger.py:79 Request received | Student ID: cache | Question: Use a context manager
INFO     AI_Evaluator:logger.py:59 Processing evaluation | Student: cache | Language: python
INFO     AI_Evaluator:logger.py:59 Question profile | Student: cache | Language: python | Category: general | Task: unknown | Risk: medium
INFO     AI_Evaluator:logger.py:59 Evaluation path | Student: cache | Language: python | Mode: deterministic_shortcut | Type: zero_pass
INFO     AI_Evaluator:logger.py:59 Evaluation confidence | Student: cache | Language: python | Confidence: high
INFO     AI_Evaluator:logger.py:83 Evaluation completed | Student ID: cache | Score: 0
INFO     AI_Evaluator:logger.py:79 Request received | Student ID: cache | Question: Use multithreading with threading
INFO     AI_Evaluator:logger.py:59 Processing evaluation | Student: cache | Language: python
INFO     AI_Evaluator:logger.py:59 Question profile | Student: cache | Language: python | Category: general | Task: unknown | Risk: medium
INFO     AI_Evaluator:logger.py:59 Evaluation path | Student: cache | Language: python | Mode: deterministic_shortcut | Type: zero_pass
INFO     AI_Evaluator:logger.py:59 Evaluation confidence | Student: cache | Language: python | Confidence: high
INFO     AI_Evaluator:logger.py:83 Evaluation completed | Student ID: cache | Score: 0
INFO     AI_Evaluator:logger.py:79 Request received | Student ID: cache | Question: Use multiprocessing to run a task
INFO     AI_Evaluator:logger.py:59 Processing evaluation | Student: cache | Language: python
INFO     AI_Evaluator:logger.py:59 Question profile | Student: cache | Language: python | Category: general | Task: unknown | Risk: medium
INFO     AI_Evaluator:logger.py:59 Evaluation path | Student: cache | Language: python | Mode: deterministic_shortcut | Type: zero_pass
INFO     AI_Evaluator:logger.py:59 Evaluation confidence | Student: cache | Language: python | Confidence: high
INFO     AI_Evaluator:logger.py:83 Evaluation completed | Student ID: cache | Score: 0
INFO     AI_Evaluator:logger.py:79 Request received | Student ID: cache | Question: Log a message using logging
INFO     AI_Evaluator:logger.py:59 Processing evaluation | Student: cache | Language: python
INFO     AI_Evaluator:logger.py:59 Question profile | Student: cache | Language: python | Category: general | Task: unknown | Risk: medium
INFO     AI_Evaluator:logger.py:59 Evaluation path | Student: cache | Language: python | Mode: deterministic_shortcut | Type: mostly_correct
INFO     AI_Evaluator:logger.py:59 Evaluation confidence | Student: cache | Language: python | Confidence: high
INFO     AI_Evaluator:logger.py:83 Evaluation completed | Student ID: cache | Score: 48
INFO     AI_Evaluator:logger.py:79 Request received | Student ID: cache | Question: Write a pytest test case
INFO     AI_Evaluator:logger.py:59 Processing evaluation | Student: cache | Language: python
INFO     AI_Evaluator:logger.py:59 Question profile | Student: cache | Language: python | Category: general | Task: unknown | Risk: medium
INFO     AI_Evaluator:logger.py:59 Evaluation path | Student: cache | Language: python | Mode: deterministic_shortcut | Type: zero_pass
INFO     AI_Evaluator:logger.py:59 Evaluation confidence | Student: cache | Language: python | Confidence: high
INFO     AI_Evaluator:logger.py:83 Evaluation completed | Student ID: cache | Score: 0
INFO     AI_Evaluator:logger.py:79 Request received | Student ID: cache | Question: Write a unittest TestCase
INFO     AI_Evaluator:logger.py:59 Processing evaluation | Student: cache | Language: python
INFO     AI_Evaluator:logger.py:59 Question profile | Student: cache | Language: python | Category: general | Task: unknown | Risk: medium
INFO     AI_Evaluator:logger.py:59 Evaluation path | Student: cache | Language: python | Mode: deterministic_shortcut | Type: mostly_correct
INFO     AI_Evaluator:logger.py:59 Evaluation confidence | Student: cache | Language: python | Confidence: high
INFO     AI_Evaluator:logger.py:83 Evaluation completed | Student ID: cache | Score: 48
INFO     AI_Evaluator:logger.py:79 Request received | Student ID: cache | Question: Create a Django view
INFO     AI_Evaluator:logger.py:59 Processing evaluation | Student: cache | Language: python
INFO     AI_Evaluator:logger.py:59 Question profile | Student: cache | Language: python | Category: general | Task: unknown | Risk: medium
INFO     AI_Evaluator:logger.py:59 Evaluation path | Student: cache | Language: python | Mode: deterministic_shortcut | Type: mostly_correct
INFO     AI_Evaluator:logger.py:59 Evaluation confidence | Student: cache | Language: python | Confidence: high
INFO     AI_Evaluator:logger.py:83 Evaluation completed | Student ID: cache | Score: 48
INFO     AI_Evaluator:logger.py:79 Request received | Student ID: cache | Question: Create a FastAPI app
INFO     AI_Evaluator:logger.py:59 Processing evaluation | Student: cache | Language: python
INFO     AI_Evaluator:logger.py:59 Question profile | Student: cache | Language: python | Category: general | Task: unknown | Risk: medium
INFO     AI_Evaluator:logger.py:59 Evaluation path | Student: cache | Language: python | Mode: deterministic_shortcut | Type: mostly_correct
INFO     AI_Evaluator:logger.py:59 Evaluation confidence | Student: cache | Language: python | Confidence: high
INFO     AI_Evaluator:logger.py:83 Evaluation completed | Student ID: cache | Score: 48
INFO     AI_Evaluator:logger.py:79 Request received | Student ID: cache | Question: Create a Tkinter window
INFO     AI_Evaluator:logger.py:59 Processing evaluation | Student: cache | Language: python
INFO     AI_Evaluator:logger.py:59 Question profile | Student: cache | Language: python | Category: general | Task: unknown | Risk: medium
INFO     AI_Evaluator:logger.py:59 Evaluation path | Student: cache | Language: python | Mode: deterministic_shortcut | Type: zero_pass
INFO     AI_Evaluator:logger.py:59 Evaluation confidence | Student: cache | Language: python | Confidence: high
INFO     AI_Evaluator:logger.py:83 Evaluation completed | Student ID: cache | Score: 0
INFO     AI_Evaluator:logger.py:79 Request received | Student ID: cache | Question: Create a PyQt application
INFO     AI_Evaluator:logger.py:59 Processing evaluation | Student: cache | Language: python
INFO     AI_Evaluator:logger.py:59 Question profile | Student: cache | Language: python | Category: general | Task: unknown | Risk: medium
INFO     AI_Evaluator:logger.py:59 Evaluation path | Student: cache | Language: python | Mode: deterministic_shortcut | Type: zero_pass
INFO     AI_Evaluator:logger.py:59 Evaluation confidence | Student: cache | Language: python | Confidence: high
INFO     AI_Evaluator:logger.py:83 Evaluation completed | Student ID: cache | Score: 0
INFO     AI_Evaluator:logger.py:79 Request received | Student ID: cache | Question: Train a model using scikit-learn
INFO     AI_Evaluator:logger.py:59 Processing evaluation | Student: cache | Language: python
INFO     AI_Evaluator:logger.py:59 Question profile | Student: cache | Language: python | Category: general | Task: unknown | Risk: medium
INFO     AI_Evaluator:logger.py:59 Evaluation path | Student: cache | Language: python | Mode: deterministic_shortcut | Type: zero_pass
INFO     AI_Evaluator:logger.py:59 Evaluation confidence | Student: cache | Language: python | Confidence: high
INFO     AI_Evaluator:logger.py:83 Evaluation completed | Student ID: cache | Score: 0
INFO     AI_Evaluator:logger.py:79 Request received | Student ID: cache | Question: Use a lambda function
INFO     AI_Evaluator:logger.py:59 Processing evaluation | Student: cache | Language: python
INFO     AI_Evaluator:logger.py:59 Question profile | Student: cache | Language: python | Category: general_code | Task: function_logic | Risk: medium
INFO     AI_Evaluator:logger.py:59 Evaluation path | Student: cache | Language: python | Mode: exact_match
INFO     AI_Evaluator:logger.py:83 Evaluation completed | Student ID: cache | Score: 100
INFO     AI_Evaluator:logger.py:79 Request received | Student ID: cache | Question: Use a lambda function
INFO     AI_Evaluator:logger.py:59 Processing evaluation | Student: cache | Language: python
INFO     AI_Evaluator:logger.py:59 Question profile | Student: cache | Language: python | Category: general_code | Task: function_logic | Risk: medium
INFO     AI_Evaluator:logger.py:59 Evaluation path | Student: cache | Language: python | Mode: deterministic_shortcut | Type: zero_pass
INFO     AI_Evaluator:logger.py:59 Evaluation confidence | Student: cache | Language: python | Confidence: high
INFO     AI_Evaluator:logger.py:83 Evaluation completed | Student ID: cache | Score: 0
INFO     AI_Evaluator:logger.py:79 Request received | Student ID: cache | Question: Validate input using regular expression
INFO     AI_Evaluator:logger.py:59 Processing evaluation | Student: cache | Language: python
INFO     AI_Evaluator:logger.py:59 Question profile | Student: cache | Language: python | Category: general | Task: unknown | Risk: medium
INFO     AI_Evaluator:logger.py:59 Evaluation path | Student: cache | Language: python | Mode: exact_match
INFO     AI_Evaluator:logger.py:83 Evaluation completed | Student ID: cache | Score: 100
INFO     AI_Evaluator:logger.py:79 Request received | Student ID: cache | Question: Validate input using regular expression
INFO     AI_Evaluator:logger.py:59 Processing evaluation | Student: cache | Language: python
INFO     AI_Evaluator:logger.py:59 Question profile | Student: cache | Language: python | Category: general | Task: unknown | Risk: medium
INFO     AI_Evaluator:logger.py:59 Evaluation path | Student: cache | Language: python | Mode: deterministic_shortcut | Type: zero_pass
INFO     AI_Evaluator:logger.py:59 Evaluation confidence | Student: cache | Language: python | Confidence: high
INFO     AI_Evaluator:logger.py:83 Evaluation completed | Student ID: cache | Score: 0
INFO     AI_Evaluator:logger.py:79 Request received | Student ID: cache | Question: Parse a JSON string
INFO     AI_Evaluator:logger.py:59 Processing evaluation | Student: cache | Language: python
INFO     AI_Evaluator:logger.py:59 Question profile | Student: cache | Language: python | Category: io_parsing | Task: parsing | Risk: high
INFO     AI_Evaluator:logger.py:59 Evaluation path | Student: cache | Language: python | Mode: exact_match
INFO     AI_Evaluator:logger.py:83 Evaluation completed | Student ID: cache | Score: 100
INFO     AI_Evaluator:logger.py:79 Request received | Student ID: cache | Question: Parse a JSON string
INFO     AI_Evaluator:logger.py:59 Processing evaluation | Student: cache | Language: python
INFO     AI_Evaluator:logger.py:59 Question profile | Student: cache | Language: python | Category: io_parsing | Task: parsing | Risk: high
INFO     AI_Evaluator:logger.py:59 Evaluation path | Student: cache | Language: python | Mode: deterministic_shortcut | Type: zero_pass
INFO     AI_Evaluator:logger.py:59 Evaluation confidence | Student: cache | Language: python | Confidence: high
INFO     AI_Evaluator:logger.py:83 Evaluation completed | Student ID: cache | Score: 0
INFO     AI_Evaluator:logger.py:79 Request received | Student ID: cache | Question: Serialize data to JSON
INFO     AI_Evaluator:logger.py:59 Processing evaluation | Student: cache | Language: python
INFO     AI_Evaluator:logger.py:59 Question profile | Student: cache | Language: python | Category: io_parsing | Task: parsing | Risk: high
INFO     AI_Evaluator:logger.py:59 Evaluation path | Student: cache | Language: python | Mode: exact_match
INFO     AI_Evaluator:logger.py:83 Evaluation completed | Student ID: cache | Score: 100
INFO     AI_Evaluator:logger.py:79 Request received | Student ID: cache | Question: Serialize data to JSON
INFO     AI_Evaluator:logger.py:59 Processing evaluation | Student: cache | Language: python
INFO     AI_Evaluator:logger.py:59 Question profile | Student: cache | Language: python | Category: io_parsing | Task: parsing | Risk: high
INFO     AI_Evaluator:logger.py:59 Evaluation path | Student: cache | Language: python | Mode: deterministic_shortcut | Type: zero_pass
INFO     AI_Evaluator:logger.py:59 Evaluation confidence | Student: cache | Language: python | Confidence: high
INFO     AI_Evaluator:logger.py:83 Evaluation completed | Student ID: cache | Score: 0
INFO     AI_Evaluator:logger.py:79 Request received | Student ID: cache | Question: Read a CSV file using the csv module
INFO     AI_Evaluator:logger.py:59 Processing evaluation | Student: cache | Language: python
INFO     AI_Evaluator:logger.py:59 Question profile | Student: cache | Language: python | Category: io_parsing | Task: parsing | Risk: high
INFO     AI_Evaluator:logger.py:59 Evaluation path | Student: cache | Language: python | Mode: exact_match
INFO     AI_Evaluator:logger.py:83 Evaluation completed | Student ID: cache | Score: 100
INFO     AI_Evaluator:logger.py:79 Request received | Student ID: cache | Question: Read a CSV file using the csv module
INFO     AI_Evaluator:logger.py:59 Processing evaluation | Student: cache | Language: python
INFO     AI_Evaluator:logger.py:59 Question profile | Student: cache | Language: python | Category: io_parsing | Task: parsing | Risk: high
INFO     AI_Evaluator:logger.py:59 Evaluation path | Student: cache | Language: python | Mode: deterministic_shortcut | Type: zero_pass
INFO     AI_Evaluator:logger.py:59 Evaluation confidence | Student: cache | Language: python | Confidence: high
INFO     AI_Evaluator:logger.py:83 Evaluation completed | Student ID: cache | Score: 0
INFO     AI_Evaluator:logger.py:79 Request received | Student ID: cache | Question: Get the current datetime using datetime module
INFO     AI_Evaluator:logger.py:59 Processing evaluation | Student: cache | Language: python
INFO     AI_Evaluator:logger.py:59 Question profile | Student: cache | Language: python | Category: general | Task: unknown | Risk: medium
INFO     AI_Evaluator:logger.py:59 Evaluation path | Student: cache | Language: python | Mode: exact_match
INFO     AI_Evaluator:logger.py:83 Evaluation completed | Student ID: cache | Score: 100
INFO     AI_Evaluator:logger.py:79 Request received | Student ID: cache | Question: Get the current datetime using datetime module
INFO     AI_Evaluator:logger.py:59 Processing evaluation | Student: cache | Language: python
INFO     AI_Evaluator:logger.py:59 Question profile | Student: cache | Language: python | Category: general | Task: unknown | Risk: medium
INFO     AI_Evaluator:logger.py:59 Evaluation path | Student: cache | Language: python | Mode: deterministic_shortcut | Type: zero_pass
INFO     AI_Evaluator:logger.py:59 Evaluation confidence | Student: cache | Language: python | Confidence: high
INFO     AI_Evaluator:logger.py:83 Evaluation completed | Student ID: cache | Score: 0
INFO     AI_Evaluator:logger.py:79 Request received | Student ID: cache | Question: Generate a random number using random module
INFO     AI_Evaluator:logger.py:59 Processing evaluation | Student: cache | Language: python
INFO     AI_Evaluator:logger.py:59 Question profile | Student: cache | Language: python | Category: general | Task: unknown | Risk: medium
INFO     AI_Evaluator:logger.py:59 Evaluation path | Student: cache | Language: python | Mode: exact_match
INFO     AI_Evaluator:logger.py:83 Evaluation completed | Student ID: cache | Score: 100
INFO     AI_Evaluator:logger.py:79 Request received | Student ID: cache | Question: Generate a random number using random module
INFO     AI_Evaluator:logger.py:59 Processing evaluation | Student: cache | Language: python
INFO     AI_Evaluator:logger.py:59 Question profile | Student: cache | Language: python | Category: general | Task: unknown | Risk: medium
INFO     AI_Evaluator:logger.py:59 Evaluation path | Student: cache | Language: python | Mode: deterministic_shortcut | Type: zero_pass
INFO     AI_Evaluator:logger.py:59 Evaluation confidence | Student: cache | Language: python | Confidence: high
INFO     AI_Evaluator:logger.py:83 Evaluation completed | Student ID: cache | Score: 0
INFO     AI_Evaluator:logger.py:79 Request received | Student ID: cache | Question: List files using os module
INFO     AI_Evaluator:logger.py:59 Processing evaluation | Student: cache | Language: python
INFO     AI_Evaluator:logger.py:59 Question profile | Student: cache | Language: python | Category: arrays_lists | Task: data_processing | Risk: medium
INFO     AI_Evaluator:logger.py:59 Evaluation path | Student: cache | Language: python | Mode: exact_match
INFO     AI_Evaluator:logger.py:83 Evaluation completed | Student ID: cache | Score: 100
INFO     AI_Evaluator:logger.py:79 Request received | Student ID: cache | Question: List files using os module
INFO     AI_Evaluator:logger.py:59 Processing evaluation | Student: cache | Language: python
INFO     AI_Evaluator:logger.py:59 Question profile | Student: cache | Language: python | Category: arrays_lists | Task: data_processing | Risk: medium
INFO     AI_Evaluator:logger.py:59 Evaluation path | Student: cache | Language: python | Mode: deterministic_shortcut | Type: zero_pass
INFO     AI_Evaluator:logger.py:59 Evaluation confidence | Student: cache | Language: python | Confidence: high
INFO     AI_Evaluator:logger.py:83 Evaluation completed | Student ID: cache | Score: 0
INFO     AI_Evaluator:logger.py:79 Request received | Student ID: cache | Question: Read command-line args using sys module
INFO     AI_Evaluator:logger.py:59 Processing evaluation | Student: cache | Language: python
INFO     AI_Evaluator:logger.py:59 Question profile | Student: cache | Language: python | Category: general | Task: unknown | Risk: medium
INFO     AI_Evaluator:logger.py:59 Evaluation path | Student: cache | Language: python | Mode: exact_match
INFO     AI_Evaluator:logger.py:83 Evaluation completed | Student ID: cache | Score: 100
INFO     AI_Evaluator:logger.py:79 Request received | Student ID: cache | Question: Read command-line args using sys module
INFO     AI_Evaluator:logger.py:59 Processing evaluation | Student: cache | Language: python
INFO     AI_Evaluator:logger.py:59 Question profile | Student: cache | Language: python | Category: general | Task: unknown | Risk: medium
INFO     AI_Evaluator:logger.py:59 Evaluation path | Student: cache | Language: python | Mode: deterministic_shortcut | Type: zero_pass
INFO     AI_Evaluator:logger.py:59 Evaluation confidence | Student: cache | Language: python | Confidence: high
INFO     AI_Evaluator:logger.py:83 Evaluation completed | Student ID: cache | Score: 0
INFO     AI_Evaluator:logger.py:79 Request received | Student ID: cache | Question: Use bitwise AND operation
INFO     AI_Evaluator:logger.py:59 Processing evaluation | Student: cache | Language: python
INFO     AI_Evaluator:logger.py:59 Question profile | Student: cache | Language: python | Category: general | Task: unknown | Risk: medium
INFO     AI_Evaluator:logger.py:59 Evaluation path | Student: cache | Language: python | Mode: exact_match
INFO     AI_Evaluator:logger.py:83 Evaluation completed | Student ID: cache | Score: 100
INFO     AI_Evaluator:logger.py:79 Request received | Student ID: cache | Question: Use bitwise AND operation
INFO     AI_Evaluator:logger.py:59 Processing evaluation | Student: cache | Language: python
INFO     AI_Evaluator:logger.py:59 Question profile | Student: cache | Language: python | Category: general | Task: unknown | Risk: medium
INFO     AI_Evaluator:logger.py:59 Evaluation path | Student: cache | Language: python | Mode: deterministic_shortcut | Type: zero_pass
INFO     AI_Evaluator:logger.py:59 Evaluation confidence | Student: cache | Language: python | Confidence: high
INFO     AI_Evaluator:logger.py:83 Evaluation completed | Student ID: cache | Score: 0
INFO     AI_Evaluator:logger.py:79 Request received | Student ID: cache | Question: Define a class in Python
INFO     AI_Evaluator:logger.py:59 Processing evaluation | Student: cache | Language: python
INFO     AI_Evaluator:logger.py:59 Question profile | Student: cache | Language: python | Category: general | Task: unknown | Risk: medium
INFO     AI_Evaluator:logger.py:59 Evaluation path | Student: cache | Language: python | Mode: exact_match
INFO     AI_Evaluator:logger.py:83 Evaluation completed | Student ID: cache | Score: 100
INFO     AI_Evaluator:logger.py:79 Request received | Student ID: cache | Question: Define a class in Python
INFO     AI_Evaluator:logger.py:59 Processing evaluation | Student: cache | Language: python
INFO     AI_Evaluator:logger.py:59 Question profile | Student: cache | Language: python | Category: general | Task: unknown | Risk: medium
INFO     AI_Evaluator:logger.py:59 Evaluation path | Student: cache | Language: python | Mode: deterministic_shortcut | Type: zero_pass
INFO     AI_Evaluator:logger.py:59 Evaluation confidence | Student: cache | Language: python | Confidence: high
INFO     AI_Evaluator:logger.py:83 Evaluation completed | Student ID: cache | Score: 0
INFO     AI_Evaluator:logger.py:79 Request received | Student ID: cache | Question: Show inheritance in Python
INFO     AI_Evaluator:logger.py:59 Processing evaluation | Student: cache | Language: python
INFO     AI_Evaluator:logger.py:59 Question profile | Student: cache | Language: python | Category: general | Task: unknown | Risk: medium
INFO     AI_Evaluator:logger.py:59 Evaluation path | Student: cache | Language: python | Mode: exact_match
INFO     AI_Evaluator:logger.py:83 Evaluation completed | Student ID: cache | Score: 100
INFO     AI_Evaluator:logger.py:79 Request received | Student ID: cache | Question: Show inheritance in Python
INFO     AI_Evaluator:logger.py:59 Processing evaluation | Student: cache | Language: python
INFO     AI_Evaluator:logger.py:59 Question profile | Student: cache | Language: python | Category: general | Task: unknown | Risk: medium
INFO     AI_Evaluator:logger.py:59 Evaluation path | Student: cache | Language: python | Mode: deterministic_shortcut | Type: zero_pass
INFO     AI_Evaluator:logger.py:59 Evaluation confidence | Student: cache | Language: python | Confidence: high
INFO     AI_Evaluator:logger.py:83 Evaluation completed | Student ID: cache | Score: 0
INFO     AI_Evaluator:logger.py:79 Request received | Student ID: cache | Question: Use recursion to compute factorial
INFO     AI_Evaluator:logger.py:59 Processing evaluation | Student: cache | Language: python
INFO     AI_Evaluator:logger.py:59 Question profile | Student: cache | Language: python | Category: basics_math | Task: basic_logic | Risk: low
INFO     AI_Evaluator:logger.py:59 Evaluation path | Student: cache | Language: python | Mode: exact_match
INFO     AI_Evaluator:logger.py:83 Evaluation completed | Student ID: cache | Score: 100
INFO     AI_Evaluator:logger.py:79 Request received | Student ID: cache | Question: Use recursion to compute factorial
INFO     AI_Evaluator:logger.py:59 Processing evaluation | Student: cache | Language: python
INFO     AI_Evaluator:logger.py:59 Question profile | Student: cache | Language: python | Category: basics_math | Task: basic_logic | Risk: low
INFO     AI_Evaluator:logger.py:59 Evaluation path | Student: cache | Language: python | Mode: deterministic_shortcut | Type: zero_pass
INFO     AI_Evaluator:logger.py:59 Evaluation confidence | Student: cache | Language: python | Confidence: high
INFO     AI_Evaluator:logger.py:83 Evaluation completed | Student ID: cache | Score: 0
INFO     AI_Evaluator:logger.py:79 Request received | Student ID: cache | Question: Use a for loop to iterate
INFO     AI_Evaluator:logger.py:59 Processing evaluation | Student: cache | Language: python
INFO     AI_Evaluator:logger.py:59 Question profile | Student: cache | Language: python | Category: general | Task: unknown | Risk: medium
INFO     AI_Evaluator:logger.py:59 Evaluation path | Student: cache | Language: python | Mode: exact_match
INFO     AI_Evaluator:logger.py:83 Evaluation completed | Student ID: cache | Score: 100
INFO     AI_Evaluator:logger.py:79 Request received | Student ID: cache | Question: Use a for loop to iterate
INFO     AI_Evaluator:logger.py:59 Processing evaluation | Student: cache | Language: python
INFO     AI_Evaluator:logger.py:59 Question profile | Student: cache | Language: python | Category: general | Task: unknown | Risk: medium
INFO     AI_Evaluator:logger.py:59 Evaluation path | Student: cache | Language: python | Mode: deterministic_shortcut | Type: zero_pass
INFO     AI_Evaluator:logger.py:59 Evaluation confidence | Student: cache | Language: python | Confidence: high
INFO     AI_Evaluator:logger.py:83 Evaluation completed | Student ID: cache | Score: 0
INFO     AI_Evaluator:logger.py:79 Request received | Student ID: cache | Question: Use a while loop to iterate
INFO     AI_Evaluator:logger.py:59 Processing evaluation | Student: cache | Language: python
INFO     AI_Evaluator:logger.py:59 Question profile | Student: cache | Language: python | Category: general | Task: unknown | Risk: medium
INFO     AI_Evaluator:logger.py:59 Evaluation path | Student: cache | Language: python | Mode: exact_match
INFO     AI_Evaluator:logger.py:83 Evaluation completed | Student ID: cache | Score: 100
INFO     AI_Evaluator:logger.py:79 Request received | Student ID: cache | Question: Use a while loop to iterate
INFO     AI_Evaluator:logger.py:59 Processing evaluation | Student: cache | Language: python
INFO     AI_Evaluator:logger.py:59 Question profile | Student: cache | Language: python | Category: general | Task: unknown | Risk: medium
INFO     AI_Evaluator:logger.py:59 Evaluation path | Student: cache | Language: python | Mode: deterministic_shortcut | Type: zero_pass
INFO     AI_Evaluator:logger.py:59 Evaluation confidence | Student: cache | Language: python | Confidence: high
INFO     AI_Evaluator:logger.py:83 Evaluation completed | Student ID: cache | Score: 0
INFO     AI_Evaluator:logger.py:79 Request received | Student ID: cache | Question: Create a list
INFO     AI_Evaluator:logger.py:59 Processing evaluation | Student: cache | Language: python
INFO     AI_Evaluator:logger.py:59 Question profile | Student: cache | Language: python | Category: arrays_lists | Task: data_processing | Risk: medium
INFO     AI_Evaluator:logger.py:59 Evaluation path | Student: cache | Language: python | Mode: exact_match
INFO     AI_Evaluator:logger.py:83 Evaluation completed | Student ID: cache | Score: 100
INFO     AI_Evaluator:logger.py:79 Request received | Student ID: cache | Question: Create a list
INFO     AI_Evaluator:logger.py:59 Processing evaluation | Student: cache | Language: python
INFO     AI_Evaluator:logger.py:59 Question profile | Student: cache | Language: python | Category: arrays_lists | Task: data_processing | Risk: medium
INFO     AI_Evaluator:logger.py:59 Evaluation path | Student: cache | Language: python | Mode: deterministic_shortcut | Type: zero_pass
INFO     AI_Evaluator:logger.py:59 Evaluation confidence | Student: cache | Language: python | Confidence: high
INFO     AI_Evaluator:logger.py:83 Evaluation completed | Student ID: cache | Score: 0
INFO     AI_Evaluator:logger.py:79 Request received | Student ID: cache | Question: Create a tuple
INFO     AI_Evaluator:logger.py:59 Processing evaluation | Student: cache | Language: python
INFO     AI_Evaluator:logger.py:59 Question profile | Student: cache | Language: python | Category: general | Task: unknown | Risk: medium
INFO     AI_Evaluator:logger.py:59 Evaluation path | Student: cache | Language: python | Mode: exact_match
INFO     AI_Evaluator:logger.py:83 Evaluation completed | Student ID: cache | Score: 100
INFO     AI_Evaluator:logger.py:79 Request received | Student ID: cache | Question: Create a set
INFO     AI_Evaluator:logger.py:59 Processing evaluation | Student: cache | Language: python
INFO     AI_Evaluator:logger.py:59 Question profile | Student: cache | Language: python | Category: collections | Task: required_technique | Risk: high
INFO     AI_Evaluator:logger.py:59 Evaluation path | Student: cache | Language: python | Mode: exact_match
INFO     AI_Evaluator:logger.py:83 Evaluation completed | Student ID: cache | Score: 100
INFO     AI_Evaluator:logger.py:79 Request received | Student ID: cache | Question: Create a dictionary
INFO     AI_Evaluator:logger.py:59 Processing evaluation | Student: cache | Language: python
INFO     AI_Evaluator:logger.py:59 Question profile | Student: cache | Language: python | Category: collections | Task: required_technique | Risk: high
INFO     AI_Evaluator:logger.py:59 Evaluation path | Student: cache | Language: python | Mode: exact_match
INFO     AI_Evaluator:logger.py:83 Evaluation completed | Student ID: cache | Score: 100
INFO     AI_Evaluator:logger.py:79 Request received | Student ID: cache | Question: Use slicing to get a substring
INFO     AI_Evaluator:logger.py:59 Processing evaluation | Student: cache | Language: python
INFO     AI_Evaluator:logger.py:59 Question profile | Student: cache | Language: python | Category: general | Task: unknown | Risk: medium
INFO     AI_Evaluator:logger.py:59 Evaluation path | Student: cache | Language: python | Mode: exact_match
INFO     AI_Evaluator:logger.py:83 Evaluation completed | Student ID: cache | Score: 100
INFO     AI_Evaluator:logger.py:79 Request received | Student ID: cache | Question: Use slicing to get a substring
INFO     AI_Evaluator:logger.py:59 Processing evaluation | Student: cache | Language: python
INFO     AI_Evaluator:logger.py:59 Question profile | Student: cache | Language: python | Category: general | Task: unknown | Risk: medium
INFO     AI_Evaluator:logger.py:59 Evaluation path | Student: cache | Language: python | Mode: deterministic_shortcut | Type: zero_pass
INFO     AI_Evaluator:logger.py:59 Evaluation confidence | Student: cache | Language: python | Confidence: high
INFO     AI_Evaluator:logger.py:83 Evaluation completed | Student ID: cache | Score: 0
INFO     AI_Evaluator:logger.py:79 Request received | Student ID: cache | Question: Use list methods to add an item
INFO     AI_Evaluator:logger.py:59 Processing evaluation | Student: cache | Language: python
INFO     AI_Evaluator:logger.py:59 Question profile | Student: cache | Language: python | Category: arrays_lists | Task: data_processing | Risk: medium
INFO     AI_Evaluator:logger.py:59 Evaluation path | Student: cache | Language: python | Mode: exact_match
INFO     AI_Evaluator:logger.py:83 Evaluation completed | Student ID: cache | Score: 100
INFO     AI_Evaluator:logger.py:79 Request received | Student ID: cache | Question: Use list methods to add an item
INFO     AI_Evaluator:logger.py:59 Processing evaluation | Student: cache | Language: python
INFO     AI_Evaluator:logger.py:59 Question profile | Student: cache | Language: python | Category: arrays_lists | Task: data_processing | Risk: medium
INFO     AI_Evaluator:logger.py:59 Evaluation path | Student: cache | Language: python | Mode: deterministic_shortcut | Type: zero_pass
INFO     AI_Evaluator:logger.py:59 Evaluation confidence | Student: cache | Language: python | Confidence: high
INFO     AI_Evaluator:logger.py:83 Evaluation completed | Student ID: cache | Score: 0
INFO     AI_Evaluator:logger.py:79 Request received | Student ID: cache | Question: Use dict methods to access a value
INFO     AI_Evaluator:logger.py:59 Processing evaluation | Student: cache | Language: python
INFO     AI_Evaluator:logger.py:59 Question profile | Student: cache | Language: python | Category: general_code | Task: function_logic | Risk: medium
INFO     AI_Evaluator:logger.py:59 Evaluation path | Student: cache | Language: python | Mode: exact_match
INFO     AI_Evaluator:logger.py:83 Evaluation completed | Student ID: cache | Score: 100
INFO     AI_Evaluator:logger.py:79 Request received | Student ID: cache | Question: Use dict methods to access a value
INFO     AI_Evaluator:logger.py:59 Processing evaluation | Student: cache | Language: python
INFO     AI_Evaluator:logger.py:59 Question profile | Student: cache | Language: python | Category: general_code | Task: function_logic | Risk: medium
INFO     AI_Evaluator:logger.py:59 Evaluation path | Student: cache | Language: python | Mode: deterministic_shortcut | Type: zero_pass
INFO     AI_Evaluator:logger.py:59 Evaluation confidence | Student: cache | Language: python | Confidence: high
INFO     AI_Evaluator:logger.py:83 Evaluation completed | Student ID: cache | Score: 0
INFO     AI_Evaluator:logger.py:79 Request received | Student ID: cache | Question: Use set operations to find intersection
INFO     AI_Evaluator:logger.py:59 Processing evaluation | Student: cache | Language: python
INFO     AI_Evaluator:logger.py:59 Question profile | Student: cache | Language: python | Category: collections | Task: required_technique | Risk: high
INFO     AI_Evaluator:logger.py:59 Evaluation path | Student: cache | Language: python | Mode: exact_match
INFO     AI_Evaluator:logger.py:83 Evaluation completed | Student ID: cache | Score: 100
INFO     AI_Evaluator:logger.py:79 Request received | Student ID: cache | Question: Use set operations to find intersection
INFO     AI_Evaluator:logger.py:59 Processing evaluation | Student: cache | Language: python
INFO     AI_Evaluator:logger.py:59 Question profile | Student: cache | Language: python | Category: collections | Task: required_technique | Risk: high
INFO     AI_Evaluator:logger.py:59 Evaluation path | Student: cache | Language: python | Mode: deterministic_shortcut | Type: zero_pass
INFO     AI_Evaluator:logger.py:59 Evaluation confidence | Student: cache | Language: python | Confidence: high
INFO     AI_Evaluator:logger.py:83 Evaluation completed | Student ID: cache | Score: 0
INFO     AI_Evaluator:logger.py:79 Request received | Student ID: cache | Question: Define a custom exception
INFO     AI_Evaluator:logger.py:59 Processing evaluation | Student: cache | Language: python
INFO     AI_Evaluator:logger.py:59 Question profile | Student: cache | Language: python | Category: error_handling | Task: safety | Risk: high
INFO     AI_Evaluator:logger.py:59 Evaluation path | Student: cache | Language: python | Mode: exact_match
INFO     AI_Evaluator:logger.py:83 Evaluation completed | Student ID: cache | Score: 100
INFO     AI_Evaluator:logger.py:79 Request received | Student ID: cache | Question: Define a custom exception
INFO     AI_Evaluator:logger.py:59 Processing evaluation | Student: cache | Language: python
INFO     AI_Evaluator:logger.py:59 Question profile | Student: cache | Language: python | Category: error_handling | Task: safety | Risk: high
INFO     AI_Evaluator:logger.py:59 Evaluation path | Student: cache | Language: python | Mode: deterministic_shortcut | Type: zero_pass
INFO     AI_Evaluator:logger.py:59 Evaluation confidence | Student: cache | Language: python | Confidence: high
INFO     AI_Evaluator:logger.py:83 Evaluation completed | Student ID: cache | Score: 0
INFO     AI_Evaluator:logger.py:79 Request received | Student ID: cache | Question: Implement __enter__ and __exit__ for a context man
INFO     AI_Evaluator:logger.py:59 Processing evaluation | Student: cache | Language: python
INFO     AI_Evaluator:logger.py:59 Question profile | Student: cache | Language: python | Category: general | Task: unknown | Risk: medium
INFO     AI_Evaluator:logger.py:59 Evaluation path | Student: cache | Language: python | Mode: exact_match
INFO     AI_Evaluator:logger.py:83 Evaluation completed | Student ID: cache | Score: 100
INFO     AI_Evaluator:logger.py:79 Request received | Student ID: cache | Question: Implement __enter__ and __exit__ for a context man
INFO     AI_Evaluator:logger.py:59 Processing evaluation | Student: cache | Language: python
INFO     AI_Evaluator:logger.py:59 Question profile | Student: cache | Language: python | Category: general | Task: unknown | Risk: medium
INFO     AI_Evaluator:logger.py:59 Evaluation path | Student: cache | Language: python | Mode: deterministic_shortcut | Type: full_pass
INFO     AI_Evaluator:logger.py:59 Evaluation confidence | Student: cache | Language: python | Confidence: high
INFO     AI_Evaluator:logger.py:83 Evaluation completed | Student ID: cache | Score: 100
INFO     AI_Evaluator:logger.py:79 Request received | Student ID: cache | Question: Use an iterator to get the next item
INFO     AI_Evaluator:logger.py:59 Processing evaluation | Student: cache | Language: python
INFO     AI_Evaluator:logger.py:59 Question profile | Student: cache | Language: python | Category: general | Task: unknown | Risk: medium
INFO     AI_Evaluator:logger.py:59 Evaluation path | Student: cache | Language: python | Mode: exact_match
INFO     AI_Evaluator:logger.py:83 Evaluation completed | Student ID: cache | Score: 100
INFO     AI_Evaluator:logger.py:79 Request received | Student ID: cache | Question: Use an iterator to get the next item
INFO     AI_Evaluator:logger.py:59 Processing evaluation | Student: cache | Language: python
INFO     AI_Evaluator:logger.py:59 Question profile | Student: cache | Language: python | Category: general | Task: unknown | Risk: medium
INFO     AI_Evaluator:logger.py:59 Evaluation path | Student: cache | Language: python | Mode: deterministic_shortcut | Type: zero_pass
INFO     AI_Evaluator:logger.py:59 Evaluation confidence | Student: cache | Language: python | Confidence: high
INFO     AI_Evaluator:logger.py:83 Evaluation completed | Student ID: cache | Score: 0
INFO     AI_Evaluator:logger.py:79 Request received | Student ID: cache | Question: Create a generator
INFO     AI_Evaluator:logger.py:59 Processing evaluation | Student: cache | Language: python
INFO     AI_Evaluator:logger.py:59 Question profile | Student: cache | Language: python | Category: general | Task: unknown | Risk: medium
INFO     AI_Evaluator:logger.py:59 Evaluation path | Student: cache | Language: python | Mode: exact_match
INFO     AI_Evaluator:logger.py:83 Evaluation completed | Student ID: cache | Score: 100
INFO     AI_Evaluator:logger.py:79 Request received | Student ID: cache | Question: Create a generator
INFO     AI_Evaluator:logger.py:59 Processing evaluation | Student: cache | Language: python
INFO     AI_Evaluator:logger.py:59 Question profile | Student: cache | Language: python | Category: general | Task: unknown | Risk: medium
INFO     AI_Evaluator:logger.py:59 Evaluation path | Student: cache | Language: python | Mode: deterministic_shortcut | Type: zero_pass
INFO     AI_Evaluator:logger.py:59 Evaluation confidence | Student: cache | Language: python | Confidence: high
INFO     AI_Evaluator:logger.py:83 Evaluation completed | Student ID: cache | Score: 0
INFO     AI_Evaluator:logger.py:79 Request received | Student ID: cache | Question: Read a file
INFO     AI_Evaluator:logger.py:59 Processing evaluation | Student: cache | Language: python
INFO     AI_Evaluator:logger.py:59 Question profile | Student: cache | Language: python | Category: io_parsing | Task: file_io | Risk: high
INFO     AI_Evaluator:logger.py:59 Evaluation path | Student: cache | Language: python | Mode: exact_match
INFO     AI_Evaluator:logger.py:83 Evaluation completed | Student ID: cache | Score: 100
INFO     AI_Evaluator:logger.py:79 Request received | Student ID: cache | Question: Read a file
INFO     AI_Evaluator:logger.py:59 Processing evaluation | Student: cache | Language: python
INFO     AI_Evaluator:logger.py:59 Question profile | Student: cache | Language: python | Category: io_parsing | Task: file_io | Risk: high
INFO     AI_Evaluator:logger.py:59 Evaluation path | Student: cache | Language: python | Mode: deterministic_shortcut | Type: zero_pass
INFO     AI_Evaluator:logger.py:59 Evaluation confidence | Student: cache | Language: python | Confidence: high
INFO     AI_Evaluator:logger.py:83 Evaluation completed | Student ID: cache | Score: 0
INFO     AI_Evaluator:logger.py:79 Request received | Student ID: cache | Question: Write to a file
INFO     AI_Evaluator:logger.py:59 Processing evaluation | Student: cache | Language: python
INFO     AI_Evaluator:logger.py:59 Question profile | Student: cache | Language: python | Category: general | Task: unknown | Risk: medium
INFO     AI_Evaluator:logger.py:59 Evaluation path | Student: cache | Language: python | Mode: exact_match
INFO     AI_Evaluator:logger.py:83 Evaluation completed | Student ID: cache | Score: 100
INFO     AI_Evaluator:logger.py:79 Request received | Student ID: cache | Question: Write to a file
INFO     AI_Evaluator:logger.py:59 Processing evaluation | Student: cache | Language: python
INFO     AI_Evaluator:logger.py:59 Question profile | Student: cache | Language: python | Category: general | Task: unknown | Risk: medium
INFO     AI_Evaluator:logger.py:59 Evaluation path | Student: cache | Language: python | Mode: deterministic_shortcut | Type: zero_pass
INFO     AI_Evaluator:logger.py:59 Evaluation confidence | Student: cache | Language: python | Confidence: high
INFO     AI_Evaluator:logger.py:83 Evaluation completed | Student ID: cache | Score: 0
INFO     AI_Evaluator:logger.py:79 Request received | Student ID: cache | Question: Read a binary file
INFO     AI_Evaluator:logger.py:59 Processing evaluation | Student: cache | Language: python
INFO     AI_Evaluator:logger.py:59 Question profile | Student: cache | Language: python | Category: general | Task: unknown | Risk: medium
INFO     AI_Evaluator:logger.py:59 Evaluation path | Student: cache | Language: python | Mode: exact_match
INFO     AI_Evaluator:logger.py:83 Evaluation completed | Student ID: cache | Score: 100
INFO     AI_Evaluator:logger.py:79 Request received | Student ID: cache | Question: Read a binary file
INFO     AI_Evaluator:logger.py:59 Processing evaluation | Student: cache | Language: python
INFO     AI_Evaluator:logger.py:59 Question profile | Student: cache | Language: python | Category: general | Task: unknown | Risk: medium
INFO     AI_Evaluator:logger.py:59 Evaluation path | Student: cache | Language: python | Mode: deterministic_shortcut | Type: zero_pass
INFO     AI_Evaluator:logger.py:59 Evaluation confidence | Student: cache | Language: python | Confidence: high
INFO     AI_Evaluator:logger.py:83 Evaluation completed | Student ID: cache | Score: 0
INFO     AI_Evaluator:logger.py:79 Request received | Student ID: cache | Question: Use linear search to find an element
INFO     AI_Evaluator:logger.py:59 Processing evaluation | Student: cache | Language: python
INFO     AI_Evaluator:logger.py:59 Question profile | Student: cache | Language: python | Category: general | Task: unknown | Risk: medium
INFO     AI_Evaluator:logger.py:59 Evaluation path | Student: cache | Language: python | Mode: exact_match
INFO     AI_Evaluator:logger.py:83 Evaluation completed | Student ID: cache | Score: 100
INFO     AI_Evaluator:logger.py:79 Request received | Student ID: cache | Question: Sort a list
INFO     AI_Evaluator:logger.py:59 Processing evaluation | Student: cache | Language: python
INFO     AI_Evaluator:logger.py:59 Question profile | Student: cache | Language: python | Category: arrays_search_sort | Task: search_sort | Risk: medium
INFO     AI_Evaluator:logger.py:59 Evaluation path | Student: cache | Language: python | Mode: exact_match
INFO     AI_Evaluator:logger.py:83 Evaluation completed | Student ID: cache | Score: 100
INFO     AI_Evaluator:logger.py:79 Request received | Student ID: cache | Question: Sort a list
INFO     AI_Evaluator:logger.py:59 Processing evaluation | Student: cache | Language: python
INFO     AI_Evaluator:logger.py:59 Question profile | Student: cache | Language: python | Category: arrays_search_sort | Task: search_sort | Risk: medium
INFO     AI_Evaluator:logger.py:59 Evaluation path | Student: cache | Language: python | Mode: deterministic_shortcut | Type: zero_pass
INFO     AI_Evaluator:logger.py:59 Evaluation confidence | Student: cache | Language: python | Confidence: high
INFO     AI_Evaluator:logger.py:83 Evaluation completed | Student ID: cache | Score: 0
INFO     AI_Evaluator:logger.py:79 Request received | Student ID: cache | Question: Use linear search to find an element
INFO     AI_Evaluator:logger.py:59 Processing evaluation | Student: cache | Language: python
INFO     AI_Evaluator:logger.py:59 Question profile | Student: cache | Language: python | Category: general | Task: unknown | Risk: medium
INFO     AI_Evaluator:logger.py:59 Evaluation path | Student: cache | Language: python | Mode: deterministic_shortcut | Type: zero_pass
INFO     AI_Evaluator:logger.py:59 Evaluation confidence | Student: cache | Language: python | Confidence: high
INFO     AI_Evaluator:logger.py:83 Evaluation completed | Student ID: cache | Score: 0
INFO     AI_Evaluator:logger.py:79 Request received | Student ID: cache | Question: Use dynamic programming for Fibonacci
INFO     AI_Evaluator:logger.py:59 Processing evaluation | Student: cache | Language: python
INFO     AI_Evaluator:logger.py:59 Question profile | Student: cache | Language: python | Category: arrays_search_sort | Task: search_sort | Risk: medium
INFO     AI_Evaluator:logger.py:59 Evaluation path | Student: cache | Language: python | Mode: deterministic_shortcut | Type: zero_pass
INFO     AI_Evaluator:logger.py:59 Evaluation confidence | Student: cache | Language: python | Confidence: high
INFO     AI_Evaluator:logger.py:83 Evaluation completed | Student ID: cache | Score: 0
INFO     AI_Evaluator:logger.py:79 Request received | Student ID: cache | Question: Use dynamic programming for Fibonacci
INFO     AI_Evaluator:logger.py:59 Processing evaluation | Student: cache | Language: python
INFO     AI_Evaluator:logger.py:59 Question profile | Student: cache | Language: python | Category: arrays_search_sort | Task: search_sort | Risk: medium
INFO     AI_Evaluator:logger.py:59 Evaluation path | Student: cache | Language: python | Mode: exact_match
INFO     AI_Evaluator:logger.py:83 Evaluation completed | Student ID: cache | Score: 100
INFO     AI_Evaluator:logger.py:79 Request received | Student ID: cache | Question: Check if string starts with prefix
INFO     AI_Evaluator:logger.py:59 Processing evaluation | Student: cache | Language: python
INFO     AI_Evaluator:logger.py:59 Question profile | Student: cache | Language: python | Category: general | Task: unknown | Risk: medium
INFO     AI_Evaluator:logger.py:59 Evaluation path | Student: cache | Language: python | Mode: exact_match
INFO     AI_Evaluator:logger.py:83 Evaluation completed | Student ID: cache | Score: 100
INFO     AI_Evaluator:logger.py:79 Request received | Student ID: cache | Question: Check if string starts with prefix
INFO     AI_Evaluator:logger.py:59 Processing evaluation | Student: cache | Language: python
INFO     AI_Evaluator:logger.py:59 Question profile | Student: cache | Language: python | Category: general | Task: unknown | Risk: medium
INFO     AI_Evaluator:logger.py:59 Evaluation path | Student: cache | Language: python | Mode: deterministic_shortcut | Type: zero_pass
INFO     AI_Evaluator:logger.py:59 Evaluation confidence | Student: cache | Language: python | Confidence: high
INFO     AI_Evaluator:logger.py:83 Evaluation completed | Student ID: cache | Score: 0
INFO     AI_Evaluator:logger.py:79 Request received | Student ID: cache | Question: Check if string ends with suffix
INFO     AI_Evaluator:logger.py:59 Processing evaluation | Student: cache | Language: python
INFO     AI_Evaluator:logger.py:59 Question profile | Student: cache | Language: python | Category: general | Task: unknown | Risk: medium
INFO     AI_Evaluator:logger.py:59 Evaluation path | Student: cache | Language: python | Mode: exact_match
INFO     AI_Evaluator:logger.py:83 Evaluation completed | Student ID: cache | Score: 100
INFO     AI_Evaluator:logger.py:79 Request received | Student ID: cache | Question: Check if string ends with suffix
INFO     AI_Evaluator:logger.py:59 Processing evaluation | Student: cache | Language: python
INFO     AI_Evaluator:logger.py:59 Question profile | Student: cache | Language: python | Category: general | Task: unknown | Risk: medium
INFO     AI_Evaluator:logger.py:59 Evaluation path | Student: cache | Language: python | Mode: deterministic_shortcut | Type: zero_pass
INFO     AI_Evaluator:logger.py:59 Evaluation confidence | Student: cache | Language: python | Confidence: high
INFO     AI_Evaluator:logger.py:83 Evaluation completed | Student ID: cache | Score: 0
INFO     AI_Evaluator:logger.py:79 Request received | Student ID: cache | Question: Split string by comma
INFO     AI_Evaluator:logger.py:59 Processing evaluation | Student: cache | Language: python
INFO     AI_Evaluator:logger.py:59 Question profile | Student: cache | Language: python | Category: general | Task: unknown | Risk: medium
INFO     AI_Evaluator:logger.py:59 Evaluation path | Student: cache | Language: python | Mode: exact_match
INFO     AI_Evaluator:logger.py:83 Evaluation completed | Student ID: cache | Score: 100
INFO     AI_Evaluator:logger.py:79 Request received | Student ID: cache | Question: Split string by comma
INFO     AI_Evaluator:logger.py:59 Processing evaluation | Student: cache | Language: python
INFO     AI_Evaluator:logger.py:59 Question profile | Student: cache | Language: python | Category: general | Task: unknown | Risk: medium
INFO     AI_Evaluator:logger.py:59 Evaluation path | Student: cache | Language: python | Mode: deterministic_shortcut | Type: zero_pass
INFO     AI_Evaluator:logger.py:59 Evaluation confidence | Student: cache | Language: python | Confidence: high
INFO     AI_Evaluator:logger.py:83 Evaluation completed | Student ID: cache | Score: 0
INFO     AI_Evaluator:logger.py:79 Request received | Student ID: cache | Question: Join list of words into a string
INFO     AI_Evaluator:logger.py:59 Processing evaluation | Student: cache | Language: python
INFO     AI_Evaluator:logger.py:59 Question profile | Student: cache | Language: python | Category: arrays_lists | Task: data_processing | Risk: medium
INFO     AI_Evaluator:logger.py:59 Evaluation path | Student: cache | Language: python | Mode: exact_match
INFO     AI_Evaluator:logger.py:83 Evaluation completed | Student ID: cache | Score: 100
INFO     AI_Evaluator:logger.py:79 Request received | Student ID: cache | Question: Join list of words into a string
INFO     AI_Evaluator:logger.py:59 Processing evaluation | Student: cache | Language: python
INFO     AI_Evaluator:logger.py:59 Question profile | Student: cache | Language: python | Category: arrays_lists | Task: data_processing | Risk: medium
INFO     AI_Evaluator:logger.py:59 Evaluation path | Student: cache | Language: python | Mode: deterministic_shortcut | Type: zero_pass
INFO     AI_Evaluator:logger.py:59 Evaluation confidence | Student: cache | Language: python | Confidence: high
INFO     AI_Evaluator:logger.py:83 Evaluation completed | Student ID: cache | Score: 0
INFO     AI_Evaluator:logger.py:79 Request received | Student ID: cache | Question: Strip whitespace from a string
INFO     AI_Evaluator:logger.py:59 Processing evaluation | Student: cache | Language: python
INFO     AI_Evaluator:logger.py:59 Question profile | Student: cache | Language: python | Category: general | Task: unknown | Risk: medium
INFO     AI_Evaluator:logger.py:59 Evaluation path | Student: cache | Language: python | Mode: exact_match
INFO     AI_Evaluator:logger.py:83 Evaluation completed | Student ID: cache | Score: 100
INFO     AI_Evaluator:logger.py:79 Request received | Student ID: cache | Question: Strip whitespace from a string
INFO     AI_Evaluator:logger.py:59 Processing evaluation | Student: cache | Language: python
INFO     AI_Evaluator:logger.py:59 Question profile | Student: cache | Language: python | Category: general | Task: unknown | Risk: medium
INFO     AI_Evaluator:logger.py:59 Evaluation path | Student: cache | Language: python | Mode: deterministic_shortcut | Type: zero_pass
INFO     AI_Evaluator:logger.py:59 Evaluation confidence | Student: cache | Language: python | Confidence: high
INFO     AI_Evaluator:logger.py:83 Evaluation completed | Student ID: cache | Score: 0
INFO     AI_Evaluator:logger.py:79 Request received | Student ID: cache | Question: Replace substring in a string
INFO     AI_Evaluator:logger.py:59 Processing evaluation | Student: cache | Language: python
INFO     AI_Evaluator:logger.py:59 Question profile | Student: cache | Language: python | Category: general | Task: unknown | Risk: medium
INFO     AI_Evaluator:logger.py:59 Evaluation path | Student: cache | Language: python | Mode: exact_match
INFO     AI_Evaluator:logger.py:83 Evaluation completed | Student ID: cache | Score: 100
INFO     AI_Evaluator:logger.py:79 Request received | Student ID: cache | Question: Replace substring in a string
INFO     AI_Evaluator:logger.py:59 Processing evaluation | Student: cache | Language: python
INFO     AI_Evaluator:logger.py:59 Question profile | Student: cache | Language: python | Category: general | Task: unknown | Risk: medium
INFO     AI_Evaluator:logger.py:59 Evaluation path | Student: cache | Language: python | Mode: deterministic_shortcut | Type: zero_pass
INFO     AI_Evaluator:logger.py:59 Evaluation confidence | Student: cache | Language: python | Confidence: high
INFO     AI_Evaluator:logger.py:83 Evaluation completed | Student ID: cache | Score: 0
INFO     AI_Evaluator:logger.py:79 Request received | Student ID: cache | Question: Find substring position in a string
INFO     AI_Evaluator:logger.py:59 Processing evaluation | Student: cache | Language: python
INFO     AI_Evaluator:logger.py:59 Question profile | Student: cache | Language: python | Category: general | Task: unknown | Risk: medium
INFO     AI_Evaluator:logger.py:59 Evaluation path | Student: cache | Language: python | Mode: exact_match
INFO     AI_Evaluator:logger.py:83 Evaluation completed | Student ID: cache | Score: 100
INFO     AI_Evaluator:logger.py:79 Request received | Student ID: cache | Question: Find substring position in a string
INFO     AI_Evaluator:logger.py:59 Processing evaluation | Student: cache | Language: python
INFO     AI_Evaluator:logger.py:59 Question profile | Student: cache | Language: python | Category: general | Task: unknown | Risk: medium
INFO     AI_Evaluator:logger.py:59 Evaluation path | Student: cache | Language: python | Mode: deterministic_shortcut | Type: zero_pass
INFO     AI_Evaluator:logger.py:59 Evaluation confidence | Student: cache | Language: python | Confidence: high
INFO     AI_Evaluator:logger.py:83 Evaluation completed | Student ID: cache | Score: 0
INFO     AI_Evaluator:logger.py:79 Request received | Student ID: cache | Question: Find length of emoji string
INFO     AI_Evaluator:logger.py:59 Processing evaluation | Student: cache | Language: python
INFO     AI_Evaluator:logger.py:59 Question profile | Student: cache | Language: python | Category: general | Task: unknown | Risk: medium
INFO     AI_Evaluator:logger.py:59 Evaluation path | Student: cache | Language: python | Mode: exact_match
INFO     AI_Evaluator:logger.py:83 Evaluation completed | Student ID: cache | Score: 100
INFO     AI_Evaluator:logger.py:79 Request received | Student ID: cache | Question: Find length of emoji string
INFO     AI_Evaluator:logger.py:59 Processing evaluation | Student: cache | Language: python
INFO     AI_Evaluator:logger.py:59 Question profile | Student: cache | Language: python | Category: general | Task: unknown | Risk: medium
INFO     AI_Evaluator:logger.py:59 Evaluation path | Student: cache | Language: python | Mode: deterministic_shortcut | Type: zero_pass
INFO     AI_Evaluator:logger.py:59 Evaluation confidence | Student: cache | Language: python | Confidence: high
INFO     AI_Evaluator:logger.py:83 Evaluation completed | Student ID: cache | Score: 0
INFO     AI_Evaluator:logger.py:79 Request received | Student ID: cache | Question: Copy a list
INFO     AI_Evaluator:logger.py:59 Processing evaluation | Student: cache | Language: python
INFO     AI_Evaluator:logger.py:59 Question profile | Student: cache | Language: python | Category: arrays_lists | Task: data_processing | Risk: medium
INFO     AI_Evaluator:logger.py:59 Evaluation path | Student: cache | Language: python | Mode: exact_match
INFO     AI_Evaluator:logger.py:83 Evaluation completed | Student ID: cache | Score: 100
INFO     AI_Evaluator:logger.py:79 Request received | Student ID: cache | Question: Copy a list
INFO     AI_Evaluator:logger.py:59 Processing evaluation | Student: cache | Language: python
INFO     AI_Evaluator:logger.py:59 Question profile | Student: cache | Language: python | Category: arrays_lists | Task: data_processing | Risk: medium
INFO     AI_Evaluator:logger.py:59 Evaluation path | Student: cache | Language: python | Mode: deterministic_shortcut | Type: zero_pass
INFO     AI_Evaluator:logger.py:59 Evaluation confidence | Student: cache | Language: python | Confidence: high
INFO     AI_Evaluator:logger.py:83 Evaluation completed | Student ID: cache | Score: 0
INFO     AI_Evaluator:logger.py:79 Request received | Student ID: cache | Question: Sort list of tuples by second element using key
INFO     AI_Evaluator:logger.py:59 Processing evaluation | Student: cache | Language: python
INFO     AI_Evaluator:logger.py:59 Question profile | Student: cache | Language: python | Category: arrays_search_sort | Task: search_sort | Risk: medium
INFO     AI_Evaluator:logger.py:59 Evaluation path | Student: cache | Language: python | Mode: exact_match
INFO     AI_Evaluator:logger.py:83 Evaluation completed | Student ID: cache | Score: 100
INFO     AI_Evaluator:logger.py:79 Request received | Student ID: cache | Question: Sort list of tuples by second element using key
INFO     AI_Evaluator:logger.py:59 Processing evaluation | Student: cache | Language: python
INFO     AI_Evaluator:logger.py:59 Question profile | Student: cache | Language: python | Category: arrays_search_sort | Task: search_sort | Risk: medium
INFO     AI_Evaluator:logger.py:59 Evaluation path | Student: cache | Language: python | Mode: deterministic_shortcut | Type: zero_pass
INFO     AI_Evaluator:logger.py:59 Evaluation confidence | Student: cache | Language: python | Confidence: high
INFO     AI_Evaluator:logger.py:83 Evaluation completed | Student ID: cache | Score: 0
INFO     AI_Evaluator:logger.py:79 Request received | Student ID: cache | Question: Merge two dictionaries
INFO     AI_Evaluator:logger.py:59 Processing evaluation | Student: cache | Language: python
INFO     AI_Evaluator:logger.py:59 Question profile | Student: cache | Language: python | Category: general | Task: unknown | Risk: medium
INFO     AI_Evaluator:logger.py:59 Evaluation path | Student: cache | Language: python | Mode: exact_match
INFO     AI_Evaluator:logger.py:83 Evaluation completed | Student ID: cache | Score: 100
INFO     AI_Evaluator:logger.py:79 Request received | Student ID: cache | Question: Merge two dictionaries
INFO     AI_Evaluator:logger.py:59 Processing evaluation | Student: cache | Language: python
INFO     AI_Evaluator:logger.py:59 Question profile | Student: cache | Language: python | Category: general | Task: unknown | Risk: medium
INFO     AI_Evaluator:logger.py:59 Evaluation path | Student: cache | Language: python | Mode: deterministic_shortcut | Type: zero_pass
INFO     AI_Evaluator:logger.py:59 Evaluation confidence | Student: cache | Language: python | Confidence: high
INFO     AI_Evaluator:logger.py:83 Evaluation completed | Student ID: cache | Score: 0
INFO     AI_Evaluator:logger.py:79 Request received | Student ID: cache | Question: Use defaultdict to group items
INFO     AI_Evaluator:logger.py:59 Processing evaluation | Student: cache | Language: python
INFO     AI_Evaluator:logger.py:59 Question profile | Student: cache | Language: python | Category: general | Task: unknown | Risk: medium
INFO     AI_Evaluator:logger.py:59 Evaluation path | Student: cache | Language: python | Mode: exact_match
INFO     AI_Evaluator:logger.py:83 Evaluation completed | Student ID: cache | Score: 100
INFO     AI_Evaluator:logger.py:79 Request received | Student ID: cache | Question: Use defaultdict to group items
INFO     AI_Evaluator:logger.py:59 Processing evaluation | Student: cache | Language: python
INFO     AI_Evaluator:logger.py:59 Question profile | Student: cache | Language: python | Category: general | Task: unknown | Risk: medium
INFO     AI_Evaluator:logger.py:59 Evaluation path | Student: cache | Language: python | Mode: deterministic_shortcut | Type: zero_pass
INFO     AI_Evaluator:logger.py:59 Evaluation confidence | Student: cache | Language: python | Confidence: high
INFO     AI_Evaluator:logger.py:83 Evaluation completed | Student ID: cache | Score: 0
INFO     AI_Evaluator:logger.py:79 Request received | Student ID: cache | Question: Count frequency using Counter
INFO     AI_Evaluator:logger.py:59 Processing evaluation | Student: cache | Language: python
INFO     AI_Evaluator:logger.py:59 Question profile | Student: cache | Language: python | Category: arrays_lists | Task: data_processing | Risk: medium
INFO     AI_Evaluator:logger.py:59 Evaluation path | Student: cache | Language: python | Mode: exact_match
INFO     AI_Evaluator:logger.py:83 Evaluation completed | Student ID: cache | Score: 100
INFO     AI_Evaluator:logger.py:79 Request received | Student ID: cache | Question: Count frequency using Counter
INFO     AI_Evaluator:logger.py:59 Processing evaluation | Student: cache | Language: python
INFO     AI_Evaluator:logger.py:59 Question profile | Student: cache | Language: python | Category: arrays_lists | Task: data_processing | Risk: medium
INFO     AI_Evaluator:logger.py:59 Evaluation path | Student: cache | Language: python | Mode: deterministic_shortcut | Type: zero_pass
INFO     AI_Evaluator:logger.py:59 Evaluation confidence | Student: cache | Language: python | Confidence: high
INFO     AI_Evaluator:logger.py:83 Evaluation completed | Student ID: cache | Score: 0
INFO     AI_Evaluator:logger.py:79 Request received | Student ID: cache | Question: Check if set a is subset of set b
INFO     AI_Evaluator:logger.py:59 Processing evaluation | Student: cache | Language: python
INFO     AI_Evaluator:logger.py:59 Question profile | Student: cache | Language: python | Category: collections | Task: required_technique | Risk: high
INFO     AI_Evaluator:logger.py:59 Evaluation path | Student: cache | Language: python | Mode: exact_match
INFO     AI_Evaluator:logger.py:83 Evaluation completed | Student ID: cache | Score: 100
INFO     AI_Evaluator:logger.py:79 Request received | Student ID: cache | Question: Check if set a is subset of set b
INFO     AI_Evaluator:logger.py:59 Processing evaluation | Student: cache | Language: python
INFO     AI_Evaluator:logger.py:59 Question profile | Student: cache | Language: python | Category: collections | Task: required_technique | Risk: high
INFO     AI_Evaluator:logger.py:59 Evaluation path | Student: cache | Language: python | Mode: deterministic_shortcut | Type: zero_pass
INFO     AI_Evaluator:logger.py:59 Evaluation confidence | Student: cache | Language: python | Confidence: high
INFO     AI_Evaluator:logger.py:83 Evaluation completed | Student ID: cache | Score: 0
INFO     AI_Evaluator:logger.py:79 Request received | Student ID: cache | Question: Use range to loop from 0 to 4
INFO     AI_Evaluator:logger.py:59 Processing evaluation | Student: cache | Language: python
INFO     AI_Evaluator:logger.py:59 Question profile | Student: cache | Language: python | Category: general | Task: unknown | Risk: medium
INFO     AI_Evaluator:logger.py:59 Evaluation path | Student: cache | Language: python | Mode: exact_match
INFO     AI_Evaluator:logger.py:83 Evaluation completed | Student ID: cache | Score: 100
INFO     AI_Evaluator:logger.py:79 Request received | Student ID: cache | Question: Use range to loop from 0 to 4
INFO     AI_Evaluator:logger.py:59 Processing evaluation | Student: cache | Language: python
INFO     AI_Evaluator:logger.py:59 Question profile | Student: cache | Language: python | Category: general | Task: unknown | Risk: medium
INFO     AI_Evaluator:logger.py:59 Evaluation path | Student: cache | Language: python | Mode: deterministic_shortcut | Type: zero_pass
INFO     AI_Evaluator:logger.py:59 Evaluation confidence | Student: cache | Language: python | Confidence: high
INFO     AI_Evaluator:logger.py:83 Evaluation completed | Student ID: cache | Score: 0
INFO     AI_Evaluator:logger.py:79 Request received | Student ID: cache | Question: Use enumerate to loop with indexes
INFO     AI_Evaluator:logger.py:59 Processing evaluation | Student: cache | Language: python
INFO     AI_Evaluator:logger.py:59 Question profile | Student: cache | Language: python | Category: general | Task: unknown | Risk: medium
INFO     AI_Evaluator:logger.py:59 Evaluation path | Student: cache | Language: python | Mode: exact_match
INFO     AI_Evaluator:logger.py:83 Evaluation completed | Student ID: cache | Score: 100
INFO     AI_Evaluator:logger.py:79 Request received | Student ID: cache | Question: Use enumerate to loop with indexes
INFO     AI_Evaluator:logger.py:59 Processing evaluation | Student: cache | Language: python
INFO     AI_Evaluator:logger.py:59 Question profile | Student: cache | Language: python | Category: general | Task: unknown | Risk: medium
INFO     AI_Evaluator:logger.py:59 Evaluation path | Student: cache | Language: python | Mode: deterministic_shortcut | Type: zero_pass
INFO     AI_Evaluator:logger.py:59 Evaluation confidence | Student: cache | Language: python | Confidence: high
INFO     AI_Evaluator:logger.py:83 Evaluation completed | Student ID: cache | Score: 0
INFO     AI_Evaluator:logger.py:79 Request received | Student ID: cache | Question: Use zip to loop over two lists
INFO     AI_Evaluator:logger.py:59 Processing evaluation | Student: cache | Language: python
INFO     AI_Evaluator:logger.py:59 Question profile | Student: cache | Language: python | Category: arrays_lists | Task: data_processing | Risk: medium
INFO     AI_Evaluator:logger.py:59 Evaluation path | Student: cache | Language: python | Mode: exact_match
INFO     AI_Evaluator:logger.py:83 Evaluation completed | Student ID: cache | Score: 100
INFO     AI_Evaluator:logger.py:79 Request received | Student ID: cache | Question: Use zip to loop over two lists
INFO     AI_Evaluator:logger.py:59 Processing evaluation | Student: cache | Language: python
INFO     AI_Evaluator:logger.py:59 Question profile | Student: cache | Language: python | Category: arrays_lists | Task: data_processing | Risk: medium
INFO     AI_Evaluator:logger.py:59 Evaluation path | Student: cache | Language: python | Mode: deterministic_shortcut | Type: zero_pass
INFO     AI_Evaluator:logger.py:59 Evaluation confidence | Student: cache | Language: python | Confidence: high
INFO     AI_Evaluator:logger.py:83 Evaluation completed | Student ID: cache | Score: 0
INFO     AI_Evaluator:logger.py:79 Request received | Student ID: cache | Question: Use list comprehension to square numbers
INFO     AI_Evaluator:logger.py:59 Processing evaluation | Student: cache | Language: python
INFO     AI_Evaluator:logger.py:59 Question profile | Student: cache | Language: python | Category: arrays_lists | Task: data_processing | Risk: medium
INFO     AI_Evaluator:logger.py:59 Evaluation path | Student: cache | Language: python | Mode: exact_match
INFO     AI_Evaluator:logger.py:83 Evaluation completed | Student ID: cache | Score: 100
INFO     AI_Evaluator:logger.py:79 Request received | Student ID: cache | Question: Use list comprehension to square numbers
INFO     AI_Evaluator:logger.py:59 Processing evaluation | Student: cache | Language: python
INFO     AI_Evaluator:logger.py:59 Question profile | Student: cache | Language: python | Category: arrays_lists | Task: data_processing | Risk: medium
INFO     AI_Evaluator:logger.py:59 Evaluation path | Student: cache | Language: python | Mode: deterministic_shortcut | Type: zero_pass
INFO     AI_Evaluator:logger.py:59 Evaluation confidence | Student: cache | Language: python | Confidence: high
INFO     AI_Evaluator:logger.py:83 Evaluation completed | Student ID: cache | Score: 0
INFO     AI_Evaluator:logger.py:79 Request received | Student ID: cache | Question: Use dict comprehension to map to squares
INFO     AI_Evaluator:logger.py:59 Processing evaluation | Student: cache | Language: python
INFO     AI_Evaluator:logger.py:59 Question profile | Student: cache | Language: python | Category: collections | Task: required_technique | Risk: high
INFO     AI_Evaluator:logger.py:59 Evaluation path | Student: cache | Language: python | Mode: exact_match
INFO     AI_Evaluator:logger.py:83 Evaluation completed | Student ID: cache | Score: 100
INFO     AI_Evaluator:logger.py:79 Request received | Student ID: cache | Question: Use dict comprehension to map to squares
INFO     AI_Evaluator:logger.py:59 Processing evaluation | Student: cache | Language: python
INFO     AI_Evaluator:logger.py:59 Question profile | Student: cache | Language: python | Category: collections | Task: required_technique | Risk: high
INFO     AI_Evaluator:logger.py:59 Evaluation path | Student: cache | Language: python | Mode: deterministic_shortcut | Type: zero_pass
INFO     AI_Evaluator:logger.py:59 Evaluation confidence | Student: cache | Language: python | Confidence: high
INFO     AI_Evaluator:logger.py:83 Evaluation completed | Student ID: cache | Score: 0
INFO     AI_Evaluator:logger.py:79 Request received | Student ID: cache | Question: Use set comprehension to deduplicate
INFO     AI_Evaluator:logger.py:59 Processing evaluation | Student: cache | Language: python
INFO     AI_Evaluator:logger.py:59 Question profile | Student: cache | Language: python | Category: collections | Task: required_technique | Risk: high
INFO     AI_Evaluator:logger.py:59 Evaluation path | Student: cache | Language: python | Mode: exact_match
INFO     AI_Evaluator:logger.py:83 Evaluation completed | Student ID: cache | Score: 100
INFO     AI_Evaluator:logger.py:79 Request received | Student ID: cache | Question: Use set comprehension to deduplicate
INFO     AI_Evaluator:logger.py:59 Processing evaluation | Student: cache | Language: python
INFO     AI_Evaluator:logger.py:59 Question profile | Student: cache | Language: python | Category: collections | Task: required_technique | Risk: high
INFO     AI_Evaluator:logger.py:59 Evaluation path | Student: cache | Language: python | Mode: deterministic_shortcut | Type: zero_pass
INFO     AI_Evaluator:logger.py:59 Evaluation confidence | Student: cache | Language: python | Confidence: high
INFO     AI_Evaluator:logger.py:83 Evaluation completed | Student ID: cache | Score: 0
INFO     AI_Evaluator:logger.py:79 Request received | Student ID: cache | Question: Use lambda to add two numbers
INFO     AI_Evaluator:logger.py:59 Processing evaluation | Student: cache | Language: python
INFO     AI_Evaluator:logger.py:59 Question profile | Student: cache | Language: python | Category: basics_math | Task: basic_logic | Risk: low
INFO     AI_Evaluator:logger.py:59 Evaluation path | Student: cache | Language: python | Mode: exact_match
INFO     AI_Evaluator:logger.py:83 Evaluation completed | Student ID: cache | Score: 100
INFO     AI_Evaluator:logger.py:79 Request received | Student ID: cache | Question: Use lambda to add two numbers
INFO     AI_Evaluator:logger.py:59 Processing evaluation | Student: cache | Language: python
INFO     AI_Evaluator:logger.py:59 Question profile | Student: cache | Language: python | Category: basics_math | Task: basic_logic | Risk: low
INFO     AI_Evaluator:logger.py:59 Evaluation path | Student: cache | Language: python | Mode: deterministic_shortcut | Type: zero_pass
INFO     AI_Evaluator:logger.py:59 Evaluation confidence | Student: cache | Language: python | Confidence: high
INFO     AI_Evaluator:logger.py:83 Evaluation completed | Student ID: cache | Score: 0
INFO     AI_Evaluator:logger.py:79 Request received | Student ID: cache | Question: Use a default argument in a function
INFO     AI_Evaluator:logger.py:59 Processing evaluation | Student: cache | Language: python
INFO     AI_Evaluator:logger.py:59 Question profile | Student: cache | Language: python | Category: general_code | Task: function_logic | Risk: medium
INFO     AI_Evaluator:logger.py:59 Evaluation path | Student: cache | Language: python | Mode: exact_match
INFO     AI_Evaluator:logger.py:83 Evaluation completed | Student ID: cache | Score: 100
INFO     AI_Evaluator:logger.py:79 Request received | Student ID: cache | Question: Use a default argument in a function
INFO     AI_Evaluator:logger.py:59 Processing evaluation | Student: cache | Language: python
INFO     AI_Evaluator:logger.py:59 Question profile | Student: cache | Language: python | Category: general_code | Task: function_logic | Risk: medium
INFO     AI_Evaluator:logger.py:59 Evaluation path | Student: cache | Language: python | Mode: deterministic_shortcut | Type: zero_pass
INFO     AI_Evaluator:logger.py:59 Evaluation confidence | Student: cache | Language: python | Confidence: high
INFO     AI_Evaluator:logger.py:83 Evaluation completed | Student ID: cache | Score: 0
INFO     AI_Evaluator:logger.py:79 Request received | Student ID: cache | Question: Use *args to accept variable arguments
INFO     AI_Evaluator:logger.py:59 Processing evaluation | Student: cache | Language: python
INFO     AI_Evaluator:logger.py:59 Question profile | Student: cache | Language: python | Category: general | Task: unknown | Risk: medium
INFO     AI_Evaluator:logger.py:59 Evaluation path | Student: cache | Language: python | Mode: exact_match
INFO     AI_Evaluator:logger.py:83 Evaluation completed | Student ID: cache | Score: 100
INFO     AI_Evaluator:logger.py:79 Request received | Student ID: cache | Question: Use *args to accept variable arguments
INFO     AI_Evaluator:logger.py:59 Processing evaluation | Student: cache | Language: python
INFO     AI_Evaluator:logger.py:59 Question profile | Student: cache | Language: python | Category: general | Task: unknown | Risk: medium
INFO     AI_Evaluator:logger.py:59 Evaluation path | Student: cache | Language: python | Mode: deterministic_shortcut | Type: zero_pass
INFO     AI_Evaluator:logger.py:59 Evaluation confidence | Student: cache | Language: python | Confidence: high
INFO     AI_Evaluator:logger.py:83 Evaluation completed | Student ID: cache | Score: 0
INFO     AI_Evaluator:logger.py:79 Request received | Student ID: cache | Question: Use **kwargs to accept keyword arguments
INFO     AI_Evaluator:logger.py:59 Processing evaluation | Student: cache | Language: python
INFO     AI_Evaluator:logger.py:59 Question profile | Student: cache | Language: python | Category: general | Task: unknown | Risk: medium
INFO     AI_Evaluator:logger.py:59 Evaluation path | Student: cache | Language: python | Mode: exact_match
INFO     AI_Evaluator:logger.py:83 Evaluation completed | Student ID: cache | Score: 100
INFO     AI_Evaluator:logger.py:79 Request received | Student ID: cache | Question: Use **kwargs to accept keyword arguments
INFO     AI_Evaluator:logger.py:59 Processing evaluation | Student: cache | Language: python
INFO     AI_Evaluator:logger.py:59 Question profile | Student: cache | Language: python | Category: general | Task: unknown | Risk: medium
INFO     AI_Evaluator:logger.py:59 Evaluation path | Student: cache | Language: python | Mode: deterministic_shortcut | Type: zero_pass
INFO     AI_Evaluator:logger.py:59 Evaluation confidence | Student: cache | Language: python | Confidence: high
INFO     AI_Evaluator:logger.py:83 Evaluation completed | Student ID: cache | Score: 0
INFO     AI_Evaluator:logger.py:79 Request received | Student ID: cache | Question: Use f-string to format output
INFO     AI_Evaluator:logger.py:59 Processing evaluation | Student: cache | Language: python
INFO     AI_Evaluator:logger.py:59 Question profile | Student: cache | Language: python | Category: general | Task: unknown | Risk: medium
INFO     AI_Evaluator:logger.py:59 Evaluation path | Student: cache | Language: python | Mode: exact_match
INFO     AI_Evaluator:logger.py:83 Evaluation completed | Student ID: cache | Score: 100
INFO     AI_Evaluator:logger.py:79 Request received | Student ID: cache | Question: Use f-string to format output
INFO     AI_Evaluator:logger.py:59 Processing evaluation | Student: cache | Language: python
INFO     AI_Evaluator:logger.py:59 Question profile | Student: cache | Language: python | Category: general | Task: unknown | Risk: medium
INFO     AI_Evaluator:logger.py:59 Evaluation path | Student: cache | Language: python | Mode: deterministic_shortcut | Type: zero_pass
INFO     AI_Evaluator:logger.py:59 Evaluation confidence | Student: cache | Language: python | Confidence: high
INFO     AI_Evaluator:logger.py:83 Evaluation completed | Student ID: cache | Score: 0
INFO     AI_Evaluator:logger.py:79 Request received | Student ID: cache | Question: Use str.format to format output
INFO     AI_Evaluator:logger.py:59 Processing evaluation | Student: cache | Language: python
INFO     AI_Evaluator:logger.py:59 Question profile | Student: cache | Language: python | Category: general | Task: unknown | Risk: medium
INFO     AI_Evaluator:logger.py:59 Evaluation path | Student: cache | Language: python | Mode: exact_match
INFO     AI_Evaluator:logger.py:83 Evaluation completed | Student ID: cache | Score: 100
INFO     AI_Evaluator:logger.py:79 Request received | Student ID: cache | Question: Use str.format to format output
INFO     AI_Evaluator:logger.py:59 Processing evaluation | Student: cache | Language: python
INFO     AI_Evaluator:logger.py:59 Question profile | Student: cache | Language: python | Category: general | Task: unknown | Risk: medium
INFO     AI_Evaluator:logger.py:59 Evaluation path | Student: cache | Language: python | Mode: deterministic_shortcut | Type: zero_pass
INFO     AI_Evaluator:logger.py:59 Evaluation confidence | Student: cache | Language: python | Confidence: high
INFO     AI_Evaluator:logger.py:83 Evaluation completed | Student ID: cache | Score: 0
INFO     AI_Evaluator:logger.py:79 Request received | Student ID: cache | Question: Raise a ValueError if input is invalid
INFO     AI_Evaluator:logger.py:59 Processing evaluation | Student: cache | Language: python
INFO     AI_Evaluator:logger.py:59 Question profile | Student: cache | Language: python | Category: general | Task: unknown | Risk: medium
INFO     AI_Evaluator:logger.py:59 Evaluation path | Student: cache | Language: python | Mode: exact_match
INFO     AI_Evaluator:logger.py:83 Evaluation completed | Student ID: cache | Score: 100
INFO     AI_Evaluator:logger.py:79 Request received | Student ID: cache | Question: Raise a ValueError if input is invalid
INFO     AI_Evaluator:logger.py:59 Processing evaluation | Student: cache | Language: python
INFO     AI_Evaluator:logger.py:59 Question profile | Student: cache | Language: python | Category: general | Task: unknown | Risk: medium
INFO     AI_Evaluator:logger.py:59 Evaluation path | Student: cache | Language: python | Mode: deterministic_shortcut | Type: zero_pass
INFO     AI_Evaluator:logger.py:59 Evaluation confidence | Student: cache | Language: python | Confidence: high
INFO     AI_Evaluator:logger.py:83 Evaluation completed | Student ID: cache | Score: 0
INFO     AI_Evaluator:logger.py:79 Request received | Student ID: cache | Question: Import a module named math
INFO     AI_Evaluator:logger.py:59 Processing evaluation | Student: cache | Language: python
INFO     AI_Evaluator:logger.py:59 Question profile | Student: cache | Language: python | Category: general | Task: unknown | Risk: medium
INFO     AI_Evaluator:logger.py:59 Evaluation path | Student: cache | Language: python | Mode: exact_match
INFO     AI_Evaluator:logger.py:83 Evaluation completed | Student ID: cache | Score: 100
INFO     AI_Evaluator:logger.py:79 Request received | Student ID: cache | Question: Import a module named math
INFO     AI_Evaluator:logger.py:59 Processing evaluation | Student: cache | Language: python
INFO     AI_Evaluator:logger.py:59 Question profile | Student: cache | Language: python | Category: general | Task: unknown | Risk: medium
INFO     AI_Evaluator:logger.py:59 Evaluation path | Student: cache | Language: python | Mode: deterministic_shortcut | Type: zero_pass
INFO     AI_Evaluator:logger.py:59 Evaluation confidence | Student: cache | Language: python | Confidence: high
INFO     AI_Evaluator:logger.py:83 Evaluation completed | Student ID: cache | Score: 0
_________________________ test_regression_cases_hold __________________________
tests\test_regressions.py:57: in test_regression_cases_hold
    assert not failures, f"Regression failures found: {failures}"
E   AssertionError: Regression failures found: [{'id': 'python_context_enter_exit_wrong_zero', 'score': 100, 'expected_score_range': [0, 0], 'feedback': 'The context manager correctly implements `__enter__` and `__exit__`.', 'expected_feedback_contains': None}]
E   assert not [{'expected_feedback_contains': None, 'expected_score_range': [0, 0], 'feedback': 'The context manager correctly implements `__enter__` and `__exit__`.', 'id': 'python_context_enter_exit_wrong_zero', ...}]
---------------------------- Captured stdout call -----------------------------
[Parser] Raw LLM output:
{"score": 50, "feedback": "The solution was evaluated with a safe fallback because the primary review could not be completed reliably.", "improvements": "Retry the evaluation or rely on rule-based checks for common question types.", "concepts": {"logic": "Unknown", "edge_cases": "Unknown", "completeness": "Unknown", "efficiency": "Unknown", "readability": "Unknown"}, "rubric": {"correctness": 0, "efficiency": 0, "readability": 0, "structure": 0}}
[Parser] Successfully parsed JSON at position 0
[Parser] Raw LLM output:
{"score": 50, "feedback": "The solution was evaluated with a safe fallback because the primary review could not be completed reliably.", "improvements": "Retry the evaluation or rely on rule-based checks for common question types.", "concepts": {"logic": "Unknown", "edge_cases": "Unknown", "completeness": "Unknown", "efficiency": "Unknown", "readability": "Unknown"}, "rubric": {"correctness": 0, "efficiency": 0, "readability": 0, "structure": 0}}
[Parser] Successfully parsed JSON at position 0
[Parser] Raw LLM output:
{"score": 50, "feedback": "The solution was evaluated with a safe fallback because the primary review could not be completed reliably.", "improvements": "Retry the evaluation or rely on rule-based checks for common question types.", "concepts": {"logic": "Unknown", "edge_cases": "Unknown", "completeness": "Unknown", "efficiency": "Unknown", "readability": "Unknown"}, "rubric": {"correctness": 0, "efficiency": 0, "readability": 0, "structure": 0}}
[Parser] Successfully parsed JSON at position 0
[Parser] Raw LLM output:
{"score": 50, "feedback": "The solution was evaluated with a safe fallback because the primary review could not be completed reliably.", "improvements": "Retry the evaluation or rely on rule-based checks for common question types.", "concepts": {"logic": "Unknown", "edge_cases": "Unknown", "completeness": "Unknown", "efficiency": "Unknown", "readability": "Unknown"}, "rubric": {"correctness": 0, "efficiency": 0, "readability": 0, "structure": 0}}
[Parser] Successfully parsed JSON at position 0
[Parser] Raw LLM output:
{"score": 50, "feedback": "The solution was evaluated with a safe fallback because the primary review could not be completed reliably.", "improvements": "Retry the evaluation or rely on rule-based checks for common question types.", "concepts": {"logic": "Unknown", "edge_cases": "Unknown", "completeness": "Unknown", "efficiency": "Unknown", "readability": "Unknown"}, "rubric": {"correctness": 0, "efficiency": 0, "readability": 0, "structure": 0}}
[Parser] Successfully parsed JSON at position 0
[Parser] Raw LLM output:
{"score": 50, "feedback": "The solution was evaluated with a safe fallback because the primary review could not be completed reliably.", "improvements": "Retry the evaluation or rely on rule-based checks for common question types.", "concepts": {"logic": "Unknown", "edge_cases": "Unknown", "completeness": "Unknown", "efficiency": "Unknown", "readability": "Unknown"}, "rubric": {"correctness": 0, "efficiency": 0, "readability": 0, "structure": 0}}
[Parser] Successfully parsed JSON at position 0
[Parser] Raw LLM output:
{"score": 50, "feedback": "The solution was evaluated with a safe fallback because the primary review could not be completed reliably.", "improvements": "Retry the evaluation or rely on rule-based checks for common question types.", "concepts": {"logic": "Unknown", "edge_cases": "Unknown", "completeness": "Unknown", "efficiency": "Unknown", "readability": "Unknown"}, "rubric": {"correctness": 0, "efficiency": 0, "readability": 0, "structure": 0}}
[Parser] Successfully parsed JSON at position 0
[Parser] Raw LLM output:
{"score": 50, "feedback": "The solution was evaluated with a safe fallback because the primary review could not be completed reliably.", "improvements": "Retry the evaluation or rely on rule-based checks for common question types.", "concepts": {"logic": "Unknown", "edge_cases": "Unknown", "completeness": "Unknown", "efficiency": "Unknown", "readability": "Unknown"}, "rubric": {"correctness": 0, "efficiency": 0, "readability": 0, "structure": 0}}
[Parser] Successfully parsed JSON at position 0
---------------------------- Captured stderr call -----------------------------
2026-04-12 14:06:58 | INFO | Request received | Student ID: cache | Question: Find length of string
2026-04-12 14:06:58 | INFO | Processing evaluation | Student: cache | Language: python
2026-04-12 14:06:58 | INFO | Question profile | Student: cache | Language: python | Category: strings | Task: string_processing | Risk: low
2026-04-12 14:06:58 | INFO | Evaluation path | Student: cache | Language: python | Mode: exact_match
2026-04-12 14:06:58 | INFO | Evaluation completed | Student ID: cache | Score: 100
2026-04-12 14:06:58 | INFO | Request received | Student ID: cache | Question: Find length of string
2026-04-12 14:06:58 | INFO | Processing evaluation | Student: cache | Language: python
2026-04-12 14:06:58 | INFO | Question profile | Student: cache | Language: python | Category: strings | Task: string_processing | Risk: low
2026-04-12 14:06:58 | INFO | Evaluation path | Student: cache | Language: python | Mode: deterministic_shortcut | Type: mostly_correct
2026-04-12 14:06:58 | INFO | Evaluation confidence | Student: cache | Language: python | Confidence: high
2026-04-12 14:06:58 | INFO | Evaluation completed | Student ID: cache | Score: 70
2026-04-12 14:06:58 | INFO | Request received | Student ID: cache | Question: Return square of a number
2026-04-12 14:06:58 | INFO | Processing evaluation | Student: cache | Language: javascript
2026-04-12 14:06:58 | INFO | Question profile | Student: cache | Language: javascript | Category: basics_math | Task: basic_logic | Risk: low
2026-04-12 14:06:58 | INFO | Evaluation path | Student: cache | Language: javascript | Mode: exact_match
2026-04-12 14:06:58 | INFO | Evaluation completed | Student ID: cache | Score: 100
2026-04-12 14:06:58 | INFO | Request received | Student ID: cache | Question: Return square of a number
2026-04-12 14:06:58 | INFO | Processing evaluation | Student: cache | Language: javascript
2026-04-12 14:06:58 | INFO | Question profile | Student: cache | Language: javascript | Category: basics_math | Task: basic_logic | Risk: low
2026-04-12 14:06:58 | INFO | Evaluation path | Student: cache | Language: javascript | Mode: deterministic_rule_shortcut
2026-04-12 14:06:58 | INFO | Evaluation confidence | Student: cache | Language: javascript | Confidence: medium
2026-04-12 14:06:58 | INFO | Evaluation completed | Student ID: cache | Score: 0
2026-04-12 14:06:58 | INFO | Request received | Student ID: cache | Question: Convert string to uppercase
2026-04-12 14:06:58 | INFO | Processing evaluation | Student: cache | Language: javascript
2026-04-12 14:06:58 | INFO | Question profile | Student: cache | Language: javascript | Category: strings | Task: string_processing | Risk: low
2026-04-12 14:06:58 | INFO | Evaluation path | Student: cache | Language: javascript | Mode: exact_match
2026-04-12 14:06:58 | INFO | Evaluation completed | Student ID: cache | Score: 100
2026-04-12 14:06:58 | INFO | Request received | Student ID: cache | Question: Convert string to uppercase
2026-04-12 14:06:58 | INFO | Processing evaluation | Student: cache | Language: javascript
2026-04-12 14:06:58 | INFO | Question profile | Student: cache | Language: javascript | Category: strings | Task: string_processing | Risk: low
2026-04-12 14:06:58 | INFO | Evaluation path | Student: cache | Language: javascript | Mode: deterministic_rule_shortcut
2026-04-12 14:06:58 | INFO | Evaluation confidence | Student: cache | Language: javascript | Confidence: medium
2026-04-12 14:06:58 | INFO | Evaluation completed | Student ID: cache | Score: 0
2026-04-12 14:06:58 | INFO | Request received | Student ID: cache | Question: Check if array is empty
2026-04-12 14:06:58 | INFO | Processing evaluation | Student: cache | Language: javascript
2026-04-12 14:06:58 | INFO | Question profile | Student: cache | Language: javascript | Category: arrays_lists | Task: data_processing | Risk: medium
2026-04-12 14:06:58 | INFO | Evaluation path | Student: cache | Language: javascript | Mode: deterministic_rule_shortcut
2026-04-12 14:06:58 | INFO | Evaluation confidence | Student: cache | Language: javascript | Confidence: high
2026-04-12 14:06:58 | INFO | Evaluation completed | Student ID: cache | Score: 100
2026-04-12 14:06:58 | INFO | Request received | Student ID: cache | Question: Check if array is empty
2026-04-12 14:06:58 | INFO | Processing evaluation | Student: cache | Language: javascript
2026-04-12 14:06:58 | INFO | Question profile | Student: cache | Language: javascript | Category: arrays_lists | Task: data_processing | Risk: medium
2026-04-12 14:06:58 | INFO | Evaluation path | Student: cache | Language: javascript | Mode: deterministic_rule_shortcut
2026-04-12 14:06:58 | INFO | Evaluation confidence | Student: cache | Language: javascript | Confidence: medium
2026-04-12 14:06:58 | INFO | Evaluation completed | Student ID: cache | Score: 0
2026-04-12 14:06:58 | INFO | Request received | Student ID: cache | Question: Check if number is even
2026-04-12 14:06:58 | INFO | Processing evaluation | Student: cache | Language: python
2026-04-12 14:06:58 | INFO | Question profile | Student: cache | Language: python | Category: basics_math | Task: basic_logic | Risk: low
2026-04-12 14:06:58 | INFO | Evaluation path | Student: cache | Language: python | Mode: exact_match
2026-04-12 14:06:58 | INFO | Evaluation completed | Student ID: cache | Score: 100
2026-04-12 14:06:58 | INFO | Request received | Student ID: cache | Question: Check if number is even
2026-04-12 14:06:58 | INFO | Processing evaluation | Student: cache | Language: python
2026-04-12 14:06:58 | INFO | Question profile | Student: cache | Language: python | Category: basics_math | Task: basic_logic | Risk: low
2026-04-12 14:06:58 | INFO | Evaluation path | Student: cache | Language: python | Mode: deterministic_shortcut | Type: zero_pass
2026-04-12 14:06:58 | INFO | Evaluation confidence | Student: cache | Language: python | Confidence: high
2026-04-12 14:06:58 | INFO | Evaluation completed | Student ID: cache | Score: 0
2026-04-12 14:06:58 | INFO | Request received | Student ID: cache | Question: Add two numbers
2026-04-12 14:06:58 | INFO | Processing evaluation | Student: cache | Language: python
2026-04-12 14:06:58 | INFO | Question profile | Student: cache | Language: python | Category: basics_math | Task: basic_logic | Risk: low
2026-04-12 14:06:58 | INFO | Evaluation path | Student: cache | Language: python | Mode: deterministic_shortcut | Type: zero_pass
2026-04-12 14:06:58 | INFO | Evaluation confidence | Student: cache | Language: python | Confidence: high
2026-04-12 14:06:58 | INFO | Evaluation completed | Student ID: cache | Score: 0
2026-04-12 14:06:58 | INFO | Request received | Student ID: cache | Question: Count vowels in string
2026-04-12 14:06:58 | INFO | Processing evaluation | Student: cache | Language: python
2026-04-12 14:06:58 | INFO | Question profile | Student: cache | Language: python | Category: strings | Task: string_processing | Risk: low
2026-04-12 14:06:58 | INFO | Evaluation path | Student: cache | Language: python | Mode: exact_match
2026-04-12 14:06:58 | INFO | Evaluation completed | Student ID: cache | Score: 100
2026-04-12 14:06:58 | INFO | Request received | Student ID: cache | Question: Find length of string
2026-04-12 14:06:58 | INFO | Processing evaluation | Student: cache | Language: python
2026-04-12 14:06:58 | INFO | Question profile | Student: cache | Language: python | Category: strings | Task: string_processing | Risk: low
2026-04-12 14:06:58 | INFO | Evaluation path | Student: cache | Language: python | Mode: deterministic_shortcut | Type: zero_pass
2026-04-12 14:06:58 | INFO | Evaluation confidence | Student: cache | Language: python | Confidence: high
2026-04-12 14:06:58 | INFO | Evaluation completed | Student ID: cache | Score: 0
2026-04-12 14:06:58 | INFO | Request received | Student ID: cache | Question: Write CSS to make all h1 elements red
2026-04-12 14:06:58 | INFO | Processing evaluation | Student: cache | Language: css
2026-04-12 14:06:58 | INFO | Question profile | Student: cache | Language: css | Category: frontend_style | Task: styling | Risk: medium
2026-04-12 14:06:58 | INFO | Evaluation path | Student: cache | Language: css | Mode: exact_match
2026-04-12 14:06:58 | INFO | Evaluation completed | Student ID: cache | Score: 100
2026-04-12 14:06:58 | INFO | Request received | Student ID: cache | Question: Write CSS to make all h1 elements red
2026-04-12 14:06:58 | INFO | Processing evaluation | Student: cache | Language: css
2026-04-12 14:06:58 | INFO | Question profile | Student: cache | Language: css | Category: frontend_style | Task: styling | Risk: medium
2026-04-12 14:06:58 | INFO | Evaluation path | Student: cache | Language: css | Mode: deterministic_rule_shortcut
2026-04-12 14:06:58 | INFO | Evaluation confidence | Student: cache | Language: css | Confidence: medium
2026-04-12 14:06:58 | INFO | Evaluation completed | Student ID: cache | Score: 0
2026-04-12 14:06:58 | INFO | Request received | Student ID: cache | Question: Create a React component that renders a heading He
2026-04-12 14:06:58 | INFO | Processing evaluation | Student: cache | Language: react
2026-04-12 14:06:58 | INFO | Question profile | Student: cache | Language: react | Category: frontend_component | Task: react_component | Risk: high
2026-04-12 14:06:58 | INFO | Evaluation path | Student: cache | Language: react | Mode: exact_match
2026-04-12 14:06:58 | INFO | Evaluation completed | Student ID: cache | Score: 100
2026-04-12 14:06:58 | INFO | Request received | Student ID: cache | Question: Create a React component that renders a heading He
2026-04-12 14:06:58 | INFO | Processing evaluation | Student: cache | Language: react
2026-04-12 14:06:58 | INFO | Question profile | Student: cache | Language: react | Category: frontend_component | Task: react_component | Risk: high
2026-04-12 14:06:58 | INFO | Evaluation path | Student: cache | Language: react | Mode: deterministic_rule_shortcut
2026-04-12 14:06:58 | INFO | Evaluation confidence | Student: cache | Language: react | Confidence: low
2026-04-12 14:06:58 | INFO | Evaluation completed | Student ID: cache | Score: 0
2026-04-12 14:06:58 | INFO | Request received | Student ID: cache | Question: Write a MySQL query to select all rows from studen
2026-04-12 14:06:58 | INFO | Processing evaluation | Student: cache | Language: mysql
2026-04-12 14:06:58 | INFO | Question profile | Student: cache | Language: mysql | Category: database_query | Task: sql_query | Risk: high
2026-04-12 14:06:58 | INFO | Evaluation path | Student: cache | Language: mysql | Mode: exact_match
2026-04-12 14:06:58 | INFO | Evaluation completed | Student ID: cache | Score: 100
2026-04-12 14:06:58 | INFO | Request received | Student ID: cache | Question: Write a MySQL query to select all rows from studen
2026-04-12 14:06:58 | INFO | Processing evaluation | Student: cache | Language: mysql
2026-04-12 14:06:58 | INFO | Question profile | Student: cache | Language: mysql | Category: database_query | Task: sql_query | Risk: high
2026-04-12 14:06:58 | INFO | Evaluation path | Student: cache | Language: mysql | Mode: deterministic_rule_shortcut
2026-04-12 14:06:58 | INFO | Evaluation confidence | Student: cache | Language: mysql | Confidence: low
2026-04-12 14:06:58 | INFO | Evaluation completed | Student ID: cache | Score: 0
2026-04-12 14:06:58 | INFO | Request received | Student ID: cache | Question: Write a MongoDB query to find all active students
2026-04-12 14:06:58 | INFO | Processing evaluation | Student: cache | Language: mongodb
2026-04-12 14:06:58 | INFO | Question profile | Student: cache | Language: mongodb | Category: database_query | Task: document_query | Risk: high
2026-04-12 14:06:58 | INFO | Evaluation path | Student: cache | Language: mongodb | Mode: exact_match
2026-04-12 14:06:58 | INFO | Evaluation completed | Student ID: cache | Score: 100
2026-04-12 14:06:58 | INFO | Request received | Student ID: cache | Question: Write a MongoDB query to find all active students
2026-04-12 14:06:58 | INFO | Processing evaluation | Student: cache | Language: mongodb
2026-04-12 14:06:58 | INFO | Question profile | Student: cache | Language: mongodb | Category: database_query | Task: document_query | Risk: high
2026-04-12 14:06:58 | INFO | Evaluation path | Student: cache | Language: mongodb | Mode: deterministic_rule_shortcut
2026-04-12 14:06:58 | INFO | Evaluation confidence | Student: cache | Language: mongodb | Confidence: low
2026-04-12 14:06:58 | INFO | Evaluation completed | Student ID: cache | Score: 0
2026-04-12 14:06:58 | INFO | Request received | Student ID: cache | Question: Create a HTML page with a heading
2026-04-12 14:06:58 | INFO | Processing evaluation | Student: cache | Language: html
2026-04-12 14:06:58 | INFO | Question profile | Student: cache | Language: html | Category: general | Task: unknown | Risk: medium
2026-04-12 14:06:58 | INFO | Evaluation path | Student: cache | Language: html | Mode: exact_match
2026-04-12 14:06:58 | INFO | Evaluation completed | Student ID: cache | Score: 100
2026-04-12 14:06:58 | INFO | Request received | Student ID: cache | Question: Create a HTML page with a heading
2026-04-12 14:06:58 | INFO | Processing evaluation | Student: cache | Language: html
2026-04-12 14:06:58 | INFO | Question profile | Student: cache | Language: html | Category: general | Task: unknown | Risk: medium
2026-04-12 14:06:58 | INFO | Evaluation path | Student: cache | Language: html | Mode: deterministic_rule_shortcut
2026-04-12 14:06:58 | INFO | Evaluation confidence | Student: cache | Language: html | Confidence: medium
2026-04-12 14:06:58 | INFO | Evaluation completed | Student ID: cache | Score: 0
2026-04-12 14:06:58 | INFO | Request received | Student ID: cache | Question: Write a method to find average of array
2026-04-12 14:06:58 | INFO | Processing evaluation | Student: cache | Language: java
2026-04-12 14:06:58 | INFO | Question profile | Student: cache | Language: java | Category: arrays_lists | Task: data_processing | Risk: medium
2026-04-12 14:06:58 | INFO | Evaluation path | Student: cache | Language: java | Mode: deterministic_shortcut | Type: mostly_correct
2026-04-12 14:06:58 | INFO | Evaluation confidence | Student: cache | Language: java | Confidence: high
2026-04-12 14:06:58 | INFO | Evaluation completed | Student ID: cache | Score: 70
2026-04-12 14:06:58 | INFO | Request received | Student ID: cache | Question: Write a method to check if a number is prime
2026-04-12 14:06:58 | INFO | Processing evaluation | Student: cache | Language: java
2026-04-12 14:06:58 | INFO | Question profile | Student: cache | Language: java | Category: basics_math | Task: basic_logic | Risk: low
2026-04-12 14:06:58 | INFO | Evaluation path | Student: cache | Language: java | Mode: deterministic_shortcut | Type: mostly_correct
2026-04-12 14:06:58 | INFO | Evaluation confidence | Student: cache | Language: java | Confidence: high
2026-04-12 14:06:58 | INFO | Evaluation completed | Student ID: cache | Score: 48
2026-04-12 14:06:58 | INFO | Request received | Student ID: cache | Question: Write a method to count words
2026-04-12 14:06:58 | INFO | Processing evaluation | Student: cache | Language: java
2026-04-12 14:06:58 | INFO | Question profile | Student: cache | Language: java | Category: general_code | Task: function_logic | Risk: medium
2026-04-12 14:06:58 | INFO | Evaluation path | Student: cache | Language: java | Mode: deterministic_shortcut | Type: mostly_correct
2026-04-12 14:06:58 | INFO | Evaluation confidence | Student: cache | Language: java | Confidence: high
2026-04-12 14:06:58 | INFO | Evaluation completed | Student ID: cache | Score: 70
2026-04-12 14:06:58 | INFO | Request received | Student ID: cache | Question: Write a method to remove spaces from a string
2026-04-12 14:06:58 | INFO | Processing evaluation | Student: cache | Language: java
2026-04-12 14:06:58 | INFO | Question profile | Student: cache | Language: java | Category: general_code | Task: function_logic | Risk: medium
2026-04-12 14:06:58 | INFO | Evaluation path | Student: cache | Language: java | Mode: deterministic_shortcut | Type: full_pass
2026-04-12 14:06:58 | INFO | Evaluation confidence | Student: cache | Language: java | Confidence: high
2026-04-12 14:06:58 | INFO | Evaluation completed | Student ID: cache | Score: 100
2026-04-12 14:06:58 | INFO | Request received | Student ID: cache | Question: Check if string is palindrome
2026-04-12 14:06:58 | INFO | Processing evaluation | Student: cache | Language: python
2026-04-12 14:06:58 | INFO | Question profile | Student: cache | Language: python | Category: strings | Task: string_processing | Risk: low
2026-04-12 14:06:58 | INFO | Evaluation path | Student: cache | Language: python | Mode: exact_match
2026-04-12 14:06:58 | INFO | Evaluation completed | Student ID: cache | Score: 100
2026-04-12 14:06:58 | INFO | Request received | Student ID: cache | Question: Check if string is palindrome
2026-04-12 14:06:58 | INFO | Processing evaluation | Student: cache | Language: python
2026-04-12 14:06:58 | INFO | Question profile | Student: cache | Language: python | Category: strings | Task: string_processing | Risk: low
2026-04-12 14:06:58 | INFO | Evaluation path | Student: cache | Language: python | Mode: deterministic_shortcut | Type: zero_pass
2026-04-12 14:06:58 | INFO | Evaluation confidence | Student: cache | Language: python | Confidence: high
2026-04-12 14:06:58 | INFO | Evaluation completed | Student ID: cache | Score: 0
2026-04-12 14:06:58 | INFO | Request received | Student ID: cache | Question: Check if string is palindrome
2026-04-12 14:06:58 | INFO | Processing evaluation | Student: cache | Language: python
2026-04-12 14:06:58 | INFO | Question profile | Student: cache | Language: python | Category: strings | Task: string_processing | Risk: low
2026-04-12 14:06:58 | INFO | Evaluation path | Student: cache | Language: python | Mode: deterministic_shortcut | Type: mostly_correct
2026-04-12 14:06:58 | INFO | Evaluation confidence | Student: cache | Language: python | Confidence: high
2026-04-12 14:06:58 | INFO | Evaluation completed | Student ID: cache | Score: 70
2026-04-12 14:06:58 | INFO | Request received | Student ID: cache | Question: Find maximum in list
2026-04-12 14:06:58 | INFO | Processing evaluation | Student: cache | Language: python
2026-04-12 14:06:58 | INFO | Question profile | Student: cache | Language: python | Category: arrays_search_sort | Task: search_sort | Risk: medium
2026-04-12 14:06:58 | INFO | Evaluation path | Student: cache | Language: python | Mode: exact_match
2026-04-12 14:06:58 | INFO | Evaluation completed | Student ID: cache | Score: 100
2026-04-12 14:06:58 | INFO | Request received | Student ID: cache | Question: Find maximum in list
2026-04-12 14:06:58 | INFO | Processing evaluation | Student: cache | Language: python
2026-04-12 14:06:58 | INFO | Question profile | Student: cache | Language: python | Category: arrays_search_sort | Task: search_sort | Risk: medium
2026-04-12 14:06:58 | INFO | Evaluation path | Student: cache | Language: python | Mode: deterministic_shortcut | Type: zero_pass
2026-04-12 14:06:58 | INFO | Evaluation confidence | Student: cache | Language: python | Confidence: high
2026-04-12 14:06:58 | INFO | Evaluation completed | Student ID: cache | Score: 0
2026-04-12 14:06:58 | INFO | Request received | Student ID: cache | Question: Find maximum in list
2026-04-12 14:06:58 | INFO | Processing evaluation | Student: cache | Language: python
2026-04-12 14:06:58 | INFO | Question profile | Student: cache | Language: python | Category: arrays_search_sort | Task: search_sort | Risk: medium
2026-04-12 14:06:58 | INFO | Evaluation path | Student: cache | Language: python | Mode: deterministic_shortcut | Type: correct_but_inefficient
2026-04-12 14:06:58 | INFO | Evaluation confidence | Student: cache | Language: python | Confidence: high
2026-04-12 14:06:58 | INFO | Evaluation completed | Student ID: cache | Score: 87
2026-04-12 14:06:58 | INFO | Request received | Student ID: cache | Question: Count vowels in string
2026-04-12 14:06:58 | INFO | Processing evaluation | Student: cache | Language: python
2026-04-12 14:06:58 | INFO | Question profile | Student: cache | Language: python | Category: strings | Task: string_processing | Risk: low
2026-04-12 14:06:58 | INFO | Evaluation path | Student: cache | Language: python | Mode: exact_match
2026-04-12 14:06:58 | INFO | Evaluation completed | Student ID: cache | Score: 100
2026-04-12 14:06:58 | INFO | Request received | Student ID: cache | Question: Count vowels in string
2026-04-12 14:06:58 | INFO | Processing evaluation | Student: cache | Language: python
2026-04-12 14:06:58 | INFO | Question profile | Student: cache | Language: python | Category: strings | Task: string_processing | Risk: low
2026-04-12 14:06:58 | INFO | Evaluation path | Student: cache | Language: python | Mode: deterministic_shortcut | Type: full_pass
2026-04-12 14:06:58 | INFO | Evaluation confidence | Student: cache | Language: python | Confidence: high
2026-04-12 14:06:58 | INFO | Evaluation completed | Student ID: cache | Score: 100
2026-04-12 14:06:58 | INFO | Request received | Student ID: cache | Question: Count vowels in string
2026-04-12 14:06:58 | INFO | Processing evaluation | Student: cache | Language: python
2026-04-12 14:06:58 | INFO | Question profile | Student: cache | Language: python | Category: strings | Task: string_processing | Risk: low
2026-04-12 14:06:58 | INFO | Evaluation path | Student: cache | Language: python | Mode: deterministic_shortcut | Type: zero_pass
2026-04-12 14:06:58 | INFO | Evaluation confidence | Student: cache | Language: python | Confidence: high
2026-04-12 14:06:58 | INFO | Evaluation completed | Student ID: cache | Score: 0
2026-04-12 14:06:58 | INFO | Request received | Student ID: cache | Question: Check if number is positive
2026-04-12 14:06:58 | INFO | Processing evaluation | Student: cache | Language: python
2026-04-12 14:06:58 | INFO | Question profile | Student: cache | Language: python | Category: basics_math | Task: basic_logic | Risk: low
2026-04-12 14:06:58 | INFO | Evaluation path | Student: cache | Language: python | Mode: exact_match
2026-04-12 14:06:58 | INFO | Evaluation completed | Student ID: cache | Score: 100
2026-04-12 14:06:58 | INFO | Request received | Student ID: cache | Question: Reverse a list
2026-04-12 14:06:58 | INFO | Processing evaluation | Student: cache | Language: python
2026-04-12 14:06:58 | INFO | Question profile | Student: cache | Language: python | Category: arrays_lists | Task: data_processing | Risk: medium
2026-04-12 14:06:58 | INFO | Evaluation path | Student: cache | Language: python | Mode: exact_match
2026-04-12 14:06:58 | INFO | Evaluation completed | Student ID: cache | Score: 100
2026-04-12 14:06:58 | INFO | Request received | Student ID: cache | Question: Check if number is positive
2026-04-12 14:06:58 | INFO | Processing evaluation | Student: cache | Language: javascript
2026-04-12 14:06:58 | INFO | Question profile | Student: cache | Language: javascript | Category: basics_math | Task: basic_logic | Risk: low
2026-04-12 14:06:58 | INFO | Evaluation path | Student: cache | Language: javascript | Mode: exact_match
2026-04-12 14:06:58 | INFO | Evaluation completed | Student ID: cache | Score: 100
2026-04-12 14:06:58 | INFO | Request received | Student ID: cache | Question: Reverse a list
2026-04-12 14:06:58 | INFO | Processing evaluation | Student: cache | Language: javascript
2026-04-12 14:06:58 | INFO | Question profile | Student: cache | Language: javascript | Category: arrays_lists | Task: data_processing | Risk: medium
2026-04-12 14:06:58 | INFO | Evaluation path | Student: cache | Language: javascript | Mode: exact_match
2026-04-12 14:06:58 | INFO | Evaluation completed | Student ID: cache | Score: 100
2026-04-12 14:06:58 | INFO | Request received | Student ID: cache | Question: Check if number is positive
2026-04-12 14:06:58 | INFO | Processing evaluation | Student: cache | Language: java
2026-04-12 14:06:58 | INFO | Question profile | Student: cache | Language: java | Category: basics_math | Task: basic_logic | Risk: low
2026-04-12 14:06:58 | INFO | Evaluation path | Student: cache | Language: java | Mode: exact_match
2026-04-12 14:06:58 | INFO | Evaluation completed | Student ID: cache | Score: 100
2026-04-12 14:06:58 | INFO | Request received | Student ID: cache | Question: Reverse a list
2026-04-12 14:06:58 | INFO | Processing evaluation | Student: cache | Language: java
2026-04-12 14:06:58 | INFO | Question profile | Student: cache | Language: java | Category: arrays_lists | Task: data_processing | Risk: medium
2026-04-12 14:06:58 | INFO | Evaluation path | Student: cache | Language: java | Mode: exact_match
2026-04-12 14:06:58 | INFO | Evaluation completed | Student ID: cache | Score: 100
2026-04-12 14:06:58 | INFO | Request received | Student ID: cache | Question: Check if number is positive
2026-04-12 14:06:58 | INFO | Processing evaluation | Student: cache | Language: python
2026-04-12 14:06:58 | INFO | Question profile | Student: cache | Language: python | Category: basics_math | Task: basic_logic | Risk: low
2026-04-12 14:06:58 | INFO | Evaluation path | Student: cache | Language: python | Mode: deterministic_shortcut | Type: mostly_correct
2026-04-12 14:06:58 | INFO | Evaluation confidence | Student: cache | Language: python | Confidence: high
2026-04-12 14:06:58 | INFO | Evaluation completed | Student ID: cache | Score: 70
2026-04-12 14:06:58 | INFO | Request received | Student ID: cache | Question: Check if number is positive
2026-04-12 14:06:58 | INFO | Processing evaluation | Student: cache | Language: python
2026-04-12 14:06:58 | INFO | Question profile | Student: cache | Language: python | Category: basics_math | Task: basic_logic | Risk: low
2026-04-12 14:06:58 | INFO | Evaluation path | Student: cache | Language: python | Mode: deterministic_shortcut | Type: mostly_correct
2026-04-12 14:06:58 | INFO | Evaluation confidence | Student: cache | Language: python | Confidence: high
2026-04-12 14:06:58 | INFO | Evaluation completed | Student ID: cache | Score: 70
2026-04-12 14:06:58 | INFO | Request received | Student ID: cache | Question: Reverse a list
2026-04-12 14:06:58 | INFO | Processing evaluation | Student: cache | Language: python
2026-04-12 14:06:58 | INFO | Question profile | Student: cache | Language: python | Category: arrays_lists | Task: data_processing | Risk: medium
2026-04-12 14:06:58 | INFO | Evaluation path | Student: cache | Language: python | Mode: deterministic_shortcut | Type: zero_pass
2026-04-12 14:06:58 | INFO | Evaluation confidence | Student: cache | Language: python | Confidence: high
2026-04-12 14:06:58 | INFO | Evaluation completed | Student ID: cache | Score: 0
2026-04-12 14:06:58 | INFO | Request received | Student ID: cache | Question: Check if number is positive
2026-04-12 14:06:58 | INFO | Processing evaluation | Student: cache | Language: javascript
2026-04-12 14:06:58 | INFO | Question profile | Student: cache | Language: javascript | Category: basics_math | Task: basic_logic | Risk: low
2026-04-12 14:06:58 | INFO | Evaluation path | Student: cache | Language: javascript | Mode: deterministic_rule_shortcut
2026-04-12 14:06:58 | INFO | Evaluation confidence | Student: cache | Language: javascript | Confidence: medium
2026-04-12 14:06:58 | INFO | Evaluation completed | Student ID: cache | Score: 48
2026-04-12 14:06:58 | INFO | Request received | Student ID: cache | Question: Reverse a list
2026-04-12 14:06:58 | INFO | Processing evaluation | Student: cache | Language: javascript
2026-04-12 14:06:58 | INFO | Question profile | Student: cache | Language: javascript | Category: arrays_lists | Task: data_processing | Risk: medium
2026-04-12 14:06:58 | INFO | Evaluation path | Student: cache | Language: javascript | Mode: deterministic_rule_shortcut
2026-04-12 14:06:58 | INFO | Evaluation confidence | Student: cache | Language: javascript | Confidence: medium
2026-04-12 14:06:58 | INFO | Evaluation completed | Student ID: cache | Score: 0
2026-04-12 14:06:58 | INFO | Request received | Student ID: cache | Question: Check if number is positive
2026-04-12 14:06:58 | INFO | Processing evaluation | Student: cache | Language: java
2026-04-12 14:06:58 | INFO | Question profile | Student: cache | Language: java | Category: basics_math | Task: basic_logic | Risk: low
2026-04-12 14:06:58 | INFO | Evaluation path | Student: cache | Language: java | Mode: deterministic_shortcut | Type: mostly_correct
2026-04-12 14:06:58 | INFO | Evaluation confidence | Student: cache | Language: java | Confidence: high
2026-04-12 14:06:58 | INFO | Evaluation completed | Student ID: cache | Score: 70
2026-04-12 14:06:58 | INFO | Request received | Student ID: cache | Question: Reverse a list
2026-04-12 14:06:58 | INFO | Processing evaluation | Student: cache | Language: java
2026-04-12 14:06:58 | INFO | Question profile | Student: cache | Language: java | Category: arrays_lists | Task: data_processing | Risk: medium
2026-04-12 14:06:58 | INFO | Evaluation path | Student: cache | Language: java | Mode: hybrid | Reason: guarded llm review
2026-04-12 14:06:58 | INFO | Calling LLM...
2026-04-12 14:06:58 | INFO | Evaluation confidence | Student: cache | Language: java | Confidence: medium
2026-04-12 14:06:58 | INFO | Evaluation completed | Student ID: cache | Score: 2
2026-04-12 14:06:58 | INFO | Request received | Student ID: cache | Question: Check if number is odd
2026-04-12 14:06:58 | INFO | Processing evaluation | Student: cache | Language: python
2026-04-12 14:06:58 | INFO | Question profile | Student: cache | Language: python | Category: general | Task: unknown | Risk: medium
2026-04-12 14:06:58 | INFO | Evaluation path | Student: cache | Language: python | Mode: exact_match
2026-04-12 14:06:58 | INFO | Evaluation completed | Student ID: cache | Score: 100
2026-04-12 14:06:58 | INFO | Request received | Student ID: cache | Question: Check if number is odd
2026-04-12 14:06:58 | INFO | Processing evaluation | Student: cache | Language: python
2026-04-12 14:06:58 | INFO | Question profile | Student: cache | Language: python | Category: general | Task: unknown | Risk: medium
2026-04-12 14:06:58 | INFO | Evaluation path | Student: cache | Language: python | Mode: deterministic_shortcut | Type: zero_pass
2026-04-12 14:06:58 | INFO | Evaluation confidence | Student: cache | Language: python | Confidence: high
2026-04-12 14:06:58 | INFO | Evaluation completed | Student ID: cache | Score: 0
2026-04-12 14:06:58 | INFO | Request received | Student ID: cache | Question: Find average of list
2026-04-12 14:06:58 | INFO | Processing evaluation | Student: cache | Language: python
2026-04-12 14:06:58 | INFO | Question profile | Student: cache | Language: python | Category: arrays_lists | Task: data_processing | Risk: medium
2026-04-12 14:06:58 | INFO | Evaluation path | Student: cache | Language: python | Mode: exact_match
2026-04-12 14:06:58 | INFO | Evaluation completed | Student ID: cache | Score: 100
2026-04-12 14:06:58 | INFO | Request received | Student ID: cache | Question: Find average of list
2026-04-12 14:06:58 | INFO | Processing evaluation | Student: cache | Language: python
2026-04-12 14:06:58 | INFO | Question profile | Student: cache | Language: python | Category: arrays_lists | Task: data_processing | Risk: medium
2026-04-12 14:06:58 | INFO | Evaluation path | Student: cache | Language: python | Mode: deterministic_shortcut | Type: zero_pass
2026-04-12 14:06:58 | INFO | Evaluation confidence | Student: cache | Language: python | Confidence: high
2026-04-12 14:06:58 | INFO | Evaluation completed | Student ID: cache | Score: 0
2026-04-12 14:06:58 | INFO | Request received | Student ID: cache | Question: Check if list is empty
2026-04-12 14:06:58 | INFO | Processing evaluation | Student: cache | Language: python
2026-04-12 14:06:58 | INFO | Question profile | Student: cache | Language: python | Category: arrays_lists | Task: data_processing | Risk: medium
2026-04-12 14:06:58 | INFO | Evaluation path | Student: cache | Language: python | Mode: deterministic_shortcut | Type: full_pass
2026-04-12 14:06:58 | INFO | Evaluation confidence | Student: cache | Language: python | Confidence: high
2026-04-12 14:06:58 | INFO | Evaluation completed | Student ID: cache | Score: 100
2026-04-12 14:06:58 | INFO | Request received | Student ID: cache | Question: Check if list is empty
2026-04-12 14:06:58 | INFO | Processing evaluation | Student: cache | Language: python
2026-04-12 14:06:58 | INFO | Question profile | Student: cache | Language: python | Category: arrays_lists | Task: data_processing | Risk: medium
2026-04-12 14:06:58 | INFO | Evaluation path | Student: cache | Language: python | Mode: deterministic_shortcut | Type: zero_pass
2026-04-12 14:06:58 | INFO | Evaluation confidence | Student: cache | Language: python | Confidence: high
2026-04-12 14:06:58 | INFO | Evaluation completed | Student ID: cache | Score: 0
2026-04-12 14:06:58 | INFO | Request received | Student ID: cache | Question: Subtract two numbers
2026-04-12 14:06:58 | INFO | Processing evaluation | Student: cache | Language: python
2026-04-12 14:06:58 | INFO | Question profile | Student: cache | Language: python | Category: general | Task: unknown | Risk: medium
2026-04-12 14:06:58 | INFO | Evaluation path | Student: cache | Language: python | Mode: exact_match
2026-04-12 14:06:58 | INFO | Evaluation completed | Student ID: cache | Score: 100
2026-04-12 14:06:58 | INFO | Request received | Student ID: cache | Question: Subtract two numbers
2026-04-12 14:06:58 | INFO | Processing evaluation | Student: cache | Language: python
2026-04-12 14:06:58 | INFO | Question profile | Student: cache | Language: python | Category: general | Task: unknown | Risk: medium
2026-04-12 14:06:58 | INFO | Evaluation path | Student: cache | Language: python | Mode: deterministic_shortcut | Type: zero_pass
2026-04-12 14:06:58 | INFO | Evaluation confidence | Student: cache | Language: python | Confidence: high
2026-04-12 14:06:58 | INFO | Evaluation completed | Student ID: cache | Score: 0
2026-04-12 14:06:58 | INFO | Request received | Student ID: cache | Question: Multiply two numbers
2026-04-12 14:06:58 | INFO | Processing evaluation | Student: cache | Language: python
2026-04-12 14:06:58 | INFO | Question profile | Student: cache | Language: python | Category: general | Task: unknown | Risk: medium
2026-04-12 14:06:58 | INFO | Evaluation path | Student: cache | Language: python | Mode: exact_match
2026-04-12 14:06:58 | INFO | Evaluation completed | Student ID: cache | Score: 100
2026-04-12 14:06:58 | INFO | Request received | Student ID: cache | Question: Divide two numbers
2026-04-12 14:06:58 | INFO | Processing evaluation | Student: cache | Language: python
2026-04-12 14:06:58 | INFO | Question profile | Student: cache | Language: python | Category: general | Task: unknown | Risk: medium
2026-04-12 14:06:58 | INFO | Evaluation path | Student: cache | Language: python | Mode: exact_match
2026-04-12 14:06:58 | INFO | Evaluation completed | Student ID: cache | Score: 100
2026-04-12 14:06:58 | INFO | Request received | Student ID: cache | Question: Convert string to uppercase
2026-04-12 14:06:58 | INFO | Processing evaluation | Student: cache | Language: python
2026-04-12 14:06:58 | INFO | Question profile | Student: cache | Language: python | Category: strings | Task: string_processing | Risk: low
2026-04-12 14:06:58 | INFO | Evaluation path | Student: cache | Language: python | Mode: exact_match
2026-04-12 14:06:58 | INFO | Evaluation completed | Student ID: cache | Score: 100
2026-04-12 14:06:58 | INFO | Request received | Student ID: cache | Question: Convert string to lowercase
2026-04-12 14:06:58 | INFO | Processing evaluation | Student: cache | Language: python
2026-04-12 14:06:58 | INFO | Question profile | Student: cache | Language: python | Category: strings | Task: string_processing | Risk: low
2026-04-12 14:06:58 | INFO | Evaluation path | Student: cache | Language: python | Mode: exact_match
2026-04-12 14:06:58 | INFO | Evaluation completed | Student ID: cache | Score: 100
2026-04-12 14:06:58 | INFO | Request received | Student ID: cache | Question: Reverse a string
2026-04-12 14:06:58 | INFO | Processing evaluation | Student: cache | Language: python
2026-04-12 14:06:58 | INFO | Question profile | Student: cache | Language: python | Category: strings | Task: string_processing | Risk: low
2026-04-12 14:06:58 | INFO | Evaluation path | Student: cache | Language: python | Mode: exact_match
2026-04-12 14:06:58 | INFO | Evaluation completed | Student ID: cache | Score: 100
2026-04-12 14:06:58 | INFO | Request received | Student ID: cache | Question: Find length of list
2026-04-12 14:06:58 | INFO | Processing evaluation | Student: cache | Language: python
2026-04-12 14:06:58 | INFO | Question profile | Student: cache | Language: python | Category: arrays_lists | Task: data_processing | Risk: medium
2026-04-12 14:06:58 | INFO | Evaluation path | Student: cache | Language: python | Mode: exact_match
2026-04-12 14:06:58 | INFO | Evaluation completed | Student ID: cache | Score: 100
2026-04-12 14:06:58 | INFO | Request received | Student ID: cache | Question: Find first element in list
2026-04-12 14:06:58 | INFO | Processing evaluation | Student: cache | Language: python
2026-04-12 14:06:58 | INFO | Question profile | Student: cache | Language: python | Category: arrays_lists | Task: data_processing | Risk: medium
2026-04-12 14:06:58 | INFO | Evaluation path | Student: cache | Language: python | Mode: exact_match
2026-04-12 14:06:58 | INFO | Evaluation completed | Student ID: cache | Score: 100
2026-04-12 14:06:58 | INFO | Request received | Student ID: cache | Question: Find last element in list
2026-04-12 14:06:58 | INFO | Processing evaluation | Student: cache | Language: python
2026-04-12 14:06:58 | INFO | Question profile | Student: cache | Language: python | Category: arrays_lists | Task: data_processing | Risk: medium
2026-04-12 14:06:58 | INFO | Evaluation path | Student: cache | Language: python | Mode: exact_match
2026-04-12 14:06:58 | INFO | Evaluation completed | Student ID: cache | Score: 100
2026-04-12 14:06:58 | INFO | Request received | Student ID: cache | Question: Find sum of list
2026-04-12 14:06:58 | INFO | Processing evaluation | Student: cache | Language: python
2026-04-12 14:06:58 | INFO | Question profile | Student: cache | Language: python | Category: arrays_lists | Task: data_processing | Risk: medium
2026-04-12 14:06:58 | INFO | Evaluation path | Student: cache | Language: python | Mode: exact_match
2026-04-12 14:06:58 | INFO | Evaluation completed | Student ID: cache | Score: 100
2026-04-12 14:06:58 | INFO | Request received | Student ID: cache | Question: Check if two variables reference the same object (
2026-04-12 14:06:58 | INFO | Processing evaluation | Student: cache | Language: python
2026-04-12 14:06:58 | INFO | Question profile | Student: cache | Language: python | Category: general | Task: unknown | Risk: medium
2026-04-12 14:06:58 | INFO | Evaluation path | Student: cache | Language: python | Mode: exact_match
2026-04-12 14:06:58 | INFO | Evaluation completed | Student ID: cache | Score: 100
2026-04-12 14:06:58 | INFO | Request received | Student ID: cache | Question: Type check using isinstance
2026-04-12 14:06:58 | INFO | Processing evaluation | Student: cache | Language: python
2026-04-12 14:06:58 | INFO | Question profile | Student: cache | Language: python | Category: general | Task: unknown | Risk: medium
2026-04-12 14:06:58 | INFO | Evaluation path | Student: cache | Language: python | Mode: exact_match
2026-04-12 14:06:58 | INFO | Evaluation completed | Student ID: cache | Score: 100
2026-04-12 14:06:58 | INFO | Request received | Student ID: cache | Question: Check if element is in list
2026-04-12 14:06:58 | INFO | Processing evaluation | Student: cache | Language: python
2026-04-12 14:06:58 | INFO | Question profile | Student: cache | Language: python | Category: arrays_lists | Task: data_processing | Risk: medium
2026-04-12 14:06:58 | INFO | Evaluation path | Student: cache | Language: python | Mode: exact_match
2026-04-12 14:06:58 | INFO | Evaluation completed | Student ID: cache | Score: 100
2026-04-12 14:06:58 | INFO | Request received | Student ID: cache | Question: Write an async function
2026-04-12 14:06:58 | INFO | Processing evaluation | Student: cache | Language: python
2026-04-12 14:06:58 | INFO | Question profile | Student: cache | Language: python | Category: general_code | Task: function_logic | Risk: medium
2026-04-12 14:06:58 | INFO | Evaluation path | Student: cache | Language: python | Mode: exact_match
2026-04-12 14:06:58 | INFO | Evaluation completed | Student ID: cache | Score: 100
2026-04-12 14:06:58 | INFO | Request received | Student ID: cache | Question: Make an HTTP GET request using requests
2026-04-12 14:06:58 | INFO | Processing evaluation | Student: cache | Language: python
2026-04-12 14:06:58 | INFO | Question profile | Student: cache | Language: python | Category: general | Task: unknown | Risk: medium
2026-04-12 14:06:58 | INFO | Evaluation path | Student: cache | Language: python | Mode: exact_match
2026-04-12 14:06:58 | INFO | Evaluation completed | Student ID: cache | Score: 100
2026-04-12 14:06:58 | INFO | Request received | Student ID: cache | Question: Connect to SQLite using sqlite3
2026-04-12 14:06:58 | INFO | Processing evaluation | Student: cache | Language: python
2026-04-12 14:06:58 | INFO | Question profile | Student: cache | Language: python | Category: general | Task: unknown | Risk: medium
2026-04-12 14:06:58 | INFO | Evaluation path | Student: cache | Language: python | Mode: exact_match
2026-04-12 14:06:58 | INFO | Evaluation completed | Student ID: cache | Score: 100
2026-04-12 14:06:58 | INFO | Request received | Student ID: cache | Question: Create a NumPy array
2026-04-12 14:06:58 | INFO | Processing evaluation | Student: cache | Language: python
2026-04-12 14:06:58 | INFO | Question profile | Student: cache | Language: python | Category: arrays_lists | Task: data_processing | Risk: medium
2026-04-12 14:06:58 | INFO | Evaluation path | Student: cache | Language: python | Mode: exact_match
2026-04-12 14:06:58 | INFO | Evaluation completed | Student ID: cache | Score: 100
2026-04-12 14:06:58 | INFO | Request received | Student ID: cache | Question: Create a pandas DataFrame
2026-04-12 14:06:58 | INFO | Processing evaluation | Student: cache | Language: python
2026-04-12 14:06:58 | INFO | Question profile | Student: cache | Language: python | Category: general | Task: unknown | Risk: medium
2026-04-12 14:06:58 | INFO | Evaluation path | Student: cache | Language: python | Mode: exact_match
2026-04-12 14:06:58 | INFO | Evaluation completed | Student ID: cache | Score: 100
2026-04-12 14:06:58 | INFO | Request received | Student ID: cache | Question: Plot a line using matplotlib
2026-04-12 14:06:58 | INFO | Processing evaluation | Student: cache | Language: python
2026-04-12 14:06:58 | INFO | Question profile | Student: cache | Language: python | Category: general | Task: unknown | Risk: medium
2026-04-12 14:06:58 | INFO | Evaluation path | Student: cache | Language: python | Mode: exact_match
2026-04-12 14:06:58 | INFO | Evaluation completed | Student ID: cache | Score: 100
2026-04-12 14:06:58 | INFO | Request received | Student ID: cache | Question: Create a Flask app
2026-04-12 14:06:58 | INFO | Processing evaluation | Student: cache | Language: python
2026-04-12 14:06:58 | INFO | Question profile | Student: cache | Language: python | Category: general | Task: unknown | Risk: medium
2026-04-12 14:06:58 | INFO | Evaluation path | Student: cache | Language: python | Mode: exact_match
2026-04-12 14:06:58 | INFO | Evaluation completed | Student ID: cache | Score: 100
2026-04-12 14:06:58 | INFO | Request received | Student ID: cache | Question: Use a decorator in Python
2026-04-12 14:06:58 | INFO | Processing evaluation | Student: cache | Language: python
2026-04-12 14:06:58 | INFO | Question profile | Student: cache | Language: python | Category: general | Task: unknown | Risk: medium
2026-04-12 14:06:58 | INFO | Evaluation path | Student: cache | Language: python | Mode: exact_match
2026-04-12 14:06:58 | INFO | Evaluation completed | Student ID: cache | Score: 100
2026-04-12 14:06:58 | INFO | Request received | Student ID: cache | Question: Use a context manager
2026-04-12 14:06:58 | INFO | Processing evaluation | Student: cache | Language: python
2026-04-12 14:06:58 | INFO | Question profile | Student: cache | Language: python | Category: general | Task: unknown | Risk: medium
2026-04-12 14:06:58 | INFO | Evaluation path | Student: cache | Language: python | Mode: exact_match
2026-04-12 14:06:58 | INFO | Evaluation completed | Student ID: cache | Score: 100
2026-04-12 14:06:58 | INFO | Request received | Student ID: cache | Question: Check if two variables reference the same object (
2026-04-12 14:06:58 | INFO | Processing evaluation | Student: cache | Language: python
2026-04-12 14:06:58 | INFO | Question profile | Student: cache | Language: python | Category: general | Task: unknown | Risk: medium
2026-04-12 14:06:58 | INFO | Evaluation path | Student: cache | Language: python | Mode: deterministic_shortcut | Type: zero_pass
2026-04-12 14:06:58 | INFO | Evaluation confidence | Student: cache | Language: python | Confidence: high
2026-04-12 14:06:58 | INFO | Evaluation completed | Student ID: cache | Score: 0
2026-04-12 14:06:58 | INFO | Request received | Student ID: cache | Question: Type check using isinstance
2026-04-12 14:06:58 | INFO | Processing evaluation | Student: cache | Language: python
2026-04-12 14:06:58 | INFO | Question profile | Student: cache | Language: python | Category: general | Task: unknown | Risk: medium
2026-04-12 14:06:58 | INFO | Evaluation path | Student: cache | Language: python | Mode: deterministic_shortcut | Type: zero_pass
2026-04-12 14:06:58 | INFO | Evaluation confidence | Student: cache | Language: python | Confidence: high
2026-04-12 14:06:58 | INFO | Evaluation completed | Student ID: cache | Score: 0
2026-04-12 14:06:58 | INFO | Request received | Student ID: cache | Question: Check if element is in list
2026-04-12 14:06:58 | INFO | Processing evaluation | Student: cache | Language: python
2026-04-12 14:06:58 | INFO | Question profile | Student: cache | Language: python | Category: arrays_lists | Task: data_processing | Risk: medium
2026-04-12 14:06:58 | INFO | Evaluation path | Student: cache | Language: python | Mode: deterministic_shortcut | Type: zero_pass
2026-04-12 14:06:58 | INFO | Evaluation confidence | Student: cache | Language: python | Confidence: high
2026-04-12 14:06:58 | INFO | Evaluation completed | Student ID: cache | Score: 0
2026-04-12 14:06:58 | INFO | Request received | Student ID: cache | Question: Write an async function
2026-04-12 14:06:58 | INFO | Processing evaluation | Student: cache | Language: python
2026-04-12 14:06:58 | INFO | Question profile | Student: cache | Language: python | Category: general_code | Task: function_logic | Risk: medium
2026-04-12 14:06:58 | INFO | Evaluation path | Student: cache | Language: python | Mode: deterministic_shortcut | Type: zero_pass
2026-04-12 14:06:58 | INFO | Evaluation confidence | Student: cache | Language: python | Confidence: high
2026-04-12 14:06:58 | INFO | Evaluation completed | Student ID: cache | Score: 0
2026-04-12 14:06:58 | INFO | Request received | Student ID: cache | Question: Make an HTTP GET request using requests
2026-04-12 14:06:58 | INFO | Processing evaluation | Student: cache | Language: python
2026-04-12 14:06:58 | INFO | Question profile | Student: cache | Language: python | Category: general | Task: unknown | Risk: medium
2026-04-12 14:06:58 | INFO | Evaluation path | Student: cache | Language: python | Mode: deterministic_shortcut | Type: zero_pass
2026-04-12 14:06:58 | INFO | Evaluation confidence | Student: cache | Language: python | Confidence: high
2026-04-12 14:06:58 | INFO | Evaluation completed | Student ID: cache | Score: 0
2026-04-12 14:06:58 | INFO | Request received | Student ID: cache | Question: Connect to SQLite using sqlite3
2026-04-12 14:06:58 | INFO | Processing evaluation | Student: cache | Language: python
2026-04-12 14:06:58 | INFO | Question profile | Student: cache | Language: python | Category: general | Task: unknown | Risk: medium
2026-04-12 14:06:58 | INFO | Evaluation path | Student: cache | Language: python | Mode: deterministic_shortcut | Type: zero_pass
2026-04-12 14:06:58 | INFO | Evaluation confidence | Student: cache | Language: python | Confidence: high
2026-04-12 14:06:58 | INFO | Evaluation completed | Student ID: cache | Score: 0
2026-04-12 14:06:58 | INFO | Request received | Student ID: cache | Question: Create a NumPy array
2026-04-12 14:06:58 | INFO | Processing evaluation | Student: cache | Language: python
2026-04-12 14:06:58 | INFO | Question profile | Student: cache | Language: python | Category: arrays_lists | Task: data_processing | Risk: medium
2026-04-12 14:06:58 | INFO | Evaluation path | Student: cache | Language: python | Mode: deterministic_shortcut | Type: mostly_correct
2026-04-12 14:06:58 | INFO | Evaluation confidence | Student: cache | Language: python | Confidence: high
2026-04-12 14:06:58 | INFO | Evaluation completed | Student ID: cache | Score: 48
2026-04-12 14:06:58 | INFO | Request received | Student ID: cache | Question: Create a pandas DataFrame
2026-04-12 14:06:58 | INFO | Processing evaluation | Student: cache | Language: python
2026-04-12 14:06:58 | INFO | Question profile | Student: cache | Language: python | Category: general | Task: unknown | Risk: medium
2026-04-12 14:06:58 | INFO | Evaluation path | Student: cache | Language: python | Mode: deterministic_shortcut | Type: mostly_correct
2026-04-12 14:06:58 | INFO | Evaluation confidence | Student: cache | Language: python | Confidence: high
2026-04-12 14:06:58 | INFO | Evaluation completed | Student ID: cache | Score: 48
2026-04-12 14:06:58 | INFO | Request received | Student ID: cache | Question: Plot a line using matplotlib
2026-04-12 14:06:58 | INFO | Processing evaluation | Student: cache | Language: python
2026-04-12 14:06:58 | INFO | Question profile | Student: cache | Language: python | Category: general | Task: unknown | Risk: medium
2026-04-12 14:06:58 | INFO | Evaluation path | Student: cache | Language: python | Mode: deterministic_shortcut | Type: mostly_correct
2026-04-12 14:06:58 | INFO | Evaluation confidence | Student: cache | Language: python | Confidence: high
2026-04-12 14:06:58 | INFO | Evaluation completed | Student ID: cache | Score: 48
2026-04-12 14:06:58 | INFO | Request received | Student ID: cache | Question: Create a Flask app
2026-04-12 14:06:58 | INFO | Processing evaluation | Student: cache | Language: python
2026-04-12 14:06:58 | INFO | Question profile | Student: cache | Language: python | Category: general | Task: unknown | Risk: medium
2026-04-12 14:06:58 | INFO | Evaluation path | Student: cache | Language: python | Mode: deterministic_shortcut | Type: zero_pass
2026-04-12 14:06:58 | INFO | Evaluation confidence | Student: cache | Language: python | Confidence: high
2026-04-12 14:06:58 | INFO | Evaluation completed | Student ID: cache | Score: 0
2026-04-12 14:06:58 | INFO | Request received | Student ID: cache | Question: Use a decorator in Python
2026-04-12 14:06:58 | INFO | Processing evaluation | Student: cache | Language: python
2026-04-12 14:06:58 | INFO | Question profile | Student: cache | Language: python | Category: general | Task: unknown | Risk: medium
2026-04-12 14:06:58 | INFO | Evaluation path | Student: cache | Language: python | Mode: deterministic_shortcut | Type: zero_pass
2026-04-12 14:06:58 | INFO | Evaluation confidence | Student: cache | Language: python | Confidence: high
2026-04-12 14:06:58 | INFO | Evaluation completed | Student ID: cache | Score: 0
2026-04-12 14:06:58 | INFO | Request received | Student ID: cache | Question: Use a context manager
2026-04-12 14:06:58 | INFO | Processing evaluation | Student: cache | Language: python
2026-04-12 14:06:58 | INFO | Question profile | Student: cache | Language: python | Category: general | Task: unknown | Risk: medium
2026-04-12 14:06:58 | INFO | Evaluation path | Student: cache | Language: python | Mode: deterministic_shortcut | Type: zero_pass
2026-04-12 14:06:58 | INFO | Evaluation confidence | Student: cache | Language: python | Confidence: high
2026-04-12 14:06:58 | INFO | Evaluation completed | Student ID: cache | Score: 0
2026-04-12 14:06:58 | INFO | Request received | Student ID: cache | Question: Use multithreading with threading
2026-04-12 14:06:58 | INFO | Processing evaluation | Student: cache | Language: python
2026-04-12 14:06:58 | INFO | Question profile | Student: cache | Language: python | Category: general | Task: unknown | Risk: medium
2026-04-12 14:06:58 | INFO | Evaluation path | Student: cache | Language: python | Mode: deterministic_shortcut | Type: zero_pass
2026-04-12 14:06:58 | INFO | Evaluation confidence | Student: cache | Language: python | Confidence: high
2026-04-12 14:06:58 | INFO | Evaluation completed | Student ID: cache | Score: 0
2026-04-12 14:06:58 | INFO | Request received | Student ID: cache | Question: Use multiprocessing to run a task
2026-04-12 14:06:58 | INFO | Processing evaluation | Student: cache | Language: python
2026-04-12 14:06:58 | INFO | Question profile | Student: cache | Language: python | Category: general | Task: unknown | Risk: medium
2026-04-12 14:06:58 | INFO | Evaluation path | Student: cache | Language: python | Mode: deterministic_shortcut | Type: zero_pass
2026-04-12 14:06:58 | INFO | Evaluation confidence | Student: cache | Language: python | Confidence: high
2026-04-12 14:06:58 | INFO | Evaluation completed | Student ID: cache | Score: 0
2026-04-12 14:06:58 | INFO | Request received | Student ID: cache | Question: Log a message using logging
2026-04-12 14:06:58 | INFO | Processing evaluation | Student: cache | Language: python
2026-04-12 14:06:58 | INFO | Question profile | Student: cache | Language: python | Category: general | Task: unknown | Risk: medium
2026-04-12 14:06:58 | INFO | Evaluation path | Student: cache | Language: python | Mode: deterministic_shortcut | Type: mostly_correct
2026-04-12 14:06:58 | INFO | Evaluation confidence | Student: cache | Language: python | Confidence: high
2026-04-12 14:06:58 | INFO | Evaluation completed | Student ID: cache | Score: 48
2026-04-12 14:06:58 | INFO | Request received | Student ID: cache | Question: Write a pytest test case
2026-04-12 14:06:58 | INFO | Processing evaluation | Student: cache | Language: python
2026-04-12 14:06:58 | INFO | Question profile | Student: cache | Language: python | Category: general | Task: unknown | Risk: medium
2026-04-12 14:06:58 | INFO | Evaluation path | Student: cache | Language: python | Mode: deterministic_shortcut | Type: zero_pass
2026-04-12 14:06:58 | INFO | Evaluation confidence | Student: cache | Language: python | Confidence: high
2026-04-12 14:06:58 | INFO | Evaluation completed | Student ID: cache | Score: 0
2026-04-12 14:06:58 | INFO | Request received | Student ID: cache | Question: Write a unittest TestCase
2026-04-12 14:06:58 | INFO | Processing evaluation | Student: cache | Language: python
2026-04-12 14:06:58 | INFO | Question profile | Student: cache | Language: python | Category: general | Task: unknown | Risk: medium
2026-04-12 14:06:58 | INFO | Evaluation path | Student: cache | Language: python | Mode: deterministic_shortcut | Type: mostly_correct
2026-04-12 14:06:58 | INFO | Evaluation confidence | Student: cache | Language: python | Confidence: high
2026-04-12 14:06:58 | INFO | Evaluation completed | Student ID: cache | Score: 48
2026-04-12 14:06:58 | INFO | Request received | Student ID: cache | Question: Create a Django view
2026-04-12 14:06:58 | INFO | Processing evaluation | Student: cache | Language: python
2026-04-12 14:06:58 | INFO | Question profile | Student: cache | Language: python | Category: general | Task: unknown | Risk: medium
2026-04-12 14:06:58 | INFO | Evaluation path | Student: cache | Language: python | Mode: deterministic_shortcut | Type: mostly_correct
2026-04-12 14:06:58 | INFO | Evaluation confidence | Student: cache | Language: python | Confidence: high
2026-04-12 14:06:58 | INFO | Evaluation completed | Student ID: cache | Score: 48
2026-04-12 14:06:58 | INFO | Request received | Student ID: cache | Question: Create a FastAPI app
2026-04-12 14:06:58 | INFO | Processing evaluation | Student: cache | Language: python
2026-04-12 14:06:58 | INFO | Question profile | Student: cache | Language: python | Category: general | Task: unknown | Risk: medium
2026-04-12 14:06:58 | INFO | Evaluation path | Student: cache | Language: python | Mode: deterministic_shortcut | Type: mostly_correct
2026-04-12 14:06:58 | INFO | Evaluation confidence | Student: cache | Language: python | Confidence: high
2026-04-12 14:06:58 | INFO | Evaluation completed | Student ID: cache | Score: 48
2026-04-12 14:06:58 | INFO | Request received | Student ID: cache | Question: Create a Tkinter window
2026-04-12 14:06:58 | INFO | Processing evaluation | Student: cache | Language: python
2026-04-12 14:06:58 | INFO | Question profile | Student: cache | Language: python | Category: general | Task: unknown | Risk: medium
2026-04-12 14:06:58 | INFO | Evaluation path | Student: cache | Language: python | Mode: deterministic_shortcut | Type: zero_pass
2026-04-12 14:06:58 | INFO | Evaluation confidence | Student: cache | Language: python | Confidence: high
2026-04-12 14:06:58 | INFO | Evaluation completed | Student ID: cache | Score: 0
2026-04-12 14:06:58 | INFO | Request received | Student ID: cache | Question: Create a PyQt application
2026-04-12 14:06:58 | INFO | Processing evaluation | Student: cache | Language: python
2026-04-12 14:06:58 | INFO | Question profile | Student: cache | Language: python | Category: general | Task: unknown | Risk: medium
2026-04-12 14:06:58 | INFO | Evaluation path | Student: cache | Language: python | Mode: deterministic_shortcut | Type: zero_pass
2026-04-12 14:06:58 | INFO | Evaluation confidence | Student: cache | Language: python | Confidence: high
2026-04-12 14:06:58 | INFO | Evaluation completed | Student ID: cache | Score: 0
2026-04-12 14:06:58 | INFO | Request received | Student ID: cache | Question: Train a model using scikit-learn
2026-04-12 14:06:58 | INFO | Processing evaluation | Student: cache | Language: python
2026-04-12 14:06:58 | INFO | Question profile | Student: cache | Language: python | Category: general | Task: unknown | Risk: medium
2026-04-12 14:06:58 | INFO | Evaluation path | Student: cache | Language: python | Mode: deterministic_shortcut | Type: zero_pass
2026-04-12 14:06:58 | INFO | Evaluation confidence | Student: cache | Language: python | Confidence: high
2026-04-12 14:06:58 | INFO | Evaluation completed | Student ID: cache | Score: 0
2026-04-12 14:06:58 | INFO | Request received | Student ID: cache | Question: Use a lambda function
2026-04-12 14:06:58 | INFO | Processing evaluation | Student: cache | Language: python
2026-04-12 14:06:58 | INFO | Question profile | Student: cache | Language: python | Category: general_code | Task: function_logic | Risk: medium
2026-04-12 14:06:58 | INFO | Evaluation path | Student: cache | Language: python | Mode: exact_match
2026-04-12 14:06:58 | INFO | Evaluation completed | Student ID: cache | Score: 100
2026-04-12 14:06:58 | INFO | Request received | Student ID: cache | Question: Use a lambda function
2026-04-12 14:06:58 | INFO | Processing evaluation | Student: cache | Language: python
2026-04-12 14:06:58 | INFO | Question profile | Student: cache | Language: python | Category: general_code | Task: function_logic | Risk: medium
2026-04-12 14:06:58 | INFO | Evaluation path | Student: cache | Language: python | Mode: deterministic_shortcut | Type: zero_pass
2026-04-12 14:06:58 | INFO | Evaluation confidence | Student: cache | Language: python | Confidence: high
2026-04-12 14:06:58 | INFO | Evaluation completed | Student ID: cache | Score: 0
2026-04-12 14:06:58 | INFO | Request received | Student ID: cache | Question: Validate input using regular expression
2026-04-12 14:06:58 | INFO | Processing evaluation | Student: cache | Language: python
2026-04-12 14:06:58 | INFO | Question profile | Student: cache | Language: python | Category: general | Task: unknown | Risk: medium
2026-04-12 14:06:58 | INFO | Evaluation path | Student: cache | Language: python | Mode: exact_match
2026-04-12 14:06:58 | INFO | Evaluation completed | Student ID: cache | Score: 100
2026-04-12 14:06:58 | INFO | Request received | Student ID: cache | Question: Validate input using regular expression
2026-04-12 14:06:58 | INFO | Processing evaluation | Student: cache | Language: python
2026-04-12 14:06:58 | INFO | Question profile | Student: cache | Language: python | Category: general | Task: unknown | Risk: medium
2026-04-12 14:06:58 | INFO | Evaluation path | Student: cache | Language: python | Mode: deterministic_shortcut | Type: zero_pass
2026-04-12 14:06:58 | INFO | Evaluation confidence | Student: cache | Language: python | Confidence: high
2026-04-12 14:06:58 | INFO | Evaluation completed | Student ID: cache | Score: 0
2026-04-12 14:06:58 | INFO | Request received | Student ID: cache | Question: Parse a JSON string
2026-04-12 14:06:58 | INFO | Processing evaluation | Student: cache | Language: python
2026-04-12 14:06:58 | INFO | Question profile | Student: cache | Language: python | Category: io_parsing | Task: parsing | Risk: high
2026-04-12 14:06:58 | INFO | Evaluation path | Student: cache | Language: python | Mode: exact_match
2026-04-12 14:06:58 | INFO | Evaluation completed | Student ID: cache | Score: 100
2026-04-12 14:06:58 | INFO | Request received | Student ID: cache | Question: Parse a JSON string
2026-04-12 14:06:58 | INFO | Processing evaluation | Student: cache | Language: python
2026-04-12 14:06:58 | INFO | Question profile | Student: cache | Language: python | Category: io_parsing | Task: parsing | Risk: high
2026-04-12 14:06:58 | INFO | Evaluation path | Student: cache | Language: python | Mode: deterministic_shortcut | Type: zero_pass
2026-04-12 14:06:58 | INFO | Evaluation confidence | Student: cache | Language: python | Confidence: high
2026-04-12 14:06:58 | INFO | Evaluation completed | Student ID: cache | Score: 0
2026-04-12 14:06:58 | INFO | Request received | Student ID: cache | Question: Serialize data to JSON
2026-04-12 14:06:58 | INFO | Processing evaluation | Student: cache | Language: python
2026-04-12 14:06:58 | INFO | Question profile | Student: cache | Language: python | Category: io_parsing | Task: parsing | Risk: high
2026-04-12 14:06:58 | INFO | Evaluation path | Student: cache | Language: python | Mode: exact_match
2026-04-12 14:06:58 | INFO | Evaluation completed | Student ID: cache | Score: 100
2026-04-12 14:06:58 | INFO | Request received | Student ID: cache | Question: Serialize data to JSON
2026-04-12 14:06:58 | INFO | Processing evaluation | Student: cache | Language: python
2026-04-12 14:06:58 | INFO | Question profile | Student: cache | Language: python | Category: io_parsing | Task: parsing | Risk: high
2026-04-12 14:06:58 | INFO | Evaluation path | Student: cache | Language: python | Mode: deterministic_shortcut | Type: zero_pass
2026-04-12 14:06:58 | INFO | Evaluation confidence | Student: cache | Language: python | Confidence: high
2026-04-12 14:06:58 | INFO | Evaluation completed | Student ID: cache | Score: 0
2026-04-12 14:06:58 | INFO | Request received | Student ID: cache | Question: Read a CSV file using the csv module
2026-04-12 14:06:58 | INFO | Processing evaluation | Student: cache | Language: python
2026-04-12 14:06:58 | INFO | Question profile | Student: cache | Language: python | Category: io_parsing | Task: parsing | Risk: high
2026-04-12 14:06:58 | INFO | Evaluation path | Student: cache | Language: python | Mode: exact_match
2026-04-12 14:06:58 | INFO | Evaluation completed | Student ID: cache | Score: 100
2026-04-12 14:06:58 | INFO | Request received | Student ID: cache | Question: Read a CSV file using the csv module
2026-04-12 14:06:58 | INFO | Processing evaluation | Student: cache | Language: python
2026-04-12 14:06:58 | INFO | Question profile | Student: cache | Language: python | Category: io_parsing | Task: parsing | Risk: high
2026-04-12 14:06:58 | INFO | Evaluation path | Student: cache | Language: python | Mode: deterministic_shortcut | Type: zero_pass
2026-04-12 14:06:58 | INFO | Evaluation confidence | Student: cache | Language: python | Confidence: high
2026-04-12 14:06:58 | INFO | Evaluation completed | Student ID: cache | Score: 0
2026-04-12 14:06:58 | INFO | Request received | Student ID: cache | Question: Get the current datetime using datetime module
2026-04-12 14:06:58 | INFO | Processing evaluation | Student: cache | Language: python
2026-04-12 14:06:58 | INFO | Question profile | Student: cache | Language: python | Category: general | Task: unknown | Risk: medium
2026-04-12 14:06:58 | INFO | Evaluation path | Student: cache | Language: python | Mode: exact_match
2026-04-12 14:06:58 | INFO | Evaluation completed | Student ID: cache | Score: 100
2026-04-12 14:06:58 | INFO | Request received | Student ID: cache | Question: Get the current datetime using datetime module
2026-04-12 14:06:58 | INFO | Processing evaluation | Student: cache | Language: python
2026-04-12 14:06:58 | INFO | Question profile | Student: cache | Language: python | Category: general | Task: unknown | Risk: medium
2026-04-12 14:06:58 | INFO | Evaluation path | Student: cache | Language: python | Mode: deterministic_shortcut | Type: zero_pass
2026-04-12 14:06:58 | INFO | Evaluation confidence | Student: cache | Language: python | Confidence: high
2026-04-12 14:06:58 | INFO | Evaluation completed | Student ID: cache | Score: 0
2026-04-12 14:06:58 | INFO | Request received | Student ID: cache | Question: Generate a random number using random module
2026-04-12 14:06:58 | INFO | Processing evaluation | Student: cache | Language: python
2026-04-12 14:06:58 | INFO | Question profile | Student: cache | Language: python | Category: general | Task: unknown | Risk: medium
2026-04-12 14:06:58 | INFO | Evaluation path | Student: cache | Language: python | Mode: exact_match
2026-04-12 14:06:58 | INFO | Evaluation completed | Student ID: cache | Score: 100
2026-04-12 14:06:58 | INFO | Request received | Student ID: cache | Question: Generate a random number using random module
2026-04-12 14:06:58 | INFO | Processing evaluation | Student: cache | Language: python
2026-04-12 14:06:58 | INFO | Question profile | Student: cache | Language: python | Category: general | Task: unknown | Risk: medium
2026-04-12 14:06:58 | INFO | Evaluation path | Student: cache | Language: python | Mode: deterministic_shortcut | Type: zero_pass
2026-04-12 14:06:58 | INFO | Evaluation confidence | Student: cache | Language: python | Confidence: high
2026-04-12 14:06:58 | INFO | Evaluation completed | Student ID: cache | Score: 0
2026-04-12 14:06:58 | INFO | Request received | Student ID: cache | Question: List files using os module
2026-04-12 14:06:58 | INFO | Processing evaluation | Student: cache | Language: python
2026-04-12 14:06:58 | INFO | Question profile | Student: cache | Language: python | Category: arrays_lists | Task: data_processing | Risk: medium
2026-04-12 14:06:58 | INFO | Evaluation path | Student: cache | Language: python | Mode: exact_match
2026-04-12 14:06:58 | INFO | Evaluation completed | Student ID: cache | Score: 100
2026-04-12 14:06:58 | INFO | Request received | Student ID: cache | Question: List files using os module
2026-04-12 14:06:58 | INFO | Processing evaluation | Student: cache | Language: python
2026-04-12 14:06:58 | INFO | Question profile | Student: cache | Language: python | Category: arrays_lists | Task: data_processing | Risk: medium
2026-04-12 14:06:58 | INFO | Evaluation path | Student: cache | Language: python | Mode: deterministic_shortcut | Type: zero_pass
2026-04-12 14:06:58 | INFO | Evaluation confidence | Student: cache | Language: python | Confidence: high
2026-04-12 14:06:58 | INFO | Evaluation completed | Student ID: cache | Score: 0
2026-04-12 14:06:58 | INFO | Request received | Student ID: cache | Question: Read command-line args using sys module
2026-04-12 14:06:58 | INFO | Processing evaluation | Student: cache | Language: python
2026-04-12 14:06:58 | INFO | Question profile | Student: cache | Language: python | Category: general | Task: unknown | Risk: medium
2026-04-12 14:06:58 | INFO | Evaluation path | Student: cache | Language: python | Mode: exact_match
2026-04-12 14:06:58 | INFO | Evaluation completed | Student ID: cache | Score: 100
2026-04-12 14:06:58 | INFO | Request received | Student ID: cache | Question: Read command-line args using sys module
2026-04-12 14:06:58 | INFO | Processing evaluation | Student: cache | Language: python
2026-04-12 14:06:58 | INFO | Question profile | Student: cache | Language: python | Category: general | Task: unknown | Risk: medium
2026-04-12 14:06:58 | INFO | Evaluation path | Student: cache | Language: python | Mode: deterministic_shortcut | Type: zero_pass
2026-04-12 14:06:58 | INFO | Evaluation confidence | Student: cache | Language: python | Confidence: high
2026-04-12 14:06:58 | INFO | Evaluation completed | Student ID: cache | Score: 0
2026-04-12 14:06:58 | INFO | Request received | Student ID: cache | Question: Use bitwise AND operation
2026-04-12 14:06:58 | INFO | Processing evaluation | Student: cache | Language: python
2026-04-12 14:06:58 | INFO | Question profile | Student: cache | Language: python | Category: general | Task: unknown | Risk: medium
2026-04-12 14:06:58 | INFO | Evaluation path | Student: cache | Language: python | Mode: exact_match
2026-04-12 14:06:58 | INFO | Evaluation completed | Student ID: cache | Score: 100
2026-04-12 14:06:58 | INFO | Request received | Student ID: cache | Question: Use bitwise AND operation
2026-04-12 14:06:58 | INFO | Processing evaluation | Student: cache | Language: python
2026-04-12 14:06:58 | INFO | Question profile | Student: cache | Language: python | Category: general | Task: unknown | Risk: medium
2026-04-12 14:06:58 | INFO | Evaluation path | Student: cache | Language: python | Mode: deterministic_shortcut | Type: zero_pass
2026-04-12 14:06:58 | INFO | Evaluation confidence | Student: cache | Language: python | Confidence: high
2026-04-12 14:06:58 | INFO | Evaluation completed | Student ID: cache | Score: 0
2026-04-12 14:06:58 | INFO | Request received | Student ID: cache | Question: Define a class in Python
2026-04-12 14:06:58 | INFO | Processing evaluation | Student: cache | Language: python
2026-04-12 14:06:58 | INFO | Question profile | Student: cache | Language: python | Category: general | Task: unknown | Risk: medium
2026-04-12 14:06:58 | INFO | Evaluation path | Student: cache | Language: python | Mode: exact_match
2026-04-12 14:06:58 | INFO | Evaluation completed | Student ID: cache | Score: 100
2026-04-12 14:06:58 | INFO | Request received | Student ID: cache | Question: Define a class in Python
2026-04-12 14:06:58 | INFO | Processing evaluation | Student: cache | Language: python
2026-04-12 14:06:58 | INFO | Question profile | Student: cache | Language: python | Category: general | Task: unknown | Risk: medium
2026-04-12 14:06:58 | INFO | Evaluation path | Student: cache | Language: python | Mode: deterministic_shortcut | Type: zero_pass
2026-04-12 14:06:58 | INFO | Evaluation confidence | Student: cache | Language: python | Confidence: high
2026-04-12 14:06:58 | INFO | Evaluation completed | Student ID: cache | Score: 0
2026-04-12 14:06:58 | INFO | Request received | Student ID: cache | Question: Show inheritance in Python
2026-04-12 14:06:58 | INFO | Processing evaluation | Student: cache | Language: python
2026-04-12 14:06:58 | INFO | Question profile | Student: cache | Language: python | Category: general | Task: unknown | Risk: medium
2026-04-12 14:06:58 | INFO | Evaluation path | Student: cache | Language: python | Mode: exact_match
2026-04-12 14:06:58 | INFO | Evaluation completed | Student ID: cache | Score: 100
2026-04-12 14:06:58 | INFO | Request received | Student ID: cache | Question: Show inheritance in Python
2026-04-12 14:06:58 | INFO | Processing evaluation | Student: cache | Language: python
2026-04-12 14:06:58 | INFO | Question profile | Student: cache | Language: python | Category: general | Task: unknown | Risk: medium
2026-04-12 14:06:58 | INFO | Evaluation path | Student: cache | Language: python | Mode: deterministic_shortcut | Type: zero_pass
2026-04-12 14:06:58 | INFO | Evaluation confidence | Student: cache | Language: python | Confidence: high
2026-04-12 14:06:58 | INFO | Evaluation completed | Student ID: cache | Score: 0
2026-04-12 14:06:58 | INFO | Request received | Student ID: cache | Question: Use recursion to compute factorial
2026-04-12 14:06:58 | INFO | Processing evaluation | Student: cache | Language: python
2026-04-12 14:06:58 | INFO | Question profile | Student: cache | Language: python | Category: basics_math | Task: basic_logic | Risk: low
2026-04-12 14:06:58 | INFO | Evaluation path | Student: cache | Language: python | Mode: exact_match
2026-04-12 14:06:58 | INFO | Evaluation completed | Student ID: cache | Score: 100
2026-04-12 14:06:58 | INFO | Request received | Student ID: cache | Question: Use recursion to compute factorial
2026-04-12 14:06:58 | INFO | Processing evaluation | Student: cache | Language: python
2026-04-12 14:06:58 | INFO | Question profile | Student: cache | Language: python | Category: basics_math | Task: basic_logic | Risk: low
2026-04-12 14:06:58 | INFO | Evaluation path | Student: cache | Language: python | Mode: deterministic_shortcut | Type: zero_pass
2026-04-12 14:06:58 | INFO | Evaluation confidence | Student: cache | Language: python | Confidence: high
2026-04-12 14:06:58 | INFO | Evaluation completed | Student ID: cache | Score: 0
2026-04-12 14:06:58 | INFO | Request received | Student ID: cache | Question: Use a for loop to iterate
2026-04-12 14:06:58 | INFO | Processing evaluation | Student: cache | Language: python
2026-04-12 14:06:58 | INFO | Question profile | Student: cache | Language: python | Category: general | Task: unknown | Risk: medium
2026-04-12 14:06:58 | INFO | Evaluation path | Student: cache | Language: python | Mode: exact_match
2026-04-12 14:06:58 | INFO | Evaluation completed | Student ID: cache | Score: 100
2026-04-12 14:06:58 | INFO | Request received | Student ID: cache | Question: Use a for loop to iterate
2026-04-12 14:06:58 | INFO | Processing evaluation | Student: cache | Language: python
2026-04-12 14:06:58 | INFO | Question profile | Student: cache | Language: python | Category: general | Task: unknown | Risk: medium
2026-04-12 14:06:58 | INFO | Evaluation path | Student: cache | Language: python | Mode: deterministic_shortcut | Type: zero_pass
2026-04-12 14:06:58 | INFO | Evaluation confidence | Student: cache | Language: python | Confidence: high
2026-04-12 14:06:58 | INFO | Evaluation completed | Student ID: cache | Score: 0
2026-04-12 14:06:58 | INFO | Request received | Student ID: cache | Question: Use a while loop to iterate
2026-04-12 14:06:58 | INFO | Processing evaluation | Student: cache | Language: python
2026-04-12 14:06:58 | INFO | Question profile | Student: cache | Language: python | Category: general | Task: unknown | Risk: medium
2026-04-12 14:06:58 | INFO | Evaluation path | Student: cache | Language: python | Mode: exact_match
2026-04-12 14:06:58 | INFO | Evaluation completed | Student ID: cache | Score: 100
2026-04-12 14:06:58 | INFO | Request received | Student ID: cache | Question: Use a while loop to iterate
2026-04-12 14:06:58 | INFO | Processing evaluation | Student: cache | Language: python
2026-04-12 14:06:58 | INFO | Question profile | Student: cache | Language: python | Category: general | Task: unknown | Risk: medium
2026-04-12 14:06:58 | INFO | Evaluation path | Student: cache | Language: python | Mode: deterministic_shortcut | Type: zero_pass
2026-04-12 14:06:58 | INFO | Evaluation confidence | Student: cache | Language: python | Confidence: high
2026-04-12 14:06:58 | INFO | Evaluation completed | Student ID: cache | Score: 0
2026-04-12 14:06:58 | INFO | Request received | Student ID: cache | Question: Create a list
2026-04-12 14:06:58 | INFO | Processing evaluation | Student: cache | Language: python
2026-04-12 14:06:58 | INFO | Question profile | Student: cache | Language: python | Category: arrays_lists | Task: data_processing | Risk: medium
2026-04-12 14:06:58 | INFO | Evaluation path | Student: cache | Language: python | Mode: exact_match
2026-04-12 14:06:58 | INFO | Evaluation completed | Student ID: cache | Score: 100
2026-04-12 14:06:58 | INFO | Request received | Student ID: cache | Question: Create a list
2026-04-12 14:06:58 | INFO | Processing evaluation | Student: cache | Language: python
2026-04-12 14:06:58 | INFO | Question profile | Student: cache | Language: python | Category: arrays_lists | Task: data_processing | Risk: medium
2026-04-12 14:06:58 | INFO | Evaluation path | Student: cache | Language: python | Mode: deterministic_shortcut | Type: zero_pass
2026-04-12 14:06:58 | INFO | Evaluation confidence | Student: cache | Language: python | Confidence: high
2026-04-12 14:06:58 | INFO | Evaluation completed | Student ID: cache | Score: 0
2026-04-12 14:06:58 | INFO | Request received | Student ID: cache | Question: Create a tuple
2026-04-12 14:06:58 | INFO | Processing evaluation | Student: cache | Language: python
2026-04-12 14:06:58 | INFO | Question profile | Student: cache | Language: python | Category: general | Task: unknown | Risk: medium
2026-04-12 14:06:58 | INFO | Evaluation path | Student: cache | Language: python | Mode: exact_match
2026-04-12 14:06:58 | INFO | Evaluation completed | Student ID: cache | Score: 100
2026-04-12 14:06:58 | INFO | Request received | Student ID: cache | Question: Create a set
2026-04-12 14:06:58 | INFO | Processing evaluation | Student: cache | Language: python
2026-04-12 14:06:58 | INFO | Question profile | Student: cache | Language: python | Category: collections | Task: required_technique | Risk: high
2026-04-12 14:06:58 | INFO | Evaluation path | Student: cache | Language: python | Mode: exact_match
2026-04-12 14:06:58 | INFO | Evaluation completed | Student ID: cache | Score: 100
2026-04-12 14:06:58 | INFO | Request received | Student ID: cache | Question: Create a dictionary
2026-04-12 14:06:58 | INFO | Processing evaluation | Student: cache | Language: python
2026-04-12 14:06:58 | INFO | Question profile | Student: cache | Language: python | Category: collections | Task: required_technique | Risk: high
2026-04-12 14:06:58 | INFO | Evaluation path | Student: cache | Language: python | Mode: exact_match
2026-04-12 14:06:58 | INFO | Evaluation completed | Student ID: cache | Score: 100
2026-04-12 14:06:58 | INFO | Request received | Student ID: cache | Question: Use slicing to get a substring
2026-04-12 14:06:58 | INFO | Processing evaluation | Student: cache | Language: python
2026-04-12 14:06:58 | INFO | Question profile | Student: cache | Language: python | Category: general | Task: unknown | Risk: medium
2026-04-12 14:06:58 | INFO | Evaluation path | Student: cache | Language: python | Mode: exact_match
2026-04-12 14:06:58 | INFO | Evaluation completed | Student ID: cache | Score: 100
2026-04-12 14:06:58 | INFO | Request received | Student ID: cache | Question: Use slicing to get a substring
2026-04-12 14:06:58 | INFO | Processing evaluation | Student: cache | Language: python
2026-04-12 14:06:58 | INFO | Question profile | Student: cache | Language: python | Category: general | Task: unknown | Risk: medium
2026-04-12 14:06:58 | INFO | Evaluation path | Student: cache | Language: python | Mode: deterministic_shortcut | Type: zero_pass
2026-04-12 14:06:58 | INFO | Evaluation confidence | Student: cache | Language: python | Confidence: high
2026-04-12 14:06:58 | INFO | Evaluation completed | Student ID: cache | Score: 0
2026-04-12 14:06:58 | INFO | Request received | Student ID: cache | Question: Use list methods to add an item
2026-04-12 14:06:58 | INFO | Processing evaluation | Student: cache | Language: python
2026-04-12 14:06:58 | INFO | Question profile | Student: cache | Language: python | Category: arrays_lists | Task: data_processing | Risk: medium
2026-04-12 14:06:58 | INFO | Evaluation path | Student: cache | Language: python | Mode: exact_match
2026-04-12 14:06:58 | INFO | Evaluation completed | Student ID: cache | Score: 100
2026-04-12 14:06:58 | INFO | Request received | Student ID: cache | Question: Use list methods to add an item
2026-04-12 14:06:58 | INFO | Processing evaluation | Student: cache | Language: python
2026-04-12 14:06:58 | INFO | Question profile | Student: cache | Language: python | Category: arrays_lists | Task: data_processing | Risk: medium
2026-04-12 14:06:58 | INFO | Evaluation path | Student: cache | Language: python | Mode: deterministic_shortcut | Type: zero_pass
2026-04-12 14:06:58 | INFO | Evaluation confidence | Student: cache | Language: python | Confidence: high
2026-04-12 14:06:58 | INFO | Evaluation completed | Student ID: cache | Score: 0
2026-04-12 14:06:58 | INFO | Request received | Student ID: cache | Question: Use dict methods to access a value
2026-04-12 14:06:58 | INFO | Processing evaluation | Student: cache | Language: python
2026-04-12 14:06:58 | INFO | Question profile | Student: cache | Language: python | Category: general_code | Task: function_logic | Risk: medium
2026-04-12 14:06:58 | INFO | Evaluation path | Student: cache | Language: python | Mode: exact_match
2026-04-12 14:06:58 | INFO | Evaluation completed | Student ID: cache | Score: 100
2026-04-12 14:06:58 | INFO | Request received | Student ID: cache | Question: Use dict methods to access a value
2026-04-12 14:06:58 | INFO | Processing evaluation | Student: cache | Language: python
2026-04-12 14:06:58 | INFO | Question profile | Student: cache | Language: python | Category: general_code | Task: function_logic | Risk: medium
2026-04-12 14:06:58 | INFO | Evaluation path | Student: cache | Language: python | Mode: deterministic_shortcut | Type: zero_pass
2026-04-12 14:06:58 | INFO | Evaluation confidence | Student: cache | Language: python | Confidence: high
2026-04-12 14:06:58 | INFO | Evaluation completed | Student ID: cache | Score: 0
2026-04-12 14:06:58 | INFO | Request received | Student ID: cache | Question: Use set operations to find intersection
2026-04-12 14:06:58 | INFO | Processing evaluation | Student: cache | Language: python
2026-04-12 14:06:58 | INFO | Question profile | Student: cache | Language: python | Category: collections | Task: required_technique | Risk: high
2026-04-12 14:06:58 | INFO | Evaluation path | Student: cache | Language: python | Mode: exact_match
2026-04-12 14:06:58 | INFO | Evaluation completed | Student ID: cache | Score: 100
2026-04-12 14:06:58 | INFO | Request received | Student ID: cache | Question: Use set operations to find intersection
2026-04-12 14:06:58 | INFO | Processing evaluation | Student: cache | Language: python
2026-04-12 14:06:58 | INFO | Question profile | Student: cache | Language: python | Category: collections | Task: required_technique | Risk: high
2026-04-12 14:06:59 | INFO | Evaluation path | Student: cache | Language: python | Mode: deterministic_shortcut | Type: zero_pass
2026-04-12 14:06:59 | INFO | Evaluation confidence | Student: cache | Language: python | Confidence: high
2026-04-12 14:06:59 | INFO | Evaluation completed | Student ID: cache | Score: 0
2026-04-12 14:06:59 | INFO | Request received | Student ID: cache | Question: Define a custom exception
2026-04-12 14:06:59 | INFO | Processing evaluation | Student: cache | Language: python
2026-04-12 14:06:59 | INFO | Question profile | Student: cache | Language: python | Category: error_handling | Task: safety | Risk: high
2026-04-12 14:06:59 | INFO | Evaluation path | Student: cache | Language: python | Mode: exact_match
2026-04-12 14:06:59 | INFO | Evaluation completed | Student ID: cache | Score: 100
2026-04-12 14:06:59 | INFO | Request received | Student ID: cache | Question: Define a custom exception
2026-04-12 14:06:59 | INFO | Processing evaluation | Student: cache | Language: python
2026-04-12 14:06:59 | INFO | Question profile | Student: cache | Language: python | Category: error_handling | Task: safety | Risk: high
2026-04-12 14:06:59 | INFO | Evaluation path | Student: cache | Language: python | Mode: deterministic_shortcut | Type: zero_pass
2026-04-12 14:06:59 | INFO | Evaluation confidence | Student: cache | Language: python | Confidence: high
2026-04-12 14:06:59 | INFO | Evaluation completed | Student ID: cache | Score: 0
2026-04-12 14:06:59 | INFO | Request received | Student ID: cache | Question: Implement __enter__ and __exit__ for a context man
2026-04-12 14:06:59 | INFO | Processing evaluation | Student: cache | Language: python
2026-04-12 14:06:59 | INFO | Question profile | Student: cache | Language: python | Category: general | Task: unknown | Risk: medium
2026-04-12 14:06:59 | INFO | Evaluation path | Student: cache | Language: python | Mode: exact_match
2026-04-12 14:06:59 | INFO | Evaluation completed | Student ID: cache | Score: 100
2026-04-12 14:06:59 | INFO | Request received | Student ID: cache | Question: Implement __enter__ and __exit__ for a context man
2026-04-12 14:06:59 | INFO | Processing evaluation | Student: cache | Language: python
2026-04-12 14:06:59 | INFO | Question profile | Student: cache | Language: python | Category: general | Task: unknown | Risk: medium
2026-04-12 14:06:59 | INFO | Evaluation path | Student: cache | Language: python | Mode: deterministic_shortcut | Type: full_pass
2026-04-12 14:06:59 | INFO | Evaluation confidence | Student: cache | Language: python | Confidence: high
2026-04-12 14:06:59 | INFO | Evaluation completed | Student ID: cache | Score: 100
2026-04-12 14:06:59 | INFO | Request received | Student ID: cache | Question: Use an iterator to get the next item
2026-04-12 14:06:59 | INFO | Processing evaluation | Student: cache | Language: python
2026-04-12 14:06:59 | INFO | Question profile | Student: cache | Language: python | Category: general | Task: unknown | Risk: medium
2026-04-12 14:06:59 | INFO | Evaluation path | Student: cache | Language: python | Mode: exact_match
2026-04-12 14:06:59 | INFO | Evaluation completed | Student ID: cache | Score: 100
2026-04-12 14:06:59 | INFO | Request received | Student ID: cache | Question: Use an iterator to get the next item
2026-04-12 14:06:59 | INFO | Processing evaluation | Student: cache | Language: python
2026-04-12 14:06:59 | INFO | Question profile | Student: cache | Language: python | Category: general | Task: unknown | Risk: medium
2026-04-12 14:06:59 | INFO | Evaluation path | Student: cache | Language: python | Mode: deterministic_shortcut | Type: zero_pass
2026-04-12 14:06:59 | INFO | Evaluation confidence | Student: cache | Language: python | Confidence: high
2026-04-12 14:06:59 | INFO | Evaluation completed | Student ID: cache | Score: 0
2026-04-12 14:06:59 | INFO | Request received | Student ID: cache | Question: Create a generator
2026-04-12 14:06:59 | INFO | Processing evaluation | Student: cache | Language: python
2026-04-12 14:06:59 | INFO | Question profile | Student: cache | Language: python | Category: general | Task: unknown | Risk: medium
2026-04-12 14:06:59 | INFO | Evaluation path | Student: cache | Language: python | Mode: exact_match
2026-04-12 14:06:59 | INFO | Evaluation completed | Student ID: cache | Score: 100
2026-04-12 14:06:59 | INFO | Request received | Student ID: cache | Question: Create a generator
2026-04-12 14:06:59 | INFO | Processing evaluation | Student: cache | Language: python
2026-04-12 14:06:59 | INFO | Question profile | Student: cache | Language: python | Category: general | Task: unknown | Risk: medium
2026-04-12 14:06:59 | INFO | Evaluation path | Student: cache | Language: python | Mode: deterministic_shortcut | Type: zero_pass
2026-04-12 14:06:59 | INFO | Evaluation confidence | Student: cache | Language: python | Confidence: high
2026-04-12 14:06:59 | INFO | Evaluation completed | Student ID: cache | Score: 0
2026-04-12 14:06:59 | INFO | Request received | Student ID: cache | Question: Read a file
2026-04-12 14:06:59 | INFO | Processing evaluation | Student: cache | Language: python
2026-04-12 14:06:59 | INFO | Question profile | Student: cache | Language: python | Category: io_parsing | Task: file_io | Risk: high
2026-04-12 14:06:59 | INFO | Evaluation path | Student: cache | Language: python | Mode: exact_match
2026-04-12 14:06:59 | INFO | Evaluation completed | Student ID: cache | Score: 100
2026-04-12 14:06:59 | INFO | Request received | Student ID: cache | Question: Read a file
2026-04-12 14:06:59 | INFO | Processing evaluation | Student: cache | Language: python
2026-04-12 14:06:59 | INFO | Question profile | Student: cache | Language: python | Category: io_parsing | Task: file_io | Risk: high
2026-04-12 14:06:59 | INFO | Evaluation path | Student: cache | Language: python | Mode: deterministic_shortcut | Type: zero_pass
2026-04-12 14:06:59 | INFO | Evaluation confidence | Student: cache | Language: python | Confidence: high
2026-04-12 14:06:59 | INFO | Evaluation completed | Student ID: cache | Score: 0
2026-04-12 14:06:59 | INFO | Request received | Student ID: cache | Question: Write to a file
2026-04-12 14:06:59 | INFO | Processing evaluation | Student: cache | Language: python
2026-04-12 14:06:59 | INFO | Question profile | Student: cache | Language: python | Category: general | Task: unknown | Risk: medium
2026-04-12 14:06:59 | INFO | Evaluation path | Student: cache | Language: python | Mode: exact_match
2026-04-12 14:06:59 | INFO | Evaluation completed | Student ID: cache | Score: 100
2026-04-12 14:06:59 | INFO | Request received | Student ID: cache | Question: Write to a file
2026-04-12 14:06:59 | INFO | Processing evaluation | Student: cache | Language: python
2026-04-12 14:06:59 | INFO | Question profile | Student: cache | Language: python | Category: general | Task: unknown | Risk: medium
2026-04-12 14:06:59 | INFO | Evaluation path | Student: cache | Language: python | Mode: deterministic_shortcut | Type: zero_pass
2026-04-12 14:06:59 | INFO | Evaluation confidence | Student: cache | Language: python | Confidence: high
2026-04-12 14:06:59 | INFO | Evaluation completed | Student ID: cache | Score: 0
2026-04-12 14:06:59 | INFO | Request received | Student ID: cache | Question: Read a binary file
2026-04-12 14:06:59 | INFO | Processing evaluation | Student: cache | Language: python
2026-04-12 14:06:59 | INFO | Question profile | Student: cache | Language: python | Category: general | Task: unknown | Risk: medium
2026-04-12 14:06:59 | INFO | Evaluation path | Student: cache | Language: python | Mode: exact_match
2026-04-12 14:06:59 | INFO | Evaluation completed | Student ID: cache | Score: 100
2026-04-12 14:06:59 | INFO | Request received | Student ID: cache | Question: Read a binary file
2026-04-12 14:06:59 | INFO | Processing evaluation | Student: cache | Language: python
2026-04-12 14:06:59 | INFO | Question profile | Student: cache | Language: python | Category: general | Task: unknown | Risk: medium
2026-04-12 14:06:59 | INFO | Evaluation path | Student: cache | Language: python | Mode: deterministic_shortcut | Type: zero_pass
2026-04-12 14:06:59 | INFO | Evaluation confidence | Student: cache | Language: python | Confidence: high
2026-04-12 14:06:59 | INFO | Evaluation completed | Student ID: cache | Score: 0
2026-04-12 14:06:59 | INFO | Request received | Student ID: cache | Question: Use linear search to find an element
2026-04-12 14:06:59 | INFO | Processing evaluation | Student: cache | Language: python
2026-04-12 14:06:59 | INFO | Question profile | Student: cache | Language: python | Category: general | Task: unknown | Risk: medium
2026-04-12 14:06:59 | INFO | Evaluation path | Student: cache | Language: python | Mode: exact_match
2026-04-12 14:06:59 | INFO | Evaluation completed | Student ID: cache | Score: 100
2026-04-12 14:06:59 | INFO | Request received | Student ID: cache | Question: Sort a list
2026-04-12 14:06:59 | INFO | Processing evaluation | Student: cache | Language: python
2026-04-12 14:06:59 | INFO | Question profile | Student: cache | Language: python | Category: arrays_search_sort | Task: search_sort | Risk: medium
2026-04-12 14:06:59 | INFO | Evaluation path | Student: cache | Language: python | Mode: exact_match
2026-04-12 14:06:59 | INFO | Evaluation completed | Student ID: cache | Score: 100
2026-04-12 14:06:59 | INFO | Request received | Student ID: cache | Question: Sort a list
2026-04-12 14:06:59 | INFO | Processing evaluation | Student: cache | Language: python
2026-04-12 14:06:59 | INFO | Question profile | Student: cache | Language: python | Category: arrays_search_sort | Task: search_sort | Risk: medium
2026-04-12 14:06:59 | INFO | Evaluation path | Student: cache | Language: python | Mode: deterministic_shortcut | Type: zero_pass
2026-04-12 14:06:59 | INFO | Evaluation confidence | Student: cache | Language: python | Confidence: high
2026-04-12 14:06:59 | INFO | Evaluation completed | Student ID: cache | Score: 0
2026-04-12 14:06:59 | INFO | Request received | Student ID: cache | Question: Use linear search to find an element
2026-04-12 14:06:59 | INFO | Processing evaluation | Student: cache | Language: python
2026-04-12 14:06:59 | INFO | Question profile | Student: cache | Language: python | Category: general | Task: unknown | Risk: medium
2026-04-12 14:06:59 | INFO | Evaluation path | Student: cache | Language: python | Mode: deterministic_shortcut | Type: zero_pass
2026-04-12 14:06:59 | INFO | Evaluation confidence | Student: cache | Language: python | Confidence: high
2026-04-12 14:06:59 | INFO | Evaluation completed | Student ID: cache | Score: 0
2026-04-12 14:06:59 | INFO | Request received | Student ID: cache | Question: Use dynamic programming for Fibonacci
2026-04-12 14:06:59 | INFO | Processing evaluation | Student: cache | Language: python
2026-04-12 14:06:59 | INFO | Question profile | Student: cache | Language: python | Category: arrays_search_sort | Task: search_sort | Risk: medium
2026-04-12 14:06:59 | INFO | Evaluation path | Student: cache | Language: python | Mode: deterministic_shortcut | Type: zero_pass
2026-04-12 14:06:59 | INFO | Evaluation confidence | Student: cache | Language: python | Confidence: high
2026-04-12 14:06:59 | INFO | Evaluation completed | Student ID: cache | Score: 0
2026-04-12 14:06:59 | INFO | Request received | Student ID: cache | Question: Use dynamic programming for Fibonacci
2026-04-12 14:06:59 | INFO | Processing evaluation | Student: cache | Language: python
2026-04-12 14:06:59 | INFO | Question profile | Student: cache | Language: python | Category: arrays_search_sort | Task: search_sort | Risk: medium
2026-04-12 14:06:59 | INFO | Evaluation path | Student: cache | Language: python | Mode: exact_match
2026-04-12 14:06:59 | INFO | Evaluation completed | Student ID: cache | Score: 100
2026-04-12 14:06:59 | INFO | Request received | Student ID: cache | Question: Check if string starts with prefix
2026-04-12 14:06:59 | INFO | Processing evaluation | Student: cache | Language: python
2026-04-12 14:06:59 | INFO | Question profile | Student: cache | Language: python | Category: general | Task: unknown | Risk: medium
2026-04-12 14:06:59 | INFO | Evaluation path | Student: cache | Language: python | Mode: exact_match
2026-04-12 14:06:59 | INFO | Evaluation completed | Student ID: cache | Score: 100
2026-04-12 14:06:59 | INFO | Request received | Student ID: cache | Question: Check if string starts with prefix
2026-04-12 14:06:59 | INFO | Processing evaluation | Student: cache | Language: python
2026-04-12 14:06:59 | INFO | Question profile | Student: cache | Language: python | Category: general | Task: unknown | Risk: medium
2026-04-12 14:06:59 | INFO | Evaluation path | Student: cache | Language: python | Mode: deterministic_shortcut | Type: zero_pass
2026-04-12 14:06:59 | INFO | Evaluation confidence | Student: cache | Language: python | Confidence: high
2026-04-12 14:06:59 | INFO | Evaluation completed | Student ID: cache | Score: 0
2026-04-12 14:06:59 | INFO | Request received | Student ID: cache | Question: Check if string ends with suffix
2026-04-12 14:06:59 | INFO | Processing evaluation | Student: cache | Language: python
2026-04-12 14:06:59 | INFO | Question profile | Student: cache | Language: python | Category: general | Task: unknown | Risk: medium
2026-04-12 14:06:59 | INFO | Evaluation path | Student: cache | Language: python | Mode: exact_match
2026-04-12 14:06:59 | INFO | Evaluation completed | Student ID: cache | Score: 100
2026-04-12 14:06:59 | INFO | Request received | Student ID: cache | Question: Check if string ends with suffix
2026-04-12 14:06:59 | INFO | Processing evaluation | Student: cache | Language: python
2026-04-12 14:06:59 | INFO | Question profile | Student: cache | Language: python | Category: general | Task: unknown | Risk: medium
2026-04-12 14:06:59 | INFO | Evaluation path | Student: cache | Language: python | Mode: deterministic_shortcut | Type: zero_pass
2026-04-12 14:06:59 | INFO | Evaluation confidence | Student: cache | Language: python | Confidence: high
2026-04-12 14:06:59 | INFO | Evaluation completed | Student ID: cache | Score: 0
2026-04-12 14:06:59 | INFO | Request received | Student ID: cache | Question: Split string by comma
2026-04-12 14:06:59 | INFO | Processing evaluation | Student: cache | Language: python
2026-04-12 14:06:59 | INFO | Question profile | Student: cache | Language: python | Category: general | Task: unknown | Risk: medium
2026-04-12 14:06:59 | INFO | Evaluation path | Student: cache | Language: python | Mode: exact_match
2026-04-12 14:06:59 | INFO | Evaluation completed | Student ID: cache | Score: 100
2026-04-12 14:06:59 | INFO | Request received | Student ID: cache | Question: Split string by comma
2026-04-12 14:06:59 | INFO | Processing evaluation | Student: cache | Language: python
2026-04-12 14:06:59 | INFO | Question profile | Student: cache | Language: python | Category: general | Task: unknown | Risk: medium
2026-04-12 14:06:59 | INFO | Evaluation path | Student: cache | Language: python | Mode: deterministic_shortcut | Type: zero_pass
2026-04-12 14:06:59 | INFO | Evaluation confidence | Student: cache | Language: python | Confidence: high
2026-04-12 14:06:59 | INFO | Evaluation completed | Student ID: cache | Score: 0
2026-04-12 14:06:59 | INFO | Request received | Student ID: cache | Question: Join list of words into a string
2026-04-12 14:06:59 | INFO | Processing evaluation | Student: cache | Language: python
2026-04-12 14:06:59 | INFO | Question profile | Student: cache | Language: python | Category: arrays_lists | Task: data_processing | Risk: medium
2026-04-12 14:06:59 | INFO | Evaluation path | Student: cache | Language: python | Mode: exact_match
2026-04-12 14:06:59 | INFO | Evaluation completed | Student ID: cache | Score: 100
2026-04-12 14:06:59 | INFO | Request received | Student ID: cache | Question: Join list of words into a string
2026-04-12 14:06:59 | INFO | Processing evaluation | Student: cache | Language: python
2026-04-12 14:06:59 | INFO | Question profile | Student: cache | Language: python | Category: arrays_lists | Task: data_processing | Risk: medium
2026-04-12 14:06:59 | INFO | Evaluation path | Student: cache | Language: python | Mode: deterministic_shortcut | Type: zero_pass
2026-04-12 14:06:59 | INFO | Evaluation confidence | Student: cache | Language: python | Confidence: high
2026-04-12 14:06:59 | INFO | Evaluation completed | Student ID: cache | Score: 0
2026-04-12 14:06:59 | INFO | Request received | Student ID: cache | Question: Strip whitespace from a string
2026-04-12 14:06:59 | INFO | Processing evaluation | Student: cache | Language: python
2026-04-12 14:06:59 | INFO | Question profile | Student: cache | Language: python | Category: general | Task: unknown | Risk: medium
2026-04-12 14:06:59 | INFO | Evaluation path | Student: cache | Language: python | Mode: exact_match
2026-04-12 14:06:59 | INFO | Evaluation completed | Student ID: cache | Score: 100
2026-04-12 14:06:59 | INFO | Request received | Student ID: cache | Question: Strip whitespace from a string
2026-04-12 14:06:59 | INFO | Processing evaluation | Student: cache | Language: python
2026-04-12 14:06:59 | INFO | Question profile | Student: cache | Language: python | Category: general | Task: unknown | Risk: medium
2026-04-12 14:06:59 | INFO | Evaluation path | Student: cache | Language: python | Mode: deterministic_shortcut | Type: zero_pass
2026-04-12 14:06:59 | INFO | Evaluation confidence | Student: cache | Language: python | Confidence: high
2026-04-12 14:06:59 | INFO | Evaluation completed | Student ID: cache | Score: 0
2026-04-12 14:06:59 | INFO | Request received | Student ID: cache | Question: Replace substring in a string
2026-04-12 14:06:59 | INFO | Processing evaluation | Student: cache | Language: python
2026-04-12 14:06:59 | INFO | Question profile | Student: cache | Language: python | Category: general | Task: unknown | Risk: medium
2026-04-12 14:06:59 | INFO | Evaluation path | Student: cache | Language: python | Mode: exact_match
2026-04-12 14:06:59 | INFO | Evaluation completed | Student ID: cache | Score: 100
2026-04-12 14:06:59 | INFO | Request received | Student ID: cache | Question: Replace substring in a string
2026-04-12 14:06:59 | INFO | Processing evaluation | Student: cache | Language: python
2026-04-12 14:06:59 | INFO | Question profile | Student: cache | Language: python | Category: general | Task: unknown | Risk: medium
2026-04-12 14:06:59 | INFO | Evaluation path | Student: cache | Language: python | Mode: deterministic_shortcut | Type: zero_pass
2026-04-12 14:06:59 | INFO | Evaluation confidence | Student: cache | Language: python | Confidence: high
2026-04-12 14:06:59 | INFO | Evaluation completed | Student ID: cache | Score: 0
2026-04-12 14:06:59 | INFO | Request received | Student ID: cache | Question: Find substring position in a string
2026-04-12 14:06:59 | INFO | Processing evaluation | Student: cache | Language: python
2026-04-12 14:06:59 | INFO | Question profile | Student: cache | Language: python | Category: general | Task: unknown | Risk: medium
2026-04-12 14:06:59 | INFO | Evaluation path | Student: cache | Language: python | Mode: exact_match
2026-04-12 14:06:59 | INFO | Evaluation completed | Student ID: cache | Score: 100
2026-04-12 14:06:59 | INFO | Request received | Student ID: cache | Question: Find substring position in a string
2026-04-12 14:06:59 | INFO | Processing evaluation | Student: cache | Language: python
2026-04-12 14:06:59 | INFO | Question profile | Student: cache | Language: python | Category: general | Task: unknown | Risk: medium
2026-04-12 14:06:59 | INFO | Evaluation path | Student: cache | Language: python | Mode: deterministic_shortcut | Type: zero_pass
2026-04-12 14:06:59 | INFO | Evaluation confidence | Student: cache | Language: python | Confidence: high
2026-04-12 14:06:59 | INFO | Evaluation completed | Student ID: cache | Score: 0
2026-04-12 14:06:59 | INFO | Request received | Student ID: cache | Question: Find length of emoji string
2026-04-12 14:06:59 | INFO | Processing evaluation | Student: cache | Language: python
2026-04-12 14:06:59 | INFO | Question profile | Student: cache | Language: python | Category: general | Task: unknown | Risk: medium
2026-04-12 14:06:59 | INFO | Evaluation path | Student: cache | Language: python | Mode: exact_match
2026-04-12 14:06:59 | INFO | Evaluation completed | Student ID: cache | Score: 100
2026-04-12 14:06:59 | INFO | Request received | Student ID: cache | Question: Find length of emoji string
2026-04-12 14:06:59 | INFO | Processing evaluation | Student: cache | Language: python
2026-04-12 14:06:59 | INFO | Question profile | Student: cache | Language: python | Category: general | Task: unknown | Risk: medium
2026-04-12 14:06:59 | INFO | Evaluation path | Student: cache | Language: python | Mode: deterministic_shortcut | Type: zero_pass
2026-04-12 14:06:59 | INFO | Evaluation confidence | Student: cache | Language: python | Confidence: high
2026-04-12 14:06:59 | INFO | Evaluation completed | Student ID: cache | Score: 0
2026-04-12 14:06:59 | INFO | Request received | Student ID: cache | Question: Copy a list
2026-04-12 14:06:59 | INFO | Processing evaluation | Student: cache | Language: python
2026-04-12 14:06:59 | INFO | Question profile | Student: cache | Language: python | Category: arrays_lists | Task: data_processing | Risk: medium
2026-04-12 14:06:59 | INFO | Evaluation path | Student: cache | Language: python | Mode: exact_match
2026-04-12 14:06:59 | INFO | Evaluation completed | Student ID: cache | Score: 100
2026-04-12 14:06:59 | INFO | Request received | Student ID: cache | Question: Copy a list
2026-04-12 14:06:59 | INFO | Processing evaluation | Student: cache | Language: python
2026-04-12 14:06:59 | INFO | Question profile | Student: cache | Language: python | Category: arrays_lists | Task: data_processing | Risk: medium
2026-04-12 14:06:59 | INFO | Evaluation path | Student: cache | Language: python | Mode: deterministic_shortcut | Type: zero_pass
2026-04-12 14:06:59 | INFO | Evaluation confidence | Student: cache | Language: python | Confidence: high
2026-04-12 14:06:59 | INFO | Evaluation completed | Student ID: cache | Score: 0
2026-04-12 14:06:59 | INFO | Request received | Student ID: cache | Question: Sort list of tuples by second element using key
2026-04-12 14:06:59 | INFO | Processing evaluation | Student: cache | Language: python
2026-04-12 14:06:59 | INFO | Question profile | Student: cache | Language: python | Category: arrays_search_sort | Task: search_sort | Risk: medium
2026-04-12 14:06:59 | INFO | Evaluation path | Student: cache | Language: python | Mode: exact_match
2026-04-12 14:06:59 | INFO | Evaluation completed | Student ID: cache | Score: 100
2026-04-12 14:06:59 | INFO | Request received | Student ID: cache | Question: Sort list of tuples by second element using key
2026-04-12 14:06:59 | INFO | Processing evaluation | Student: cache | Language: python
2026-04-12 14:06:59 | INFO | Question profile | Student: cache | Language: python | Category: arrays_search_sort | Task: search_sort | Risk: medium
2026-04-12 14:06:59 | INFO | Evaluation path | Student: cache | Language: python | Mode: deterministic_shortcut | Type: zero_pass
2026-04-12 14:06:59 | INFO | Evaluation confidence | Student: cache | Language: python | Confidence: high
2026-04-12 14:06:59 | INFO | Evaluation completed | Student ID: cache | Score: 0
2026-04-12 14:06:59 | INFO | Request received | Student ID: cache | Question: Merge two dictionaries
2026-04-12 14:06:59 | INFO | Processing evaluation | Student: cache | Language: python
2026-04-12 14:06:59 | INFO | Question profile | Student: cache | Language: python | Category: general | Task: unknown | Risk: medium
2026-04-12 14:06:59 | INFO | Evaluation path | Student: cache | Language: python | Mode: exact_match
2026-04-12 14:06:59 | INFO | Evaluation completed | Student ID: cache | Score: 100
2026-04-12 14:06:59 | INFO | Request received | Student ID: cache | Question: Merge two dictionaries
2026-04-12 14:06:59 | INFO | Processing evaluation | Student: cache | Language: python
2026-04-12 14:06:59 | INFO | Question profile | Student: cache | Language: python | Category: general | Task: unknown | Risk: medium
2026-04-12 14:06:59 | INFO | Evaluation path | Student: cache | Language: python | Mode: deterministic_shortcut | Type: zero_pass
2026-04-12 14:06:59 | INFO | Evaluation confidence | Student: cache | Language: python | Confidence: high
2026-04-12 14:06:59 | INFO | Evaluation completed | Student ID: cache | Score: 0
2026-04-12 14:06:59 | INFO | Request received | Student ID: cache | Question: Use defaultdict to group items
2026-04-12 14:06:59 | INFO | Processing evaluation | Student: cache | Language: python
2026-04-12 14:06:59 | INFO | Question profile | Student: cache | Language: python | Category: general | Task: unknown | Risk: medium
2026-04-12 14:06:59 | INFO | Evaluation path | Student: cache | Language: python | Mode: exact_match
2026-04-12 14:06:59 | INFO | Evaluation completed | Student ID: cache | Score: 100
2026-04-12 14:06:59 | INFO | Request received | Student ID: cache | Question: Use defaultdict to group items
2026-04-12 14:06:59 | INFO | Processing evaluation | Student: cache | Language: python
2026-04-12 14:06:59 | INFO | Question profile | Student: cache | Language: python | Category: general | Task: unknown | Risk: medium
2026-04-12 14:06:59 | INFO | Evaluation path | Student: cache | Language: python | Mode: deterministic_shortcut | Type: zero_pass
2026-04-12 14:06:59 | INFO | Evaluation confidence | Student: cache | Language: python | Confidence: high
2026-04-12 14:06:59 | INFO | Evaluation completed | Student ID: cache | Score: 0
2026-04-12 14:06:59 | INFO | Request received | Student ID: cache | Question: Count frequency using Counter
2026-04-12 14:06:59 | INFO | Processing evaluation | Student: cache | Language: python
2026-04-12 14:06:59 | INFO | Question profile | Student: cache | Language: python | Category: arrays_lists | Task: data_processing | Risk: medium
2026-04-12 14:06:59 | INFO | Evaluation path | Student: cache | Language: python | Mode: exact_match
2026-04-12 14:06:59 | INFO | Evaluation completed | Student ID: cache | Score: 100
2026-04-12 14:06:59 | INFO | Request received | Student ID: cache | Question: Count frequency using Counter
2026-04-12 14:06:59 | INFO | Processing evaluation | Student: cache | Language: python
2026-04-12 14:06:59 | INFO | Question profile | Student: cache | Language: python | Category: arrays_lists | Task: data_processing | Risk: medium
2026-04-12 14:06:59 | INFO | Evaluation path | Student: cache | Language: python | Mode: deterministic_shortcut | Type: zero_pass
2026-04-12 14:06:59 | INFO | Evaluation confidence | Student: cache | Language: python | Confidence: high
2026-04-12 14:06:59 | INFO | Evaluation completed | Student ID: cache | Score: 0
2026-04-12 14:06:59 | INFO | Request received | Student ID: cache | Question: Check if set a is subset of set b
2026-04-12 14:06:59 | INFO | Processing evaluation | Student: cache | Language: python
2026-04-12 14:06:59 | INFO | Question profile | Student: cache | Language: python | Category: collections | Task: required_technique | Risk: high
2026-04-12 14:06:59 | INFO | Evaluation path | Student: cache | Language: python | Mode: exact_match
2026-04-12 14:06:59 | INFO | Evaluation completed | Student ID: cache | Score: 100
2026-04-12 14:06:59 | INFO | Request received | Student ID: cache | Question: Check if set a is subset of set b
2026-04-12 14:06:59 | INFO | Processing evaluation | Student: cache | Language: python
2026-04-12 14:06:59 | INFO | Question profile | Student: cache | Language: python | Category: collections | Task: required_technique | Risk: high
2026-04-12 14:06:59 | INFO | Evaluation path | Student: cache | Language: python | Mode: deterministic_shortcut | Type: zero_pass
2026-04-12 14:06:59 | INFO | Evaluation confidence | Student: cache | Language: python | Confidence: high
2026-04-12 14:06:59 | INFO | Evaluation completed | Student ID: cache | Score: 0
2026-04-12 14:06:59 | INFO | Request received | Student ID: cache | Question: Use range to loop from 0 to 4
2026-04-12 14:06:59 | INFO | Processing evaluation | Student: cache | Language: python
2026-04-12 14:06:59 | INFO | Question profile | Student: cache | Language: python | Category: general | Task: unknown | Risk: medium
2026-04-12 14:06:59 | INFO | Evaluation path | Student: cache | Language: python | Mode: exact_match
2026-04-12 14:06:59 | INFO | Evaluation completed | Student ID: cache | Score: 100
2026-04-12 14:06:59 | INFO | Request received | Student ID: cache | Question: Use range to loop from 0 to 4
2026-04-12 14:06:59 | INFO | Processing evaluation | Student: cache | Language: python
2026-04-12 14:06:59 | INFO | Question profile | Student: cache | Language: python | Category: general | Task: unknown | Risk: medium
2026-04-12 14:06:59 | INFO | Evaluation path | Student: cache | Language: python | Mode: deterministic_shortcut | Type: zero_pass
2026-04-12 14:06:59 | INFO | Evaluation confidence | Student: cache | Language: python | Confidence: high
2026-04-12 14:06:59 | INFO | Evaluation completed | Student ID: cache | Score: 0
2026-04-12 14:06:59 | INFO | Request received | Student ID: cache | Question: Use enumerate to loop with indexes
2026-04-12 14:06:59 | INFO | Processing evaluation | Student: cache | Language: python
2026-04-12 14:06:59 | INFO | Question profile | Student: cache | Language: python | Category: general | Task: unknown | Risk: medium
2026-04-12 14:06:59 | INFO | Evaluation path | Student: cache | Language: python | Mode: exact_match
2026-04-12 14:06:59 | INFO | Evaluation completed | Student ID: cache | Score: 100
2026-04-12 14:06:59 | INFO | Request received | Student ID: cache | Question: Use enumerate to loop with indexes
2026-04-12 14:06:59 | INFO | Processing evaluation | Student: cache | Language: python
2026-04-12 14:06:59 | INFO | Question profile | Student: cache | Language: python | Category: general | Task: unknown | Risk: medium
2026-04-12 14:06:59 | INFO | Evaluation path | Student: cache | Language: python | Mode: deterministic_shortcut | Type: zero_pass
2026-04-12 14:06:59 | INFO | Evaluation confidence | Student: cache | Language: python | Confidence: high
2026-04-12 14:06:59 | INFO | Evaluation completed | Student ID: cache | Score: 0
2026-04-12 14:06:59 | INFO | Request received | Student ID: cache | Question: Use zip to loop over two lists
2026-04-12 14:06:59 | INFO | Processing evaluation | Student: cache | Language: python
2026-04-12 14:06:59 | INFO | Question profile | Student: cache | Language: python | Category: arrays_lists | Task: data_processing | Risk: medium
2026-04-12 14:06:59 | INFO | Evaluation path | Student: cache | Language: python | Mode: exact_match
2026-04-12 14:06:59 | INFO | Evaluation completed | Student ID: cache | Score: 100
2026-04-12 14:06:59 | INFO | Request received | Student ID: cache | Question: Use zip to loop over two lists
2026-04-12 14:06:59 | INFO | Processing evaluation | Student: cache | Language: python
2026-04-12 14:06:59 | INFO | Question profile | Student: cache | Language: python | Category: arrays_lists | Task: data_processing | Risk: medium
2026-04-12 14:06:59 | INFO | Evaluation path | Student: cache | Language: python | Mode: deterministic_shortcut | Type: zero_pass
2026-04-12 14:06:59 | INFO | Evaluation confidence | Student: cache | Language: python | Confidence: high
2026-04-12 14:06:59 | INFO | Evaluation completed | Student ID: cache | Score: 0
2026-04-12 14:06:59 | INFO | Request received | Student ID: cache | Question: Use list comprehension to square numbers
2026-04-12 14:06:59 | INFO | Processing evaluation | Student: cache | Language: python
2026-04-12 14:06:59 | INFO | Question profile | Student: cache | Language: python | Category: arrays_lists | Task: data_processing | Risk: medium
2026-04-12 14:06:59 | INFO | Evaluation path | Student: cache | Language: python | Mode: exact_match
2026-04-12 14:06:59 | INFO | Evaluation completed | Student ID: cache | Score: 100
2026-04-12 14:06:59 | INFO | Request received | Student ID: cache | Question: Use list comprehension to square numbers
2026-04-12 14:06:59 | INFO | Processing evaluation | Student: cache | Language: python
2026-04-12 14:06:59 | INFO | Question profile | Student: cache | Language: python | Category: arrays_lists | Task: data_processing | Risk: medium
2026-04-12 14:06:59 | INFO | Evaluation path | Student: cache | Language: python | Mode: deterministic_shortcut | Type: zero_pass
2026-04-12 14:06:59 | INFO | Evaluation confidence | Student: cache | Language: python | Confidence: high
2026-04-12 14:06:59 | INFO | Evaluation completed | Student ID: cache | Score: 0
2026-04-12 14:06:59 | INFO | Request received | Student ID: cache | Question: Use dict comprehension to map to squares
2026-04-12 14:06:59 | INFO | Processing evaluation | Student: cache | Language: python
2026-04-12 14:06:59 | INFO | Question profile | Student: cache | Language: python | Category: collections | Task: required_technique | Risk: high
2026-04-12 14:06:59 | INFO | Evaluation path | Student: cache | Language: python | Mode: exact_match
2026-04-12 14:06:59 | INFO | Evaluation completed | Student ID: cache | Score: 100
2026-04-12 14:06:59 | INFO | Request received | Student ID: cache | Question: Use dict comprehension to map to squares
2026-04-12 14:06:59 | INFO | Processing evaluation | Student: cache | Language: python
2026-04-12 14:06:59 | INFO | Question profile | Student: cache | Language: python | Category: collections | Task: required_technique | Risk: high
2026-04-12 14:06:59 | INFO | Evaluation path | Student: cache | Language: python | Mode: deterministic_shortcut | Type: zero_pass
2026-04-12 14:06:59 | INFO | Evaluation confidence | Student: cache | Language: python | Confidence: high
2026-04-12 14:06:59 | INFO | Evaluation completed | Student ID: cache | Score: 0
2026-04-12 14:06:59 | INFO | Request received | Student ID: cache | Question: Use set comprehension to deduplicate
2026-04-12 14:06:59 | INFO | Processing evaluation | Student: cache | Language: python
2026-04-12 14:06:59 | INFO | Question profile | Student: cache | Language: python | Category: collections | Task: required_technique | Risk: high
2026-04-12 14:06:59 | INFO | Evaluation path | Student: cache | Language: python | Mode: exact_match
2026-04-12 14:06:59 | INFO | Evaluation completed | Student ID: cache | Score: 100
2026-04-12 14:06:59 | INFO | Request received | Student ID: cache | Question: Use set comprehension to deduplicate
2026-04-12 14:06:59 | INFO | Processing evaluation | Student: cache | Language: python
2026-04-12 14:06:59 | INFO | Question profile | Student: cache | Language: python | Category: collections | Task: required_technique | Risk: high
2026-04-12 14:06:59 | INFO | Evaluation path | Student: cache | Language: python | Mode: deterministic_shortcut | Type: zero_pass
2026-04-12 14:06:59 | INFO | Evaluation confidence | Student: cache | Language: python | Confidence: high
2026-04-12 14:06:59 | INFO | Evaluation completed | Student ID: cache | Score: 0
2026-04-12 14:06:59 | INFO | Request received | Student ID: cache | Question: Use lambda to add two numbers
2026-04-12 14:06:59 | INFO | Processing evaluation | Student: cache | Language: python
2026-04-12 14:06:59 | INFO | Question profile | Student: cache | Language: python | Category: basics_math | Task: basic_logic | Risk: low
2026-04-12 14:06:59 | INFO | Evaluation path | Student: cache | Language: python | Mode: exact_match
2026-04-12 14:06:59 | INFO | Evaluation completed | Student ID: cache | Score: 100
2026-04-12 14:06:59 | INFO | Request received | Student ID: cache | Question: Use lambda to add two numbers
2026-04-12 14:06:59 | INFO | Processing evaluation | Student: cache | Language: python
2026-04-12 14:06:59 | INFO | Question profile | Student: cache | Language: python | Category: basics_math | Task: basic_logic | Risk: low
2026-04-12 14:06:59 | INFO | Evaluation path | Student: cache | Language: python | Mode: deterministic_shortcut | Type: zero_pass
2026-04-12 14:06:59 | INFO | Evaluation confidence | Student: cache | Language: python | Confidence: high
2026-04-12 14:06:59 | INFO | Evaluation completed | Student ID: cache | Score: 0
2026-04-12 14:06:59 | INFO | Request received | Student ID: cache | Question: Use a default argument in a function
2026-04-12 14:06:59 | INFO | Processing evaluation | Student: cache | Language: python
2026-04-12 14:06:59 | INFO | Question profile | Student: cache | Language: python | Category: general_code | Task: function_logic | Risk: medium
2026-04-12 14:06:59 | INFO | Evaluation path | Student: cache | Language: python | Mode: exact_match
2026-04-12 14:06:59 | INFO | Evaluation completed | Student ID: cache | Score: 100
2026-04-12 14:06:59 | INFO | Request received | Student ID: cache | Question: Use a default argument in a function
2026-04-12 14:06:59 | INFO | Processing evaluation | Student: cache | Language: python
2026-04-12 14:06:59 | INFO | Question profile | Student: cache | Language: python | Category: general_code | Task: function_logic | Risk: medium
2026-04-12 14:06:59 | INFO | Evaluation path | Student: cache | Language: python | Mode: deterministic_shortcut | Type: zero_pass
2026-04-12 14:06:59 | INFO | Evaluation confidence | Student: cache | Language: python | Confidence: high
2026-04-12 14:06:59 | INFO | Evaluation completed | Student ID: cache | Score: 0
2026-04-12 14:06:59 | INFO | Request received | Student ID: cache | Question: Use *args to accept variable arguments
2026-04-12 14:06:59 | INFO | Processing evaluation | Student: cache | Language: python
2026-04-12 14:06:59 | INFO | Question profile | Student: cache | Language: python | Category: general | Task: unknown | Risk: medium
2026-04-12 14:06:59 | INFO | Evaluation path | Student: cache | Language: python | Mode: exact_match
2026-04-12 14:06:59 | INFO | Evaluation completed | Student ID: cache | Score: 100
2026-04-12 14:06:59 | INFO | Request received | Student ID: cache | Question: Use *args to accept variable arguments
2026-04-12 14:06:59 | INFO | Processing evaluation | Student: cache | Language: python
2026-04-12 14:06:59 | INFO | Question profile | Student: cache | Language: python | Category: general | Task: unknown | Risk: medium
2026-04-12 14:06:59 | INFO | Evaluation path | Student: cache | Language: python | Mode: deterministic_shortcut | Type: zero_pass
2026-04-12 14:06:59 | INFO | Evaluation confidence | Student: cache | Language: python | Confidence: high
2026-04-12 14:06:59 | INFO | Evaluation completed | Student ID: cache | Score: 0
2026-04-12 14:06:59 | INFO | Request received | Student ID: cache | Question: Use **kwargs to accept keyword arguments
2026-04-12 14:06:59 | INFO | Processing evaluation | Student: cache | Language: python
2026-04-12 14:06:59 | INFO | Question profile | Student: cache | Language: python | Category: general | Task: unknown | Risk: medium
2026-04-12 14:06:59 | INFO | Evaluation path | Student: cache | Language: python | Mode: exact_match
2026-04-12 14:06:59 | INFO | Evaluation completed | Student ID: cache | Score: 100
2026-04-12 14:06:59 | INFO | Request received | Student ID: cache | Question: Use **kwargs to accept keyword arguments
2026-04-12 14:06:59 | INFO | Processing evaluation | Student: cache | Language: python
2026-04-12 14:06:59 | INFO | Question profile | Student: cache | Language: python | Category: general | Task: unknown | Risk: medium
2026-04-12 14:06:59 | INFO | Evaluation path | Student: cache | Language: python | Mode: deterministic_shortcut | Type: zero_pass
2026-04-12 14:06:59 | INFO | Evaluation confidence | Student: cache | Language: python | Confidence: high
2026-04-12 14:06:59 | INFO | Evaluation completed | Student ID: cache | Score: 0
2026-04-12 14:06:59 | INFO | Request received | Student ID: cache | Question: Use f-string to format output
2026-04-12 14:06:59 | INFO | Processing evaluation | Student: cache | Language: python
2026-04-12 14:06:59 | INFO | Question profile | Student: cache | Language: python | Category: general | Task: unknown | Risk: medium
2026-04-12 14:06:59 | INFO | Evaluation path | Student: cache | Language: python | Mode: exact_match
2026-04-12 14:06:59 | INFO | Evaluation completed | Student ID: cache | Score: 100
2026-04-12 14:06:59 | INFO | Request received | Student ID: cache | Question: Use f-string to format output
2026-04-12 14:06:59 | INFO | Processing evaluation | Student: cache | Language: python
2026-04-12 14:06:59 | INFO | Question profile | Student: cache | Language: python | Category: general | Task: unknown | Risk: medium
2026-04-12 14:06:59 | INFO | Evaluation path | Student: cache | Language: python | Mode: deterministic_shortcut | Type: zero_pass
2026-04-12 14:06:59 | INFO | Evaluation confidence | Student: cache | Language: python | Confidence: high
2026-04-12 14:06:59 | INFO | Evaluation completed | Student ID: cache | Score: 0
2026-04-12 14:06:59 | INFO | Request received | Student ID: cache | Question: Use str.format to format output
2026-04-12 14:06:59 | INFO | Processing evaluation | Student: cache | Language: python
2026-04-12 14:06:59 | INFO | Question profile | Student: cache | Language: python | Category: general | Task: unknown | Risk: medium
2026-04-12 14:06:59 | INFO | Evaluation path | Student: cache | Language: python | Mode: exact_match
2026-04-12 14:06:59 | INFO | Evaluation completed | Student ID: cache | Score: 100
2026-04-12 14:06:59 | INFO | Request received | Student ID: cache | Question: Use str.format to format output
2026-04-12 14:06:59 | INFO | Processing evaluation | Student: cache | Language: python
2026-04-12 14:06:59 | INFO | Question profile | Student: cache | Language: python | Category: general | Task: unknown | Risk: medium
2026-04-12 14:06:59 | INFO | Evaluation path | Student: cache | Language: python | Mode: deterministic_shortcut | Type: zero_pass
2026-04-12 14:06:59 | INFO | Evaluation confidence | Student: cache | Language: python | Confidence: high
2026-04-12 14:06:59 | INFO | Evaluation completed | Student ID: cache | Score: 0
2026-04-12 14:06:59 | INFO | Request received | Student ID: cache | Question: Raise a ValueError if input is invalid
2026-04-12 14:06:59 | INFO | Processing evaluation | Student: cache | Language: python
2026-04-12 14:06:59 | INFO | Question profile | Student: cache | Language: python | Category: general | Task: unknown | Risk: medium
2026-04-12 14:06:59 | INFO | Evaluation path | Student: cache | Language: python | Mode: exact_match
2026-04-12 14:06:59 | INFO | Evaluation completed | Student ID: cache | Score: 100
2026-04-12 14:06:59 | INFO | Request received | Student ID: cache | Question: Raise a ValueError if input is invalid
2026-04-12 14:06:59 | INFO | Processing evaluation | Student: cache | Language: python
2026-04-12 14:06:59 | INFO | Question profile | Student: cache | Language: python | Category: general | Task: unknown | Risk: medium
2026-04-12 14:06:59 | INFO | Evaluation path | Student: cache | Language: python | Mode: deterministic_shortcut | Type: zero_pass
2026-04-12 14:06:59 | INFO | Evaluation confidence | Student: cache | Language: python | Confidence: high
2026-04-12 14:06:59 | INFO | Evaluation completed | Student ID: cache | Score: 0
2026-04-12 14:06:59 | INFO | Request received | Student ID: cache | Question: Import a module named math
2026-04-12 14:06:59 | INFO | Processing evaluation | Student: cache | Language: python
2026-04-12 14:06:59 | INFO | Question profile | Student: cache | Language: python | Category: general | Task: unknown | Risk: medium
2026-04-12 14:06:59 | INFO | Evaluation path | Student: cache | Language: python | Mode: exact_match
2026-04-12 14:06:59 | INFO | Evaluation completed | Student ID: cache | Score: 100
2026-04-12 14:06:59 | INFO | Request received | Student ID: cache | Question: Import a module named math
2026-04-12 14:06:59 | INFO | Processing evaluation | Student: cache | Language: python
2026-04-12 14:06:59 | INFO | Question profile | Student: cache | Language: python | Category: general | Task: unknown | Risk: medium
2026-04-12 14:06:59 | INFO | Evaluation path | Student: cache | Language: python | Mode: deterministic_shortcut | Type: zero_pass
2026-04-12 14:06:59 | INFO | Evaluation confidence | Student: cache | Language: python | Confidence: high
2026-04-12 14:06:59 | INFO | Evaluation completed | Student ID: cache | Score: 0
------------------------------ Captured log call ------------------------------
INFO     AI_Evaluator:logger.py:79 Request received | Student ID: cache | Question: Find length of string
INFO     AI_Evaluator:logger.py:59 Processing evaluation | Student: cache | Language: python
INFO     AI_Evaluator:logger.py:59 Question profile | Student: cache | Language: python | Category: strings | Task: string_processing | Risk: low
INFO     AI_Evaluator:logger.py:59 Evaluation path | Student: cache | Language: python | Mode: exact_match
INFO     AI_Evaluator:logger.py:83 Evaluation completed | Student ID: cache | Score: 100
INFO     AI_Evaluator:logger.py:79 Request received | Student ID: cache | Question: Find length of string
INFO     AI_Evaluator:logger.py:59 Processing evaluation | Student: cache | Language: python
INFO     AI_Evaluator:logger.py:59 Question profile | Student: cache | Language: python | Category: strings | Task: string_processing | Risk: low
INFO     AI_Evaluator:logger.py:59 Evaluation path | Student: cache | Language: python | Mode: deterministic_shortcut | Type: mostly_correct
INFO     AI_Evaluator:logger.py:59 Evaluation confidence | Student: cache | Language: python | Confidence: high
INFO     AI_Evaluator:logger.py:83 Evaluation completed | Student ID: cache | Score: 70
INFO     AI_Evaluator:logger.py:79 Request received | Student ID: cache | Question: Return square of a number
INFO     AI_Evaluator:logger.py:59 Processing evaluation | Student: cache | Language: javascript
INFO     AI_Evaluator:logger.py:59 Question profile | Student: cache | Language: javascript | Category: basics_math | Task: basic_logic | Risk: low
INFO     AI_Evaluator:logger.py:59 Evaluation path | Student: cache | Language: javascript | Mode: exact_match
INFO     AI_Evaluator:logger.py:83 Evaluation completed | Student ID: cache | Score: 100
INFO     AI_Evaluator:logger.py:79 Request received | Student ID: cache | Question: Return square of a number
INFO     AI_Evaluator:logger.py:59 Processing evaluation | Student: cache | Language: javascript
INFO     AI_Evaluator:logger.py:59 Question profile | Student: cache | Language: javascript | Category: basics_math | Task: basic_logic | Risk: low
INFO     AI_Evaluator:logger.py:59 Evaluation path | Student: cache | Language: javascript | Mode: deterministic_rule_shortcut
INFO     AI_Evaluator:logger.py:59 Evaluation confidence | Student: cache | Language: javascript | Confidence: medium
INFO     AI_Evaluator:logger.py:83 Evaluation completed | Student ID: cache | Score: 0
INFO     AI_Evaluator:logger.py:79 Request received | Student ID: cache | Question: Convert string to uppercase
INFO     AI_Evaluator:logger.py:59 Processing evaluation | Student: cache | Language: javascript
INFO     AI_Evaluator:logger.py:59 Question profile | Student: cache | Language: javascript | Category: strings | Task: string_processing | Risk: low
INFO     AI_Evaluator:logger.py:59 Evaluation path | Student: cache | Language: javascript | Mode: exact_match
INFO     AI_Evaluator:logger.py:83 Evaluation completed | Student ID: cache | Score: 100
INFO     AI_Evaluator:logger.py:79 Request received | Student ID: cache | Question: Convert string to uppercase
INFO     AI_Evaluator:logger.py:59 Processing evaluation | Student: cache | Language: javascript
INFO     AI_Evaluator:logger.py:59 Question profile | Student: cache | Language: javascript | Category: strings | Task: string_processing | Risk: low
INFO     AI_Evaluator:logger.py:59 Evaluation path | Student: cache | Language: javascript | Mode: deterministic_rule_shortcut
INFO     AI_Evaluator:logger.py:59 Evaluation confidence | Student: cache | Language: javascript | Confidence: medium
INFO     AI_Evaluator:logger.py:83 Evaluation completed | Student ID: cache | Score: 0
INFO     AI_Evaluator:logger.py:79 Request received | Student ID: cache | Question: Check if array is empty
INFO     AI_Evaluator:logger.py:59 Processing evaluation | Student: cache | Language: javascript
INFO     AI_Evaluator:logger.py:59 Question profile | Student: cache | Language: javascript | Category: arrays_lists | Task: data_processing | Risk: medium
INFO     AI_Evaluator:logger.py:59 Evaluation path | Student: cache | Language: javascript | Mode: deterministic_rule_shortcut
INFO     AI_Evaluator:logger.py:59 Evaluation confidence | Student: cache | Language: javascript | Confidence: high
INFO     AI_Evaluator:logger.py:83 Evaluation completed | Student ID: cache | Score: 100
INFO     AI_Evaluator:logger.py:79 Request received | Student ID: cache | Question: Check if array is empty
INFO     AI_Evaluator:logger.py:59 Processing evaluation | Student: cache | Language: javascript
INFO     AI_Evaluator:logger.py:59 Question profile | Student: cache | Language: javascript | Category: arrays_lists | Task: data_processing | Risk: medium
INFO     AI_Evaluator:logger.py:59 Evaluation path | Student: cache | Language: javascript | Mode: deterministic_rule_shortcut
INFO     AI_Evaluator:logger.py:59 Evaluation confidence | Student: cache | Language: javascript | Confidence: medium
INFO     AI_Evaluator:logger.py:83 Evaluation completed | Student ID: cache | Score: 0
INFO     AI_Evaluator:logger.py:79 Request received | Student ID: cache | Question: Check if number is even
INFO     AI_Evaluator:logger.py:59 Processing evaluation | Student: cache | Language: python
INFO     AI_Evaluator:logger.py:59 Question profile | Student: cache | Language: python | Category: basics_math | Task: basic_logic | Risk: low
INFO     AI_Evaluator:logger.py:59 Evaluation path | Student: cache | Language: python | Mode: exact_match
INFO     AI_Evaluator:logger.py:83 Evaluation completed | Student ID: cache | Score: 100
INFO     AI_Evaluator:logger.py:79 Request received | Student ID: cache | Question: Check if number is even
INFO     AI_Evaluator:logger.py:59 Processing evaluation | Student: cache | Language: python
INFO     AI_Evaluator:logger.py:59 Question profile | Student: cache | Language: python | Category: basics_math | Task: basic_logic | Risk: low
INFO     AI_Evaluator:logger.py:59 Evaluation path | Student: cache | Language: python | Mode: deterministic_shortcut | Type: zero_pass
INFO     AI_Evaluator:logger.py:59 Evaluation confidence | Student: cache | Language: python | Confidence: high
INFO     AI_Evaluator:logger.py:83 Evaluation completed | Student ID: cache | Score: 0
INFO     AI_Evaluator:logger.py:79 Request received | Student ID: cache | Question: Add two numbers
INFO     AI_Evaluator:logger.py:59 Processing evaluation | Student: cache | Language: python
INFO     AI_Evaluator:logger.py:59 Question profile | Student: cache | Language: python | Category: basics_math | Task: basic_logic | Risk: low
INFO     AI_Evaluator:logger.py:59 Evaluation path | Student: cache | Language: python | Mode: deterministic_shortcut | Type: zero_pass
INFO     AI_Evaluator:logger.py:59 Evaluation confidence | Student: cache | Language: python | Confidence: high
INFO     AI_Evaluator:logger.py:83 Evaluation completed | Student ID: cache | Score: 0
INFO     AI_Evaluator:logger.py:79 Request received | Student ID: cache | Question: Count vowels in string
INFO     AI_Evaluator:logger.py:59 Processing evaluation | Student: cache | Language: python
INFO     AI_Evaluator:logger.py:59 Question profile | Student: cache | Language: python | Category: strings | Task: string_processing | Risk: low
INFO     AI_Evaluator:logger.py:59 Evaluation path | Student: cache | Language: python | Mode: exact_match
INFO     AI_Evaluator:logger.py:83 Evaluation completed | Student ID: cache | Score: 100
INFO     AI_Evaluator:logger.py:79 Request received | Student ID: cache | Question: Find length of string
INFO     AI_Evaluator:logger.py:59 Processing evaluation | Student: cache | Language: python
INFO     AI_Evaluator:logger.py:59 Question profile | Student: cache | Language: python | Category: strings | Task: string_processing | Risk: low
INFO     AI_Evaluator:logger.py:59 Evaluation path | Student: cache | Language: python | Mode: deterministic_shortcut | Type: zero_pass
INFO     AI_Evaluator:logger.py:59 Evaluation confidence | Student: cache | Language: python | Confidence: high
INFO     AI_Evaluator:logger.py:83 Evaluation completed | Student ID: cache | Score: 0
INFO     AI_Evaluator:logger.py:79 Request received | Student ID: cache | Question: Write CSS to make all h1 elements red
INFO     AI_Evaluator:logger.py:59 Processing evaluation | Student: cache | Language: css
INFO     AI_Evaluator:logger.py:59 Question profile | Student: cache | Language: css | Category: frontend_style | Task: styling | Risk: medium
INFO     AI_Evaluator:logger.py:59 Evaluation path | Student: cache | Language: css | Mode: exact_match
INFO     AI_Evaluator:logger.py:83 Evaluation completed | Student ID: cache | Score: 100
INFO     AI_Evaluator:logger.py:79 Request received | Student ID: cache | Question: Write CSS to make all h1 elements red
INFO     AI_Evaluator:logger.py:59 Processing evaluation | Student: cache | Language: css
INFO     AI_Evaluator:logger.py:59 Question profile | Student: cache | Language: css | Category: frontend_style | Task: styling | Risk: medium
INFO     AI_Evaluator:logger.py:59 Evaluation path | Student: cache | Language: css | Mode: deterministic_rule_shortcut
INFO     AI_Evaluator:logger.py:59 Evaluation confidence | Student: cache | Language: css | Confidence: medium
INFO     AI_Evaluator:logger.py:83 Evaluation completed | Student ID: cache | Score: 0
INFO     AI_Evaluator:logger.py:79 Request received | Student ID: cache | Question: Create a React component that renders a heading He
INFO     AI_Evaluator:logger.py:59 Processing evaluation | Student: cache | Language: react
INFO     AI_Evaluator:logger.py:59 Question profile | Student: cache | Language: react | Category: frontend_component | Task: react_component | Risk: high
INFO     AI_Evaluator:logger.py:59 Evaluation path | Student: cache | Language: react | Mode: exact_match
INFO     AI_Evaluator:logger.py:83 Evaluation completed | Student ID: cache | Score: 100
INFO     AI_Evaluator:logger.py:79 Request received | Student ID: cache | Question: Create a React component that renders a heading He
INFO     AI_Evaluator:logger.py:59 Processing evaluation | Student: cache | Language: react
INFO     AI_Evaluator:logger.py:59 Question profile | Student: cache | Language: react | Category: frontend_component | Task: react_component | Risk: high
INFO     AI_Evaluator:logger.py:59 Evaluation path | Student: cache | Language: react | Mode: deterministic_rule_shortcut
INFO     AI_Evaluator:logger.py:59 Evaluation confidence | Student: cache | Language: react | Confidence: low
INFO     AI_Evaluator:logger.py:83 Evaluation completed | Student ID: cache | Score: 0
INFO     AI_Evaluator:logger.py:79 Request received | Student ID: cache | Question: Write a MySQL query to select all rows from studen
INFO     AI_Evaluator:logger.py:59 Processing evaluation | Student: cache | Language: mysql
INFO     AI_Evaluator:logger.py:59 Question profile | Student: cache | Language: mysql | Category: database_query | Task: sql_query | Risk: high
INFO     AI_Evaluator:logger.py:59 Evaluation path | Student: cache | Language: mysql | Mode: exact_match
INFO     AI_Evaluator:logger.py:83 Evaluation completed | Student ID: cache | Score: 100
INFO     AI_Evaluator:logger.py:79 Request received | Student ID: cache | Question: Write a MySQL query to select all rows from studen
INFO     AI_Evaluator:logger.py:59 Processing evaluation | Student: cache | Language: mysql
INFO     AI_Evaluator:logger.py:59 Question profile | Student: cache | Language: mysql | Category: database_query | Task: sql_query | Risk: high
INFO     AI_Evaluator:logger.py:59 Evaluation path | Student: cache | Language: mysql | Mode: deterministic_rule_shortcut
INFO     AI_Evaluator:logger.py:59 Evaluation confidence | Student: cache | Language: mysql | Confidence: low
INFO     AI_Evaluator:logger.py:83 Evaluation completed | Student ID: cache | Score: 0
INFO     AI_Evaluator:logger.py:79 Request received | Student ID: cache | Question: Write a MongoDB query to find all active students
INFO     AI_Evaluator:logger.py:59 Processing evaluation | Student: cache | Language: mongodb
INFO     AI_Evaluator:logger.py:59 Question profile | Student: cache | Language: mongodb | Category: database_query | Task: document_query | Risk: high
INFO     AI_Evaluator:logger.py:59 Evaluation path | Student: cache | Language: mongodb | Mode: exact_match
INFO     AI_Evaluator:logger.py:83 Evaluation completed | Student ID: cache | Score: 100
INFO     AI_Evaluator:logger.py:79 Request received | Student ID: cache | Question: Write a MongoDB query to find all active students
INFO     AI_Evaluator:logger.py:59 Processing evaluation | Student: cache | Language: mongodb
INFO     AI_Evaluator:logger.py:59 Question profile | Student: cache | Language: mongodb | Category: database_query | Task: document_query | Risk: high
INFO     AI_Evaluator:logger.py:59 Evaluation path | Student: cache | Language: mongodb | Mode: deterministic_rule_shortcut
INFO     AI_Evaluator:logger.py:59 Evaluation confidence | Student: cache | Language: mongodb | Confidence: low
INFO     AI_Evaluator:logger.py:83 Evaluation completed | Student ID: cache | Score: 0
INFO     AI_Evaluator:logger.py:79 Request received | Student ID: cache | Question: Create a HTML page with a heading
INFO     AI_Evaluator:logger.py:59 Processing evaluation | Student: cache | Language: html
INFO     AI_Evaluator:logger.py:59 Question profile | Student: cache | Language: html | Category: general | Task: unknown | Risk: medium
INFO     AI_Evaluator:logger.py:59 Evaluation path | Student: cache | Language: html | Mode: exact_match
INFO     AI_Evaluator:logger.py:83 Evaluation completed | Student ID: cache | Score: 100
INFO     AI_Evaluator:logger.py:79 Request received | Student ID: cache | Question: Create a HTML page with a heading
INFO     AI_Evaluator:logger.py:59 Processing evaluation | Student: cache | Language: html
INFO     AI_Evaluator:logger.py:59 Question profile | Student: cache | Language: html | Category: general | Task: unknown | Risk: medium
INFO     AI_Evaluator:logger.py:59 Evaluation path | Student: cache | Language: html | Mode: deterministic_rule_shortcut
INFO     AI_Evaluator:logger.py:59 Evaluation confidence | Student: cache | Language: html | Confidence: medium
INFO     AI_Evaluator:logger.py:83 Evaluation completed | Student ID: cache | Score: 0
INFO     AI_Evaluator:logger.py:79 Request received | Student ID: cache | Question: Write a method to find average of array
INFO     AI_Evaluator:logger.py:59 Processing evaluation | Student: cache | Language: java
INFO     AI_Evaluator:logger.py:59 Question profile | Student: cache | Language: java | Category: arrays_lists | Task: data_processing | Risk: medium
INFO     AI_Evaluator:logger.py:59 Evaluation path | Student: cache | Language: java | Mode: deterministic_shortcut | Type: mostly_correct
INFO     AI_Evaluator:logger.py:59 Evaluation confidence | Student: cache | Language: java | Confidence: high
INFO     AI_Evaluator:logger.py:83 Evaluation completed | Student ID: cache | Score: 70
INFO     AI_Evaluator:logger.py:79 Request received | Student ID: cache | Question: Write a method to check if a number is prime
INFO     AI_Evaluator:logger.py:59 Processing evaluation | Student: cache | Language: java
INFO     AI_Evaluator:logger.py:59 Question profile | Student: cache | Language: java | Category: basics_math | Task: basic_logic | Risk: low
INFO     AI_Evaluator:logger.py:59 Evaluation path | Student: cache | Language: java | Mode: deterministic_shortcut | Type: mostly_correct
INFO     AI_Evaluator:logger.py:59 Evaluation confidence | Student: cache | Language: java | Confidence: high
INFO     AI_Evaluator:logger.py:83 Evaluation completed | Student ID: cache | Score: 48
INFO     AI_Evaluator:logger.py:79 Request received | Student ID: cache | Question: Write a method to count words
INFO     AI_Evaluator:logger.py:59 Processing evaluation | Student: cache | Language: java
INFO     AI_Evaluator:logger.py:59 Question profile | Student: cache | Language: java | Category: general_code | Task: function_logic | Risk: medium
INFO     AI_Evaluator:logger.py:59 Evaluation path | Student: cache | Language: java | Mode: deterministic_shortcut | Type: mostly_correct
INFO     AI_Evaluator:logger.py:59 Evaluation confidence | Student: cache | Language: java | Confidence: high
INFO     AI_Evaluator:logger.py:83 Evaluation completed | Student ID: cache | Score: 70
INFO     AI_Evaluator:logger.py:79 Request received | Student ID: cache | Question: Write a method to remove spaces from a string
INFO     AI_Evaluator:logger.py:59 Processing evaluation | Student: cache | Language: java
INFO     AI_Evaluator:logger.py:59 Question profile | Student: cache | Language: java | Category: general_code | Task: function_logic | Risk: medium
INFO     AI_Evaluator:logger.py:59 Evaluation path | Student: cache | Language: java | Mode: deterministic_shortcut | Type: full_pass
INFO     AI_Evaluator:logger.py:59 Evaluation confidence | Student: cache | Language: java | Confidence: high
INFO     AI_Evaluator:logger.py:83 Evaluation completed | Student ID: cache | Score: 100
INFO     AI_Evaluator:logger.py:79 Request received | Student ID: cache | Question: Check if string is palindrome
INFO     AI_Evaluator:logger.py:59 Processing evaluation | Student: cache | Language: python
INFO     AI_Evaluator:logger.py:59 Question profile | Student: cache | Language: python | Category: strings | Task: string_processing | Risk: low
INFO     AI_Evaluator:logger.py:59 Evaluation path | Student: cache | Language: python | Mode: exact_match
INFO     AI_Evaluator:logger.py:83 Evaluation completed | Student ID: cache | Score: 100
INFO     AI_Evaluator:logger.py:79 Request received | Student ID: cache | Question: Check if string is palindrome
INFO     AI_Evaluator:logger.py:59 Processing evaluation | Student: cache | Language: python
INFO     AI_Evaluator:logger.py:59 Question profile | Student: cache | Language: python | Category: strings | Task: string_processing | Risk: low
INFO     AI_Evaluator:logger.py:59 Evaluation path | Student: cache | Language: python | Mode: deterministic_shortcut | Type: zero_pass
INFO     AI_Evaluator:logger.py:59 Evaluation confidence | Student: cache | Language: python | Confidence: high
INFO     AI_Evaluator:logger.py:83 Evaluation completed | Student ID: cache | Score: 0
INFO     AI_Evaluator:logger.py:79 Request received | Student ID: cache | Question: Check if string is palindrome
INFO     AI_Evaluator:logger.py:59 Processing evaluation | Student: cache | Language: python
INFO     AI_Evaluator:logger.py:59 Question profile | Student: cache | Language: python | Category: strings | Task: string_processing | Risk: low
INFO     AI_Evaluator:logger.py:59 Evaluation path | Student: cache | Language: python | Mode: deterministic_shortcut | Type: mostly_correct
INFO     AI_Evaluator:logger.py:59 Evaluation confidence | Student: cache | Language: python | Confidence: high
INFO     AI_Evaluator:logger.py:83 Evaluation completed | Student ID: cache | Score: 70
INFO     AI_Evaluator:logger.py:79 Request received | Student ID: cache | Question: Find maximum in list
INFO     AI_Evaluator:logger.py:59 Processing evaluation | Student: cache | Language: python
INFO     AI_Evaluator:logger.py:59 Question profile | Student: cache | Language: python | Category: arrays_search_sort | Task: search_sort | Risk: medium
INFO     AI_Evaluator:logger.py:59 Evaluation path | Student: cache | Language: python | Mode: exact_match
INFO     AI_Evaluator:logger.py:83 Evaluation completed | Student ID: cache | Score: 100
INFO     AI_Evaluator:logger.py:79 Request received | Student ID: cache | Question: Find maximum in list
INFO     AI_Evaluator:logger.py:59 Processing evaluation | Student: cache | Language: python
INFO     AI_Evaluator:logger.py:59 Question profile | Student: cache | Language: python | Category: arrays_search_sort | Task: search_sort | Risk: medium
INFO     AI_Evaluator:logger.py:59 Evaluation path | Student: cache | Language: python | Mode: deterministic_shortcut | Type: zero_pass
INFO     AI_Evaluator:logger.py:59 Evaluation confidence | Student: cache | Language: python | Confidence: high
INFO     AI_Evaluator:logger.py:83 Evaluation completed | Student ID: cache | Score: 0
INFO     AI_Evaluator:logger.py:79 Request received | Student ID: cache | Question: Find maximum in list
INFO     AI_Evaluator:logger.py:59 Processing evaluation | Student: cache | Language: python
INFO     AI_Evaluator:logger.py:59 Question profile | Student: cache | Language: python | Category: arrays_search_sort | Task: search_sort | Risk: medium
INFO     AI_Evaluator:logger.py:59 Evaluation path | Student: cache | Language: python | Mode: deterministic_shortcut | Type: correct_but_inefficient
INFO     AI_Evaluator:logger.py:59 Evaluation confidence | Student: cache | Language: python | Confidence: high
INFO     AI_Evaluator:logger.py:83 Evaluation completed | Student ID: cache | Score: 87
INFO     AI_Evaluator:logger.py:79 Request received | Student ID: cache | Question: Count vowels in string
INFO     AI_Evaluator:logger.py:59 Processing evaluation | Student: cache | Language: python
INFO     AI_Evaluator:logger.py:59 Question profile | Student: cache | Language: python | Category: strings | Task: string_processing | Risk: low
INFO     AI_Evaluator:logger.py:59 Evaluation path | Student: cache | Language: python | Mode: exact_match
INFO     AI_Evaluator:logger.py:83 Evaluation completed | Student ID: cache | Score: 100
INFO     AI_Evaluator:logger.py:79 Request received | Student ID: cache | Question: Count vowels in string
INFO     AI_Evaluator:logger.py:59 Processing evaluation | Student: cache | Language: python
INFO     AI_Evaluator:logger.py:59 Question profile | Student: cache | Language: python | Category: strings | Task: string_processing | Risk: low
INFO     AI_Evaluator:logger.py:59 Evaluation path | Student: cache | Language: python | Mode: deterministic_shortcut | Type: full_pass
INFO     AI_Evaluator:logger.py:59 Evaluation confidence | Student: cache | Language: python | Confidence: high
INFO     AI_Evaluator:logger.py:83 Evaluation completed | Student ID: cache | Score: 100
INFO     AI_Evaluator:logger.py:79 Request received | Student ID: cache | Question: Count vowels in string
INFO     AI_Evaluator:logger.py:59 Processing evaluation | Student: cache | Language: python
INFO     AI_Evaluator:logger.py:59 Question profile | Student: cache | Language: python | Category: strings | Task: string_processing | Risk: low
INFO     AI_Evaluator:logger.py:59 Evaluation path | Student: cache | Language: python | Mode: deterministic_shortcut | Type: zero_pass
INFO     AI_Evaluator:logger.py:59 Evaluation confidence | Student: cache | Language: python | Confidence: high
INFO     AI_Evaluator:logger.py:83 Evaluation completed | Student ID: cache | Score: 0
INFO     AI_Evaluator:logger.py:79 Request received | Student ID: cache | Question: Check if number is positive
INFO     AI_Evaluator:logger.py:59 Processing evaluation | Student: cache | Language: python
INFO     AI_Evaluator:logger.py:59 Question profile | Student: cache | Language: python | Category: basics_math | Task: basic_logic | Risk: low
INFO     AI_Evaluator:logger.py:59 Evaluation path | Student: cache | Language: python | Mode: exact_match
INFO     AI_Evaluator:logger.py:83 Evaluation completed | Student ID: cache | Score: 100
INFO     AI_Evaluator:logger.py:79 Request received | Student ID: cache | Question: Reverse a list
INFO     AI_Evaluator:logger.py:59 Processing evaluation | Student: cache | Language: python
INFO     AI_Evaluator:logger.py:59 Question profile | Student: cache | Language: python | Category: arrays_lists | Task: data_processing | Risk: medium
INFO     AI_Evaluator:logger.py:59 Evaluation path | Student: cache | Language: python | Mode: exact_match
INFO     AI_Evaluator:logger.py:83 Evaluation completed | Student ID: cache | Score: 100
INFO     AI_Evaluator:logger.py:79 Request received | Student ID: cache | Question: Check if number is positive
INFO     AI_Evaluator:logger.py:59 Processing evaluation | Student: cache | Language: javascript
INFO     AI_Evaluator:logger.py:59 Question profile | Student: cache | Language: javascript | Category: basics_math | Task: basic_logic | Risk: low
INFO     AI_Evaluator:logger.py:59 Evaluation path | Student: cache | Language: javascript | Mode: exact_match
INFO     AI_Evaluator:logger.py:83 Evaluation completed | Student ID: cache | Score: 100
INFO     AI_Evaluator:logger.py:79 Request received | Student ID: cache | Question: Reverse a list
INFO     AI_Evaluator:logger.py:59 Processing evaluation | Student: cache | Language: javascript
INFO     AI_Evaluator:logger.py:59 Question profile | Student: cache | Language: javascript | Category: arrays_lists | Task: data_processing | Risk: medium
INFO     AI_Evaluator:logger.py:59 Evaluation path | Student: cache | Language: javascript | Mode: exact_match
INFO     AI_Evaluator:logger.py:83 Evaluation completed | Student ID: cache | Score: 100
INFO     AI_Evaluator:logger.py:79 Request received | Student ID: cache | Question: Check if number is positive
INFO     AI_Evaluator:logger.py:59 Processing evaluation | Student: cache | Language: java
INFO     AI_Evaluator:logger.py:59 Question profile | Student: cache | Language: java | Category: basics_math | Task: basic_logic | Risk: low
INFO     AI_Evaluator:logger.py:59 Evaluation path | Student: cache | Language: java | Mode: exact_match
INFO     AI_Evaluator:logger.py:83 Evaluation completed | Student ID: cache | Score: 100
INFO     AI_Evaluator:logger.py:79 Request received | Student ID: cache | Question: Reverse a list
INFO     AI_Evaluator:logger.py:59 Processing evaluation | Student: cache | Language: java
INFO     AI_Evaluator:logger.py:59 Question profile | Student: cache | Language: java | Category: arrays_lists | Task: data_processing | Risk: medium
INFO     AI_Evaluator:logger.py:59 Evaluation path | Student: cache | Language: java | Mode: exact_match
INFO     AI_Evaluator:logger.py:83 Evaluation completed | Student ID: cache | Score: 100
INFO     AI_Evaluator:logger.py:79 Request received | Student ID: cache | Question: Check if number is positive
INFO     AI_Evaluator:logger.py:59 Processing evaluation | Student: cache | Language: python
INFO     AI_Evaluator:logger.py:59 Question profile | Student: cache | Language: python | Category: basics_math | Task: basic_logic | Risk: low
INFO     AI_Evaluator:logger.py:59 Evaluation path | Student: cache | Language: python | Mode: deterministic_shortcut | Type: mostly_correct
INFO     AI_Evaluator:logger.py:59 Evaluation confidence | Student: cache | Language: python | Confidence: high
INFO     AI_Evaluator:logger.py:83 Evaluation completed | Student ID: cache | Score: 70
INFO     AI_Evaluator:logger.py:79 Request received | Student ID: cache | Question: Check if number is positive
INFO     AI_Evaluator:logger.py:59 Processing evaluation | Student: cache | Language: python
INFO     AI_Evaluator:logger.py:59 Question profile | Student: cache | Language: python | Category: basics_math | Task: basic_logic | Risk: low
INFO     AI_Evaluator:logger.py:59 Evaluation path | Student: cache | Language: python | Mode: deterministic_shortcut | Type: mostly_correct
INFO     AI_Evaluator:logger.py:59 Evaluation confidence | Student: cache | Language: python | Confidence: high
INFO     AI_Evaluator:logger.py:83 Evaluation completed | Student ID: cache | Score: 70
INFO     AI_Evaluator:logger.py:79 Request received | Student ID: cache | Question: Reverse a list
INFO     AI_Evaluator:logger.py:59 Processing evaluation | Student: cache | Language: python
INFO     AI_Evaluator:logger.py:59 Question profile | Student: cache | Language: python | Category: arrays_lists | Task: data_processing | Risk: medium
INFO     AI_Evaluator:logger.py:59 Evaluation path | Student: cache | Language: python | Mode: deterministic_shortcut | Type: zero_pass
INFO     AI_Evaluator:logger.py:59 Evaluation confidence | Student: cache | Language: python | Confidence: high
INFO     AI_Evaluator:logger.py:83 Evaluation completed | Student ID: cache | Score: 0
INFO     AI_Evaluator:logger.py:79 Request received | Student ID: cache | Question: Check if number is positive
INFO     AI_Evaluator:logger.py:59 Processing evaluation | Student: cache | Language: javascript
INFO     AI_Evaluator:logger.py:59 Question profile | Student: cache | Language: javascript | Category: basics_math | Task: basic_logic | Risk: low
INFO     AI_Evaluator:logger.py:59 Evaluation path | Student: cache | Language: javascript | Mode: deterministic_rule_shortcut
INFO     AI_Evaluator:logger.py:59 Evaluation confidence | Student: cache | Language: javascript | Confidence: medium
INFO     AI_Evaluator:logger.py:83 Evaluation completed | Student ID: cache | Score: 48
INFO     AI_Evaluator:logger.py:79 Request received | Student ID: cache | Question: Reverse a list
INFO     AI_Evaluator:logger.py:59 Processing evaluation | Student: cache | Language: javascript
INFO     AI_Evaluator:logger.py:59 Question profile | Student: cache | Language: javascript | Category: arrays_lists | Task: data_processing | Risk: medium
INFO     AI_Evaluator:logger.py:59 Evaluation path | Student: cache | Language: javascript | Mode: deterministic_rule_shortcut
INFO     AI_Evaluator:logger.py:59 Evaluation confidence | Student: cache | Language: javascript | Confidence: medium
INFO     AI_Evaluator:logger.py:83 Evaluation completed | Student ID: cache | Score: 0
INFO     AI_Evaluator:logger.py:79 Request received | Student ID: cache | Question: Check if number is positive
INFO     AI_Evaluator:logger.py:59 Processing evaluation | Student: cache | Language: java
INFO     AI_Evaluator:logger.py:59 Question profile | Student: cache | Language: java | Category: basics_math | Task: basic_logic | Risk: low
INFO     AI_Evaluator:logger.py:59 Evaluation path | Student: cache | Language: java | Mode: deterministic_shortcut | Type: mostly_correct
INFO     AI_Evaluator:logger.py:59 Evaluation confidence | Student: cache | Language: java | Confidence: high
INFO     AI_Evaluator:logger.py:83 Evaluation completed | Student ID: cache | Score: 70
INFO     AI_Evaluator:logger.py:79 Request received | Student ID: cache | Question: Reverse a list
INFO     AI_Evaluator:logger.py:59 Processing evaluation | Student: cache | Language: java
INFO     AI_Evaluator:logger.py:59 Question profile | Student: cache | Language: java | Category: arrays_lists | Task: data_processing | Risk: medium
INFO     AI_Evaluator:logger.py:59 Evaluation path | Student: cache | Language: java | Mode: hybrid | Reason: guarded llm review
INFO     AI_Evaluator:logger.py:59 Calling LLM...
INFO     AI_Evaluator:logger.py:59 Evaluation confidence | Student: cache | Language: java | Confidence: medium
INFO     AI_Evaluator:logger.py:83 Evaluation completed | Student ID: cache | Score: 2
INFO     AI_Evaluator:logger.py:79 Request received | Student ID: cache | Question: Check if number is odd
INFO     AI_Evaluator:logger.py:59 Processing evaluation | Student: cache | Language: python
INFO     AI_Evaluator:logger.py:59 Question profile | Student: cache | Language: python | Category: general | Task: unknown | Risk: medium
INFO     AI_Evaluator:logger.py:59 Evaluation path | Student: cache | Language: python | Mode: exact_match
INFO     AI_Evaluator:logger.py:83 Evaluation completed | Student ID: cache | Score: 100
INFO     AI_Evaluator:logger.py:79 Request received | Student ID: cache | Question: Check if number is odd
INFO     AI_Evaluator:logger.py:59 Processing evaluation | Student: cache | Language: python
INFO     AI_Evaluator:logger.py:59 Question profile | Student: cache | Language: python | Category: general | Task: unknown | Risk: medium
INFO     AI_Evaluator:logger.py:59 Evaluation path | Student: cache | Language: python | Mode: deterministic_shortcut | Type: zero_pass
INFO     AI_Evaluator:logger.py:59 Evaluation confidence | Student: cache | Language: python | Confidence: high
INFO     AI_Evaluator:logger.py:83 Evaluation completed | Student ID: cache | Score: 0
INFO     AI_Evaluator:logger.py:79 Request received | Student ID: cache | Question: Find average of list
INFO     AI_Evaluator:logger.py:59 Processing evaluation | Student: cache | Language: python
INFO     AI_Evaluator:logger.py:59 Question profile | Student: cache | Language: python | Category: arrays_lists | Task: data_processing | Risk: medium
INFO     AI_Evaluator:logger.py:59 Evaluation path | Student: cache | Language: python | Mode: exact_match
INFO     AI_Evaluator:logger.py:83 Evaluation completed | Student ID: cache | Score: 100
INFO     AI_Evaluator:logger.py:79 Request received | Student ID: cache | Question: Find average of list
INFO     AI_Evaluator:logger.py:59 Processing evaluation | Student: cache | Language: python
INFO     AI_Evaluator:logger.py:59 Question profile | Student: cache | Language: python | Category: arrays_lists | Task: data_processing | Risk: medium
INFO     AI_Evaluator:logger.py:59 Evaluation path | Student: cache | Language: python | Mode: deterministic_shortcut | Type: zero_pass
INFO     AI_Evaluator:logger.py:59 Evaluation confidence | Student: cache | Language: python | Confidence: high
INFO     AI_Evaluator:logger.py:83 Evaluation completed | Student ID: cache | Score: 0
INFO     AI_Evaluator:logger.py:79 Request received | Student ID: cache | Question: Check if list is empty
INFO     AI_Evaluator:logger.py:59 Processing evaluation | Student: cache | Language: python
INFO     AI_Evaluator:logger.py:59 Question profile | Student: cache | Language: python | Category: arrays_lists | Task: data_processing | Risk: medium
INFO     AI_Evaluator:logger.py:59 Evaluation path | Student: cache | Language: python | Mode: deterministic_shortcut | Type: full_pass
INFO     AI_Evaluator:logger.py:59 Evaluation confidence | Student: cache | Language: python | Confidence: high
INFO     AI_Evaluator:logger.py:83 Evaluation completed | Student ID: cache | Score: 100
INFO     AI_Evaluator:logger.py:79 Request received | Student ID: cache | Question: Check if list is empty
INFO     AI_Evaluator:logger.py:59 Processing evaluation | Student: cache | Language: python
INFO     AI_Evaluator:logger.py:59 Question profile | Student: cache | Language: python | Category: arrays_lists | Task: data_processing | Risk: medium
INFO     AI_Evaluator:logger.py:59 Evaluation path | Student: cache | Language: python | Mode: deterministic_shortcut | Type: zero_pass
INFO     AI_Evaluator:logger.py:59 Evaluation confidence | Student: cache | Language: python | Confidence: high
INFO     AI_Evaluator:logger.py:83 Evaluation completed | Student ID: cache | Score: 0
INFO     AI_Evaluator:logger.py:79 Request received | Student ID: cache | Question: Subtract two numbers
INFO     AI_Evaluator:logger.py:59 Processing evaluation | Student: cache | Language: python
INFO     AI_Evaluator:logger.py:59 Question profile | Student: cache | Language: python | Category: general | Task: unknown | Risk: medium
INFO     AI_Evaluator:logger.py:59 Evaluation path | Student: cache | Language: python | Mode: exact_match
INFO     AI_Evaluator:logger.py:83 Evaluation completed | Student ID: cache | Score: 100
INFO     AI_Evaluator:logger.py:79 Request received | Student ID: cache | Question: Subtract two numbers
INFO     AI_Evaluator:logger.py:59 Processing evaluation | Student: cache | Language: python
INFO     AI_Evaluator:logger.py:59 Question profile | Student: cache | Language: python | Category: general | Task: unknown | Risk: medium
INFO     AI_Evaluator:logger.py:59 Evaluation path | Student: cache | Language: python | Mode: deterministic_shortcut | Type: zero_pass
INFO     AI_Evaluator:logger.py:59 Evaluation confidence | Student: cache | Language: python | Confidence: high
INFO     AI_Evaluator:logger.py:83 Evaluation completed | Student ID: cache | Score: 0
INFO     AI_Evaluator:logger.py:79 Request received | Student ID: cache | Question: Multiply two numbers
INFO     AI_Evaluator:logger.py:59 Processing evaluation | Student: cache | Language: python
INFO     AI_Evaluator:logger.py:59 Question profile | Student: cache | Language: python | Category: general | Task: unknown | Risk: medium
INFO     AI_Evaluator:logger.py:59 Evaluation path | Student: cache | Language: python | Mode: exact_match
INFO     AI_Evaluator:logger.py:83 Evaluation completed | Student ID: cache | Score: 100
INFO     AI_Evaluator:logger.py:79 Request received | Student ID: cache | Question: Divide two numbers
INFO     AI_Evaluator:logger.py:59 Processing evaluation | Student: cache | Language: python
INFO     AI_Evaluator:logger.py:59 Question profile | Student: cache | Language: python | Category: general | Task: unknown | Risk: medium
INFO     AI_Evaluator:logger.py:59 Evaluation path | Student: cache | Language: python | Mode: exact_match
INFO     AI_Evaluator:logger.py:83 Evaluation completed | Student ID: cache | Score: 100
INFO     AI_Evaluator:logger.py:79 Request received | Student ID: cache | Question: Convert string to uppercase
INFO     AI_Evaluator:logger.py:59 Processing evaluation | Student: cache | Language: python
INFO     AI_Evaluator:logger.py:59 Question profile | Student: cache | Language: python | Category: strings | Task: string_processing | Risk: low
INFO     AI_Evaluator:logger.py:59 Evaluation path | Student: cache | Language: python | Mode: exact_match
INFO     AI_Evaluator:logger.py:83 Evaluation completed | Student ID: cache | Score: 100
INFO     AI_Evaluator:logger.py:79 Request received | Student ID: cache | Question: Convert string to lowercase
INFO     AI_Evaluator:logger.py:59 Processing evaluation | Student: cache | Language: python
INFO     AI_Evaluator:logger.py:59 Question profile | Student: cache | Language: python | Category: strings | Task: string_processing | Risk: low
INFO     AI_Evaluator:logger.py:59 Evaluation path | Student: cache | Language: python | Mode: exact_match
INFO     AI_Evaluator:logger.py:83 Evaluation completed | Student ID: cache | Score: 100
INFO     AI_Evaluator:logger.py:79 Request received | Student ID: cache | Question: Reverse a string
INFO     AI_Evaluator:logger.py:59 Processing evaluation | Student: cache | Language: python
INFO     AI_Evaluator:logger.py:59 Question profile | Student: cache | Language: python | Category: strings | Task: string_processing | Risk: low
INFO     AI_Evaluator:logger.py:59 Evaluation path | Student: cache | Language: python | Mode: exact_match
INFO     AI_Evaluator:logger.py:83 Evaluation completed | Student ID: cache | Score: 100
INFO     AI_Evaluator:logger.py:79 Request received | Student ID: cache | Question: Find length of list
INFO     AI_Evaluator:logger.py:59 Processing evaluation | Student: cache | Language: python
INFO     AI_Evaluator:logger.py:59 Question profile | Student: cache | Language: python | Category: arrays_lists | Task: data_processing | Risk: medium
INFO     AI_Evaluator:logger.py:59 Evaluation path | Student: cache | Language: python | Mode: exact_match
INFO     AI_Evaluator:logger.py:83 Evaluation completed | Student ID: cache | Score: 100
INFO     AI_Evaluator:logger.py:79 Request received | Student ID: cache | Question: Find first element in list
INFO     AI_Evaluator:logger.py:59 Processing evaluation | Student: cache | Language: python
INFO     AI_Evaluator:logger.py:59 Question profile | Student: cache | Language: python | Category: arrays_lists | Task: data_processing | Risk: medium
INFO     AI_Evaluator:logger.py:59 Evaluation path | Student: cache | Language: python | Mode: exact_match
INFO     AI_Evaluator:logger.py:83 Evaluation completed | Student ID: cache | Score: 100
INFO     AI_Evaluator:logger.py:79 Request received | Student ID: cache | Question: Find last element in list
INFO     AI_Evaluator:logger.py:59 Processing evaluation | Student: cache | Language: python
INFO     AI_Evaluator:logger.py:59 Question profile | Student: cache | Language: python | Category: arrays_lists | Task: data_processing | Risk: medium
INFO     AI_Evaluator:logger.py:59 Evaluation path | Student: cache | Language: python | Mode: exact_match
INFO     AI_Evaluator:logger.py:83 Evaluation completed | Student ID: cache | Score: 100
INFO     AI_Evaluator:logger.py:79 Request received | Student ID: cache | Question: Find sum of list
INFO     AI_Evaluator:logger.py:59 Processing evaluation | Student: cache | Language: python
INFO     AI_Evaluator:logger.py:59 Question profile | Student: cache | Language: python | Category: arrays_lists | Task: data_processing | Risk: medium
INFO     AI_Evaluator:logger.py:59 Evaluation path | Student: cache | Language: python | Mode: exact_match
INFO     AI_Evaluator:logger.py:83 Evaluation completed | Student ID: cache | Score: 100
INFO     AI_Evaluator:logger.py:79 Request received | Student ID: cache | Question: Check if two variables reference the same object (
INFO     AI_Evaluator:logger.py:59 Processing evaluation | Student: cache | Language: python
INFO     AI_Evaluator:logger.py:59 Question profile | Student: cache | Language: python | Category: general | Task: unknown | Risk: medium
INFO     AI_Evaluator:logger.py:59 Evaluation path | Student: cache | Language: python | Mode: exact_match
INFO     AI_Evaluator:logger.py:83 Evaluation completed | Student ID: cache | Score: 100
INFO     AI_Evaluator:logger.py:79 Request received | Student ID: cache | Question: Type check using isinstance
INFO     AI_Evaluator:logger.py:59 Processing evaluation | Student: cache | Language: python
INFO     AI_Evaluator:logger.py:59 Question profile | Student: cache | Language: python | Category: general | Task: unknown | Risk: medium
INFO     AI_Evaluator:logger.py:59 Evaluation path | Student: cache | Language: python | Mode: exact_match
INFO     AI_Evaluator:logger.py:83 Evaluation completed | Student ID: cache | Score: 100
INFO     AI_Evaluator:logger.py:79 Request received | Student ID: cache | Question: Check if element is in list
INFO     AI_Evaluator:logger.py:59 Processing evaluation | Student: cache | Language: python
INFO     AI_Evaluator:logger.py:59 Question profile | Student: cache | Language: python | Category: arrays_lists | Task: data_processing | Risk: medium
INFO     AI_Evaluator:logger.py:59 Evaluation path | Student: cache | Language: python | Mode: exact_match
INFO     AI_Evaluator:logger.py:83 Evaluation completed | Student ID: cache | Score: 100
INFO     AI_Evaluator:logger.py:79 Request received | Student ID: cache | Question: Write an async function
INFO     AI_Evaluator:logger.py:59 Processing evaluation | Student: cache | Language: python
INFO     AI_Evaluator:logger.py:59 Question profile | Student: cache | Language: python | Category: general_code | Task: function_logic | Risk: medium
INFO     AI_Evaluator:logger.py:59 Evaluation path | Student: cache | Language: python | Mode: exact_match
INFO     AI_Evaluator:logger.py:83 Evaluation completed | Student ID: cache | Score: 100
INFO     AI_Evaluator:logger.py:79 Request received | Student ID: cache | Question: Make an HTTP GET request using requests
INFO     AI_Evaluator:logger.py:59 Processing evaluation | Student: cache | Language: python
INFO     AI_Evaluator:logger.py:59 Question profile | Student: cache | Language: python | Category: general | Task: unknown | Risk: medium
INFO     AI_Evaluator:logger.py:59 Evaluation path | Student: cache | Language: python | Mode: exact_match
INFO     AI_Evaluator:logger.py:83 Evaluation completed | Student ID: cache | Score: 100
INFO     AI_Evaluator:logger.py:79 Request received | Student ID: cache | Question: Connect to SQLite using sqlite3
INFO     AI_Evaluator:logger.py:59 Processing evaluation | Student: cache | Language: python
INFO     AI_Evaluator:logger.py:59 Question profile | Student: cache | Language: python | Category: general | Task: unknown | Risk: medium
INFO     AI_Evaluator:logger.py:59 Evaluation path | Student: cache | Language: python | Mode: exact_match
INFO     AI_Evaluator:logger.py:83 Evaluation completed | Student ID: cache | Score: 100
INFO     AI_Evaluator:logger.py:79 Request received | Student ID: cache | Question: Create a NumPy array
INFO     AI_Evaluator:logger.py:59 Processing evaluation | Student: cache | Language: python
INFO     AI_Evaluator:logger.py:59 Question profile | Student: cache | Language: python | Category: arrays_lists | Task: data_processing | Risk: medium
INFO     AI_Evaluator:logger.py:59 Evaluation path | Student: cache | Language: python | Mode: exact_match
INFO     AI_Evaluator:logger.py:83 Evaluation completed | Student ID: cache | Score: 100
INFO     AI_Evaluator:logger.py:79 Request received | Student ID: cache | Question: Create a pandas DataFrame
INFO     AI_Evaluator:logger.py:59 Processing evaluation | Student: cache | Language: python
INFO     AI_Evaluator:logger.py:59 Question profile | Student: cache | Language: python | Category: general | Task: unknown | Risk: medium
INFO     AI_Evaluator:logger.py:59 Evaluation path | Student: cache | Language: python | Mode: exact_match
INFO     AI_Evaluator:logger.py:83 Evaluation completed | Student ID: cache | Score: 100
INFO     AI_Evaluator:logger.py:79 Request received | Student ID: cache | Question: Plot a line using matplotlib
INFO     AI_Evaluator:logger.py:59 Processing evaluation | Student: cache | Language: python
INFO     AI_Evaluator:logger.py:59 Question profile | Student: cache | Language: python | Category: general | Task: unknown | Risk: medium
INFO     AI_Evaluator:logger.py:59 Evaluation path | Student: cache | Language: python | Mode: exact_match
INFO     AI_Evaluator:logger.py:83 Evaluation completed | Student ID: cache | Score: 100
INFO     AI_Evaluator:logger.py:79 Request received | Student ID: cache | Question: Create a Flask app
INFO     AI_Evaluator:logger.py:59 Processing evaluation | Student: cache | Language: python
INFO     AI_Evaluator:logger.py:59 Question profile | Student: cache | Language: python | Category: general | Task: unknown | Risk: medium
INFO     AI_Evaluator:logger.py:59 Evaluation path | Student: cache | Language: python | Mode: exact_match
INFO     AI_Evaluator:logger.py:83 Evaluation completed | Student ID: cache | Score: 100
INFO     AI_Evaluator:logger.py:79 Request received | Student ID: cache | Question: Use a decorator in Python
INFO     AI_Evaluator:logger.py:59 Processing evaluation | Student: cache | Language: python
INFO     AI_Evaluator:logger.py:59 Question profile | Student: cache | Language: python | Category: general | Task: unknown | Risk: medium
INFO     AI_Evaluator:logger.py:59 Evaluation path | Student: cache | Language: python | Mode: exact_match
INFO     AI_Evaluator:logger.py:83 Evaluation completed | Student ID: cache | Score: 100
INFO     AI_Evaluator:logger.py:79 Request received | Student ID: cache | Question: Use a context manager
INFO     AI_Evaluator:logger.py:59 Processing evaluation | Student: cache | Language: python
INFO     AI_Evaluator:logger.py:59 Question profile | Student: cache | Language: python | Category: general | Task: unknown | Risk: medium
INFO     AI_Evaluator:logger.py:59 Evaluation path | Student: cache | Language: python | Mode: exact_match
INFO     AI_Evaluator:logger.py:83 Evaluation completed | Student ID: cache | Score: 100
INFO     AI_Evaluator:logger.py:79 Request received | Student ID: cache | Question: Check if two variables reference the same object (
INFO     AI_Evaluator:logger.py:59 Processing evaluation | Student: cache | Language: python
INFO     AI_Evaluator:logger.py:59 Question profile | Student: cache | Language: python | Category: general | Task: unknown | Risk: medium
INFO     AI_Evaluator:logger.py:59 Evaluation path | Student: cache | Language: python | Mode: deterministic_shortcut | Type: zero_pass
INFO     AI_Evaluator:logger.py:59 Evaluation confidence | Student: cache | Language: python | Confidence: high
INFO     AI_Evaluator:logger.py:83 Evaluation completed | Student ID: cache | Score: 0
INFO     AI_Evaluator:logger.py:79 Request received | Student ID: cache | Question: Type check using isinstance
INFO     AI_Evaluator:logger.py:59 Processing evaluation | Student: cache | Language: python
INFO     AI_Evaluator:logger.py:59 Question profile | Student: cache | Language: python | Category: general | Task: unknown | Risk: medium
INFO     AI_Evaluator:logger.py:59 Evaluation path | Student: cache | Language: python | Mode: deterministic_shortcut | Type: zero_pass
INFO     AI_Evaluator:logger.py:59 Evaluation confidence | Student: cache | Language: python | Confidence: high
INFO     AI_Evaluator:logger.py:83 Evaluation completed | Student ID: cache | Score: 0
INFO     AI_Evaluator:logger.py:79 Request received | Student ID: cache | Question: Check if element is in list
INFO     AI_Evaluator:logger.py:59 Processing evaluation | Student: cache | Language: python
INFO     AI_Evaluator:logger.py:59 Question profile | Student: cache | Language: python | Category: arrays_lists | Task: data_processing | Risk: medium
INFO     AI_Evaluator:logger.py:59 Evaluation path | Student: cache | Language: python | Mode: deterministic_shortcut | Type: zero_pass
INFO     AI_Evaluator:logger.py:59 Evaluation confidence | Student: cache | Language: python | Confidence: high
INFO     AI_Evaluator:logger.py:83 Evaluation completed | Student ID: cache | Score: 0
INFO     AI_Evaluator:logger.py:79 Request received | Student ID: cache | Question: Write an async function
INFO     AI_Evaluator:logger.py:59 Processing evaluation | Student: cache | Language: python
INFO     AI_Evaluator:logger.py:59 Question profile | Student: cache | Language: python | Category: general_code | Task: function_logic | Risk: medium
INFO     AI_Evaluator:logger.py:59 Evaluation path | Student: cache | Language: python | Mode: deterministic_shortcut | Type: zero_pass
INFO     AI_Evaluator:logger.py:59 Evaluation confidence | Student: cache | Language: python | Confidence: high
INFO     AI_Evaluator:logger.py:83 Evaluation completed | Student ID: cache | Score: 0
INFO     AI_Evaluator:logger.py:79 Request received | Student ID: cache | Question: Make an HTTP GET request using requests
INFO     AI_Evaluator:logger.py:59 Processing evaluation | Student: cache | Language: python
INFO     AI_Evaluator:logger.py:59 Question profile | Student: cache | Language: python | Category: general | Task: unknown | Risk: medium
INFO     AI_Evaluator:logger.py:59 Evaluation path | Student: cache | Language: python | Mode: deterministic_shortcut | Type: zero_pass
INFO     AI_Evaluator:logger.py:59 Evaluation confidence | Student: cache | Language: python | Confidence: high
INFO     AI_Evaluator:logger.py:83 Evaluation completed | Student ID: cache | Score: 0
INFO     AI_Evaluator:logger.py:79 Request received | Student ID: cache | Question: Connect to SQLite using sqlite3
INFO     AI_Evaluator:logger.py:59 Processing evaluation | Student: cache | Language: python
INFO     AI_Evaluator:logger.py:59 Question profile | Student: cache | Language: python | Category: general | Task: unknown | Risk: medium
INFO     AI_Evaluator:logger.py:59 Evaluation path | Student: cache | Language: python | Mode: deterministic_shortcut | Type: zero_pass
INFO     AI_Evaluator:logger.py:59 Evaluation confidence | Student: cache | Language: python | Confidence: high
INFO     AI_Evaluator:logger.py:83 Evaluation completed | Student ID: cache | Score: 0
INFO     AI_Evaluator:logger.py:79 Request received | Student ID: cache | Question: Create a NumPy array
INFO     AI_Evaluator:logger.py:59 Processing evaluation | Student: cache | Language: python
INFO     AI_Evaluator:logger.py:59 Question profile | Student: cache | Language: python | Category: arrays_lists | Task: data_processing | Risk: medium
INFO     AI_Evaluator:logger.py:59 Evaluation path | Student: cache | Language: python | Mode: deterministic_shortcut | Type: mostly_correct
INFO     AI_Evaluator:logger.py:59 Evaluation confidence | Student: cache | Language: python | Confidence: high
INFO     AI_Evaluator:logger.py:83 Evaluation completed | Student ID: cache | Score: 48
INFO     AI_Evaluator:logger.py:79 Request received | Student ID: cache | Question: Create a pandas DataFrame
INFO     AI_Evaluator:logger.py:59 Processing evaluation | Student: cache | Language: python
INFO     AI_Evaluator:logger.py:59 Question profile | Student: cache | Language: python | Category: general | Task: unknown | Risk: medium
INFO     AI_Evaluator:logger.py:59 Evaluation path | Student: cache | Language: python | Mode: deterministic_shortcut | Type: mostly_correct
INFO     AI_Evaluator:logger.py:59 Evaluation confidence | Student: cache | Language: python | Confidence: high
INFO     AI_Evaluator:logger.py:83 Evaluation completed | Student ID: cache | Score: 48
INFO     AI_Evaluator:logger.py:79 Request received | Student ID: cache | Question: Plot a line using matplotlib
INFO     AI_Evaluator:logger.py:59 Processing evaluation | Student: cache | Language: python
INFO     AI_Evaluator:logger.py:59 Question profile | Student: cache | Language: python | Category: general | Task: unknown | Risk: medium
INFO     AI_Evaluator:logger.py:59 Evaluation path | Student: cache | Language: python | Mode: deterministic_shortcut | Type: mostly_correct
INFO     AI_Evaluator:logger.py:59 Evaluation confidence | Student: cache | Language: python | Confidence: high
INFO     AI_Evaluator:logger.py:83 Evaluation completed | Student ID: cache | Score: 48
INFO     AI_Evaluator:logger.py:79 Request received | Student ID: cache | Question: Create a Flask app
INFO     AI_Evaluator:logger.py:59 Processing evaluation | Student: cache | Language: python
INFO     AI_Evaluator:logger.py:59 Question profile | Student: cache | Language: python | Category: general | Task: unknown | Risk: medium
INFO     AI_Evaluator:logger.py:59 Evaluation path | Student: cache | Language: python | Mode: deterministic_shortcut | Type: zero_pass
INFO     AI_Evaluator:logger.py:59 Evaluation confidence | Student: cache | Language: python | Confidence: high
INFO     AI_Evaluator:logger.py:83 Evaluation completed | Student ID: cache | Score: 0
INFO     AI_Evaluator:logger.py:79 Request received | Student ID: cache | Question: Use a decorator in Python
INFO     AI_Evaluator:logger.py:59 Processing evaluation | Student: cache | Language: python
INFO     AI_Evaluator:logger.py:59 Question profile | Student: cache | Language: python | Category: general | Task: unknown | Risk: medium
INFO     AI_Evaluator:logger.py:59 Evaluation path | Student: cache | Language: python | Mode: deterministic_shortcut | Type: zero_pass
INFO     AI_Evaluator:logger.py:59 Evaluation confidence | Student: cache | Language: python | Confidence: high
INFO     AI_Evaluator:logger.py:83 Evaluation completed | Student ID: cache | Score: 0
INFO     AI_Evaluator:logger.py:79 Request received | Student ID: cache | Question: Use a context manager
INFO     AI_Evaluator:logger.py:59 Processing evaluation | Student: cache | Language: python
INFO     AI_Evaluator:logger.py:59 Question profile | Student: cache | Language: python | Category: general | Task: unknown | Risk: medium
INFO     AI_Evaluator:logger.py:59 Evaluation path | Student: cache | Language: python | Mode: deterministic_shortcut | Type: zero_pass
INFO     AI_Evaluator:logger.py:59 Evaluation confidence | Student: cache | Language: python | Confidence: high
INFO     AI_Evaluator:logger.py:83 Evaluation completed | Student ID: cache | Score: 0
INFO     AI_Evaluator:logger.py:79 Request received | Student ID: cache | Question: Use multithreading with threading
INFO     AI_Evaluator:logger.py:59 Processing evaluation | Student: cache | Language: python
INFO     AI_Evaluator:logger.py:59 Question profile | Student: cache | Language: python | Category: general | Task: unknown | Risk: medium
INFO     AI_Evaluator:logger.py:59 Evaluation path | Student: cache | Language: python | Mode: deterministic_shortcut | Type: zero_pass
INFO     AI_Evaluator:logger.py:59 Evaluation confidence | Student: cache | Language: python | Confidence: high
INFO     AI_Evaluator:logger.py:83 Evaluation completed | Student ID: cache | Score: 0
INFO     AI_Evaluator:logger.py:79 Request received | Student ID: cache | Question: Use multiprocessing to run a task
INFO     AI_Evaluator:logger.py:59 Processing evaluation | Student: cache | Language: python
INFO     AI_Evaluator:logger.py:59 Question profile | Student: cache | Language: python | Category: general | Task: unknown | Risk: medium
INFO     AI_Evaluator:logger.py:59 Evaluation path | Student: cache | Language: python | Mode: deterministic_shortcut | Type: zero_pass
INFO     AI_Evaluator:logger.py:59 Evaluation confidence | Student: cache | Language: python | Confidence: high
INFO     AI_Evaluator:logger.py:83 Evaluation completed | Student ID: cache | Score: 0
INFO     AI_Evaluator:logger.py:79 Request received | Student ID: cache | Question: Log a message using logging
INFO     AI_Evaluator:logger.py:59 Processing evaluation | Student: cache | Language: python
INFO     AI_Evaluator:logger.py:59 Question profile | Student: cache | Language: python | Category: general | Task: unknown | Risk: medium
INFO     AI_Evaluator:logger.py:59 Evaluation path | Student: cache | Language: python | Mode: deterministic_shortcut | Type: mostly_correct
INFO     AI_Evaluator:logger.py:59 Evaluation confidence | Student: cache | Language: python | Confidence: high
INFO     AI_Evaluator:logger.py:83 Evaluation completed | Student ID: cache | Score: 48
INFO     AI_Evaluator:logger.py:79 Request received | Student ID: cache | Question: Write a pytest test case
INFO     AI_Evaluator:logger.py:59 Processing evaluation | Student: cache | Language: python
INFO     AI_Evaluator:logger.py:59 Question profile | Student: cache | Language: python | Category: general | Task: unknown | Risk: medium
INFO     AI_Evaluator:logger.py:59 Evaluation path | Student: cache | Language: python | Mode: deterministic_shortcut | Type: zero_pass
INFO     AI_Evaluator:logger.py:59 Evaluation confidence | Student: cache | Language: python | Confidence: high
INFO     AI_Evaluator:logger.py:83 Evaluation completed | Student ID: cache | Score: 0
INFO     AI_Evaluator:logger.py:79 Request received | Student ID: cache | Question: Write a unittest TestCase
INFO     AI_Evaluator:logger.py:59 Processing evaluation | Student: cache | Language: python
INFO     AI_Evaluator:logger.py:59 Question profile | Student: cache | Language: python | Category: general | Task: unknown | Risk: medium
INFO     AI_Evaluator:logger.py:59 Evaluation path | Student: cache | Language: python | Mode: deterministic_shortcut | Type: mostly_correct
INFO     AI_Evaluator:logger.py:59 Evaluation confidence | Student: cache | Language: python | Confidence: high
INFO     AI_Evaluator:logger.py:83 Evaluation completed | Student ID: cache | Score: 48
INFO     AI_Evaluator:logger.py:79 Request received | Student ID: cache | Question: Create a Django view
INFO     AI_Evaluator:logger.py:59 Processing evaluation | Student: cache | Language: python
INFO     AI_Evaluator:logger.py:59 Question profile | Student: cache | Language: python | Category: general | Task: unknown | Risk: medium
INFO     AI_Evaluator:logger.py:59 Evaluation path | Student: cache | Language: python | Mode: deterministic_shortcut | Type: mostly_correct
INFO     AI_Evaluator:logger.py:59 Evaluation confidence | Student: cache | Language: python | Confidence: high
INFO     AI_Evaluator:logger.py:83 Evaluation completed | Student ID: cache | Score: 48
INFO     AI_Evaluator:logger.py:79 Request received | Student ID: cache | Question: Create a FastAPI app
INFO     AI_Evaluator:logger.py:59 Processing evaluation | Student: cache | Language: python
INFO     AI_Evaluator:logger.py:59 Question profile | Student: cache | Language: python | Category: general | Task: unknown | Risk: medium
INFO     AI_Evaluator:logger.py:59 Evaluation path | Student: cache | Language: python | Mode: deterministic_shortcut | Type: mostly_correct
INFO     AI_Evaluator:logger.py:59 Evaluation confidence | Student: cache | Language: python | Confidence: high
INFO     AI_Evaluator:logger.py:83 Evaluation completed | Student ID: cache | Score: 48
INFO     AI_Evaluator:logger.py:79 Request received | Student ID: cache | Question: Create a Tkinter window
INFO     AI_Evaluator:logger.py:59 Processing evaluation | Student: cache | Language: python
INFO     AI_Evaluator:logger.py:59 Question profile | Student: cache | Language: python | Category: general | Task: unknown | Risk: medium
INFO     AI_Evaluator:logger.py:59 Evaluation path | Student: cache | Language: python | Mode: deterministic_shortcut | Type: zero_pass
INFO     AI_Evaluator:logger.py:59 Evaluation confidence | Student: cache | Language: python | Confidence: high
INFO     AI_Evaluator:logger.py:83 Evaluation completed | Student ID: cache | Score: 0
INFO     AI_Evaluator:logger.py:79 Request received | Student ID: cache | Question: Create a PyQt application
INFO     AI_Evaluator:logger.py:59 Processing evaluation | Student: cache | Language: python
INFO     AI_Evaluator:logger.py:59 Question profile | Student: cache | Language: python | Category: general | Task: unknown | Risk: medium
INFO     AI_Evaluator:logger.py:59 Evaluation path | Student: cache | Language: python | Mode: deterministic_shortcut | Type: zero_pass
INFO     AI_Evaluator:logger.py:59 Evaluation confidence | Student: cache | Language: python | Confidence: high
INFO     AI_Evaluator:logger.py:83 Evaluation completed | Student ID: cache | Score: 0
INFO     AI_Evaluator:logger.py:79 Request received | Student ID: cache | Question: Train a model using scikit-learn
INFO     AI_Evaluator:logger.py:59 Processing evaluation | Student: cache | Language: python
INFO     AI_Evaluator:logger.py:59 Question profile | Student: cache | Language: python | Category: general | Task: unknown | Risk: medium
INFO     AI_Evaluator:logger.py:59 Evaluation path | Student: cache | Language: python | Mode: deterministic_shortcut | Type: zero_pass
INFO     AI_Evaluator:logger.py:59 Evaluation confidence | Student: cache | Language: python | Confidence: high
INFO     AI_Evaluator:logger.py:83 Evaluation completed | Student ID: cache | Score: 0
INFO     AI_Evaluator:logger.py:79 Request received | Student ID: cache | Question: Use a lambda function
INFO     AI_Evaluator:logger.py:59 Processing evaluation | Student: cache | Language: python
INFO     AI_Evaluator:logger.py:59 Question profile | Student: cache | Language: python | Category: general_code | Task: function_logic | Risk: medium
INFO     AI_Evaluator:logger.py:59 Evaluation path | Student: cache | Language: python | Mode: exact_match
INFO     AI_Evaluator:logger.py:83 Evaluation completed | Student ID: cache | Score: 100
INFO     AI_Evaluator:logger.py:79 Request received | Student ID: cache | Question: Use a lambda function
INFO     AI_Evaluator:logger.py:59 Processing evaluation | Student: cache | Language: python
INFO     AI_Evaluator:logger.py:59 Question profile | Student: cache | Language: python | Category: general_code | Task: function_logic | Risk: medium
INFO     AI_Evaluator:logger.py:59 Evaluation path | Student: cache | Language: python | Mode: deterministic_shortcut | Type: zero_pass
INFO     AI_Evaluator:logger.py:59 Evaluation confidence | Student: cache | Language: python | Confidence: high
INFO     AI_Evaluator:logger.py:83 Evaluation completed | Student ID: cache | Score: 0
INFO     AI_Evaluator:logger.py:79 Request received | Student ID: cache | Question: Validate input using regular expression
INFO     AI_Evaluator:logger.py:59 Processing evaluation | Student: cache | Language: python
INFO     AI_Evaluator:logger.py:59 Question profile | Student: cache | Language: python | Category: general | Task: unknown | Risk: medium
INFO     AI_Evaluator:logger.py:59 Evaluation path | Student: cache | Language: python | Mode: exact_match
INFO     AI_Evaluator:logger.py:83 Evaluation completed | Student ID: cache | Score: 100
INFO     AI_Evaluator:logger.py:79 Request received | Student ID: cache | Question: Validate input using regular expression
INFO     AI_Evaluator:logger.py:59 Processing evaluation | Student: cache | Language: python
INFO     AI_Evaluator:logger.py:59 Question profile | Student: cache | Language: python | Category: general | Task: unknown | Risk: medium
INFO     AI_Evaluator:logger.py:59 Evaluation path | Student: cache | Language: python | Mode: deterministic_shortcut | Type: zero_pass
INFO     AI_Evaluator:logger.py:59 Evaluation confidence | Student: cache | Language: python | Confidence: high
INFO     AI_Evaluator:logger.py:83 Evaluation completed | Student ID: cache | Score: 0
INFO     AI_Evaluator:logger.py:79 Request received | Student ID: cache | Question: Parse a JSON string
INFO     AI_Evaluator:logger.py:59 Processing evaluation | Student: cache | Language: python
INFO     AI_Evaluator:logger.py:59 Question profile | Student: cache | Language: python | Category: io_parsing | Task: parsing | Risk: high
INFO     AI_Evaluator:logger.py:59 Evaluation path | Student: cache | Language: python | Mode: exact_match
INFO     AI_Evaluator:logger.py:83 Evaluation completed | Student ID: cache | Score: 100
INFO     AI_Evaluator:logger.py:79 Request received | Student ID: cache | Question: Parse a JSON string
INFO     AI_Evaluator:logger.py:59 Processing evaluation | Student: cache | Language: python
INFO     AI_Evaluator:logger.py:59 Question profile | Student: cache | Language: python | Category: io_parsing | Task: parsing | Risk: high
INFO     AI_Evaluator:logger.py:59 Evaluation path | Student: cache | Language: python | Mode: deterministic_shortcut | Type: zero_pass
INFO     AI_Evaluator:logger.py:59 Evaluation confidence | Student: cache | Language: python | Confidence: high
INFO     AI_Evaluator:logger.py:83 Evaluation completed | Student ID: cache | Score: 0
INFO     AI_Evaluator:logger.py:79 Request received | Student ID: cache | Question: Serialize data to JSON
INFO     AI_Evaluator:logger.py:59 Processing evaluation | Student: cache | Language: python
INFO     AI_Evaluator:logger.py:59 Question profile | Student: cache | Language: python | Category: io_parsing | Task: parsing | Risk: high
INFO     AI_Evaluator:logger.py:59 Evaluation path | Student: cache | Language: python | Mode: exact_match
INFO     AI_Evaluator:logger.py:83 Evaluation completed | Student ID: cache | Score: 100
INFO     AI_Evaluator:logger.py:79 Request received | Student ID: cache | Question: Serialize data to JSON
INFO     AI_Evaluator:logger.py:59 Processing evaluation | Student: cache | Language: python
INFO     AI_Evaluator:logger.py:59 Question profile | Student: cache | Language: python | Category: io_parsing | Task: parsing | Risk: high
INFO     AI_Evaluator:logger.py:59 Evaluation path | Student: cache | Language: python | Mode: deterministic_shortcut | Type: zero_pass
INFO     AI_Evaluator:logger.py:59 Evaluation confidence | Student: cache | Language: python | Confidence: high
INFO     AI_Evaluator:logger.py:83 Evaluation completed | Student ID: cache | Score: 0
INFO     AI_Evaluator:logger.py:79 Request received | Student ID: cache | Question: Read a CSV file using the csv module
INFO     AI_Evaluator:logger.py:59 Processing evaluation | Student: cache | Language: python
INFO     AI_Evaluator:logger.py:59 Question profile | Student: cache | Language: python | Category: io_parsing | Task: parsing | Risk: high
INFO     AI_Evaluator:logger.py:59 Evaluation path | Student: cache | Language: python | Mode: exact_match
INFO     AI_Evaluator:logger.py:83 Evaluation completed | Student ID: cache | Score: 100
INFO     AI_Evaluator:logger.py:79 Request received | Student ID: cache | Question: Read a CSV file using the csv module
INFO     AI_Evaluator:logger.py:59 Processing evaluation | Student: cache | Language: python
INFO     AI_Evaluator:logger.py:59 Question profile | Student: cache | Language: python | Category: io_parsing | Task: parsing | Risk: high
INFO     AI_Evaluator:logger.py:59 Evaluation path | Student: cache | Language: python | Mode: deterministic_shortcut | Type: zero_pass
INFO     AI_Evaluator:logger.py:59 Evaluation confidence | Student: cache | Language: python | Confidence: high
INFO     AI_Evaluator:logger.py:83 Evaluation completed | Student ID: cache | Score: 0
INFO     AI_Evaluator:logger.py:79 Request received | Student ID: cache | Question: Get the current datetime using datetime module
INFO     AI_Evaluator:logger.py:59 Processing evaluation | Student: cache | Language: python
INFO     AI_Evaluator:logger.py:59 Question profile | Student: cache | Language: python | Category: general | Task: unknown | Risk: medium
INFO     AI_Evaluator:logger.py:59 Evaluation path | Student: cache | Language: python | Mode: exact_match
INFO     AI_Evaluator:logger.py:83 Evaluation completed | Student ID: cache | Score: 100
INFO     AI_Evaluator:logger.py:79 Request received | Student ID: cache | Question: Get the current datetime using datetime module
INFO     AI_Evaluator:logger.py:59 Processing evaluation | Student: cache | Language: python
INFO     AI_Evaluator:logger.py:59 Question profile | Student: cache | Language: python | Category: general | Task: unknown | Risk: medium
INFO     AI_Evaluator:logger.py:59 Evaluation path | Student: cache | Language: python | Mode: deterministic_shortcut | Type: zero_pass
INFO     AI_Evaluator:logger.py:59 Evaluation confidence | Student: cache | Language: python | Confidence: high
INFO     AI_Evaluator:logger.py:83 Evaluation completed | Student ID: cache | Score: 0
INFO     AI_Evaluator:logger.py:79 Request received | Student ID: cache | Question: Generate a random number using random module
INFO     AI_Evaluator:logger.py:59 Processing evaluation | Student: cache | Language: python
INFO     AI_Evaluator:logger.py:59 Question profile | Student: cache | Language: python | Category: general | Task: unknown | Risk: medium
INFO     AI_Evaluator:logger.py:59 Evaluation path | Student: cache | Language: python | Mode: exact_match
INFO     AI_Evaluator:logger.py:83 Evaluation completed | Student ID: cache | Score: 100
INFO     AI_Evaluator:logger.py:79 Request received | Student ID: cache | Question: Generate a random number using random module
INFO     AI_Evaluator:logger.py:59 Processing evaluation | Student: cache | Language: python
INFO     AI_Evaluator:logger.py:59 Question profile | Student: cache | Language: python | Category: general | Task: unknown | Risk: medium
INFO     AI_Evaluator:logger.py:59 Evaluation path | Student: cache | Language: python | Mode: deterministic_shortcut | Type: zero_pass
INFO     AI_Evaluator:logger.py:59 Evaluation confidence | Student: cache | Language: python | Confidence: high
INFO     AI_Evaluator:logger.py:83 Evaluation completed | Student ID: cache | Score: 0
INFO     AI_Evaluator:logger.py:79 Request received | Student ID: cache | Question: List files using os module
INFO     AI_Evaluator:logger.py:59 Processing evaluation | Student: cache | Language: python
INFO     AI_Evaluator:logger.py:59 Question profile | Student: cache | Language: python | Category: arrays_lists | Task: data_processing | Risk: medium
INFO     AI_Evaluator:logger.py:59 Evaluation path | Student: cache | Language: python | Mode: exact_match
INFO     AI_Evaluator:logger.py:83 Evaluation completed | Student ID: cache | Score: 100
INFO     AI_Evaluator:logger.py:79 Request received | Student ID: cache | Question: List files using os module
INFO     AI_Evaluator:logger.py:59 Processing evaluation | Student: cache | Language: python
INFO     AI_Evaluator:logger.py:59 Question profile | Student: cache | Language: python | Category: arrays_lists | Task: data_processing | Risk: medium
INFO     AI_Evaluator:logger.py:59 Evaluation path | Student: cache | Language: python | Mode: deterministic_shortcut | Type: zero_pass
INFO     AI_Evaluator:logger.py:59 Evaluation confidence | Student: cache | Language: python | Confidence: high
INFO     AI_Evaluator:logger.py:83 Evaluation completed | Student ID: cache | Score: 0
INFO     AI_Evaluator:logger.py:79 Request received | Student ID: cache | Question: Read command-line args using sys module
INFO     AI_Evaluator:logger.py:59 Processing evaluation | Student: cache | Language: python
INFO     AI_Evaluator:logger.py:59 Question profile | Student: cache | Language: python | Category: general | Task: unknown | Risk: medium
INFO     AI_Evaluator:logger.py:59 Evaluation path | Student: cache | Language: python | Mode: exact_match
INFO     AI_Evaluator:logger.py:83 Evaluation completed | Student ID: cache | Score: 100
INFO     AI_Evaluator:logger.py:79 Request received | Student ID: cache | Question: Read command-line args using sys module
INFO     AI_Evaluator:logger.py:59 Processing evaluation | Student: cache | Language: python
INFO     AI_Evaluator:logger.py:59 Question profile | Student: cache | Language: python | Category: general | Task: unknown | Risk: medium
INFO     AI_Evaluator:logger.py:59 Evaluation path | Student: cache | Language: python | Mode: deterministic_shortcut | Type: zero_pass
INFO     AI_Evaluator:logger.py:59 Evaluation confidence | Student: cache | Language: python | Confidence: high
INFO     AI_Evaluator:logger.py:83 Evaluation completed | Student ID: cache | Score: 0
INFO     AI_Evaluator:logger.py:79 Request received | Student ID: cache | Question: Use bitwise AND operation
INFO     AI_Evaluator:logger.py:59 Processing evaluation | Student: cache | Language: python
INFO     AI_Evaluator:logger.py:59 Question profile | Student: cache | Language: python | Category: general | Task: unknown | Risk: medium
INFO     AI_Evaluator:logger.py:59 Evaluation path | Student: cache | Language: python | Mode: exact_match
INFO     AI_Evaluator:logger.py:83 Evaluation completed | Student ID: cache | Score: 100
INFO     AI_Evaluator:logger.py:79 Request received | Student ID: cache | Question: Use bitwise AND operation
INFO     AI_Evaluator:logger.py:59 Processing evaluation | Student: cache | Language: python
INFO     AI_Evaluator:logger.py:59 Question profile | Student: cache | Language: python | Category: general | Task: unknown | Risk: medium
INFO     AI_Evaluator:logger.py:59 Evaluation path | Student: cache | Language: python | Mode: deterministic_shortcut | Type: zero_pass
INFO     AI_Evaluator:logger.py:59 Evaluation confidence | Student: cache | Language: python | Confidence: high
INFO     AI_Evaluator:logger.py:83 Evaluation completed | Student ID: cache | Score: 0
INFO     AI_Evaluator:logger.py:79 Request received | Student ID: cache | Question: Define a class in Python
INFO     AI_Evaluator:logger.py:59 Processing evaluation | Student: cache | Language: python
INFO     AI_Evaluator:logger.py:59 Question profile | Student: cache | Language: python | Category: general | Task: unknown | Risk: medium
INFO     AI_Evaluator:logger.py:59 Evaluation path | Student: cache | Language: python | Mode: exact_match
INFO     AI_Evaluator:logger.py:83 Evaluation completed | Student ID: cache | Score: 100
INFO     AI_Evaluator:logger.py:79 Request received | Student ID: cache | Question: Define a class in Python
INFO     AI_Evaluator:logger.py:59 Processing evaluation | Student: cache | Language: python
INFO     AI_Evaluator:logger.py:59 Question profile | Student: cache | Language: python | Category: general | Task: unknown | Risk: medium
INFO     AI_Evaluator:logger.py:59 Evaluation path | Student: cache | Language: python | Mode: deterministic_shortcut | Type: zero_pass
INFO     AI_Evaluator:logger.py:59 Evaluation confidence | Student: cache | Language: python | Confidence: high
INFO     AI_Evaluator:logger.py:83 Evaluation completed | Student ID: cache | Score: 0
INFO     AI_Evaluator:logger.py:79 Request received | Student ID: cache | Question: Show inheritance in Python
INFO     AI_Evaluator:logger.py:59 Processing evaluation | Student: cache | Language: python
INFO     AI_Evaluator:logger.py:59 Question profile | Student: cache | Language: python | Category: general | Task: unknown | Risk: medium
INFO     AI_Evaluator:logger.py:59 Evaluation path | Student: cache | Language: python | Mode: exact_match
INFO     AI_Evaluator:logger.py:83 Evaluation completed | Student ID: cache | Score: 100
INFO     AI_Evaluator:logger.py:79 Request received | Student ID: cache | Question: Show inheritance in Python
INFO     AI_Evaluator:logger.py:59 Processing evaluation | Student: cache | Language: python
INFO     AI_Evaluator:logger.py:59 Question profile | Student: cache | Language: python | Category: general | Task: unknown | Risk: medium
INFO     AI_Evaluator:logger.py:59 Evaluation path | Student: cache | Language: python | Mode: deterministic_shortcut | Type: zero_pass
INFO     AI_Evaluator:logger.py:59 Evaluation confidence | Student: cache | Language: python | Confidence: high
INFO     AI_Evaluator:logger.py:83 Evaluation completed | Student ID: cache | Score: 0
INFO     AI_Evaluator:logger.py:79 Request received | Student ID: cache | Question: Use recursion to compute factorial
INFO     AI_Evaluator:logger.py:59 Processing evaluation | Student: cache | Language: python
INFO     AI_Evaluator:logger.py:59 Question profile | Student: cache | Language: python | Category: basics_math | Task: basic_logic | Risk: low
INFO     AI_Evaluator:logger.py:59 Evaluation path | Student: cache | Language: python | Mode: exact_match
INFO     AI_Evaluator:logger.py:83 Evaluation completed | Student ID: cache | Score: 100
INFO     AI_Evaluator:logger.py:79 Request received | Student ID: cache | Question: Use recursion to compute factorial
INFO     AI_Evaluator:logger.py:59 Processing evaluation | Student: cache | Language: python
INFO     AI_Evaluator:logger.py:59 Question profile | Student: cache | Language: python | Category: basics_math | Task: basic_logic | Risk: low
INFO     AI_Evaluator:logger.py:59 Evaluation path | Student: cache | Language: python | Mode: deterministic_shortcut | Type: zero_pass
INFO     AI_Evaluator:logger.py:59 Evaluation confidence | Student: cache | Language: python | Confidence: high
INFO     AI_Evaluator:logger.py:83 Evaluation completed | Student ID: cache | Score: 0
INFO     AI_Evaluator:logger.py:79 Request received | Student ID: cache | Question: Use a for loop to iterate
INFO     AI_Evaluator:logger.py:59 Processing evaluation | Student: cache | Language: python
INFO     AI_Evaluator:logger.py:59 Question profile | Student: cache | Language: python | Category: general | Task: unknown | Risk: medium
INFO     AI_Evaluator:logger.py:59 Evaluation path | Student: cache | Language: python | Mode: exact_match
INFO     AI_Evaluator:logger.py:83 Evaluation completed | Student ID: cache | Score: 100
INFO     AI_Evaluator:logger.py:79 Request received | Student ID: cache | Question: Use a for loop to iterate
INFO     AI_Evaluator:logger.py:59 Processing evaluation | Student: cache | Language: python
INFO     AI_Evaluator:logger.py:59 Question profile | Student: cache | Language: python | Category: general | Task: unknown | Risk: medium
INFO     AI_Evaluator:logger.py:59 Evaluation path | Student: cache | Language: python | Mode: deterministic_shortcut | Type: zero_pass
INFO     AI_Evaluator:logger.py:59 Evaluation confidence | Student: cache | Language: python | Confidence: high
INFO     AI_Evaluator:logger.py:83 Evaluation completed | Student ID: cache | Score: 0
INFO     AI_Evaluator:logger.py:79 Request received | Student ID: cache | Question: Use a while loop to iterate
INFO     AI_Evaluator:logger.py:59 Processing evaluation | Student: cache | Language: python
INFO     AI_Evaluator:logger.py:59 Question profile | Student: cache | Language: python | Category: general | Task: unknown | Risk: medium
INFO     AI_Evaluator:logger.py:59 Evaluation path | Student: cache | Language: python | Mode: exact_match
INFO     AI_Evaluator:logger.py:83 Evaluation completed | Student ID: cache | Score: 100
INFO     AI_Evaluator:logger.py:79 Request received | Student ID: cache | Question: Use a while loop to iterate
INFO     AI_Evaluator:logger.py:59 Processing evaluation | Student: cache | Language: python
INFO     AI_Evaluator:logger.py:59 Question profile | Student: cache | Language: python | Category: general | Task: unknown | Risk: medium
INFO     AI_Evaluator:logger.py:59 Evaluation path | Student: cache | Language: python | Mode: deterministic_shortcut | Type: zero_pass
INFO     AI_Evaluator:logger.py:59 Evaluation confidence | Student: cache | Language: python | Confidence: high
INFO     AI_Evaluator:logger.py:83 Evaluation completed | Student ID: cache | Score: 0
INFO     AI_Evaluator:logger.py:79 Request received | Student ID: cache | Question: Create a list
INFO     AI_Evaluator:logger.py:59 Processing evaluation | Student: cache | Language: python
INFO     AI_Evaluator:logger.py:59 Question profile | Student: cache | Language: python | Category: arrays_lists | Task: data_processing | Risk: medium
INFO     AI_Evaluator:logger.py:59 Evaluation path | Student: cache | Language: python | Mode: exact_match
INFO     AI_Evaluator:logger.py:83 Evaluation completed | Student ID: cache | Score: 100
INFO     AI_Evaluator:logger.py:79 Request received | Student ID: cache | Question: Create a list
INFO     AI_Evaluator:logger.py:59 Processing evaluation | Student: cache | Language: python
INFO     AI_Evaluator:logger.py:59 Question profile | Student: cache | Language: python | Category: arrays_lists | Task: data_processing | Risk: medium
INFO     AI_Evaluator:logger.py:59 Evaluation path | Student: cache | Language: python | Mode: deterministic_shortcut | Type: zero_pass
INFO     AI_Evaluator:logger.py:59 Evaluation confidence | Student: cache | Language: python | Confidence: high
INFO     AI_Evaluator:logger.py:83 Evaluation completed | Student ID: cache | Score: 0
INFO     AI_Evaluator:logger.py:79 Request received | Student ID: cache | Question: Create a tuple
INFO     AI_Evaluator:logger.py:59 Processing evaluation | Student: cache | Language: python
INFO     AI_Evaluator:logger.py:59 Question profile | Student: cache | Language: python | Category: general | Task: unknown | Risk: medium
INFO     AI_Evaluator:logger.py:59 Evaluation path | Student: cache | Language: python | Mode: exact_match
INFO     AI_Evaluator:logger.py:83 Evaluation completed | Student ID: cache | Score: 100
INFO     AI_Evaluator:logger.py:79 Request received | Student ID: cache | Question: Create a set
INFO     AI_Evaluator:logger.py:59 Processing evaluation | Student: cache | Language: python
INFO     AI_Evaluator:logger.py:59 Question profile | Student: cache | Language: python | Category: collections | Task: required_technique | Risk: high
INFO     AI_Evaluator:logger.py:59 Evaluation path | Student: cache | Language: python | Mode: exact_match
INFO     AI_Evaluator:logger.py:83 Evaluation completed | Student ID: cache | Score: 100
INFO     AI_Evaluator:logger.py:79 Request received | Student ID: cache | Question: Create a dictionary
INFO     AI_Evaluator:logger.py:59 Processing evaluation | Student: cache | Language: python
INFO     AI_Evaluator:logger.py:59 Question profile | Student: cache | Language: python | Category: collections | Task: required_technique | Risk: high
INFO     AI_Evaluator:logger.py:59 Evaluation path | Student: cache | Language: python | Mode: exact_match
INFO     AI_Evaluator:logger.py:83 Evaluation completed | Student ID: cache | Score: 100
INFO     AI_Evaluator:logger.py:79 Request received | Student ID: cache | Question: Use slicing to get a substring
INFO     AI_Evaluator:logger.py:59 Processing evaluation | Student: cache | Language: python
INFO     AI_Evaluator:logger.py:59 Question profile | Student: cache | Language: python | Category: general | Task: unknown | Risk: medium
INFO     AI_Evaluator:logger.py:59 Evaluation path | Student: cache | Language: python | Mode: exact_match
INFO     AI_Evaluator:logger.py:83 Evaluation completed | Student ID: cache | Score: 100
INFO     AI_Evaluator:logger.py:79 Request received | Student ID: cache | Question: Use slicing to get a substring
INFO     AI_Evaluator:logger.py:59 Processing evaluation | Student: cache | Language: python
INFO     AI_Evaluator:logger.py:59 Question profile | Student: cache | Language: python | Category: general | Task: unknown | Risk: medium
INFO     AI_Evaluator:logger.py:59 Evaluation path | Student: cache | Language: python | Mode: deterministic_shortcut | Type: zero_pass
INFO     AI_Evaluator:logger.py:59 Evaluation confidence | Student: cache | Language: python | Confidence: high
INFO     AI_Evaluator:logger.py:83 Evaluation completed | Student ID: cache | Score: 0
INFO     AI_Evaluator:logger.py:79 Request received | Student ID: cache | Question: Use list methods to add an item
INFO     AI_Evaluator:logger.py:59 Processing evaluation | Student: cache | Language: python
INFO     AI_Evaluator:logger.py:59 Question profile | Student: cache | Language: python | Category: arrays_lists | Task: data_processing | Risk: medium
INFO     AI_Evaluator:logger.py:59 Evaluation path | Student: cache | Language: python | Mode: exact_match
INFO     AI_Evaluator:logger.py:83 Evaluation completed | Student ID: cache | Score: 100
INFO     AI_Evaluator:logger.py:79 Request received | Student ID: cache | Question: Use list methods to add an item
INFO     AI_Evaluator:logger.py:59 Processing evaluation | Student: cache | Language: python
INFO     AI_Evaluator:logger.py:59 Question profile | Student: cache | Language: python | Category: arrays_lists | Task: data_processing | Risk: medium
INFO     AI_Evaluator:logger.py:59 Evaluation path | Student: cache | Language: python | Mode: deterministic_shortcut | Type: zero_pass
INFO     AI_Evaluator:logger.py:59 Evaluation confidence | Student: cache | Language: python | Confidence: high
INFO     AI_Evaluator:logger.py:83 Evaluation completed | Student ID: cache | Score: 0
INFO     AI_Evaluator:logger.py:79 Request received | Student ID: cache | Question: Use dict methods to access a value
INFO     AI_Evaluator:logger.py:59 Processing evaluation | Student: cache | Language: python
INFO     AI_Evaluator:logger.py:59 Question profile | Student: cache | Language: python | Category: general_code | Task: function_logic | Risk: medium
INFO     AI_Evaluator:logger.py:59 Evaluation path | Student: cache | Language: python | Mode: exact_match
INFO     AI_Evaluator:logger.py:83 Evaluation completed | Student ID: cache | Score: 100
INFO     AI_Evaluator:logger.py:79 Request received | Student ID: cache | Question: Use dict methods to access a value
INFO     AI_Evaluator:logger.py:59 Processing evaluation | Student: cache | Language: python
INFO     AI_Evaluator:logger.py:59 Question profile | Student: cache | Language: python | Category: general_code | Task: function_logic | Risk: medium
INFO     AI_Evaluator:logger.py:59 Evaluation path | Student: cache | Language: python | Mode: deterministic_shortcut | Type: zero_pass
INFO     AI_Evaluator:logger.py:59 Evaluation confidence | Student: cache | Language: python | Confidence: high
INFO     AI_Evaluator:logger.py:83 Evaluation completed | Student ID: cache | Score: 0
INFO     AI_Evaluator:logger.py:79 Request received | Student ID: cache | Question: Use set operations to find intersection
INFO     AI_Evaluator:logger.py:59 Processing evaluation | Student: cache | Language: python
INFO     AI_Evaluator:logger.py:59 Question profile | Student: cache | Language: python | Category: collections | Task: required_technique | Risk: high
INFO     AI_Evaluator:logger.py:59 Evaluation path | Student: cache | Language: python | Mode: exact_match
INFO     AI_Evaluator:logger.py:83 Evaluation completed | Student ID: cache | Score: 100
INFO     AI_Evaluator:logger.py:79 Request received | Student ID: cache | Question: Use set operations to find intersection
INFO     AI_Evaluator:logger.py:59 Processing evaluation | Student: cache | Language: python
INFO     AI_Evaluator:logger.py:59 Question profile | Student: cache | Language: python | Category: collections | Task: required_technique | Risk: high
INFO     AI_Evaluator:logger.py:59 Evaluation path | Student: cache | Language: python | Mode: deterministic_shortcut | Type: zero_pass
INFO     AI_Evaluator:logger.py:59 Evaluation confidence | Student: cache | Language: python | Confidence: high
INFO     AI_Evaluator:logger.py:83 Evaluation completed | Student ID: cache | Score: 0
INFO     AI_Evaluator:logger.py:79 Request received | Student ID: cache | Question: Define a custom exception
INFO     AI_Evaluator:logger.py:59 Processing evaluation | Student: cache | Language: python
INFO     AI_Evaluator:logger.py:59 Question profile | Student: cache | Language: python | Category: error_handling | Task: safety | Risk: high
INFO     AI_Evaluator:logger.py:59 Evaluation path | Student: cache | Language: python | Mode: exact_match
INFO     AI_Evaluator:logger.py:83 Evaluation completed | Student ID: cache | Score: 100
INFO     AI_Evaluator:logger.py:79 Request received | Student ID: cache | Question: Define a custom exception
INFO     AI_Evaluator:logger.py:59 Processing evaluation | Student: cache | Language: python
INFO     AI_Evaluator:logger.py:59 Question profile | Student: cache | Language: python | Category: error_handling | Task: safety | Risk: high
INFO     AI_Evaluator:logger.py:59 Evaluation path | Student: cache | Language: python | Mode: deterministic_shortcut | Type: zero_pass
INFO     AI_Evaluator:logger.py:59 Evaluation confidence | Student: cache | Language: python | Confidence: high
INFO     AI_Evaluator:logger.py:83 Evaluation completed | Student ID: cache | Score: 0
INFO     AI_Evaluator:logger.py:79 Request received | Student ID: cache | Question: Implement __enter__ and __exit__ for a context man
INFO     AI_Evaluator:logger.py:59 Processing evaluation | Student: cache | Language: python
INFO     AI_Evaluator:logger.py:59 Question profile | Student: cache | Language: python | Category: general | Task: unknown | Risk: medium
INFO     AI_Evaluator:logger.py:59 Evaluation path | Student: cache | Language: python | Mode: exact_match
INFO     AI_Evaluator:logger.py:83 Evaluation completed | Student ID: cache | Score: 100
INFO     AI_Evaluator:logger.py:79 Request received | Student ID: cache | Question: Implement __enter__ and __exit__ for a context man
INFO     AI_Evaluator:logger.py:59 Processing evaluation | Student: cache | Language: python
INFO     AI_Evaluator:logger.py:59 Question profile | Student: cache | Language: python | Category: general | Task: unknown | Risk: medium
INFO     AI_Evaluator:logger.py:59 Evaluation path | Student: cache | Language: python | Mode: deterministic_shortcut | Type: full_pass
INFO     AI_Evaluator:logger.py:59 Evaluation confidence | Student: cache | Language: python | Confidence: high
INFO     AI_Evaluator:logger.py:83 Evaluation completed | Student ID: cache | Score: 100
INFO     AI_Evaluator:logger.py:79 Request received | Student ID: cache | Question: Use an iterator to get the next item
INFO     AI_Evaluator:logger.py:59 Processing evaluation | Student: cache | Language: python
INFO     AI_Evaluator:logger.py:59 Question profile | Student: cache | Language: python | Category: general | Task: unknown | Risk: medium
INFO     AI_Evaluator:logger.py:59 Evaluation path | Student: cache | Language: python | Mode: exact_match
INFO     AI_Evaluator:logger.py:83 Evaluation completed | Student ID: cache | Score: 100
INFO     AI_Evaluator:logger.py:79 Request received | Student ID: cache | Question: Use an iterator to get the next item
INFO     AI_Evaluator:logger.py:59 Processing evaluation | Student: cache | Language: python
INFO     AI_Evaluator:logger.py:59 Question profile | Student: cache | Language: python | Category: general | Task: unknown | Risk: medium
INFO     AI_Evaluator:logger.py:59 Evaluation path | Student: cache | Language: python | Mode: deterministic_shortcut | Type: zero_pass
INFO     AI_Evaluator:logger.py:59 Evaluation confidence | Student: cache | Language: python | Confidence: high
INFO     AI_Evaluator:logger.py:83 Evaluation completed | Student ID: cache | Score: 0
INFO     AI_Evaluator:logger.py:79 Request received | Student ID: cache | Question: Create a generator
INFO     AI_Evaluator:logger.py:59 Processing evaluation | Student: cache | Language: python
INFO     AI_Evaluator:logger.py:59 Question profile | Student: cache | Language: python | Category: general | Task: unknown | Risk: medium
INFO     AI_Evaluator:logger.py:59 Evaluation path | Student: cache | Language: python | Mode: exact_match
INFO     AI_Evaluator:logger.py:83 Evaluation completed | Student ID: cache | Score: 100
INFO     AI_Evaluator:logger.py:79 Request received | Student ID: cache | Question: Create a generator
INFO     AI_Evaluator:logger.py:59 Processing evaluation | Student: cache | Language: python
INFO     AI_Evaluator:logger.py:59 Question profile | Student: cache | Language: python | Category: general | Task: unknown | Risk: medium
INFO     AI_Evaluator:logger.py:59 Evaluation path | Student: cache | Language: python | Mode: deterministic_shortcut | Type: zero_pass
INFO     AI_Evaluator:logger.py:59 Evaluation confidence | Student: cache | Language: python | Confidence: high
INFO     AI_Evaluator:logger.py:83 Evaluation completed | Student ID: cache | Score: 0
INFO     AI_Evaluator:logger.py:79 Request received | Student ID: cache | Question: Read a file
INFO     AI_Evaluator:logger.py:59 Processing evaluation | Student: cache | Language: python
INFO     AI_Evaluator:logger.py:59 Question profile | Student: cache | Language: python | Category: io_parsing | Task: file_io | Risk: high
INFO     AI_Evaluator:logger.py:59 Evaluation path | Student: cache | Language: python | Mode: exact_match
INFO     AI_Evaluator:logger.py:83 Evaluation completed | Student ID: cache | Score: 100
INFO     AI_Evaluator:logger.py:79 Request received | Student ID: cache | Question: Read a file
INFO     AI_Evaluator:logger.py:59 Processing evaluation | Student: cache | Language: python
INFO     AI_Evaluator:logger.py:59 Question profile | Student: cache | Language: python | Category: io_parsing | Task: file_io | Risk: high
INFO     AI_Evaluator:logger.py:59 Evaluation path | Student: cache | Language: python | Mode: deterministic_shortcut | Type: zero_pass
INFO     AI_Evaluator:logger.py:59 Evaluation confidence | Student: cache | Language: python | Confidence: high
INFO     AI_Evaluator:logger.py:83 Evaluation completed | Student ID: cache | Score: 0
INFO     AI_Evaluator:logger.py:79 Request received | Student ID: cache | Question: Write to a file
INFO     AI_Evaluator:logger.py:59 Processing evaluation | Student: cache | Language: python
INFO     AI_Evaluator:logger.py:59 Question profile | Student: cache | Language: python | Category: general | Task: unknown | Risk: medium
INFO     AI_Evaluator:logger.py:59 Evaluation path | Student: cache | Language: python | Mode: exact_match
INFO     AI_Evaluator:logger.py:83 Evaluation completed | Student ID: cache | Score: 100
INFO     AI_Evaluator:logger.py:79 Request received | Student ID: cache | Question: Write to a file
INFO     AI_Evaluator:logger.py:59 Processing evaluation | Student: cache | Language: python
INFO     AI_Evaluator:logger.py:59 Question profile | Student: cache | Language: python | Category: general | Task: unknown | Risk: medium
INFO     AI_Evaluator:logger.py:59 Evaluation path | Student: cache | Language: python | Mode: deterministic_shortcut | Type: zero_pass
INFO     AI_Evaluator:logger.py:59 Evaluation confidence | Student: cache | Language: python | Confidence: high
INFO     AI_Evaluator:logger.py:83 Evaluation completed | Student ID: cache | Score: 0
INFO     AI_Evaluator:logger.py:79 Request received | Student ID: cache | Question: Read a binary file
INFO     AI_Evaluator:logger.py:59 Processing evaluation | Student: cache | Language: python
INFO     AI_Evaluator:logger.py:59 Question profile | Student: cache | Language: python | Category: general | Task: unknown | Risk: medium
INFO     AI_Evaluator:logger.py:59 Evaluation path | Student: cache | Language: python | Mode: exact_match
INFO     AI_Evaluator:logger.py:83 Evaluation completed | Student ID: cache | Score: 100
INFO     AI_Evaluator:logger.py:79 Request received | Student ID: cache | Question: Read a binary file
INFO     AI_Evaluator:logger.py:59 Processing evaluation | Student: cache | Language: python
INFO     AI_Evaluator:logger.py:59 Question profile | Student: cache | Language: python | Category: general | Task: unknown | Risk: medium
INFO     AI_Evaluator:logger.py:59 Evaluation path | Student: cache | Language: python | Mode: deterministic_shortcut | Type: zero_pass
INFO     AI_Evaluator:logger.py:59 Evaluation confidence | Student: cache | Language: python | Confidence: high
INFO     AI_Evaluator:logger.py:83 Evaluation completed | Student ID: cache | Score: 0
INFO     AI_Evaluator:logger.py:79 Request received | Student ID: cache | Question: Use linear search to find an element
INFO     AI_Evaluator:logger.py:59 Processing evaluation | Student: cache | Language: python
INFO     AI_Evaluator:logger.py:59 Question profile | Student: cache | Language: python | Category: general | Task: unknown | Risk: medium
INFO     AI_Evaluator:logger.py:59 Evaluation path | Student: cache | Language: python | Mode: exact_match
INFO     AI_Evaluator:logger.py:83 Evaluation completed | Student ID: cache | Score: 100
INFO     AI_Evaluator:logger.py:79 Request received | Student ID: cache | Question: Sort a list
INFO     AI_Evaluator:logger.py:59 Processing evaluation | Student: cache | Language: python
INFO     AI_Evaluator:logger.py:59 Question profile | Student: cache | Language: python | Category: arrays_search_sort | Task: search_sort | Risk: medium
INFO     AI_Evaluator:logger.py:59 Evaluation path | Student: cache | Language: python | Mode: exact_match
INFO     AI_Evaluator:logger.py:83 Evaluation completed | Student ID: cache | Score: 100
INFO     AI_Evaluator:logger.py:79 Request received | Student ID: cache | Question: Sort a list
INFO     AI_Evaluator:logger.py:59 Processing evaluation | Student: cache | Language: python
INFO     AI_Evaluator:logger.py:59 Question profile | Student: cache | Language: python | Category: arrays_search_sort | Task: search_sort | Risk: medium
INFO     AI_Evaluator:logger.py:59 Evaluation path | Student: cache | Language: python | Mode: deterministic_shortcut | Type: zero_pass
INFO     AI_Evaluator:logger.py:59 Evaluation confidence | Student: cache | Language: python | Confidence: high
INFO     AI_Evaluator:logger.py:83 Evaluation completed | Student ID: cache | Score: 0
INFO     AI_Evaluator:logger.py:79 Request received | Student ID: cache | Question: Use linear search to find an element
INFO     AI_Evaluator:logger.py:59 Processing evaluation | Student: cache | Language: python
INFO     AI_Evaluator:logger.py:59 Question profile | Student: cache | Language: python | Category: general | Task: unknown | Risk: medium
INFO     AI_Evaluator:logger.py:59 Evaluation path | Student: cache | Language: python | Mode: deterministic_shortcut | Type: zero_pass
INFO     AI_Evaluator:logger.py:59 Evaluation confidence | Student: cache | Language: python | Confidence: high
INFO     AI_Evaluator:logger.py:83 Evaluation completed | Student ID: cache | Score: 0
INFO     AI_Evaluator:logger.py:79 Request received | Student ID: cache | Question: Use dynamic programming for Fibonacci
INFO     AI_Evaluator:logger.py:59 Processing evaluation | Student: cache | Language: python
INFO     AI_Evaluator:logger.py:59 Question profile | Student: cache | Language: python | Category: arrays_search_sort | Task: search_sort | Risk: medium
INFO     AI_Evaluator:logger.py:59 Evaluation path | Student: cache | Language: python | Mode: deterministic_shortcut | Type: zero_pass
INFO     AI_Evaluator:logger.py:59 Evaluation confidence | Student: cache | Language: python | Confidence: high
INFO     AI_Evaluator:logger.py:83 Evaluation completed | Student ID: cache | Score: 0
INFO     AI_Evaluator:logger.py:79 Request received | Student ID: cache | Question: Use dynamic programming for Fibonacci
INFO     AI_Evaluator:logger.py:59 Processing evaluation | Student: cache | Language: python
INFO     AI_Evaluator:logger.py:59 Question profile | Student: cache | Language: python | Category: arrays_search_sort | Task: search_sort | Risk: medium
INFO     AI_Evaluator:logger.py:59 Evaluation path | Student: cache | Language: python | Mode: exact_match
INFO     AI_Evaluator:logger.py:83 Evaluation completed | Student ID: cache | Score: 100
INFO     AI_Evaluator:logger.py:79 Request received | Student ID: cache | Question: Check if string starts with prefix
INFO     AI_Evaluator:logger.py:59 Processing evaluation | Student: cache | Language: python
INFO     AI_Evaluator:logger.py:59 Question profile | Student: cache | Language: python | Category: general | Task: unknown | Risk: medium
INFO     AI_Evaluator:logger.py:59 Evaluation path | Student: cache | Language: python | Mode: exact_match
INFO     AI_Evaluator:logger.py:83 Evaluation completed | Student ID: cache | Score: 100
INFO     AI_Evaluator:logger.py:79 Request received | Student ID: cache | Question: Check if string starts with prefix
INFO     AI_Evaluator:logger.py:59 Processing evaluation | Student: cache | Language: python
INFO     AI_Evaluator:logger.py:59 Question profile | Student: cache | Language: python | Category: general | Task: unknown | Risk: medium
INFO     AI_Evaluator:logger.py:59 Evaluation path | Student: cache | Language: python | Mode: deterministic_shortcut | Type: zero_pass
INFO     AI_Evaluator:logger.py:59 Evaluation confidence | Student: cache | Language: python | Confidence: high
INFO     AI_Evaluator:logger.py:83 Evaluation completed | Student ID: cache | Score: 0
INFO     AI_Evaluator:logger.py:79 Request received | Student ID: cache | Question: Check if string ends with suffix
INFO     AI_Evaluator:logger.py:59 Processing evaluation | Student: cache | Language: python
INFO     AI_Evaluator:logger.py:59 Question profile | Student: cache | Language: python | Category: general | Task: unknown | Risk: medium
INFO     AI_Evaluator:logger.py:59 Evaluation path | Student: cache | Language: python | Mode: exact_match
INFO     AI_Evaluator:logger.py:83 Evaluation completed | Student ID: cache | Score: 100
INFO     AI_Evaluator:logger.py:79 Request received | Student ID: cache | Question: Check if string ends with suffix
INFO     AI_Evaluator:logger.py:59 Processing evaluation | Student: cache | Language: python
INFO     AI_Evaluator:logger.py:59 Question profile | Student: cache | Language: python | Category: general | Task: unknown | Risk: medium
INFO     AI_Evaluator:logger.py:59 Evaluation path | Student: cache | Language: python | Mode: deterministic_shortcut | Type: zero_pass
INFO     AI_Evaluator:logger.py:59 Evaluation confidence | Student: cache | Language: python | Confidence: high
INFO     AI_Evaluator:logger.py:83 Evaluation completed | Student ID: cache | Score: 0
INFO     AI_Evaluator:logger.py:79 Request received | Student ID: cache | Question: Split string by comma
INFO     AI_Evaluator:logger.py:59 Processing evaluation | Student: cache | Language: python
INFO     AI_Evaluator:logger.py:59 Question profile | Student: cache | Language: python | Category: general | Task: unknown | Risk: medium
INFO     AI_Evaluator:logger.py:59 Evaluation path | Student: cache | Language: python | Mode: exact_match
INFO     AI_Evaluator:logger.py:83 Evaluation completed | Student ID: cache | Score: 100
INFO     AI_Evaluator:logger.py:79 Request received | Student ID: cache | Question: Split string by comma
INFO     AI_Evaluator:logger.py:59 Processing evaluation | Student: cache | Language: python
INFO     AI_Evaluator:logger.py:59 Question profile | Student: cache | Language: python | Category: general | Task: unknown | Risk: medium
INFO     AI_Evaluator:logger.py:59 Evaluation path | Student: cache | Language: python | Mode: deterministic_shortcut | Type: zero_pass
INFO     AI_Evaluator:logger.py:59 Evaluation confidence | Student: cache | Language: python | Confidence: high
INFO     AI_Evaluator:logger.py:83 Evaluation completed | Student ID: cache | Score: 0
INFO     AI_Evaluator:logger.py:79 Request received | Student ID: cache | Question: Join list of words into a string
INFO     AI_Evaluator:logger.py:59 Processing evaluation | Student: cache | Language: python
INFO     AI_Evaluator:logger.py:59 Question profile | Student: cache | Language: python | Category: arrays_lists | Task: data_processing | Risk: medium
INFO     AI_Evaluator:logger.py:59 Evaluation path | Student: cache | Language: python | Mode: exact_match
INFO     AI_Evaluator:logger.py:83 Evaluation completed | Student ID: cache | Score: 100
INFO     AI_Evaluator:logger.py:79 Request received | Student ID: cache | Question: Join list of words into a string
INFO     AI_Evaluator:logger.py:59 Processing evaluation | Student: cache | Language: python
INFO     AI_Evaluator:logger.py:59 Question profile | Student: cache | Language: python | Category: arrays_lists | Task: data_processing | Risk: medium
INFO     AI_Evaluator:logger.py:59 Evaluation path | Student: cache | Language: python | Mode: deterministic_shortcut | Type: zero_pass
INFO     AI_Evaluator:logger.py:59 Evaluation confidence | Student: cache | Language: python | Confidence: high
INFO     AI_Evaluator:logger.py:83 Evaluation completed | Student ID: cache | Score: 0
INFO     AI_Evaluator:logger.py:79 Request received | Student ID: cache | Question: Strip whitespace from a string
INFO     AI_Evaluator:logger.py:59 Processing evaluation | Student: cache | Language: python
INFO     AI_Evaluator:logger.py:59 Question profile | Student: cache | Language: python | Category: general | Task: unknown | Risk: medium
INFO     AI_Evaluator:logger.py:59 Evaluation path | Student: cache | Language: python | Mode: exact_match
INFO     AI_Evaluator:logger.py:83 Evaluation completed | Student ID: cache | Score: 100
INFO     AI_Evaluator:logger.py:79 Request received | Student ID: cache | Question: Strip whitespace from a string
INFO     AI_Evaluator:logger.py:59 Processing evaluation | Student: cache | Language: python
INFO     AI_Evaluator:logger.py:59 Question profile | Student: cache | Language: python | Category: general | Task: unknown | Risk: medium
INFO     AI_Evaluator:logger.py:59 Evaluation path | Student: cache | Language: python | Mode: deterministic_shortcut | Type: zero_pass
INFO     AI_Evaluator:logger.py:59 Evaluation confidence | Student: cache | Language: python | Confidence: high
INFO     AI_Evaluator:logger.py:83 Evaluation completed | Student ID: cache | Score: 0
INFO     AI_Evaluator:logger.py:79 Request received | Student ID: cache | Question: Replace substring in a string
INFO     AI_Evaluator:logger.py:59 Processing evaluation | Student: cache | Language: python
INFO     AI_Evaluator:logger.py:59 Question profile | Student: cache | Language: python | Category: general | Task: unknown | Risk: medium
INFO     AI_Evaluator:logger.py:59 Evaluation path | Student: cache | Language: python | Mode: exact_match
INFO     AI_Evaluator:logger.py:83 Evaluation completed | Student ID: cache | Score: 100
INFO     AI_Evaluator:logger.py:79 Request received | Student ID: cache | Question: Replace substring in a string
INFO     AI_Evaluator:logger.py:59 Processing evaluation | Student: cache | Language: python
INFO     AI_Evaluator:logger.py:59 Question profile | Student: cache | Language: python | Category: general | Task: unknown | Risk: medium
INFO     AI_Evaluator:logger.py:59 Evaluation path | Student: cache | Language: python | Mode: deterministic_shortcut | Type: zero_pass
INFO     AI_Evaluator:logger.py:59 Evaluation confidence | Student: cache | Language: python | Confidence: high
INFO     AI_Evaluator:logger.py:83 Evaluation completed | Student ID: cache | Score: 0
INFO     AI_Evaluator:logger.py:79 Request received | Student ID: cache | Question: Find substring position in a string
INFO     AI_Evaluator:logger.py:59 Processing evaluation | Student: cache | Language: python
INFO     AI_Evaluator:logger.py:59 Question profile | Student: cache | Language: python | Category: general | Task: unknown | Risk: medium
INFO     AI_Evaluator:logger.py:59 Evaluation path | Student: cache | Language: python | Mode: exact_match
INFO     AI_Evaluator:logger.py:83 Evaluation completed | Student ID: cache | Score: 100
INFO     AI_Evaluator:logger.py:79 Request received | Student ID: cache | Question: Find substring position in a string
INFO     AI_Evaluator:logger.py:59 Processing evaluation | Student: cache | Language: python
INFO     AI_Evaluator:logger.py:59 Question profile | Student: cache | Language: python | Category: general | Task: unknown | Risk: medium
INFO     AI_Evaluator:logger.py:59 Evaluation path | Student: cache | Language: python | Mode: deterministic_shortcut | Type: zero_pass
INFO     AI_Evaluator:logger.py:59 Evaluation confidence | Student: cache | Language: python | Confidence: high
INFO     AI_Evaluator:logger.py:83 Evaluation completed | Student ID: cache | Score: 0
INFO     AI_Evaluator:logger.py:79 Request received | Student ID: cache | Question: Find length of emoji string
INFO     AI_Evaluator:logger.py:59 Processing evaluation | Student: cache | Language: python
INFO     AI_Evaluator:logger.py:59 Question profile | Student: cache | Language: python | Category: general | Task: unknown | Risk: medium
INFO     AI_Evaluator:logger.py:59 Evaluation path | Student: cache | Language: python | Mode: exact_match
INFO     AI_Evaluator:logger.py:83 Evaluation completed | Student ID: cache | Score: 100
INFO     AI_Evaluator:logger.py:79 Request received | Student ID: cache | Question: Find length of emoji string
INFO     AI_Evaluator:logger.py:59 Processing evaluation | Student: cache | Language: python
INFO     AI_Evaluator:logger.py:59 Question profile | Student: cache | Language: python | Category: general | Task: unknown | Risk: medium
INFO     AI_Evaluator:logger.py:59 Evaluation path | Student: cache | Language: python | Mode: deterministic_shortcut | Type: zero_pass
INFO     AI_Evaluator:logger.py:59 Evaluation confidence | Student: cache | Language: python | Confidence: high
INFO     AI_Evaluator:logger.py:83 Evaluation completed | Student ID: cache | Score: 0
INFO     AI_Evaluator:logger.py:79 Request received | Student ID: cache | Question: Copy a list
INFO     AI_Evaluator:logger.py:59 Processing evaluation | Student: cache | Language: python
INFO     AI_Evaluator:logger.py:59 Question profile | Student: cache | Language: python | Category: arrays_lists | Task: data_processing | Risk: medium
INFO     AI_Evaluator:logger.py:59 Evaluation path | Student: cache | Language: python | Mode: exact_match
INFO     AI_Evaluator:logger.py:83 Evaluation completed | Student ID: cache | Score: 100
INFO     AI_Evaluator:logger.py:79 Request received | Student ID: cache | Question: Copy a list
INFO     AI_Evaluator:logger.py:59 Processing evaluation | Student: cache | Language: python
INFO     AI_Evaluator:logger.py:59 Question profile | Student: cache | Language: python | Category: arrays_lists | Task: data_processing | Risk: medium
INFO     AI_Evaluator:logger.py:59 Evaluation path | Student: cache | Language: python | Mode: deterministic_shortcut | Type: zero_pass
INFO     AI_Evaluator:logger.py:59 Evaluation confidence | Student: cache | Language: python | Confidence: high
INFO     AI_Evaluator:logger.py:83 Evaluation completed | Student ID: cache | Score: 0
INFO     AI_Evaluator:logger.py:79 Request received | Student ID: cache | Question: Sort list of tuples by second element using key
INFO     AI_Evaluator:logger.py:59 Processing evaluation | Student: cache | Language: python
INFO     AI_Evaluator:logger.py:59 Question profile | Student: cache | Language: python | Category: arrays_search_sort | Task: search_sort | Risk: medium
INFO     AI_Evaluator:logger.py:59 Evaluation path | Student: cache | Language: python | Mode: exact_match
INFO     AI_Evaluator:logger.py:83 Evaluation completed | Student ID: cache | Score: 100
INFO     AI_Evaluator:logger.py:79 Request received | Student ID: cache | Question: Sort list of tuples by second element using key
INFO     AI_Evaluator:logger.py:59 Processing evaluation | Student: cache | Language: python
INFO     AI_Evaluator:logger.py:59 Question profile | Student: cache | Language: python | Category: arrays_search_sort | Task: search_sort | Risk: medium
INFO     AI_Evaluator:logger.py:59 Evaluation path | Student: cache | Language: python | Mode: deterministic_shortcut | Type: zero_pass
INFO     AI_Evaluator:logger.py:59 Evaluation confidence | Student: cache | Language: python | Confidence: high
INFO     AI_Evaluator:logger.py:83 Evaluation completed | Student ID: cache | Score: 0
INFO     AI_Evaluator:logger.py:79 Request received | Student ID: cache | Question: Merge two dictionaries
INFO     AI_Evaluator:logger.py:59 Processing evaluation | Student: cache | Language: python
INFO     AI_Evaluator:logger.py:59 Question profile | Student: cache | Language: python | Category: general | Task: unknown | Risk: medium
INFO     AI_Evaluator:logger.py:59 Evaluation path | Student: cache | Language: python | Mode: exact_match
INFO     AI_Evaluator:logger.py:83 Evaluation completed | Student ID: cache | Score: 100
INFO     AI_Evaluator:logger.py:79 Request received | Student ID: cache | Question: Merge two dictionaries
INFO     AI_Evaluator:logger.py:59 Processing evaluation | Student: cache | Language: python
INFO     AI_Evaluator:logger.py:59 Question profile | Student: cache | Language: python | Category: general | Task: unknown | Risk: medium
INFO     AI_Evaluator:logger.py:59 Evaluation path | Student: cache | Language: python | Mode: deterministic_shortcut | Type: zero_pass
INFO     AI_Evaluator:logger.py:59 Evaluation confidence | Student: cache | Language: python | Confidence: high
INFO     AI_Evaluator:logger.py:83 Evaluation completed | Student ID: cache | Score: 0
INFO     AI_Evaluator:logger.py:79 Request received | Student ID: cache | Question: Use defaultdict to group items
INFO     AI_Evaluator:logger.py:59 Processing evaluation | Student: cache | Language: python
INFO     AI_Evaluator:logger.py:59 Question profile | Student: cache | Language: python | Category: general | Task: unknown | Risk: medium
INFO     AI_Evaluator:logger.py:59 Evaluation path | Student: cache | Language: python | Mode: exact_match
INFO     AI_Evaluator:logger.py:83 Evaluation completed | Student ID: cache | Score: 100
INFO     AI_Evaluator:logger.py:79 Request received | Student ID: cache | Question: Use defaultdict to group items
INFO     AI_Evaluator:logger.py:59 Processing evaluation | Student: cache | Language: python
INFO     AI_Evaluator:logger.py:59 Question profile | Student: cache | Language: python | Category: general | Task: unknown | Risk: medium
INFO     AI_Evaluator:logger.py:59 Evaluation path | Student: cache | Language: python | Mode: deterministic_shortcut | Type: zero_pass
INFO     AI_Evaluator:logger.py:59 Evaluation confidence | Student: cache | Language: python | Confidence: high
INFO     AI_Evaluator:logger.py:83 Evaluation completed | Student ID: cache | Score: 0
INFO     AI_Evaluator:logger.py:79 Request received | Student ID: cache | Question: Count frequency using Counter
INFO     AI_Evaluator:logger.py:59 Processing evaluation | Student: cache | Language: python
INFO     AI_Evaluator:logger.py:59 Question profile | Student: cache | Language: python | Category: arrays_lists | Task: data_processing | Risk: medium
INFO     AI_Evaluator:logger.py:59 Evaluation path | Student: cache | Language: python | Mode: exact_match
INFO     AI_Evaluator:logger.py:83 Evaluation completed | Student ID: cache | Score: 100
INFO     AI_Evaluator:logger.py:79 Request received | Student ID: cache | Question: Count frequency using Counter
INFO     AI_Evaluator:logger.py:59 Processing evaluation | Student: cache | Language: python
INFO     AI_Evaluator:logger.py:59 Question profile | Student: cache | Language: python | Category: arrays_lists | Task: data_processing | Risk: medium
INFO     AI_Evaluator:logger.py:59 Evaluation path | Student: cache | Language: python | Mode: deterministic_shortcut | Type: zero_pass
INFO     AI_Evaluator:logger.py:59 Evaluation confidence | Student: cache | Language: python | Confidence: high
INFO     AI_Evaluator:logger.py:83 Evaluation completed | Student ID: cache | Score: 0
INFO     AI_Evaluator:logger.py:79 Request received | Student ID: cache | Question: Check if set a is subset of set b
INFO     AI_Evaluator:logger.py:59 Processing evaluation | Student: cache | Language: python
INFO     AI_Evaluator:logger.py:59 Question profile | Student: cache | Language: python | Category: collections | Task: required_technique | Risk: high
INFO     AI_Evaluator:logger.py:59 Evaluation path | Student: cache | Language: python | Mode: exact_match
INFO     AI_Evaluator:logger.py:83 Evaluation completed | Student ID: cache | Score: 100
INFO     AI_Evaluator:logger.py:79 Request received | Student ID: cache | Question: Check if set a is subset of set b
INFO     AI_Evaluator:logger.py:59 Processing evaluation | Student: cache | Language: python
INFO     AI_Evaluator:logger.py:59 Question profile | Student: cache | Language: python | Category: collections | Task: required_technique | Risk: high
INFO     AI_Evaluator:logger.py:59 Evaluation path | Student: cache | Language: python | Mode: deterministic_shortcut | Type: zero_pass
INFO     AI_Evaluator:logger.py:59 Evaluation confidence | Student: cache | Language: python | Confidence: high
INFO     AI_Evaluator:logger.py:83 Evaluation completed | Student ID: cache | Score: 0
INFO     AI_Evaluator:logger.py:79 Request received | Student ID: cache | Question: Use range to loop from 0 to 4
INFO     AI_Evaluator:logger.py:59 Processing evaluation | Student: cache | Language: python
INFO     AI_Evaluator:logger.py:59 Question profile | Student: cache | Language: python | Category: general | Task: unknown | Risk: medium
INFO     AI_Evaluator:logger.py:59 Evaluation path | Student: cache | Language: python | Mode: exact_match
INFO     AI_Evaluator:logger.py:83 Evaluation completed | Student ID: cache | Score: 100
INFO     AI_Evaluator:logger.py:79 Request received | Student ID: cache | Question: Use range to loop from 0 to 4
INFO     AI_Evaluator:logger.py:59 Processing evaluation | Student: cache | Language: python
INFO     AI_Evaluator:logger.py:59 Question profile | Student: cache | Language: python | Category: general | Task: unknown | Risk: medium
INFO     AI_Evaluator:logger.py:59 Evaluation path | Student: cache | Language: python | Mode: deterministic_shortcut | Type: zero_pass
INFO     AI_Evaluator:logger.py:59 Evaluation confidence | Student: cache | Language: python | Confidence: high
INFO     AI_Evaluator:logger.py:83 Evaluation completed | Student ID: cache | Score: 0
INFO     AI_Evaluator:logger.py:79 Request received | Student ID: cache | Question: Use enumerate to loop with indexes
INFO     AI_Evaluator:logger.py:59 Processing evaluation | Student: cache | Language: python
INFO     AI_Evaluator:logger.py:59 Question profile | Student: cache | Language: python | Category: general | Task: unknown | Risk: medium
INFO     AI_Evaluator:logger.py:59 Evaluation path | Student: cache | Language: python | Mode: exact_match
INFO     AI_Evaluator:logger.py:83 Evaluation completed | Student ID: cache | Score: 100
INFO     AI_Evaluator:logger.py:79 Request received | Student ID: cache | Question: Use enumerate to loop with indexes
INFO     AI_Evaluator:logger.py:59 Processing evaluation | Student: cache | Language: python
INFO     AI_Evaluator:logger.py:59 Question profile | Student: cache | Language: python | Category: general | Task: unknown | Risk: medium
INFO     AI_Evaluator:logger.py:59 Evaluation path | Student: cache | Language: python | Mode: deterministic_shortcut | Type: zero_pass
INFO     AI_Evaluator:logger.py:59 Evaluation confidence | Student: cache | Language: python | Confidence: high
INFO     AI_Evaluator:logger.py:83 Evaluation completed | Student ID: cache | Score: 0
INFO     AI_Evaluator:logger.py:79 Request received | Student ID: cache | Question: Use zip to loop over two lists
INFO     AI_Evaluator:logger.py:59 Processing evaluation | Student: cache | Language: python
INFO     AI_Evaluator:logger.py:59 Question profile | Student: cache | Language: python | Category: arrays_lists | Task: data_processing | Risk: medium
INFO     AI_Evaluator:logger.py:59 Evaluation path | Student: cache | Language: python | Mode: exact_match
INFO     AI_Evaluator:logger.py:83 Evaluation completed | Student ID: cache | Score: 100
INFO     AI_Evaluator:logger.py:79 Request received | Student ID: cache | Question: Use zip to loop over two lists
INFO     AI_Evaluator:logger.py:59 Processing evaluation | Student: cache | Language: python
INFO     AI_Evaluator:logger.py:59 Question profile | Student: cache | Language: python | Category: arrays_lists | Task: data_processing | Risk: medium
INFO     AI_Evaluator:logger.py:59 Evaluation path | Student: cache | Language: python | Mode: deterministic_shortcut | Type: zero_pass
INFO     AI_Evaluator:logger.py:59 Evaluation confidence | Student: cache | Language: python | Confidence: high
INFO     AI_Evaluator:logger.py:83 Evaluation completed | Student ID: cache | Score: 0
INFO     AI_Evaluator:logger.py:79 Request received | Student ID: cache | Question: Use list comprehension to square numbers
INFO     AI_Evaluator:logger.py:59 Processing evaluation | Student: cache | Language: python
INFO     AI_Evaluator:logger.py:59 Question profile | Student: cache | Language: python | Category: arrays_lists | Task: data_processing | Risk: medium
INFO     AI_Evaluator:logger.py:59 Evaluation path | Student: cache | Language: python | Mode: exact_match
INFO     AI_Evaluator:logger.py:83 Evaluation completed | Student ID: cache | Score: 100
INFO     AI_Evaluator:logger.py:79 Request received | Student ID: cache | Question: Use list comprehension to square numbers
INFO     AI_Evaluator:logger.py:59 Processing evaluation | Student: cache | Language: python
INFO     AI_Evaluator:logger.py:59 Question profile | Student: cache | Language: python | Category: arrays_lists | Task: data_processing | Risk: medium
INFO     AI_Evaluator:logger.py:59 Evaluation path | Student: cache | Language: python | Mode: deterministic_shortcut | Type: zero_pass
INFO     AI_Evaluator:logger.py:59 Evaluation confidence | Student: cache | Language: python | Confidence: high
INFO     AI_Evaluator:logger.py:83 Evaluation completed | Student ID: cache | Score: 0
INFO     AI_Evaluator:logger.py:79 Request received | Student ID: cache | Question: Use dict comprehension to map to squares
INFO     AI_Evaluator:logger.py:59 Processing evaluation | Student: cache | Language: python
INFO     AI_Evaluator:logger.py:59 Question profile | Student: cache | Language: python | Category: collections | Task: required_technique | Risk: high
INFO     AI_Evaluator:logger.py:59 Evaluation path | Student: cache | Language: python | Mode: exact_match
INFO     AI_Evaluator:logger.py:83 Evaluation completed | Student ID: cache | Score: 100
INFO     AI_Evaluator:logger.py:79 Request received | Student ID: cache | Question: Use dict comprehension to map to squares
INFO     AI_Evaluator:logger.py:59 Processing evaluation | Student: cache | Language: python
INFO     AI_Evaluator:logger.py:59 Question profile | Student: cache | Language: python | Category: collections | Task: required_technique | Risk: high
INFO     AI_Evaluator:logger.py:59 Evaluation path | Student: cache | Language: python | Mode: deterministic_shortcut | Type: zero_pass
INFO     AI_Evaluator:logger.py:59 Evaluation confidence | Student: cache | Language: python | Confidence: high
INFO     AI_Evaluator:logger.py:83 Evaluation completed | Student ID: cache | Score: 0
INFO     AI_Evaluator:logger.py:79 Request received | Student ID: cache | Question: Use set comprehension to deduplicate
INFO     AI_Evaluator:logger.py:59 Processing evaluation | Student: cache | Language: python
INFO     AI_Evaluator:logger.py:59 Question profile | Student: cache | Language: python | Category: collections | Task: required_technique | Risk: high
INFO     AI_Evaluator:logger.py:59 Evaluation path | Student: cache | Language: python | Mode: exact_match
INFO     AI_Evaluator:logger.py:83 Evaluation completed | Student ID: cache | Score: 100
INFO     AI_Evaluator:logger.py:79 Request received | Student ID: cache | Question: Use set comprehension to deduplicate
INFO     AI_Evaluator:logger.py:59 Processing evaluation | Student: cache | Language: python
INFO     AI_Evaluator:logger.py:59 Question profile | Student: cache | Language: python | Category: collections | Task: required_technique | Risk: high
INFO     AI_Evaluator:logger.py:59 Evaluation path | Student: cache | Language: python | Mode: deterministic_shortcut | Type: zero_pass
INFO     AI_Evaluator:logger.py:59 Evaluation confidence | Student: cache | Language: python | Confidence: high
INFO     AI_Evaluator:logger.py:83 Evaluation completed | Student ID: cache | Score: 0
INFO     AI_Evaluator:logger.py:79 Request received | Student ID: cache | Question: Use lambda to add two numbers
INFO     AI_Evaluator:logger.py:59 Processing evaluation | Student: cache | Language: python
INFO     AI_Evaluator:logger.py:59 Question profile | Student: cache | Language: python | Category: basics_math | Task: basic_logic | Risk: low
INFO     AI_Evaluator:logger.py:59 Evaluation path | Student: cache | Language: python | Mode: exact_match
INFO     AI_Evaluator:logger.py:83 Evaluation completed | Student ID: cache | Score: 100
INFO     AI_Evaluator:logger.py:79 Request received | Student ID: cache | Question: Use lambda to add two numbers
INFO     AI_Evaluator:logger.py:59 Processing evaluation | Student: cache | Language: python
INFO     AI_Evaluator:logger.py:59 Question profile | Student: cache | Language: python | Category: basics_math | Task: basic_logic | Risk: low
INFO     AI_Evaluator:logger.py:59 Evaluation path | Student: cache | Language: python | Mode: deterministic_shortcut | Type: zero_pass
INFO     AI_Evaluator:logger.py:59 Evaluation confidence | Student: cache | Language: python | Confidence: high
INFO     AI_Evaluator:logger.py:83 Evaluation completed | Student ID: cache | Score: 0
INFO     AI_Evaluator:logger.py:79 Request received | Student ID: cache | Question: Use a default argument in a function
INFO     AI_Evaluator:logger.py:59 Processing evaluation | Student: cache | Language: python
INFO     AI_Evaluator:logger.py:59 Question profile | Student: cache | Language: python | Category: general_code | Task: function_logic | Risk: medium
INFO     AI_Evaluator:logger.py:59 Evaluation path | Student: cache | Language: python | Mode: exact_match
INFO     AI_Evaluator:logger.py:83 Evaluation completed | Student ID: cache | Score: 100
INFO     AI_Evaluator:logger.py:79 Request received | Student ID: cache | Question: Use a default argument in a function
INFO     AI_Evaluator:logger.py:59 Processing evaluation | Student: cache | Language: python
INFO     AI_Evaluator:logger.py:59 Question profile | Student: cache | Language: python | Category: general_code | Task: function_logic | Risk: medium
INFO     AI_Evaluator:logger.py:59 Evaluation path | Student: cache | Language: python | Mode: deterministic_shortcut | Type: zero_pass
INFO     AI_Evaluator:logger.py:59 Evaluation confidence | Student: cache | Language: python | Confidence: high
INFO     AI_Evaluator:logger.py:83 Evaluation completed | Student ID: cache | Score: 0
INFO     AI_Evaluator:logger.py:79 Request received | Student ID: cache | Question: Use *args to accept variable arguments
INFO     AI_Evaluator:logger.py:59 Processing evaluation | Student: cache | Language: python
INFO     AI_Evaluator:logger.py:59 Question profile | Student: cache | Language: python | Category: general | Task: unknown | Risk: medium
INFO     AI_Evaluator:logger.py:59 Evaluation path | Student: cache | Language: python | Mode: exact_match
INFO     AI_Evaluator:logger.py:83 Evaluation completed | Student ID: cache | Score: 100
INFO     AI_Evaluator:logger.py:79 Request received | Student ID: cache | Question: Use *args to accept variable arguments
INFO     AI_Evaluator:logger.py:59 Processing evaluation | Student: cache | Language: python
INFO     AI_Evaluator:logger.py:59 Question profile | Student: cache | Language: python | Category: general | Task: unknown | Risk: medium
INFO     AI_Evaluator:logger.py:59 Evaluation path | Student: cache | Language: python | Mode: deterministic_shortcut | Type: zero_pass
INFO     AI_Evaluator:logger.py:59 Evaluation confidence | Student: cache | Language: python | Confidence: high
INFO     AI_Evaluator:logger.py:83 Evaluation completed | Student ID: cache | Score: 0
INFO     AI_Evaluator:logger.py:79 Request received | Student ID: cache | Question: Use **kwargs to accept keyword arguments
INFO     AI_Evaluator:logger.py:59 Processing evaluation | Student: cache | Language: python
INFO     AI_Evaluator:logger.py:59 Question profile | Student: cache | Language: python | Category: general | Task: unknown | Risk: medium
INFO     AI_Evaluator:logger.py:59 Evaluation path | Student: cache | Language: python | Mode: exact_match
INFO     AI_Evaluator:logger.py:83 Evaluation completed | Student ID: cache | Score: 100
INFO     AI_Evaluator:logger.py:79 Request received | Student ID: cache | Question: Use **kwargs to accept keyword arguments
INFO     AI_Evaluator:logger.py:59 Processing evaluation | Student: cache | Language: python
INFO     AI_Evaluator:logger.py:59 Question profile | Student: cache | Language: python | Category: general | Task: unknown | Risk: medium
INFO     AI_Evaluator:logger.py:59 Evaluation path | Student: cache | Language: python | Mode: deterministic_shortcut | Type: zero_pass
INFO     AI_Evaluator:logger.py:59 Evaluation confidence | Student: cache | Language: python | Confidence: high
INFO     AI_Evaluator:logger.py:83 Evaluation completed | Student ID: cache | Score: 0
INFO     AI_Evaluator:logger.py:79 Request received | Student ID: cache | Question: Use f-string to format output
INFO     AI_Evaluator:logger.py:59 Processing evaluation | Student: cache | Language: python
INFO     AI_Evaluator:logger.py:59 Question profile | Student: cache | Language: python | Category: general | Task: unknown | Risk: medium
INFO     AI_Evaluator:logger.py:59 Evaluation path | Student: cache | Language: python | Mode: exact_match
INFO     AI_Evaluator:logger.py:83 Evaluation completed | Student ID: cache | Score: 100
INFO     AI_Evaluator:logger.py:79 Request received | Student ID: cache | Question: Use f-string to format output
INFO     AI_Evaluator:logger.py:59 Processing evaluation | Student: cache | Language: python
INFO     AI_Evaluator:logger.py:59 Question profile | Student: cache | Language: python | Category: general | Task: unknown | Risk: medium
INFO     AI_Evaluator:logger.py:59 Evaluation path | Student: cache | Language: python | Mode: deterministic_shortcut | Type: zero_pass
INFO     AI_Evaluator:logger.py:59 Evaluation confidence | Student: cache | Language: python | Confidence: high
INFO     AI_Evaluator:logger.py:83 Evaluation completed | Student ID: cache | Score: 0
INFO     AI_Evaluator:logger.py:79 Request received | Student ID: cache | Question: Use str.format to format output
INFO     AI_Evaluator:logger.py:59 Processing evaluation | Student: cache | Language: python
INFO     AI_Evaluator:logger.py:59 Question profile | Student: cache | Language: python | Category: general | Task: unknown | Risk: medium
INFO     AI_Evaluator:logger.py:59 Evaluation path | Student: cache | Language: python | Mode: exact_match
INFO     AI_Evaluator:logger.py:83 Evaluation completed | Student ID: cache | Score: 100
INFO     AI_Evaluator:logger.py:79 Request received | Student ID: cache | Question: Use str.format to format output
INFO     AI_Evaluator:logger.py:59 Processing evaluation | Student: cache | Language: python
INFO     AI_Evaluator:logger.py:59 Question profile | Student: cache | Language: python | Category: general | Task: unknown | Risk: medium
INFO     AI_Evaluator:logger.py:59 Evaluation path | Student: cache | Language: python | Mode: deterministic_shortcut | Type: zero_pass
INFO     AI_Evaluator:logger.py:59 Evaluation confidence | Student: cache | Language: python | Confidence: high
INFO     AI_Evaluator:logger.py:83 Evaluation completed | Student ID: cache | Score: 0
INFO     AI_Evaluator:logger.py:79 Request received | Student ID: cache | Question: Raise a ValueError if input is invalid
INFO     AI_Evaluator:logger.py:59 Processing evaluation | Student: cache | Language: python
INFO     AI_Evaluator:logger.py:59 Question profile | Student: cache | Language: python | Category: general | Task: unknown | Risk: medium
INFO     AI_Evaluator:logger.py:59 Evaluation path | Student: cache | Language: python | Mode: exact_match
INFO     AI_Evaluator:logger.py:83 Evaluation completed | Student ID: cache | Score: 100
INFO     AI_Evaluator:logger.py:79 Request received | Student ID: cache | Question: Raise a ValueError if input is invalid
INFO     AI_Evaluator:logger.py:59 Processing evaluation | Student: cache | Language: python
INFO     AI_Evaluator:logger.py:59 Question profile | Student: cache | Language: python | Category: general | Task: unknown | Risk: medium
INFO     AI_Evaluator:logger.py:59 Evaluation path | Student: cache | Language: python | Mode: deterministic_shortcut | Type: zero_pass
INFO     AI_Evaluator:logger.py:59 Evaluation confidence | Student: cache | Language: python | Confidence: high
INFO     AI_Evaluator:logger.py:83 Evaluation completed | Student ID: cache | Score: 0
INFO     AI_Evaluator:logger.py:79 Request received | Student ID: cache | Question: Import a module named math
INFO     AI_Evaluator:logger.py:59 Processing evaluation | Student: cache | Language: python
INFO     AI_Evaluator:logger.py:59 Question profile | Student: cache | Language: python | Category: general | Task: unknown | Risk: medium
INFO     AI_Evaluator:logger.py:59 Evaluation path | Student: cache | Language: python | Mode: exact_match
INFO     AI_Evaluator:logger.py:83 Evaluation completed | Student ID: cache | Score: 100
INFO     AI_Evaluator:logger.py:79 Request received | Student ID: cache | Question: Import a module named math
INFO     AI_Evaluator:logger.py:59 Processing evaluation | Student: cache | Language: python
INFO     AI_Evaluator:logger.py:59 Question profile | Student: cache | Language: python | Category: general | Task: unknown | Risk: medium
INFO     AI_Evaluator:logger.py:59 Evaluation path | Student: cache | Language: python | Mode: deterministic_shortcut | Type: zero_pass
INFO     AI_Evaluator:logger.py:59 Evaluation confidence | Student: cache | Language: python | Confidence: high
INFO     AI_Evaluator:logger.py:83 Evaluation completed | Student ID: cache | Score: 0
=========================== short test summary info ===========================
FAILED tests/test_benchmark.py::test_accuracy_benchmark_cases - AssertionErro...
FAILED tests/test_regressions.py::test_regression_cases_hold - AssertionError...
============================== 2 failed in 1.56s ==============================
